 dolphin

 Timestamp is 58c7fc9b (Tue Mar 14 17:22:19 2017)

 Preferred load address is 0000000180000000

 Start         Length     Name                   Class
 0001:00000000 0003105cH .text$mn                CODE
 0001:00031060 0000060bH .text$x                 CODE
 0002:00000000 00000238H .idata$5                DATA
 0002:00000238 00000008H .CRT$XCA                DATA
 0002:00000240 00000008H .CRT$XCZ                DATA
 0002:00000248 00000008H .CRT$XIA                DATA
 0002:00000250 00000028H .CRT$XIC                DATA
 0002:00000278 00000008H .CRT$XIZ                DATA
 0002:00000280 00000008H .CRT$XPA                DATA
 0002:00000288 00000010H .CRT$XPX                DATA
 0002:00000298 00000008H .CRT$XPXA               DATA
 0002:000002a0 00000008H .CRT$XPZ                DATA
 0002:000002a8 00000008H .CRT$XTA                DATA
 0002:000002b0 00000008H .CRT$XTZ                DATA
 0002:000002c0 0000b270H .rdata                  DATA
 0002:0000b530 00000070H .rdata$debug            DATA
 0002:0000b5a0 0000016cH .rdata$r                DATA
 0002:0000b710 00000008H .rtc$IAA                DATA
 0002:0000b718 00000008H .rtc$IZZ                DATA
 0002:0000b720 00000008H .rtc$TAA                DATA
 0002:0000b728 00000008H .rtc$TZZ                DATA
 0002:0000b730 00000e74H .xdata                  DATA
 0002:0000c5a8 00000084H .xdata$x                DATA
 0002:0000c630 00000070H .edata                  DATA
 0002:0000c6a0 00000014H .idata$2                DATA
 0002:0000c6b4 00000014H .idata$3                DATA
 0002:0000c6c8 00000238H .idata$4                DATA
 0002:0000c900 0000053aH .idata$6                DATA
 0003:00000000 00005848H .data                   DATA
 0003:00005848 00000070H .data$r                 DATA
 0003:000058c0 00002518H .bss                    DATA
 0004:00000000 00001788H .pdata                  DATA

  Address         Publics by Value              Rva+Base               Lib:Object

 0000:00000000       __guard_fids_count         0000000000000000     <absolute>
 0000:00000000       ___safe_se_handler_count   0000000000000000     <absolute>
 0000:00000000       ___safe_se_handler_table   0000000000000000     <absolute>
 0000:00000000       __guard_flags              0000000000000000     <absolute>
 0000:00000000       __guard_fids_table         0000000000000000     <absolute>
 0000:00000000       __ImageBase                0000000180000000     <linker-defined>
 0001:00000000       ?Refract@@YA?ATvec2@@T1@0M@Z 0000000180001000 f   dolphin.obj
 0001:00000180       ?Refract@@YA?ATvec3@@T1@0M@Z 0000000180001180 f   dolphin.obj
 0001:00000480       ?AspectRatio@@YAMTvec2@@@Z 0000000180001480 f   dolphin.obj
 0001:000004d0       ?Lerp@@YAMMMM@Z            00000001800014d0 f   dolphin.obj
 0001:00000650       ?GameUpdateAndRenderStub@@YAXPEAUgame_memory@@PEAUgame_input@@PEAUgame_offscreen_buffer@@PEAUgame_sound_output_buffer@@@Z 0000000180001650 f   dolphin.obj
 0001:00000670       ?GameGetSoundSamplesStub@@YAXPEAUgame_memory@@PEAUgame_sound_output_buffer@@@Z 0000000180001670 f   dolphin.obj
 0001:00002c20       GameUpdateAndRender        0000000180003c20 f   dolphin.obj
 0001:000041f0       GameGetSoundSamples        00000001800051f0 f   dolphin.obj
 0001:00004250       ??D@YA?ATvec2@@MT0@@Z      0000000180005250 f i dolphin.obj
 0001:000042a0       ??D@YA?ATvec2@@T0@M@Z      00000001800052a0 f i dolphin.obj
 0001:000042f0       ??D@YA?ATvec3@@MT0@@Z      00000001800052f0 f i dolphin.obj
 0001:00004390       ??D@YA?ATvec3@@T0@M@Z      0000000180005390 f i dolphin.obj
 0001:00004430       ??D@YA?ATvec4@@T0@M@Z      0000000180005430 f i dolphin.obj
 0001:000044d0       ??D@YA?AUvolume_v2@@MU0@@Z 00000001800054d0 f i dolphin.obj
 0001:00004530       ??G@YA?ATvec3@@T0@0@Z      0000000180005530 f i dolphin.obj
 0001:000045e0       ??H@YA?ATvec2@@T0@0@Z      00000001800055e0 f i dolphin.obj
 0001:00004630       ??H@YA?ATvec3@@T0@0@Z      0000000180005630 f i dolphin.obj
 0001:000046e0       ??X@YAAEATvec3@@AEAT0@M@Z  00000001800056e0 f i dolphin.obj
 0001:00004780       ?Add@@YA?ATvec2@@T1@0@Z    0000000180005780 f i dolphin.obj
 0001:000047c0       ?Add@@YA?ATvec3@@T1@0@Z    00000001800057c0 f i dolphin.obj
 0001:00004850       ?AtomicCompareExchangeUInt32@@YAIPECIII@Z 0000000180005850 f i dolphin.obj
 0001:00004890       ?BeginTemporaryMemory@@YA?AUtemporary_memory@@PEAUmemory_arena@@@Z 0000000180005890 f i dolphin.obj
 0001:000048f0       ?Cos@@YAMM@Z               00000001800058f0 f i dolphin.obj
 0001:00004920       ?Dot@@YAMTvec2@@0@Z        0000000180005920 f i dolphin.obj
 0001:00004950       ?Dot@@YAMTvec3@@0@Z        0000000180005950 f i dolphin.obj
 0001:000049a0       ?EndTemporaryMemory@@YAXUtemporary_memory@@@Z 00000001800059a0 f i dolphin.obj
 0001:00004a10       ?GetAlignmentOffset@@YA_KPEAUmemory_arena@@_K@Z 0000000180005a10 f i dolphin.obj
 0001:00004a90       ?GetBestMatchBitmapFrom@@YA?AUbitmap_id@@PEAUgame_assets@@W4asset_type_id@@PEAUasset_vector@@2@Z 0000000180005a90 f i dolphin.obj
 0001:00004ad0       ?GetSound@@YAPEAUloaded_sound@@PEAUgame_assets@@Usound_id@@@Z 0000000180005ad0 f i dolphin.obj
 0001:00004ad0       ?GetBitmap@@YAPEAUloaded_bitmap@@PEAUgame_assets@@Ubitmap_id@@@Z 0000000180005ad0 f i dolphin.obj
 0001:00004b00       ?GetBitmapDim@@YA?AUbitmap_dimension@@PEAUrender_group@@PEAUloaded_bitmap@@MTvec3@@M@Z 0000000180005b00 f i dolphin.obj
 0001:00004c90       ?GetFirstBitmapFrom@@YA?AUbitmap_id@@PEAUgame_assets@@W4asset_type_id@@@Z 0000000180005c90 f i dolphin.obj
 0001:00004c90       ?GetFirstSoundFrom@@YA?AUsound_id@@PEAUgame_assets@@W4asset_type_id@@@Z 0000000180005c90 f i dolphin.obj
 0001:00004cc0       ?GetRenderEntityBasisP@@YA?AUentity_basis_p_result@@PEAUrender_group_transform@@Tvec3@@@Z 0000000180005cc0 f i dolphin.obj
 0001:00005040       ?GetSoundInfo@@YAPEAUdda_sound@@PEAUgame_assets@@Usound_id@@@Z 0000000180006040 f i dolphin.obj
 0001:00005090       ?Hadamard@@YA?ATvec2@@T1@0@Z 0000000180006090 f i dolphin.obj
 0001:00005100       ?InitializeMemoryArena@@YAXPEAUmemory_arena@@_KPEAX@Z 0000000180006100 f i dolphin.obj
 0001:00005140       ?IsValid@@YAHUsound_id@@@Z 0000000180006140 f i dolphin.obj
 0001:00005170       ?Mul@@YA?ATvec2@@T1@M@Z    0000000180006170 f i dolphin.obj
 0001:000051b0       ?Mul@@YA?ATvec3@@T1@M@Z    00000001800061b0 f i dolphin.obj
 0001:00005230       ?Mul@@YA?ATvec4@@T1@M@Z    0000000180006230 f i dolphin.obj
 0001:000052d0       ?Normalize0@@YA?ATvec2@@T1@@Z 00000001800062d0 f i dolphin.obj
 0001:00005380       ?PrefetchSound@@YAXPEAUgame_assets@@Usound_id@@@Z 0000000180006380 f i dolphin.obj
 0001:000053a0       ?PushBitmap@@YAXPEAUrender_group@@PEAUloaded_bitmap@@MTvec3@@Tvec4@@M@Z 00000001800063a0 f i dolphin.obj
 0001:00005680       ?PushBitmap@@YAXPEAUrender_group@@Ubitmap_id@@MTvec3@@Tvec4@@M@Z 0000000180006680 f i dolphin.obj
 0001:00005750       ?PushClear@@YAXPEAUrender_group@@Tvec4@@@Z 0000000180006750 f i dolphin.obj
 0001:000057a0       ?PushRectangle@@YAXPEAUrender_group@@Tvec3@@Tvec2@@Tvec4@@@Z 00000001800067a0 f i dolphin.obj
 0001:000059a0       ?PushRenderElement_@@YAPEAXPEAUrender_group@@IW4render_group_entry_type@@@Z 00000001800069a0 f i dolphin.obj
 0001:00005a40       ?PushSize_@@YAPEAXPEAUmemory_arena@@_K1@Z 0000000180006a40 f i dolphin.obj
 0001:00005b00       ?RSqrt@@YAMM@Z             0000000180006b00 f i dolphin.obj
 0001:00005b40       ?RenderRectangle@@YAXPEAUloaded_bitmap@@Tvec2@@1Tvec4@@Urectangle2@@@Z 0000000180006b40 f i dolphin.obj
 0001:00005e80       ?RenderRectangleQuickly@@YAXPEAUloaded_bitmap@@Tvec2@@110Tvec4@@Urectangle2@@@Z 0000000180006e80 f i dolphin.obj
 0001:00008510       ?RoundReal32ToInt32@@YAHM@Z 0000000180009510 f i dolphin.obj
 0001:00008540       ?RoundReal32ToUInt32@@YAIM@Z 0000000180009540 f i dolphin.obj
 0001:00008570       ?SetOrthographic@@YAXPEAUrender_group@@HHM@Z 0000000180009570 f i dolphin.obj
 0001:000086a0       ?Sin@@YAMM@Z               00000001800096a0 f i dolphin.obj
 0001:000086d0       ?SqMagnitude@@YAMTvec2@@@Z 00000001800096d0 f i dolphin.obj
 0001:000086f0       ?Sqrt@@YAMM@Z              00000001800096f0 f i dolphin.obj
 0001:00008720       ?Sub@@YA?ATvec2@@T1@0@Z    0000000180009720 f i dolphin.obj
 0001:00008760       ?Sub@@YA?ATvec3@@T1@0@Z    0000000180009760 f i dolphin.obj
 0001:000087f0       ?SubArena@@YAXPEAUmemory_arena@@0_K1@Z 00000001800097f0 f i dolphin.obj
 0001:00008850       ?Vec2@@YA?ATvec2@@M@Z      0000000180009850 f i dolphin.obj
 0001:000088a0       ?Vec2@@YA?ATvec2@@MM@Z     00000001800098a0 f i dolphin.obj
 0001:000088f0       ?Vec3@@YA?ATvec3@@M@Z      00000001800098f0 f i dolphin.obj
 0001:00008960       ?Vec3@@YA?ATvec3@@MMM@Z    0000000180009960 f i dolphin.obj
 0001:000089e0       ?Vec3@@YA?ATvec3@@Tvec2@@M@Z 00000001800099e0 f i dolphin.obj
 0001:00008a60       ?Vec4@@YA?ATvec4@@MMMM@Z   0000000180009a60 f i dolphin.obj
 0001:00008af0       ?volume_v2_init@@YA?AUvolume_v2@@MM@Z 0000000180009af0 f i dolphin.obj
 0001:00008b50       ?volume_v2_mulf@@YA?AUvolume_v2@@U1@M@Z 0000000180009b50 f i dolphin.obj
 0001:00008bb0       roundf                     0000000180009bb0 f   LIBCMTD:roundf.obj
 0001:00008c40       __GSHandlerCheck           0000000180009c40 f   LIBCMTD:gshandler.obj
 0001:00008c80       __GSHandlerCheckCommon     0000000180009c80 f   LIBCMTD:gshandler.obj
 0001:00008d90       __chkstk                   0000000180009d90 f   LIBCMTD:chkstk.obj
 0001:00008d90       _alloca_probe              0000000180009d90 f   LIBCMTD:chkstk.obj
 0001:00008df0       __security_check_cookie    0000000180009df0 f   LIBCMTD:amdsecgs.obj
 0001:00008e10       cosf                       0000000180009e10 f   LIBCMTD:cosf.obj
 0001:00009310       sinf                       000000018000a310 f   LIBCMTD:sinf.obj
 0001:000099e0       sqrtf                      000000018000a9e0 f   LIBCMTD:sqrtf.obj
 0001:00009b60       _fpmath                    000000018000ab60 f   LIBCMTD:fpinit.obj
 0001:00009b80       _cfltcvt_init              000000018000ab80 f   LIBCMTD:fpinit.obj
 0001:00009c90       _CRT_INIT                  000000018000ac90 f   LIBCMTD:dllcrt0.obj
 0001:00009eb0       _DllMainCRTStartup         000000018000aeb0 f   LIBCMTD:dllcrt0.obj
 0001:0000a050       __DllXcptFilter            000000018000b050 f   LIBCMTD:dllcrt0.obj
 0001:0000a0a0       _fd_int                    000000018000b0a0 f   LIBCMTD:_test.obj
 0001:0000a2d0       __raise_securityfailure    000000018000b2d0 f   LIBCMTD:gs_report.obj
 0001:0000a320       __report_gsfailure         000000018000b320 f   LIBCMTD:gs_report.obj
 0001:0000a400       __report_rangecheckfailure 000000018000b400 f   LIBCMTD:gs_report.obj
 0001:0000a420       __report_securityfailure   000000018000b420 f   LIBCMTD:gs_report.obj
 0001:0000a4c0       __remainder_piby2d2f_forAsm 000000018000b4c0 f   LIBCMTD:remainder_piby2f_forAsm.obj
 0001:0000a610       __remainder_piby2_fma3     000000018000b610 f   LIBCMTD:remainder_piby2_forFMA3.obj
 0001:0000a800       __remainder_piby2_fma3_bdl 000000018000b800 f   LIBCMTD:remainder_piby2_forFMA3.obj
 0001:0000a880       _cosf_special              000000018000b880 f   LIBCMTD:sincos_special.obj
 0001:0000a8b0       _sincosf_special           000000018000b8b0 f   LIBCMTD:sincos_special.obj
 0001:0000aab0       _sinf_special              000000018000bab0 f   LIBCMTD:sincos_special.obj
 0001:0000aae0       _clrfp                     000000018000bae0 f   LIBCMTD:fpctrl.obj
 0001:0000ab10       _ctrlfp                    000000018000bb10 f   LIBCMTD:fpctrl.obj
 0001:0000abc0       _set_statfp                000000018000bbc0 f   LIBCMTD:fpctrl.obj
 0001:0000ac00       _statfp                    000000018000bc00 f   LIBCMTD:fpctrl.obj
 0001:0000ac30       __fma3_lib_init            000000018000bc30 f   LIBCMTD:fma3_available.obj
 0001:0000acb0       __remainder_piby2d2f_forC  000000018000bcb0 f   LIBCMTD:remainder_piby2f_forC.obj
 0001:0000b010       _handle_errorf             000000018000c010 f   LIBCMTD:libm_error.obj
 0001:0000b190       ??0_LocaleUpdate@@QEAA@PEAUlocaleinfo_struct@@@Z 000000018000c190 f i LIBCMTD:cvt.obj
 0001:0000b2d0       ??1_LocaleUpdate@@QEAA@XZ  000000018000c2d0 f i LIBCMTD:cvt.obj
 0001:0000b310       ?GetLocaleT@_LocaleUpdate@@QEAAPEAUlocaleinfo_struct@@XZ 000000018000c310 f i LIBCMTD:cvt.obj
 0001:0000b320       ?strrchr@@YAPEADPEADH@Z    000000018000c320 f i LIBCMTD:cvt.obj
 0001:0000b340       _cfltcvt                   000000018000c340 f   LIBCMTD:cvt.obj
 0001:0000b390       _cfltcvt_l                 000000018000c390 f   LIBCMTD:cvt.obj
 0001:0000b4b0       _cftoa_l                   000000018000c4b0 f   LIBCMTD:cvt.obj
 0001:0000bfb0       _cftoe                     000000018000cfb0 f   LIBCMTD:cvt.obj
 0001:0000c5d0       _cftoe_l                   000000018000d5d0 f   LIBCMTD:cvt.obj
 0001:0000ccd0       _cftof_l                   000000018000dcd0 f   LIBCMTD:cvt.obj
 0001:0000cfb0       _cftog_l                   000000018000dfb0 f   LIBCMTD:cvt.obj
 0001:0000d370       _cropzeros                 000000018000e370 f   LIBCMTD:cvt.obj
 0001:0000d390       _cropzeros_l               000000018000e390 f   LIBCMTD:cvt.obj
 0001:0000d510       _fassign                   000000018000e510 f   LIBCMTD:cvt.obj
 0001:0000d540       _fassign_l                 000000018000e540 f   LIBCMTD:cvt.obj
 0001:0000d5b0       _forcdecpt                 000000018000e5b0 f   LIBCMTD:cvt.obj
 0001:0000d5d0       _forcdecpt_l               000000018000e5d0 f   LIBCMTD:cvt.obj
 0001:0000d6d0       _invoke_watson_if_error    000000018000e6d0 f i LIBCMTD:cvt.obj
 0001:0000d720       _positive                  000000018000e720 f   LIBCMTD:cvt.obj
 0001:0000d7b0       _initp_misc_cfltcvt_tab    000000018000e7b0 f   LIBCMTD:cmiscdat.obj
 0001:0000d800       _XcptFilter                000000018000e800 f   LIBCMTD:winxfltr.obj
 0001:0000daa0       __CppXcptFilter            000000018000eaa0 f   LIBCMTD:winxfltr.obj
 0001:0000db60       _freefls                   000000018000eb60 f   LIBCMTD:tidtable.obj
 0001:0000dd70       _freeptd                   000000018000ed70 f   LIBCMTD:tidtable.obj
 0001:0000ddc0       _getptd                    000000018000edc0 f   LIBCMTD:tidtable.obj
 0001:0000ddf0       _getptd_noexit             000000018000edf0 f   LIBCMTD:tidtable.obj
 0001:0000dec0       _initptd                   000000018000eec0 f   LIBCMTD:tidtable.obj
 0001:0000dff0       _mtinit                    000000018000eff0 f   LIBCMTD:tidtable.obj
 0001:0000e0b0       _mtterm                    000000018000f0b0 f   LIBCMTD:tidtable.obj
 0001:0000e0e0       __crtCorExitProcess        000000018000f0e0 f   LIBCMTD:crt0dat.obj
 0001:0000e130       __crtExitProcess           000000018000f130 f   LIBCMTD:crt0dat.obj
 0001:0000e150       __freeCrtMemory            000000018000f150 f   LIBCMTD:crt0dat.obj
 0001:0000e380       _amsg_exit                 000000018000f380 f   LIBCMTD:crt0dat.obj
 0001:0000e3b0       _cexit                     000000018000f3b0 f   LIBCMTD:crt0dat.obj
 0001:0000e3d0       _cinit                     000000018000f3d0 f   LIBCMTD:crt0dat.obj
 0001:0000e480       _exit                      000000018000f480 f   LIBCMTD:crt0dat.obj
 0001:0000e4a0       _init_pointers             000000018000f4a0 f   LIBCMTD:crt0dat.obj
 0001:0000e550       _initterm_e                000000018000f550 f   LIBCMTD:crt0dat.obj
 0001:0000e5b0       _lockexit                  000000018000f5b0 f   LIBCMTD:crt0dat.obj
 0001:0000e5d0       _unlockexit                000000018000f5d0 f   LIBCMTD:crt0dat.obj
 0001:0000e800       _heap_init                 000000018000f800 f   LIBCMTD:heapinit.obj
 0001:0000e830       _heap_term                 000000018000f830 f   LIBCMTD:heapinit.obj
 0001:0000e840       _ioinit                    000000018000f840 f   LIBCMTD:ioinit.obj
 0001:0000ee20       _ioterm                    000000018000fe20 f   LIBCMTD:ioinit.obj
 0001:0000ef00       _set_pgmptr                000000018000ff00 f i LIBCMTD:stdargv.obj
 0001:0000ef20       _setargv                   000000018000ff20 f   LIBCMTD:stdargv.obj
 0001:0000f580       _setenvp                   0000000180010580 f   LIBCMTD:stdenvp.obj
 0001:0000fcc0       _CrtCheckMemory            0000000180010cc0 f   LIBCMTD:dbgheap.obj
 0001:00010260       _CrtDumpMemoryLeaks        0000000180011260 f   LIBCMTD:dbgheap.obj
 0001:00010320       _CrtGetCheckCount          0000000180011320 f   LIBCMTD:dbgheap.obj
 0001:00010330       _CrtIsValidHeapPointer     0000000180011330 f   LIBCMTD:dbgheap.obj
 0001:00010390       _CrtIsValidPointer         0000000180011390 f   LIBCMTD:dbgheap.obj
 0001:000103d0       _CrtMemCheckpoint          00000001800113d0 f   LIBCMTD:dbgheap.obj
 0001:00010660       _CrtMemDumpAllObjectsSince 0000000180011660 f   LIBCMTD:dbgheap.obj
 0001:000106b0       _CrtSetCheckCount          00000001800116b0 f   LIBCMTD:dbgheap.obj
 0001:000106d0       _CrtSetDbgFlag             00000001800116d0 f   LIBCMTD:dbgheap.obj
 0001:00010810       _CrtSetDumpClient          0000000180011810 f   LIBCMTD:dbgheap.obj
 0001:00010840       _calloc_dbg                0000000180011840 f   LIBCMTD:dbgheap.obj
 0001:000108c0       _calloc_dbg_impl           00000001800118c0 f   LIBCMTD:dbgheap.obj
 0001:00010970       _free_dbg                  0000000180011970 f   LIBCMTD:dbgheap.obj
 0001:000109b0       _free_dbg_nolock           00000001800119b0 f   LIBCMTD:dbgheap.obj
 0001:00011540       _invoke_watson_if_oneof    0000000180012540 f i LIBCMTD:dbgheap.obj
 0001:000115b0       _malloc_dbg                00000001800125b0 f   LIBCMTD:dbgheap.obj
 0001:00011600       _msize_dbg                 0000000180012600 f   LIBCMTD:dbgheap.obj
 0001:00011850       _nh_malloc_dbg             0000000180012850 f   LIBCMTD:dbgheap.obj
 0001:00011be0       _realloc_dbg               0000000180012be0 f   LIBCMTD:dbgheap.obj
 0001:00012550       __security_init_cookie     0000000180013550 f   LIBCMTD:gs_support.obj
 0001:00012670       DllMain                    0000000180013670 f   LIBCMTD:dllmain.obj
 0001:00012690       __crtGetEnvironmentStringsA 0000000180013690 f   LIBCMTD:a_env.obj
 0001:00012870       __crtCaptureCurrentContext 0000000180013870 f   LIBCMTD:winapisupp.obj
 0001:00012910       __crtCapturePreviousContext 0000000180013910 f   LIBCMTD:winapisupp.obj
 0001:000129d0       __crtFlsAlloc              00000001800139d0 f   LIBCMTD:winapisupp.obj
 0001:00012a20       __crtFlsFree               0000000180013a20 f   LIBCMTD:winapisupp.obj
 0001:00012a70       __crtFlsGetValue           0000000180013a70 f   LIBCMTD:winapisupp.obj
 0001:00012ac0       __crtFlsSetValue           0000000180013ac0 f   LIBCMTD:winapisupp.obj
 0001:00012b20       __crtInitializeCriticalSectionEx 0000000180013b20 f   LIBCMTD:winapisupp.obj
 0001:00012b90       __crtIsPackagedApp         0000000180013b90 f   LIBCMTD:winapisupp.obj
 0001:00012bd0       __crtLoadWinApiPointers    0000000180013bd0 f   LIBCMTD:winapisupp.obj
 0001:000131c0       __crtTerminateProcess      00000001800141c0 f   LIBCMTD:winapisupp.obj
 0001:000131e0       __crtUnhandledException    00000001800141e0 f   LIBCMTD:winapisupp.obj
 0001:00013210       _RTC_Initialize            0000000180014210 f   LIBCMTD:initsect.obj
 0001:00013250       _RTC_Terminate             0000000180014250 f   LIBCMTD:initsect.obj
 0001:00013290       __C_specific_handler       0000000180014290 f   LIBCMTD:chandler.obj
 0001:000136b0       __doserrno                 00000001800146b0 f   LIBCMTD:dosmap.obj
 0001:000136e0       _dosmaperr                 00000001800146e0 f   LIBCMTD:dosmap.obj
 0001:00013710       _errno                     0000000180014710 f   LIBCMTD:dosmap.obj
 0001:00013740       _get_errno_from_oserr      0000000180014740 f   LIBCMTD:dosmap.obj
 0001:000137d0       _CrtDefaultAllocHook       00000001800147d0 f   LIBCMTD:dbghook.obj
 0001:000137f0       __crt_debugger_hook        00000001800147f0 f   LIBCMTD:dbghook.obj
 0001:00013810       _get_fpsr                  0000000180014810 f   LIBCMTD:fpsr.obj
 0001:00013820       _set_fpsr                  0000000180014820 f   LIBCMTD:fpsr.obj
 0001:0001382a       _fclrf                     000000018001482a f   LIBCMTD:fpsr.obj
 0001:0001383e       _frnd                      000000018001483e f   LIBCMTD:fpsr.obj
 0001:00013860       _raise_exc_ex              0000000180014860 f   LIBCMTD:fpexcept.obj
 0001:00013ee0       _raise_excf                0000000180014ee0 f   LIBCMTD:fpexcept.obj
 0001:00013f40       _set_errno_from_matherr    0000000180014f40 f   LIBCMTD:fpexcept.obj
 0001:00013f90       _matherr                   0000000180014f90 f   LIBCMTD:matherr.obj
 0001:00013fa0       _call_reportfault          0000000180014fa0 f   LIBCMTD:invarg.obj
 0001:000140d0       _initp_misc_invarg         00000001800150d0 f   LIBCMTD:invarg.obj
 0001:000140f0       _invalid_parameter         00000001800150f0 f   LIBCMTD:invarg.obj
 0001:00014180       _invoke_watson             0000000180015180 f   LIBCMTD:invarg.obj
 0001:000141e0       __addlocaleref             00000001800151e0 f   LIBCMTD:localref.obj
 0001:00014330       __freetlocinfo             0000000180015330 f   LIBCMTD:localref.obj
 0001:000146e0       __removelocaleref          00000001800156e0 f   LIBCMTD:localref.obj
 0001:00014840       __updatetlocinfo           0000000180015840 f   LIBCMTD:localref.obj
 0001:000148e0       _updatetlocinfoEx_nolock   00000001800158e0 f   LIBCMTD:localref.obj
 0001:00014980       __initmbctable             0000000180015980 f   LIBCMTD:mbctype.obj
 0001:00015010       __updatetmbcinfo           0000000180016010 f   LIBCMTD:mbctype.obj
 0001:00015120       _setmbcp                   0000000180016120 f   LIBCMTD:mbctype.obj
 0001:00015410       _setmbcp_nolock            0000000180016410 f   LIBCMTD:mbctype.obj
 0001:00015860       _isdigit_l                 0000000180016860 f i LIBCMTD:_ctype.obj
 0001:00015900       isdigit                    0000000180016900 f i LIBCMTD:_ctype.obj
 0001:00015940       _tolower_l                 0000000180016940 f   LIBCMTD:tolower.obj
 0001:00015ca0       tolower                    0000000180016ca0 f   LIBCMTD:tolower.obj
 0001:00015d00       memset                     0000000180016d00 f   LIBCMTD:memset.obj
 0001:00015f30       strcpy_s                   0000000180016f30 f   LIBCMTD:strcpy_s.obj
 0001:000163e0       strlen                     00000001800173e0 f   LIBCMTD:strlen.obj
 0001:000164a0       memmove                    00000001800174a0 f   LIBCMTD:memcpy.obj
 0001:000164a0       memcpy                     00000001800174a0 f   LIBCMTD:memcpy.obj
 0001:00016a10       strrchr                    0000000180017a10 f   LIBCMTD:strrchr.obj
 0001:00016e30       _fptostr                   0000000180017e30 f   LIBCMTD:_fptostr.obj
 0001:00017290       __crt_atoflt_l             0000000180018290 f   LIBCMTD:atodbl.obj
 0001:00017430       _atodbl_l                  0000000180018430 f   LIBCMTD:atodbl.obj
 0001:000175b0       _atoflt_l                  00000001800185b0 f   LIBCMTD:atodbl.obj
 0001:000175e0       __dtold                    00000001800185e0 f   LIBCMTD:cfout.obj
 0001:00017790       _fltout2                   0000000180018790 f   LIBCMTD:cfout.obj
 0001:000178a0       _CrtDbgReportW             00000001800188a0 f   LIBCMTD:dbgrptw.obj
 0001:00017920       _CrtDbgReportWV            0000000180018920 f i LIBCMTD:dbgrptw.obj
 0001:00017980       __crtMessageWindowW        0000000180018980 f   LIBCMTD:dbgrptw.obj
 0001:00018000       _fptrap                    0000000180019000 f   LIBCMTD:crt0fp.obj
 0001:00018020       _lock                      0000000180019020 f   LIBCMTD:mlock.obj
 0001:00018080       _mtdeletelocks             0000000180019080 f   LIBCMTD:mlock.obj
 0001:000181a0       _mtinitlocknum             00000001800191a0 f   LIBCMTD:mlock.obj
 0001:000182a0       _mtinitlocks               00000001800192a0 f   LIBCMTD:mlock.obj
 0001:00018340       _unlock                    0000000180019340 f   LIBCMTD:mlock.obj
 0001:00018370       _FF_MSGBANNER              0000000180019370 f   LIBCMTD:crt0msg.obj
 0001:000183c0       _GET_RTERRMSG              00000001800193c0 f   LIBCMTD:crt0msg.obj
 0001:00018420       _NMSG_WRITE                0000000180019420 f   LIBCMTD:crt0msg.obj
 0001:00018850       _FindPESection             0000000180019850 f   LIBCMTD:pesect.obj
 0001:00018900       _IsNonwritableInCurrentImage 0000000180019900 f   LIBCMTD:pesect.obj
 0001:00018990       _ValidateImageBase         0000000180019990 f   LIBCMTD:pesect.obj
 0001:00018a10       __onexitinit               0000000180019a10 f   LIBCMTD:onexit.obj
 0001:00018a80       _onexit                    0000000180019a80 f   LIBCMTD:onexit.obj
 0001:00018c90       atexit                     0000000180019c90 f   LIBCMTD:onexit.obj
 0001:00018cd0       ?_inconsistency@@YAXXZ     0000000180019cd0 f   LIBCMTD:hooks.obj
 0001:00018d00       ?terminate@@YAXXZ          0000000180019d00 f   LIBCMTD:hooks.obj
 0001:00018d30       _initp_eh_hooks            0000000180019d30 f   LIBCMTD:hooks.obj
 0001:00018d60       _callnewh                  0000000180019d60 f   LIBCMTD:handler.obj
 0001:00018da0       _initp_heap_handler        0000000180019da0 f   LIBCMTD:handler.obj
 0001:00018dc0       _initp_misc_purevirt       0000000180019dc0 f   LIBCMTD:inithelp.obj
 0001:00018de0       __get_sigabrt              0000000180019de0 f   LIBCMTD:winsig.obj
 0001:00018e00       _initp_misc_winsig         0000000180019e00 f   LIBCMTD:winsig.obj
 0001:00018e40       raise                      0000000180019e40 f   LIBCMTD:winsig.obj
 0001:000192b0       _initp_misc_rand_s         000000018001a2b0 f   LIBCMTD:rand_s.obj
 0001:000192e0       _local_unwind              000000018001a2e0 f   LIBCMTD:jmpuwind.obj
 0001:00019310       _NLG_Notify                000000018001a310 f   LIBCMTD:jmpuwind.obj
 0001:00019330       __NLG_Dispatch2            000000018001a330 f   LIBCMTD:jmpuwind.obj
 0001:00019340       __NLG_Return2              000000018001a340 f   LIBCMTD:jmpuwind.obj
 0001:00019350       __initstdio                000000018001a350 f   LIBCMTD:_file.obj
 0001:00019450       __endstdio                 000000018001a450 f   LIBCMTD:_file.obj
 0001:00019490       __iob_func                 000000018001a490 f   LIBCMTD:_file.obj
 0001:000194a0       _lock_file                 000000018001a4a0 f   LIBCMTD:_file.obj
 0001:00019530       _lock_file2                000000018001a530 f   LIBCMTD:_file.obj
 0001:00019580       _unlock_file               000000018001a580 f   LIBCMTD:_file.obj
 0001:00019610       _unlock_file2              000000018001a610 f   LIBCMTD:_file.obj
 0001:00019730       _ismbblead                 000000018001a730 f   LIBCMTD:ismbbyte.obj
 0001:00019760       _chvalidator               000000018001a760 f   LIBCMTD:isctype.obj
 0001:000197d0       _chvalidator_l             000000018001a7d0 f   LIBCMTD:isctype.obj
 0001:000198e0       _isctype_l                 000000018001a8e0 f   LIBCMTD:isctype.obj
 0001:00019ac0       _free_base                 000000018001aac0 f   LIBCMTD:free.obj
 0001:00019b20       _realloc_base              000000018001ab20 f   LIBCMTD:realloc.obj
 0001:00019c40       _expand_base               000000018001ac40 f   LIBCMTD:expand.obj
 0001:00019e20       _CrtDbgReport              000000018001ae20 f   LIBCMTD:dbgrpt.obj
 0001:00019ea0       _CrtDbgReportV             000000018001aea0 f i LIBCMTD:dbgrpt.obj
 0001:00019f00       __crtMessageWindowA        000000018001af00 f   LIBCMTD:dbgrpt.obj
 0001:0001a580       _heapchk                   000000018001b580 f   LIBCMTD:heapchk.obj
 0001:0001a5c0       _snprintf_s                000000018001b5c0 f   LIBCMTD:sprintf.obj
 0001:0001a620       sprintf_s                  000000018001b620 f   LIBCMTD:sprintf.obj
 0001:0001a670       _heap_alloc_base           000000018001b670 f i LIBCMTD:malloc.obj
 0001:0001a6e0       _malloc_base               000000018001b6e0 f   LIBCMTD:malloc.obj
 0001:0001a780       __free_lconv_mon           000000018001b780 f   LIBCMTD:initmon.obj
 0001:0001a990       __free_lconv_num           000000018001b990 f   LIBCMTD:initnum.obj
 0001:0001aa70       __free_lc_time             000000018001ba70 f   LIBCMTD:inittime.obj
 0001:0001b9b0       _MallocaIsSizeInRange      000000018001c9b0 f i LIBCMTD:a_map.obj
 0001:0001b9f0       _MarkAllocaS               000000018001c9f0 f i LIBCMTD:a_map.obj
 0001:0001ba20       __crtLCMapStringA          000000018001ca20 f   LIBCMTD:a_map.obj
 0001:0001bad0       _freea                     000000018001cad0 f i LIBCMTD:a_map.obj
 0001:0001bd20       __crtGetStringTypeA        000000018001cd20 f   LIBCMTD:a_str.obj
 0001:0001be40       ?_GetEstablisherFrame@@YAPEA_KPEA_KPEAU_xDISPATCHER_CONTEXT@@PEBU_s_FuncInfo@@0@Z 000000018001ce40 f   LIBCMTD:trnsctrl.obj
 0001:0001bfb0       ?_GetRangeOfTrysToCheck@@YAPEBU_s_TryBlockMapEntry@@PEA_KPEBU_s_FuncInfo@@HHPEAI2PEAU_xDISPATCHER_CONTEXT@@@Z 000000018001cfb0 f   LIBCMTD:trnsctrl.obj
 0001:0001c1d0       ?__FrameUnwindToEmptyState@@YAXPEA_KPEAU_xDISPATCHER_CONTEXT@@PEBU_s_FuncInfo@@@Z 000000018001d1d0 f   LIBCMTD:trnsctrl.obj
 0001:0001c270       ?__SehTransFilter@@YAHPEAU_EXCEPTION_POINTERS@@PEAUEHExceptionRecord@@PEA_KPEAU_CONTEXT@@PEAU_xDISPATCHER_CONTEXT@@PEBU_s_FuncInfo@@PEAH@Z 000000018001d270 f   LIBCMTD:trnsctrl.obj
 0001:0001c330       _CallSETranslator          000000018001d330 f   LIBCMTD:trnsctrl.obj
 0001:0001c3b0       _CreateFrameInfo           000000018001d3b0 f   LIBCMTD:trnsctrl.obj
 0001:0001c430       _FindAndUnlinkFrame        000000018001d430 f   LIBCMTD:trnsctrl.obj
 0001:0001c4c0       _GetImageBase              000000018001d4c0 f   LIBCMTD:trnsctrl.obj
 0001:0001c4e0       _GetThrowImageBase         000000018001d4e0 f   LIBCMTD:trnsctrl.obj
 0001:0001c500       _IsExceptionObjectToBeDestroyed 000000018001d500 f   LIBCMTD:trnsctrl.obj
 0001:0001c560       _SetImageBase              000000018001d560 f   LIBCMTD:trnsctrl.obj
 0001:0001c580       _SetThrowImageBase         000000018001d580 f   LIBCMTD:trnsctrl.obj
 0001:0001c5a0       _UnwindNestedFrames        000000018001d5a0 f   LIBCMTD:trnsctrl.obj
 0001:0001c710       __CxxFrameHandler3         000000018001d710 f   LIBCMTD:trnsctrl.obj
 0001:0001c7d0       _locterm                   000000018001d7d0 f   LIBCMTD:wsetloca.obj
 0001:0001c820       _isleadbyte_l              000000018001d820 f i LIBCMTD:_wctype.obj
 0001:0001c880       isleadbyte                 000000018001d880 f i LIBCMTD:_wctype.obj
 0001:0001c8a0       __isa_available_init       000000018001d8a0 f   LIBCMTD:cpu_disp.obj
 0001:0001cbe0       _CopyMan                   000000018001dbe0 f i LIBCMTD:intrncvt.obj
 0001:0001cc50       _FillZeroMan               000000018001dc50 f i LIBCMTD:intrncvt.obj
 0001:0001cc90       _IncMan                    000000018001dc90 f i LIBCMTD:intrncvt.obj
 0001:0001cd70       _IsZeroMan                 000000018001dd70 f i LIBCMTD:intrncvt.obj
 0001:0001cdb0       _RoundMan                  000000018001ddb0 f i LIBCMTD:intrncvt.obj
 0001:0001cec0       _ShrMan                    000000018001dec0 f i LIBCMTD:intrncvt.obj
 0001:0001d000       _ZeroTail                  000000018001e000 f i LIBCMTD:intrncvt.obj
 0001:0001d0b0       __addl                     000000018001e0b0 f i LIBCMTD:intrncvt.obj
 0001:0001d110       _ld12cvt                   000000018001e110 f i LIBCMTD:intrncvt.obj
 0001:0001d480       _ld12tod                   000000018001e480 f   LIBCMTD:intrncvt.obj
 0001:0001d4b0       _ld12tof                   000000018001e4b0 f   LIBCMTD:intrncvt.obj
 0001:0001d4e0       __ld12mul                  000000018001e4e0 f i LIBCMTD:strgtold.obj
 0001:0001da50       __multtenpow12             000000018001ea50 f i LIBCMTD:strgtold.obj
 0001:0001db80       __shl_12                   000000018001eb80 f i LIBCMTD:strgtold.obj
 0001:0001dc20       __shr_12                   000000018001ec20 f i LIBCMTD:strgtold.obj
 0001:0001dcc0       __strgtold12_l             000000018001ecc0 f   LIBCMTD:strgtold.obj
 0001:0001eaa0       $I10_OUTPUT                000000018001faa0 f   LIBCMTD:x10fout.obj
 0001:0001f360       __add_12                   0000000180020360 f i LIBCMTD:x10fout.obj
 0001:0001f440       memcpy_s                   0000000180020440 f   LIBCMTD:memcpy_s.obj
 0001:0001f6b0       wcscpy_s                   00000001800206b0 f   LIBCMTD:wcscpy_s.obj
 0001:0001fb60       wcslen                     0000000180020b60 f   LIBCMTD:wcslen.obj
 0001:0001fbb0       _snwprintf_s               0000000180020bb0 f   LIBCMTD:swprintf.obj
 0001:0001fc10       __crtMessageBoxW           0000000180020c10 f   LIBCMTD:crtmboxw.obj
 0001:00020080       __crtMessageBoxWaitThreadW 0000000180021080 f   LIBCMTD:crtmboxw.obj
 0001:000200d0       _CrtDbgBreak               00000001800210d0 f   LIBCMTD:dbgrptt.obj
 0001:000200e0       _VCrtDbgReportA            00000001800210e0 f   LIBCMTD:dbgrptt.obj
 0001:00020ab0       _VCrtDbgReportW            0000000180021ab0 f   LIBCMTD:dbgrptt.obj
 0001:000215f0       wcscat_s                   00000001800225f0 f   LIBCMTD:wcscat_s.obj
 0001:00021c20       wcsncpy_s                  0000000180022c20 f   LIBCMTD:wcsncpy_s.obj
 0001:000222c0       _set_error_mode            00000001800232c0 f   LIBCMTD:errmode.obj
 0001:000223d0       abort                      00000001800233d0 f   LIBCMTD:abort.obj
 0001:00022460       GetTableIndexFromLocaleName 0000000180023460 f   LIBCMTD:winapinls.obj
 0001:00022510       __crtDownlevelLocaleNameToLCID 0000000180023510 f   LIBCMTD:winapinls.obj
 0001:00022570       __crtLCMapStringEx         0000000180023570 f   LIBCMTD:winapinls.obj
 0001:00022650       __wcsnicmp_ascii           0000000180023650 f   LIBCMTD:winapinls.obj
 0001:00022760       _fileno                    0000000180023760 f   LIBCMTD:fileno.obj
 0001:00022820       _isatty                    0000000180023820 f   LIBCMTD:isatty.obj
 0001:00022930       _fflush_nolock             0000000180023930 f   LIBCMTD:fflush.obj
 0001:000229b0       _flush                     00000001800239b0 f   LIBCMTD:fflush.obj
 0001:00022aa0       _flushall                  0000000180023aa0 f   LIBCMTD:fflush.obj
 0001:00022c30       _fcloseall                 0000000180023c30 f   LIBCMTD:closeall.obj
 0001:00022d30       _flsbuf                    0000000180023d30 f   LIBCMTD:_flsbuf.obj
 0001:000230d0       _vsnprintf_helper          00000001800240d0 f   LIBCMTD:vsnprnc.obj
 0001:000233b0       _vsnprintf_s               00000001800243b0 f   LIBCMTD:vsnprnc.obj
 0001:00023400       _vsnprintf_s_l             0000000180024400 f   LIBCMTD:vsnprnc.obj
 0001:000239a0       _vsprintf_s_l              00000001800249a0 f   LIBCMTD:vsnprnc.obj
 0001:00023d30       get_int64_arg              0000000180024d30 f i LIBCMTD:output.obj
 0001:00023da0       get_int_arg                0000000180024da0 f i LIBCMTD:output.obj
 0001:00023e00       get_short_arg              0000000180024e00 f i LIBCMTD:output.obj
 0001:00023e70       free                       0000000180024e70 f   LIBCMTD:dbgfree.obj
 0001:00023e90       malloc                     0000000180024e90 f   LIBCMTD:dbgmalloc.obj
 0001:00023ed0       __DestructExceptionObject  0000000180024ed0 f   LIBCMTD:frame.obj
 0001:00023fc0       ??0bad_exception@std@@QEAA@AEBV01@@Z 0000000180024fc0 f i LIBCMTD:frame.obj
 0001:00024000       ??0bad_exception@std@@QEAA@PEBD@Z 0000000180025000 f i LIBCMTD:frame.obj
 0001:00024040       ??1bad_exception@std@@UEAA@XZ 0000000180025040 f i LIBCMTD:frame.obj
 0001:00024070       ??_Ebad_exception@std@@UEAAPEAXI@Z 0000000180025070 f i LIBCMTD:frame.obj
 0001:00024070       ??_Gbad_exception@std@@UEAAPEAXI@Z 0000000180025070 f i LIBCMTD:frame.obj
 0001:00025040       __AdjustPointer            0000000180026040 f   LIBCMTD:frame.obj
 0001:000250c0       __BuildCatchObject         00000001800260c0 f   LIBCMTD:frame.obj
 0001:00025200       __BuildCatchObjectHelper   0000000180026200 f   LIBCMTD:frame.obj
 0001:00025630       __CxxCallCatchBlock        0000000180026630 f   LIBCMTD:frame.obj
 0001:000258a0       __FrameUnwindFilter        00000001800268a0 f   LIBCMTD:frame.obj
 0001:00025930       __FrameUnwindToState       0000000180026930 f   LIBCMTD:frame.obj
 0001:00025b90       __InternalCxxFrameHandler  0000000180026b90 f   LIBCMTD:frame.obj
 0001:00025fb0       __TypeMatch                0000000180026fb0 f   LIBCMTD:frame.obj
 0001:000261a0       ?__GetCurrentState@@YAHPEA_KPEAU_xDISPATCHER_CONTEXT@@PEBU_s_FuncInfo@@@Z 00000001800271a0 f   LIBCMTD:ehstate.obj
 0001:00026200       ?__GetUnwindTryBlock@@YAHPEA_KPEAU_xDISPATCHER_CONTEXT@@PEBU_s_FuncInfo@@@Z 0000000180027200 f   LIBCMTD:ehstate.obj
 0001:00026250       ?__SetState@@YAXPEA_KPEAU_xDISPATCHER_CONTEXT@@PEBU_s_FuncInfo@@H@Z 0000000180027250 f   LIBCMTD:ehstate.obj
 0001:00026280       ?__SetUnwindTryBlock@@YAXPEA_KPEAU_xDISPATCHER_CONTEXT@@PEBU_s_FuncInfo@@H@Z 0000000180027280 f   LIBCMTD:ehstate.obj
 0001:000262f0       ?__StateFromControlPc@@YAHPEBU_s_FuncInfo@@PEAU_xDISPATCHER_CONTEXT@@@Z 00000001800272f0 f   LIBCMTD:ehstate.obj
 0001:00026320       ?__StateFromIp@@YAHPEBU_s_FuncInfo@@PEAU_xDISPATCHER_CONTEXT@@_J@Z 0000000180027320 f   LIBCMTD:ehstate.obj
 0001:00026410       memcmp                     0000000180027410 f   LIBCMTD:memcmp.obj
 0001:000264e0       __mtold12                  00000001800274e0 f   LIBCMTD:mantold.obj
 0001:00026670       _vsnwprintf_s              0000000180027670 f   LIBCMTD:vswprnc.obj
 0001:000266c0       _vsnwprintf_s_l            00000001800276c0 f   LIBCMTD:vswprnc.obj
 0001:00026c70       _vswprintf_helper          0000000180027c70 f   LIBCMTD:vswprnc.obj
 0001:00026fc0       strcat_s                   0000000180027fc0 f   LIBCMTD:strcat_s.obj
 0001:000275d0       _itoa_s                    00000001800285d0 f   LIBCMTD:xtoas.obj
 0001:00027c00       _mbstowcs_l_helper         0000000180028c00 f   LIBCMTD:mbstowcs.obj
 0001:00028170       _mbstowcs_s_l              0000000180029170 f   LIBCMTD:mbstowcs.obj
 0001:00028700       mbstowcs_s                 0000000180029700 f   LIBCMTD:mbstowcs.obj
 0001:000287e0       _wcstombs_l_helper         00000001800297e0 f   LIBCMTD:wcstombs.obj
 0001:00028ff0       _wcstombs_s_l              0000000180029ff0 f   LIBCMTD:wcstombs.obj
 0001:000294f0       wcstombs_s                 000000018002a4f0 f   LIBCMTD:wcstombs.obj
 0001:00029540       _itow_s                    000000018002a540 f   LIBCMTD:xtows.obj
 0001:00029b90       __GSHandlerCheck_SEH       000000018002ab90 f   LIBCMTD:gshandlerseh.obj
 0001:00029c50       _commit                    000000018002ac50 f   LIBCMTD:commit.obj
 0001:00029ee0       _write                     000000018002aee0 f   LIBCMTD:write.obj
 0001:0002a180       _write_nolock              000000018002b180 f   LIBCMTD:write.obj
 0001:0002b2c0       _fclose_nolock             000000018002c2c0 f   LIBCMTD:fclose.obj
 0001:0002b410       fclose                     000000018002c410 f   LIBCMTD:fclose.obj
 0001:0002b510       _lseeki64                  000000018002c510 f   LIBCMTD:lseeki64.obj
 0001:0002b7c0       _lseeki64_nolock           000000018002c7c0 f   LIBCMTD:lseeki64.obj
 0001:0002b8e0       _getbuf                    000000018002c8e0 f   LIBCMTD:_getbuf.obj
 0001:0002b9f0       _output_s_l                000000018002c9f0 f   LIBCMTD:outputs.obj
 0001:0002d5d0       _get_printf_count_output   000000018002e5d0 f   LIBCMTD:printf.obj
 0001:0002d600       _wctomb_s_l                000000018002e600 f   LIBCMTD:wctomb.obj
 0001:0002daa0       wctomb_s                   000000018002eaa0 f   LIBCMTD:wctomb.obj
 0001:0002daf0       ??3@YAXPEAX@Z              000000018002eaf0 f   LIBCMTD:dbgdel.obj
 0001:0002dbd0       strcmp                     000000018002ebd0 f   LIBCMTD:strcmp.obj
 0001:0002dc40       ?_ValidateExecute@@YAHP6A_JXZ@Z 000000018002ec40 f   LIBCMTD:validate.obj
 0001:0002dc70       ?_ValidateWrite@@YAHPEAXI@Z 000000018002ec70 f   LIBCMTD:validate.obj
 0001:0002dc70       ?_ValidateRead@@YAHPEBXI@Z 000000018002ec70 f   LIBCMTD:validate.obj
 0001:0002dcb0       _CallSettingFrame          000000018002ecb0 f   LIBCMTD:handlers.obj
 0001:0002dcf0       _GetNextInstrOffset        000000018002ecf0 f   LIBCMTD:handlers.obj
 0001:0002dd00       ??1type_info@@UEAA@XZ      000000018002ed00 f   LIBCMTD:typinfo.obj
 0001:0002dd30       ??8type_info@@QEBA_NAEBV0@@Z 000000018002ed30 f   LIBCMTD:typinfo.obj
 0001:0002dd80       ??_Gtype_info@@UEAAPEAXI@Z 000000018002ed80 f i LIBCMTD:typinfo.obj
 0001:0002dd80       ??_Etype_info@@UEAAPEAXI@Z 000000018002ed80 f i LIBCMTD:typinfo.obj
 0001:0002ddc0       ??0exception@std@@QEAA@AEBQEBD@Z 000000018002edc0 f   LIBCMTD:stdexcpt.obj
 0001:0002de10       ??0exception@std@@QEAA@AEBV01@@Z 000000018002ee10 f   LIBCMTD:stdexcpt.obj
 0001:0002de60       ??1exception@std@@UEAA@XZ  000000018002ee60 f   LIBCMTD:stdexcpt.obj
 0001:0002de90       ??4exception@std@@QEAAAEAV01@AEBV01@@Z 000000018002ee90 f   LIBCMTD:stdexcpt.obj
 0001:0002df00       ??_Gexception@std@@UEAAPEAXI@Z 000000018002ef00 f i LIBCMTD:stdexcpt.obj
 0001:0002df00       ??_Eexception@std@@UEAAPEAXI@Z 000000018002ef00 f i LIBCMTD:stdexcpt.obj
 0001:0002df40       ?_Copy_str@exception@std@@AEAAXPEBD@Z 000000018002ef40 f   LIBCMTD:stdexcpt.obj
 0001:0002dfb0       ?_Tidy@exception@std@@AEAAXXZ 000000018002efb0 f   LIBCMTD:stdexcpt.obj
 0001:0002dff0       ?what@exception@std@@UEBAPEBDXZ 000000018002eff0 f   LIBCMTD:stdexcpt.obj
 0001:0002e030       _CxxThrowException         000000018002f030 f   LIBCMTD:throw.obj
 0001:0002e150       _woutput_s_l               000000018002f150 f   LIBCMTD:woutputs.obj
 0001:0002fa40       _fputwc_nolock             0000000180030a40 f   LIBCMTD:fputwc.obj
 0001:0002fea0       _mbtowc_l                  0000000180030ea0 f   LIBCMTD:mbtowc.obj
 0001:000301e0       mbtowc                     00000001800311e0 f   LIBCMTD:mbtowc.obj
 0001:00030210       __lock_fhandle             0000000180031210 f   LIBCMTD:osfinfo.obj
 0001:000302e0       _free_osfhnd               00000001800312e0 f   LIBCMTD:osfinfo.obj
 0001:00030410       _get_osfhandle             0000000180031410 f   LIBCMTD:osfinfo.obj
 0001:00030610       _unlock_fhandle            0000000180031610 f   LIBCMTD:osfinfo.obj
 0001:00030650       _putwch_nolock             0000000180031650 f   LIBCMTD:putwch.obj
 0001:000306c0       _close                     00000001800316c0 f   LIBCMTD:close.obj
 0001:00030940       _close_nolock              0000000180031940 f   LIBCMTD:close.obj
 0001:00030a50       _freebuf                   0000000180031a50 f   LIBCMTD:_freebuf.obj
 0001:00030b10       ?_Type_info_dtor@type_info@@CAXPEAV1@@Z 0000000180031b10 f   LIBCMTD:typname.obj
 0001:00030c20       _flswbuf                   0000000180031c20 f   LIBCMTD:_flswbuf.obj
 0001:00030fd0       __termconout               0000000180031fd0 f   LIBCMTD:initcon.obj
 0001:00031000       __initconout               0000000180032000 f   LIBCMTD:initcon.obj
 0001:00031050       IsProcessorFeaturePresent  0000000180032050 f   kernel32:KERNEL32.dll
 0001:00031056       RtlUnwindEx                0000000180032056 f   kernel32:KERNEL32.dll
 0002:00000000       __imp_GetCommandLineA      0000000180033000     kernel32:KERNEL32.dll
 0002:00000008       __imp_GetCurrentThreadId   0000000180033008     kernel32:KERNEL32.dll
 0002:00000010       __imp_IsDebuggerPresent    0000000180033010     kernel32:KERNEL32.dll
 0002:00000018       __imp_IsProcessorFeaturePresent 0000000180033018     kernel32:KERNEL32.dll
 0002:00000020       __imp_EncodePointer        0000000180033020     kernel32:KERNEL32.dll
 0002:00000028       __imp_GetLastError         0000000180033028     kernel32:KERNEL32.dll
 0002:00000030       __imp_SetLastError         0000000180033030     kernel32:KERNEL32.dll
 0002:00000038       __imp_DecodePointer        0000000180033038     kernel32:KERNEL32.dll
 0002:00000040       __imp_ExitProcess          0000000180033040     kernel32:KERNEL32.dll
 0002:00000048       __imp_GetModuleHandleExW   0000000180033048     kernel32:KERNEL32.dll
 0002:00000050       __imp_GetProcAddress       0000000180033050     kernel32:KERNEL32.dll
 0002:00000058       __imp_MultiByteToWideChar  0000000180033058     kernel32:KERNEL32.dll
 0002:00000060       __imp_WideCharToMultiByte  0000000180033060     kernel32:KERNEL32.dll
 0002:00000068       __imp_GetProcessHeap       0000000180033068     kernel32:KERNEL32.dll
 0002:00000070       __imp_GetStdHandle         0000000180033070     kernel32:KERNEL32.dll
 0002:00000078       __imp_GetFileType          0000000180033078     kernel32:KERNEL32.dll
 0002:00000080       __imp_DeleteCriticalSection 0000000180033080     kernel32:KERNEL32.dll
 0002:00000088       __imp_GetStartupInfoW      0000000180033088     kernel32:KERNEL32.dll
 0002:00000090       __imp_GetModuleFileNameA   0000000180033090     kernel32:KERNEL32.dll
 0002:00000098       __imp_HeapSize             0000000180033098     kernel32:KERNEL32.dll
 0002:000000a0       __imp_HeapValidate         00000001800330a0     kernel32:KERNEL32.dll
 0002:000000a8       __imp_GetSystemInfo        00000001800330a8     kernel32:KERNEL32.dll
 0002:000000b0       __imp_QueryPerformanceCounter 00000001800330b0     kernel32:KERNEL32.dll
 0002:000000b8       __imp_GetCurrentProcessId  00000001800330b8     kernel32:KERNEL32.dll
 0002:000000c0       __imp_GetSystemTimeAsFileTime 00000001800330c0     kernel32:KERNEL32.dll
 0002:000000c8       __imp_GetEnvironmentStringsW 00000001800330c8     kernel32:KERNEL32.dll
 0002:000000d0       __imp_FreeEnvironmentStringsW 00000001800330d0     kernel32:KERNEL32.dll
 0002:000000d8       __imp_RtlCaptureContext    00000001800330d8     kernel32:KERNEL32.dll
 0002:000000e0       __imp_RtlLookupFunctionEntry 00000001800330e0     kernel32:KERNEL32.dll
 0002:000000e8       __imp_RtlVirtualUnwind     00000001800330e8     kernel32:KERNEL32.dll
 0002:000000f0       __imp_UnhandledExceptionFilter 00000001800330f0     kernel32:KERNEL32.dll
 0002:000000f8       __imp_SetUnhandledExceptionFilter 00000001800330f8     kernel32:KERNEL32.dll
 0002:00000100       __imp_InitializeCriticalSectionAndSpinCount 0000000180033100     kernel32:KERNEL32.dll
 0002:00000108       __imp_GetCurrentProcess    0000000180033108     kernel32:KERNEL32.dll
 0002:00000110       __imp_TerminateProcess     0000000180033110     kernel32:KERNEL32.dll
 0002:00000118       __imp_TlsAlloc             0000000180033118     kernel32:KERNEL32.dll
 0002:00000120       __imp_TlsGetValue          0000000180033120     kernel32:KERNEL32.dll
 0002:00000128       __imp_TlsSetValue          0000000180033128     kernel32:KERNEL32.dll
 0002:00000130       __imp_TlsFree              0000000180033130     kernel32:KERNEL32.dll
 0002:00000138       __imp_GetModuleHandleW     0000000180033138     kernel32:KERNEL32.dll
 0002:00000140       __imp_RtlUnwindEx          0000000180033140     kernel32:KERNEL32.dll
 0002:00000148       __imp_RaiseException       0000000180033148     kernel32:KERNEL32.dll
 0002:00000150       __imp_IsValidCodePage      0000000180033150     kernel32:KERNEL32.dll
 0002:00000158       __imp_GetACP               0000000180033158     kernel32:KERNEL32.dll
 0002:00000160       __imp_GetOEMCP             0000000180033160     kernel32:KERNEL32.dll
 0002:00000168       __imp_GetCPInfo            0000000180033168     kernel32:KERNEL32.dll
 0002:00000170       __imp_GetModuleFileNameW   0000000180033170     kernel32:KERNEL32.dll
 0002:00000178       __imp_EnterCriticalSection 0000000180033178     kernel32:KERNEL32.dll
 0002:00000180       __imp_LeaveCriticalSection 0000000180033180     kernel32:KERNEL32.dll
 0002:00000188       __imp_WriteFile            0000000180033188     kernel32:KERNEL32.dll
 0002:00000190       __imp_LoadLibraryExW       0000000180033190     kernel32:KERNEL32.dll
 0002:00000198       __imp_HeapFree             0000000180033198     kernel32:KERNEL32.dll
 0002:000001a0       __imp_HeapReAlloc          00000001800331a0     kernel32:KERNEL32.dll
 0002:000001a8       __imp_HeapQueryInformation 00000001800331a8     kernel32:KERNEL32.dll
 0002:000001b0       __imp_HeapAlloc            00000001800331b0     kernel32:KERNEL32.dll
 0002:000001b8       __imp_GetStringTypeW       00000001800331b8     kernel32:KERNEL32.dll
 0002:000001c0       __imp_OutputDebugStringW   00000001800331c0     kernel32:KERNEL32.dll
 0002:000001c8       __imp_WaitForSingleObjectEx 00000001800331c8     kernel32:KERNEL32.dll
 0002:000001d0       __imp_CreateThread         00000001800331d0     kernel32:KERNEL32.dll
 0002:000001d8       __imp_OutputDebugStringA   00000001800331d8     kernel32:KERNEL32.dll
 0002:000001e0       __imp_WriteConsoleW        00000001800331e0     kernel32:KERNEL32.dll
 0002:000001e8       __imp_LCMapStringW         00000001800331e8     kernel32:KERNEL32.dll
 0002:000001f0       __imp_RtlPcToFileHeader    00000001800331f0     kernel32:KERNEL32.dll
 0002:000001f8       __imp_FlushFileBuffers     00000001800331f8     kernel32:KERNEL32.dll
 0002:00000200       __imp_GetConsoleCP         0000000180033200     kernel32:KERNEL32.dll
 0002:00000208       __imp_GetConsoleMode       0000000180033208     kernel32:KERNEL32.dll
 0002:00000210       __imp_SetFilePointerEx     0000000180033210     kernel32:KERNEL32.dll
 0002:00000218       __imp_SetStdHandle         0000000180033218     kernel32:KERNEL32.dll
 0002:00000220       __imp_CloseHandle          0000000180033220     kernel32:KERNEL32.dll
 0002:00000228       __imp_CreateFileW          0000000180033228     kernel32:KERNEL32.dll
 0002:00000230       \177KERNEL32_NULL_THUNK_DATA 0000000180033230     kernel32:KERNEL32.dll
 0002:00000238       __xc_a                     0000000180033238     LIBCMTD:crt0init.obj
 0002:00000240       __xc_z                     0000000180033240     LIBCMTD:crt0init.obj
 0002:00000248       __xi_a                     0000000180033248     LIBCMTD:crt0init.obj
 0002:00000278       __xi_z                     0000000180033278     LIBCMTD:crt0init.obj
 0002:00000280       __xp_a                     0000000180033280     LIBCMTD:crt0init.obj
 0002:000002a0       __xp_z                     00000001800332a0     LIBCMTD:crt0init.obj
 0002:000002a8       __xt_a                     00000001800332a8     LIBCMTD:crt0init.obj
 0002:000002b0       __xt_z                     00000001800332b0     LIBCMTD:crt0init.obj
 0002:00000328       ??_C@_0BD@NBFNAMCM@Invalid?5code?5path?$CB?$AA@ 0000000180033328     dolphin.obj
 0002:0000033c       __real@00000000            000000018003333c     dolphin.obj
 0002:00000340       __real@38d1b717            0000000180033340     dolphin.obj
 0002:00000344       __real@3b808081            0000000180033344     dolphin.obj
 0002:00000348       __real@3ca3d70a            0000000180033348     dolphin.obj
 0002:0000034c       __real@3dcccccd            000000018003334c     dolphin.obj
 0002:00000350       __real@3e4ccccd            0000000180033350     dolphin.obj
 0002:00000354       __real@3ecccccd            0000000180033354     dolphin.obj
 0002:00000358       __real@3f000000            0000000180033358     dolphin.obj
 0002:0000035c       __real@3f19999a            000000018003335c     dolphin.obj
 0002:00000360       __real@3f228f5c            0000000180033360     dolphin.obj
 0002:00000364       __real@3f800000            0000000180033364     dolphin.obj
 0002:00000368       __real@3fc90fdb            0000000180033368     dolphin.obj
 0002:0000036c       __real@40000000            000000018003336c     dolphin.obj
 0002:00000370       __real@40400000            0000000180033370     dolphin.obj
 0002:00000374       __real@40490fdb            0000000180033374     dolphin.obj
 0002:00000378       __real@40800000            0000000180033378     dolphin.obj
 0002:0000037c       __real@4096cbe4            000000018003337c     dolphin.obj
 0002:00000380       __real@40a00000            0000000180033380     dolphin.obj
 0002:00000384       __real@40c90fdb            0000000180033384     dolphin.obj
 0002:00000388       __real@41000000            0000000180033388     dolphin.obj
 0002:0000038c       __real@41200000            000000018003338c     dolphin.obj
 0002:00000390       __real@437f0000            0000000180033390     dolphin.obj
 0002:00000394       __real@43960000            0000000180033394     dolphin.obj
 0002:00000398       __real@43c80000            0000000180033398     dolphin.obj
 0002:0000039c       __real@49742400            000000018003339c     dolphin.obj
 0002:000003a0       __real@7f7fffff            00000001800333a0     dolphin.obj
 0002:000003b0       __xmm@00000000000000000000000000000000 00000001800333b0     dolphin.obj
 0002:000003c0       __xmm@000000ff000000ff000000ff000000ff 00000001800333c0     dolphin.obj
 0002:000003d0       __xmm@3b8080813b8080813b8080813b808081 00000001800333d0     dolphin.obj
 0002:000003e0       __xmm@3f0000003f0000003f0000003f000000 00000001800333e0     dolphin.obj
 0002:000003f0       __xmm@3f7eb8523f7eb8523f7eb8523f7eb852 00000001800333f0     dolphin.obj
 0002:00000400       __xmm@3f8000003f8000003f8000003f800000 0000000180033400     dolphin.obj
 0002:00000410       __xmm@437f0000437f0000437f0000437f0000 0000000180033410     dolphin.obj
 0002:00000420       __xmm@80000000800000008000000080000000 0000000180033420     dolphin.obj
 0002:00000660       ??_C@_05KGFAIMPG@sqrtf?$AA@ 0000000180033660     LIBCMTD:sqrtf.obj
 0002:00000668       _FPinit                    0000000180033668     LIBCMTD:fpinit.obj
 0002:00000670       _pRawDllMain               0000000180033670     LIBCMTD:dllcrt0.obj
 0002:00000670       _pDefaultRawDllMain        0000000180033670     LIBCMTD:dllcrt0.obj
 0002:00000678       ??_C@_0CL@OOIKPIHN@f?3?2dd?2vctools?2crt?2crtw32?2startup@ 0000000180033678     LIBCMTD:dllcrt0.obj
 0002:000008a0       ??_C@_04LAGPAAHP@sinf?$AA@ 00000001800338a0     LIBCMTD:sincos_special.obj
 0002:000008a8       ??_C@_03BLEJJJBH@sin?$AA@  00000001800338a8     LIBCMTD:sincos_special.obj
 0002:000008ac       ??_C@_04OBBKPIAC@cosf?$AA@ 00000001800338ac     LIBCMTD:sincos_special.obj
 0002:000008b4       ??_C@_03LALBNOCG@cos?$AA@  00000001800338b4     LIBCMTD:sincos_special.obj
 0002:000008b8       ??_C@_03IIINPABG@tan?$AA@  00000001800338b8     LIBCMTD:sincos_special.obj
 0002:000008c0       __Lcosfarray               00000001800338c0     LIBCMTD:Lsincosf_array.obj
 0002:000008f0       __Lsinfarray               00000001800338f0     LIBCMTD:Lsincosf_array.obj
 0002:00000910       __L_2_by_pi_bits           0000000180033910     LIBCMTD:L2_by_pi_bits.obj
 0002:00000a60       ??_C@_1BI@ICGGMGLK@?$AAb?$AAu?$AAf?$AA?5?$AA?$CB?$AA?$DN?$AA?5?$AAN?$AAU?$AAL?$AAL?$AA?$AA@ 0000000180033a60     LIBCMTD:cvt.obj
 0002:00000a78       ??_C@_15GANGMFKL@?$AA?$CF?$AAs?$AA?$AA@ 0000000180033a78     LIBCMTD:cvt.obj
 0002:00000a80       ??_C@_1EG@OHONNKNN@?$AAf?$AA?3?$AA?2?$AAd?$AAd?$AA?2?$AAv?$AAc?$AAt?$AAo?$AAo?$AAl?$AAs?$AA?2?$AAc?$AAr?$AAt?$AA?2?$AAf?$AAp?$AAw?$AA3?$AA2?$AA?2?$AAc?$AAo?$AAn?$AAv?$AA?2?$AAc?$AAv?$AAt@ 0000000180033a80     LIBCMTD:cvt.obj
 0002:00000ac8       ??_C@_1BE@OLBNEILL@?$AA_?$AAc?$AAf?$AAt?$AAo?$AAe?$AA2?$AA_?$AAl?$AA?$AA@ 0000000180033ac8     LIBCMTD:cvt.obj
 0002:00000ae0       ??_C@_1CA@CBMNPEO@?$AAs?$AAi?$AAz?$AAe?$AAI?$AAn?$AAB?$AAy?$AAt?$AAe?$AAs?$AA?5?$AA?$DO?$AA?5?$AA0?$AA?$AA@ 0000000180033ae0     LIBCMTD:cvt.obj
 0002:00000b00       ??_C@_1HE@NACBNDPP@?$AAs?$AAi?$AAz?$AAe?$AAI?$AAn?$AAB?$AAy?$AAt?$AAe?$AAs?$AA?5?$AA?$DO?$AA?5?$AA?$CI?$AAs?$AAi?$AAz?$AAe?$AA_?$AAt?$AA?$CJ?$AA?$CI?$AA3?$AA?5?$AA?$CL?$AA?5?$AA?$CI?$AAn?$AAd?$AAe?$AAc@ 0000000180033b00     LIBCMTD:cvt.obj
 0002:00000b80       ??_C@_1LE@EOIFGNCJ@?$AAs?$AAt?$AAr?$AAc?$AAp?$AAy?$AA_?$AAs?$AA?$CI?$AAp?$AA?0?$AA?5?$AA?$CI?$AAs?$AAi?$AAz?$AAe?$AAI?$AAn?$AAB?$AAy?$AAt?$AAe?$AAs?$AA?5?$AA?$DN?$AA?$DN?$AA?5?$AA?$CI?$AAs?$AAi?$AAz@ 0000000180033b80     LIBCMTD:cvt.obj
 0002:00000c34       ??_C@_05KLBDPFGC@e?$CL000?$AA@ 0000000180033c34     LIBCMTD:cvt.obj
 0002:00000c40       ??_C@_1BC@INKAPMHI@?$AA_?$AAc?$AAf?$AAt?$AAo?$AAe?$AA_?$AAl?$AA?$AA@ 0000000180033c40     LIBCMTD:cvt.obj
 0002:00000c58       ??_C@_1BC@JOKPCIC@?$AA_?$AAc?$AAf?$AAt?$AAo?$AAa?$AA_?$AAl?$AA?$AA@ 0000000180033c58     LIBCMTD:cvt.obj
 0002:00000c70       ??_C@_1FC@IKIMAMJB@?$AAs?$AAi?$AAz?$AAe?$AAI?$AAn?$AAB?$AAy?$AAt?$AAe?$AAs?$AA?5?$AA?$DO?$AA?5?$AA?$CI?$AAs?$AAi?$AAz?$AAe?$AA_?$AAt?$AA?$CJ?$AA?$CI?$AA1?$AA?5?$AA?$CL?$AA?5?$AA4?$AA?5?$AA?$CL?$AA?5?$AAn@ 0000000180033c70     LIBCMTD:cvt.obj
 0002:00000cc8       ??_C@_1BE@CKPDLI@?$AA_?$AAc?$AAf?$AAt?$AAo?$AAf?$AA2?$AA_?$AAl?$AA?$AA@ 0000000180033cc8     LIBCMTD:cvt.obj
 0002:00000ce0       ??_C@_1BC@DCPPLJL@?$AA_?$AAc?$AAf?$AAt?$AAo?$AAf?$AA_?$AAl?$AA?$AA@ 0000000180033ce0     LIBCMTD:cvt.obj
 0002:00000cf8       ??_C@_1BC@MPIFPLAF@?$AA_?$AAc?$AAf?$AAt?$AAo?$AAg?$AA_?$AAl?$AA?$AA@ 0000000180033cf8     LIBCMTD:cvt.obj
 0002:00000d10       __real@0000000000000000    0000000180033d10     LIBCMTD:cvt.obj
 0002:00000d20       _XcptActTab                0000000180033d20     LIBCMTD:winxfltr.obj
 0002:00000de0       _XcptActTabCount           0000000180033de0     LIBCMTD:winxfltr.obj
 0002:00000de4       _XcptActTabSize            0000000180033de4     LIBCMTD:winxfltr.obj
 0002:00000de8       _First_FPE_Indx            0000000180033de8     LIBCMTD:winxfltr.obj
 0002:00000dec       _Num_FPE                   0000000180033dec     LIBCMTD:winxfltr.obj
 0002:00000df0       ??_C@_0CM@KPPOKOAI@f?3?2dd?2vctools?2crt?2crtw32?2startup@ 0000000180033df0     LIBCMTD:tidtable.obj
 0002:00000e20       ??_C@_1BI@BGOHAHKC@?$AAm?$AAs?$AAc?$AAo?$AAr?$AAe?$AAe?$AA?4?$AAd?$AAl?$AAl?$AA?$AA@ 0000000180033e20     LIBCMTD:crt0dat.obj
 0002:00000e38       ??_C@_0P@MIGLKIOC@CorExitProcess?$AA@ 0000000180033e38     LIBCMTD:crt0dat.obj
 0002:00000e48       ??_C@_0CI@BIOGDJKL@f?3?2dd?2vctools?2crt?2crtw32?2lowio?2i@ 0000000180033e48     LIBCMTD:ioinit.obj
 0002:00000e70       ??_C@_0CL@OBKFGCKK@f?3?2dd?2vctools?2crt?2crtw32?2startup@ 0000000180033e70     LIBCMTD:stdargv.obj
 0002:00000ea0       ??_C@_0CL@BJBFGFLH@f?3?2dd?2vctools?2crt?2crtw32?2startup@ 0000000180033ea0     LIBCMTD:stdenvp.obj
 0002:00000ed0       ??_C@_1FG@MHBLOJIO@?$AAf?$AA?3?$AA?2?$AAd?$AAd?$AA?2?$AAv?$AAc?$AAt?$AAo?$AAo?$AAl?$AAs?$AA?2?$AAc?$AAr?$AAt?$AA?2?$AAc?$AAr?$AAt?$AAw?$AA3?$AA2?$AA?2?$AAs?$AAt?$AAa?$AAr?$AAt?$AAu?$AAp@ 0000000180033ed0     LIBCMTD:stdenvp.obj
 0002:00000f28       ??_C@_1BC@GHMCNHHL@?$AA_?$AAs?$AAe?$AAt?$AAe?$AAn?$AAv?$AAp?$AA?$AA@ 0000000180033f28     LIBCMTD:stdenvp.obj
 0002:00000f40       ??_C@_1DE@MMOGFGHF@?$AAs?$AAt?$AAr?$AAc?$AAp?$AAy?$AA_?$AAs?$AA?$CI?$AA?$CK?$AAe?$AAn?$AAv?$AA?0?$AA?5?$AAc?$AAc?$AAh?$AAa?$AAr?$AAs?$AA?0?$AA?5?$AAp?$AA?$CJ?$AA?$AA@ 0000000180033f40     LIBCMTD:stdenvp.obj
 0002:00000fa0       ??_C@_04HJMOFLDF@Free?$AA@ 0000000180033fa0     LIBCMTD:dbgheap.obj
 0002:00000fa8       ??_C@_06EFAGIKOH@Normal?$AA@ 0000000180033fa8     LIBCMTD:dbgheap.obj
 0002:00000fb0       ??_C@_03OGPFLFLO@CRT?$AA@  0000000180033fb0     LIBCMTD:dbgheap.obj
 0002:00000fb4       ??_C@_06KMEJCCGM@Ignore?$AA@ 0000000180033fb4     LIBCMTD:dbgheap.obj
 0002:00000fbc       ??_C@_06PJIGMIJB@Client?$AA@ 0000000180033fbc     LIBCMTD:dbgheap.obj
 0002:00000fc8       ??_C@_1CE@LJFEPPMP@?$AA_?$AAC?$AAr?$AAt?$AAC?$AAh?$AAe?$AAc?$AAk?$AAM?$AAe?$AAm?$AAo?$AAr?$AAy?$AA?$CI?$AA?$CJ?$AA?$AA@ 0000000180033fc8     LIBCMTD:dbgheap.obj
 0002:00000ff0       ??_C@_1FA@JKEKCOIC@?$AAf?$AA?3?$AA?2?$AAd?$AAd?$AA?2?$AAv?$AAc?$AAt?$AAo?$AAo?$AAl?$AAs?$AA?2?$AAc?$AAr?$AAt?$AA?2?$AAc?$AAr?$AAt?$AAw?$AA3?$AA2?$AA?2?$AAm?$AAi?$AAs?$AAc?$AA?2?$AAd?$AAb@ 0000000180033ff0     LIBCMTD:dbgheap.obj
 0002:00001040       ??_C@_0DF@BBEGIFEK@Client?5hook?5allocation?5failure?5a@ 0000000180034040     LIBCMTD:dbgheap.obj
 0002:00001078       ??_C@_0CB@CCLOLAHO@Client?5hook?5allocation?5failure?4?6@ 0000000180034078     LIBCMTD:dbgheap.obj
 0002:0000109c       ??_C@_02DKCKIIND@?$CFs?$AA@ 000000018003409c     LIBCMTD:dbgheap.obj
 0002:000010a0       ??_C@_0CF@BICKFLAF@Invalid?5allocation?5size?3?5?$CFIu?5byt@ 00000001800340a0     LIBCMTD:dbgheap.obj
 0002:000010c8       ??_C@_0DC@JEMAGEKG@Error?3?5memory?5allocation?3?5bad?5me@ 00000001800340c8     LIBCMTD:dbgheap.obj
 0002:00001100       ??_C@_0DI@KKJPDPGM@Client?5hook?5re?9allocation?5failur@ 0000000180034100     LIBCMTD:dbgheap.obj
 0002:00001138       ??_C@_0CE@DOFMDOL@Client?5hook?5re?9allocation?5failur@ 0000000180034138     LIBCMTD:dbgheap.obj
 0002:00001160       ??_C@_0ED@GPCPBAGP@Invalid?5allocation?5size?3?5?$CFIu?5byt@ 0000000180034160     LIBCMTD:dbgheap.obj
 0002:000011b0       ??_C@_0FA@EFEIGJKG@Error?3?5memory?5allocation?3?5bad?5me@ 00000001800341b0     LIBCMTD:dbgheap.obj
 0002:00001200       ??_C@_0EM@LGFLMAGJ@The?5Block?5at?50x?$CFp?5was?5allocated?5@ 0000000180034200     LIBCMTD:dbgheap.obj
 0002:00001250       ??_C@_1EE@GFOPCECE@?$AA_?$AAC?$AAr?$AAt?$AAI?$AAs?$AAV?$AAa?$AAl?$AAi?$AAd?$AAH?$AAe?$AAa?$AAp?$AAP?$AAo?$AAi?$AAn?$AAt?$AAe?$AAr?$AA?$CI?$AAp?$AAU?$AAs?$AAe?$AAr?$AAD?$AAa?$AAt?$AAa@ 0000000180034250     LIBCMTD:dbgheap.obj
 0002:000012a0       ??_C@_1IK@DCPKDGNH@?$AAp?$AAO?$AAl?$AAd?$AAB?$AAl?$AAo?$AAc?$AAk?$AA?9?$AA?$DO?$AAn?$AAL?$AAi?$AAn?$AAe?$AA?5?$AA?$DN?$AA?$DN?$AA?5?$AAI?$AAG?$AAN?$AAO?$AAR?$AAE?$AA_?$AAL?$AAI?$AAN?$AAE?$AA?5@ 00000001800342a0     LIBCMTD:dbgheap.obj
 0002:00001330       ??_C@_0DA@HFBKENN@Error?3?5possible?5heap?5corruption?5@ 0000000180034330     LIBCMTD:dbgheap.obj
 0002:00001360       ??_C@_1GE@PCKLOLAO@?$AAf?$AAR?$AAe?$AAa?$AAl?$AAl?$AAo?$AAc?$AA?5?$AA?$HM?$AA?$HM?$AA?5?$AA?$CI?$AA?$CB?$AAf?$AAR?$AAe?$AAa?$AAl?$AAl?$AAo?$AAc?$AA?5?$AA?$CG?$AA?$CG?$AA?5?$AAp?$AAN?$AAe?$AAw?$AAB?$AAl@ 0000000180034360     LIBCMTD:dbgheap.obj
 0002:000013c8       ??_C@_1DC@GEFKNOOL@?$AA_?$AAp?$AAL?$AAa?$AAs?$AAt?$AAB?$AAl?$AAo?$AAc?$AAk?$AA?5?$AA?$DN?$AA?$DN?$AA?5?$AAp?$AAO?$AAl?$AAd?$AAB?$AAl?$AAo?$AAc?$AAk?$AA?$AA@ 00000001800343c8     LIBCMTD:dbgheap.obj
 0002:00001400       ??_C@_1DE@KOOKLFBB@?$AA_?$AAp?$AAF?$AAi?$AAr?$AAs?$AAt?$AAB?$AAl?$AAo?$AAc?$AAk?$AA?5?$AA?$DN?$AA?$DN?$AA?5?$AAp?$AAO?$AAl?$AAd?$AAB?$AAl?$AAo?$AAc?$AAk?$AA?$AA@ 0000000180034400     LIBCMTD:dbgheap.obj
 0002:00001438       ??_C@_1CE@CJACEFBA@?$AAp?$AAU?$AAs?$AAe?$AAr?$AAD?$AAa?$AAt?$AAa?$AA?5?$AA?$CB?$AA?$DN?$AA?5?$AAN?$AAU?$AAL?$AAL?$AA?$AA@ 0000000180034438     LIBCMTD:dbgheap.obj
 0002:00001460       ??_C@_0EJ@HEIBCIMJ@The?5Block?5at?50x?$CFp?5was?5allocated?5@ 0000000180034460     LIBCMTD:dbgheap.obj
 0002:000014b0       ??_C@_0BL@KEIPLFAC@Client?5hook?5free?5failure?4?6?$AA@ 00000001800344b0     LIBCMTD:dbgheap.obj
 0002:000014d0       ??_C@_1EO@LHDAJOCM@?$AA_?$AAB?$AAL?$AAO?$AAC?$AAK?$AA_?$AAT?$AAY?$AAP?$AAE?$AA_?$AAI?$AAS?$AA_?$AAV?$AAA?$AAL?$AAI?$AAD?$AA?$CI?$AAp?$AAH?$AAe?$AAa?$AAd?$AA?9?$AA?$DO?$AAn?$AAB?$AAl?$AAo@ 00000001800344d0     LIBCMTD:dbgheap.obj
 0002:00001520       ??_C@_0KI@JGFOHMEB@HEAP?5CORRUPTION?5DETECTED?3?5before@ 0000000180034520     LIBCMTD:dbgheap.obj
 0002:000015d0       ??_C@_0IK@PJCGLBOB@HEAP?5CORRUPTION?5DETECTED?3?5before@ 00000001800345d0     LIBCMTD:dbgheap.obj
 0002:00001660       ??_C@_0KE@MBMNHHHN@HEAP?5CORRUPTION?5DETECTED?3?5after?5@ 0000000180034660     LIBCMTD:dbgheap.obj
 0002:00001710       ??_C@_0IG@LEMBDCJK@HEAP?5CORRUPTION?5DETECTED?3?5after?5@ 0000000180034710     LIBCMTD:dbgheap.obj
 0002:000017a0       ??_C@_1HK@HPCBMDFG@?$AAp?$AAH?$AAe?$AAa?$AAd?$AA?9?$AA?$DO?$AAn?$AAL?$AAi?$AAn?$AAe?$AA?5?$AA?$DN?$AA?$DN?$AA?5?$AAI?$AAG?$AAN?$AAO?$AAR?$AAE?$AA_?$AAL?$AAI?$AAN?$AAE?$AA?5?$AA?$CG?$AA?$CG?$AA?5?$AAp@ 00000001800347a0     LIBCMTD:dbgheap.obj
 0002:00001820       ??_C@_1DM@ODCJIDCP@?$AAp?$AAH?$AAe?$AAa?$AAd?$AA?9?$AA?$DO?$AAn?$AAB?$AAl?$AAo?$AAc?$AAk?$AAU?$AAs?$AAe?$AA?5?$AA?$DN?$AA?$DN?$AA?5?$AAn?$AAB?$AAl?$AAo?$AAc?$AAk?$AAU?$AAs?$AAe?$AA?$AA@ 0000000180034820     LIBCMTD:dbgheap.obj
 0002:00001860       ??_C@_1CK@DMAGEMBG@?$AA_?$AAp?$AAL?$AAa?$AAs?$AAt?$AAB?$AAl?$AAo?$AAc?$AAk?$AA?5?$AA?$DN?$AA?$DN?$AA?5?$AAp?$AAH?$AAe?$AAa?$AAd?$AA?$AA@ 0000000180034860     LIBCMTD:dbgheap.obj
 0002:00001890       ??_C@_1CM@MMAADDMD@?$AA_?$AAp?$AAF?$AAi?$AAr?$AAs?$AAt?$AAB?$AAl?$AAo?$AAc?$AAk?$AA?5?$AA?$DN?$AA?$DN?$AA?5?$AAp?$AAH?$AAe?$AAa?$AAd?$AA?$AA@ 0000000180034890     LIBCMTD:dbgheap.obj
 0002:000018c0       ??_C@_1BG@MBKOGDLD@?$AA_?$AAm?$AAs?$AAi?$AAz?$AAe?$AA_?$AAd?$AAb?$AAg?$AA?$AA@ 00000001800348c0     LIBCMTD:dbgheap.obj
 0002:000018d8       ??_C@_0CE@MKKHMBMK@_heapchk?5fails?5with?5_HEAPBADBEGI@ 00000001800348d8     LIBCMTD:dbgheap.obj
 0002:00001900       ??_C@_0CD@CPKEAPBD@_heapchk?5fails?5with?5_HEAPBADNODE@ 0000000180034900     LIBCMTD:dbgheap.obj
 0002:00001928       ??_C@_0CC@MJGLGBDG@_heapchk?5fails?5with?5_HEAPBADEND?4@ 0000000180034928     LIBCMTD:dbgheap.obj
 0002:00001950       ??_C@_0CC@MFFCHFHO@_heapchk?5fails?5with?5_HEAPBADPTR?4@ 0000000180034950     LIBCMTD:dbgheap.obj
 0002:00001978       ??_C@_0CL@HNNNMKMJ@_heapchk?5fails?5with?5unknown?5retu@ 0000000180034978     LIBCMTD:dbgheap.obj
 0002:000019a8       ??_C@_07OHKEFPKJ@DAMAGED?$AA@ 00000001800349a8     LIBCMTD:dbgheap.obj
 0002:000019b0       ??_C@_0KA@IHNJJKPL@HEAP?5CORRUPTION?5DETECTED?3?5on?5top@ 00000001800349b0     LIBCMTD:dbgheap.obj
 0002:00001a50       ??_C@_0IC@BBJIOOJH@HEAP?5CORRUPTION?5DETECTED?3?5on?5top@ 0000000180034a50     LIBCMTD:dbgheap.obj
 0002:00001ae0       ??_C@_0EG@DGJMPDBH@?$CFhs?5located?5at?50x?$CFp?5is?5?$CFIu?5bytes@ 0000000180034ae0     LIBCMTD:dbgheap.obj
 0002:00001b28       ??_C@_0CI@JMLBEDHJ@?$CFhs?5located?5at?50x?$CFp?5is?5?$CFIu?5bytes@ 0000000180034b28     LIBCMTD:dbgheap.obj
 0002:00001b50       ??_C@_1BHO@NNANJNF@?$AA?$CI?$AAf?$AAN?$AAe?$AAw?$AAB?$AAi?$AAt?$AAs?$AA?$DN?$AA?$DN?$AA_?$AAC?$AAR?$AAT?$AAD?$AAB?$AAG?$AA_?$AAR?$AAE?$AAP?$AAO?$AAR?$AAT?$AA_?$AAF?$AAL?$AAA?$AAG?$AA?$CJ?$AA?5@ 0000000180034b50     LIBCMTD:dbgheap.obj
 0002:00001cd0       ??_C@_1BO@GJFDNMNF@?$AA_?$AAC?$AAr?$AAt?$AAS?$AAe?$AAt?$AAD?$AAb?$AAg?$AAF?$AAl?$AAa?$AAg?$AA?$AA@ 0000000180034cd0     LIBCMTD:dbgheap.obj
 0002:00001cf0       ??_C@_1BM@MIMANDHC@?$AAs?$AAt?$AAa?$AAt?$AAe?$AA?5?$AA?$CB?$AA?$DN?$AA?5?$AAN?$AAU?$AAL?$AAL?$AA?$AA@ 0000000180034cf0     LIBCMTD:dbgheap.obj
 0002:00001d10       ??_C@_1CE@NJJKELF@?$AA_?$AAC?$AAr?$AAt?$AAM?$AAe?$AAm?$AAC?$AAh?$AAe?$AAc?$AAk?$AAp?$AAo?$AAi?$AAn?$AAt?$AA?$AA@ 0000000180034d10     LIBCMTD:dbgheap.obj
 0002:00001d38       ??_C@_0DP@LEFMFBOD@Bad?5memory?5block?5found?5at?50x?$CFp?4?6@ 0000000180034d38     LIBCMTD:dbgheap.obj
 0002:00001d78       ??_C@_0CB@EAAIGELO@Bad?5memory?5block?5found?5at?50x?$CFp?4?6@ 0000000180034d78     LIBCMTD:dbgheap.obj
 0002:00001d9c       ??_C@_05MKKEDADM@?$CF?42X?5?$AA@ 0000000180034d9c     LIBCMTD:dbgheap.obj
 0002:00001da8       ??_C@_1CG@LPFIACGM@?$AA_?$AAp?$AAr?$AAi?$AAn?$AAt?$AAM?$AAe?$AAm?$AAB?$AAl?$AAo?$AAc?$AAk?$AAD?$AAa?$AAt?$AAa?$AA?$AA@ 0000000180034da8     LIBCMTD:dbgheap.obj
 0002:00001dd0       ??_C@_1BI@KALLJECN@?$AA?$CI?$AA?$CK?$AA_?$AAe?$AAr?$AAr?$AAn?$AAo?$AA?$CI?$AA?$CJ?$AA?$CJ?$AA?$AA@ 0000000180034dd0     LIBCMTD:dbgheap.obj
 0002:00001de8       ??_C@_0BA@HJBKCELP@?5Data?3?5?$DM?$CFs?$DO?5?$CFs?6?$AA@ 0000000180034de8     LIBCMTD:dbgheap.obj
 0002:00001df8       ??_C@_0BE@KCIPKCIA@Dumping?5objects?5?9?$DO?6?$AA@ 0000000180034df8     LIBCMTD:dbgheap.obj
 0002:00001e10       ??_C@_0BE@OIEFNFL@?$CDFile?5Error?$CD?$CI?$CFd?$CJ?5?3?5?$AA@ 0000000180034e10     LIBCMTD:dbgheap.obj
 0002:00001e28       ??_C@_0L@JMEFFCCJ@?$CFhs?$CI?$CFd?$CJ?5?3?5?$AA@ 0000000180034e28     LIBCMTD:dbgheap.obj
 0002:00001e34       ??_C@_06PKLGBFGM@?$HL?$CFld?$HN?5?$AA@ 0000000180034e34     LIBCMTD:dbgheap.obj
 0002:00001e40       ??_C@_0DD@GHNAAKBB@client?5block?5at?50x?$CFp?0?5subtype?5?$CFx@ 0000000180034e40     LIBCMTD:dbgheap.obj
 0002:00001e78       ??_C@_0CH@FAGDDGPN@normal?5block?5at?50x?$CFp?0?5?$CFIu?5bytes?5@ 0000000180034e78     LIBCMTD:dbgheap.obj
 0002:00001ea0       ??_C@_0DA@MDLBNIBM@crt?5block?5at?50x?$CFp?0?5subtype?5?$CFx?0?5?$CF@ 0000000180034ea0     LIBCMTD:dbgheap.obj
 0002:00001ed0       ??_C@_0BH@GFGKJDCO@Object?5dump?5complete?4?6?$AA@ 0000000180034ed0     LIBCMTD:dbgheap.obj
 0002:00001ee8       ??_C@_0BI@JBFPOEJA@Detected?5memory?5leaks?$CB?6?$AA@ 0000000180034ee8     LIBCMTD:dbgheap.obj
 0002:00001f00       ??_C@_0CG@NNNNMKLF@f?3?2dd?2vctools?2crt?2crtw32?2misc?2a_@ 0000000180034f00     LIBCMTD:a_env.obj
 0002:00001f28       ??_C@_1BK@MGMFAEKH@?$AAk?$AAe?$AAr?$AAn?$AAe?$AAl?$AA3?$AA2?$AA?4?$AAd?$AAl?$AAl?$AA?$AA@ 0000000180034f28     LIBCMTD:winapisupp.obj
 0002:00001f48       ??_C@_08KNHFBNJ@FlsAlloc?$AA@ 0000000180034f48     LIBCMTD:winapisupp.obj
 0002:00001f58       ??_C@_07PEJMOBNF@FlsFree?$AA@ 0000000180034f58     LIBCMTD:winapisupp.obj
 0002:00001f60       ??_C@_0M@GDNOONDI@FlsGetValue?$AA@ 0000000180034f60     LIBCMTD:winapisupp.obj
 0002:00001f70       ??_C@_0M@JCPCPOEF@FlsSetValue?$AA@ 0000000180034f70     LIBCMTD:winapisupp.obj
 0002:00001f80       ??_C@_0BM@HCFOFFN@InitializeCriticalSectionEx?$AA@ 0000000180034f80     LIBCMTD:winapisupp.obj
 0002:00001fa0       ??_C@_0P@DLHPPCNH@CreateEventExW?$AA@ 0000000180034fa0     LIBCMTD:winapisupp.obj
 0002:00001fb0       ??_C@_0BD@KIEEOEEH@CreateSemaphoreExW?$AA@ 0000000180034fb0     LIBCMTD:winapisupp.obj
 0002:00001fc8       ??_C@_0BI@BKLFFAPO@SetThreadStackGuarantee?$AA@ 0000000180034fc8     LIBCMTD:winapisupp.obj
 0002:00001fe0       ??_C@_0BG@OGFAJCKC@CreateThreadpoolTimer?$AA@ 0000000180034fe0     LIBCMTD:winapisupp.obj
 0002:00001ff8       ??_C@_0BD@LPLEMMDI@SetThreadpoolTimer?$AA@ 0000000180034ff8     LIBCMTD:winapisupp.obj
 0002:00002010       ??_C@_0CA@FMNJENH@WaitForThreadpoolTimerCallbacks?$AA@ 0000000180035010     LIBCMTD:winapisupp.obj
 0002:00002030       ??_C@_0BF@DCFCCNOC@CloseThreadpoolTimer?$AA@ 0000000180035030     LIBCMTD:winapisupp.obj
 0002:00002048       ??_C@_0BF@FLABGKKM@CreateThreadpoolWait?$AA@ 0000000180035048     LIBCMTD:winapisupp.obj
 0002:00002060       ??_C@_0BC@MGCOHNA@SetThreadpoolWait?$AA@ 0000000180035060     LIBCMTD:winapisupp.obj
 0002:00002078       ??_C@_0BE@OCIOMIMP@CloseThreadpoolWait?$AA@ 0000000180035078     LIBCMTD:winapisupp.obj
 0002:00002090       ??_C@_0BJ@LKGHFHBO@FlushProcessWriteBuffers?$AA@ 0000000180035090     LIBCMTD:winapisupp.obj
 0002:000020b0       ??_C@_0BP@KALKKPMO@FreeLibraryWhenCallbackReturns?$AA@ 00000001800350b0     LIBCMTD:winapisupp.obj
 0002:000020d0       ??_C@_0BK@DFNBACLA@GetCurrentProcessorNumber?$AA@ 00000001800350d0     LIBCMTD:winapisupp.obj
 0002:000020f0       ??_C@_0BP@KHGALBC@GetLogicalProcessorInformation?$AA@ 00000001800350f0     LIBCMTD:winapisupp.obj
 0002:00002110       ??_C@_0BE@FKKLLFLM@CreateSymbolicLinkW?$AA@ 0000000180035110     LIBCMTD:winapisupp.obj
 0002:00002128       ??_C@_0BJ@OHNKDLIJ@SetDefaultDllDirectories?$AA@ 0000000180035128     LIBCMTD:winapisupp.obj
 0002:00002148       ??_C@_0BE@LJANKFHF@EnumSystemLocalesEx?$AA@ 0000000180035148     LIBCMTD:winapisupp.obj
 0002:00002160       ??_C@_0BA@IHGNDAEB@CompareStringEx?$AA@ 0000000180035160     LIBCMTD:winapisupp.obj
 0002:00002170       ??_C@_0BA@EPCJIIPD@GetDateFormatEx?$AA@ 0000000180035170     LIBCMTD:winapisupp.obj
 0002:00002180       ??_C@_0BA@ONOKGCMP@GetLocaleInfoEx?$AA@ 0000000180035180     LIBCMTD:winapisupp.obj
 0002:00002190       ??_C@_0BA@CIJJKCJJ@GetTimeFormatEx?$AA@ 0000000180035190     LIBCMTD:winapisupp.obj
 0002:000021a0       ??_C@_0BJ@PBCCBIPI@GetUserDefaultLocaleName?$AA@ 00000001800351a0     LIBCMTD:winapisupp.obj
 0002:000021c0       ??_C@_0BC@CELBKLLA@IsValidLocaleName?$AA@ 00000001800351c0     LIBCMTD:winapisupp.obj
 0002:000021d8       ??_C@_0O@KKBNKAPF@LCMapStringEx?$AA@ 00000001800351d8     LIBCMTD:winapisupp.obj
 0002:000021e8       ??_C@_0BE@JOGNEJCI@GetCurrentPackageId?$AA@ 00000001800351e8     LIBCMTD:winapisupp.obj
 0002:00002200       ??_C@_0P@CDHHOHKP@GetTickCount64?$AA@ 0000000180035200     LIBCMTD:winapisupp.obj
 0002:00002210       ??_C@_0BO@KPCLFDJJ@GetFileInformationByHandleExW?$AA@ 0000000180035210     LIBCMTD:winapisupp.obj
 0002:00002230       ??_C@_0BM@MHIDLABK@SetFileInformationByHandleW?$AA@ 0000000180035230     LIBCMTD:winapisupp.obj
 0002:00002260       ??_C@_03KHJOGHMM@exp?$AA@  0000000180035260     LIBCMTD:fpexcept.obj
 0002:00002264       ??_C@_03JGHBODFD@pow?$AA@  0000000180035264     LIBCMTD:fpexcept.obj
 0002:00002268       ??_C@_03MGHMBJCF@log?$AA@  0000000180035268     LIBCMTD:fpexcept.obj
 0002:0000226c       ??_C@_05HGHHAHAP@log10?$AA@ 000000018003526c     LIBCMTD:fpexcept.obj
 0002:00002274       ??_C@_04COOMCNPB@sinh?$AA@ 0000000180035274     LIBCMTD:fpexcept.obj
 0002:0000227c       ??_C@_04HPJJNFIM@cosh?$AA@ 000000018003527c     LIBCMTD:fpexcept.obj
 0002:00002284       ??_C@_04FJHINJAO@tanh?$AA@ 0000000180035284     LIBCMTD:fpexcept.obj
 0002:0000228c       ??_C@_04FIHNOPOL@asin?$AA@ 000000018003528c     LIBCMTD:fpexcept.obj
 0002:00002294       ??_C@_04PDIFKINK@acos?$AA@ 0000000180035294     LIBCMTD:fpexcept.obj
 0002:0000229c       ??_C@_04MLLJIGOK@atan?$AA@ 000000018003529c     LIBCMTD:fpexcept.obj
 0002:000022a4       ??_C@_05KNGEOGJB@atan2?$AA@ 00000001800352a4     LIBCMTD:fpexcept.obj
 0002:000022ac       ??_C@_04EIAKFFMI@sqrt?$AA@ 00000001800352ac     LIBCMTD:fpexcept.obj
 0002:000022b4       ??_C@_04GFPJNGEK@ceil?$AA@ 00000001800352b4     LIBCMTD:fpexcept.obj
 0002:000022bc       ??_C@_05PBJFFIGL@floor?$AA@ 00000001800352bc     LIBCMTD:fpexcept.obj
 0002:000022c4       ??_C@_04ODHECPBC@fabs?$AA@ 00000001800352c4     LIBCMTD:fpexcept.obj
 0002:000022cc       ??_C@_04EHEDPDJG@modf?$AA@ 00000001800352cc     LIBCMTD:fpexcept.obj
 0002:000022d4       ??_C@_05CEJMAHNP@ldexp?$AA@ 00000001800352d4     LIBCMTD:fpexcept.obj
 0002:000022dc       ??_C@_05KBKMEMPO@_cabs?$AA@ 00000001800352dc     LIBCMTD:fpexcept.obj
 0002:000022e4       ??_C@_06MEIMCGCF@_hypot?$AA@ 00000001800352e4     LIBCMTD:fpexcept.obj
 0002:000022ec       ??_C@_04KEPJIHGP@fmod?$AA@ 00000001800352ec     LIBCMTD:fpexcept.obj
 0002:000022f4       ??_C@_05GKKHEGJL@frexp?$AA@ 00000001800352f4     LIBCMTD:fpexcept.obj
 0002:000022fc       ??_C@_03MJLDFKDL@_y0?$AA@  00000001800352fc     LIBCMTD:fpexcept.obj
 0002:00002300       ??_C@_03NAKIGLHK@_y1?$AA@  0000000180035300     LIBCMTD:fpexcept.obj
 0002:00002304       ??_C@_03ONILCKOB@_yn?$AA@  0000000180035304     LIBCMTD:fpexcept.obj
 0002:00002308       ??_C@_05JGDBENOH@_logb?$AA@ 0000000180035308     LIBCMTD:fpexcept.obj
 0002:00002310       ??_C@_0L@KDOEJCKC@_nextafter?$AA@ 0000000180035310     LIBCMTD:fpexcept.obj
 0002:00002320       ??_C@_1BJK@FEBNHLFF@?$AA?$CI?$AA?$CI?$AAp?$AAt?$AAl?$AAo?$AAc?$AAi?$AA?9?$AA?$DO?$AAl?$AAc?$AA_?$AAc?$AAa?$AAt?$AAe?$AAg?$AAo?$AAr?$AAy?$AA?$FL?$AAc?$AAa?$AAt?$AAe?$AAg?$AAo?$AAr?$AAy?$AA?$FN?$AA?4@ 0000000180035320     LIBCMTD:localref.obj
 0002:000024c0       ??_C@_1FC@HINIIGNO@?$AAf?$AA?3?$AA?2?$AAd?$AAd?$AA?2?$AAv?$AAc?$AAt?$AAo?$AAo?$AAl?$AAs?$AA?2?$AAc?$AAr?$AAt?$AA?2?$AAc?$AAr?$AAt?$AAw?$AA3?$AA2?$AA?2?$AAm?$AAi?$AAs?$AAc?$AA?2?$AAl?$AAo@ 00000001800354c0     LIBCMTD:localref.obj
 0002:00002538       ??_C@_1M@HPNHIDJI@?$AAj?$AAa?$AA?9?$AAJ?$AAP?$AA?$AA@ 0000000180035538     LIBCMTD:mbctype.obj
 0002:00002548       ??_C@_1M@BIBDDEMK@?$AAz?$AAh?$AA?9?$AAC?$AAN?$AA?$AA@ 0000000180035548     LIBCMTD:mbctype.obj
 0002:00002558       ??_C@_1M@JLOOOEGK@?$AAk?$AAo?$AA?9?$AAK?$AAR?$AA?$AA@ 0000000180035558     LIBCMTD:mbctype.obj
 0002:00002568       ??_C@_1M@CLNBBOPM@?$AAz?$AAh?$AA?9?$AAT?$AAW?$AA?$AA@ 0000000180035568     LIBCMTD:mbctype.obj
 0002:000025a0       ??_C@_0CM@BEDCPGGG@f?3?2dd?2vctools?2crt?2crtw32?2mbstrin@ 00000001800355a0     LIBCMTD:mbctype.obj
 0002:000025d0       ??_C@_1FC@NCPEPIBI@?$AA?$CI?$AA?$CI?$AA_?$AAD?$AAs?$AAt?$AA?$CJ?$AA?$CJ?$AA?5?$AA?$CB?$AA?$DN?$AA?5?$AAN?$AAU?$AAL?$AAL?$AA?5?$AA?$CG?$AA?$CG?$AA?5?$AA?$CI?$AA?$CI?$AA_?$AAS?$AAi?$AAz?$AAe?$AAI?$AAn?$AAB?$AAy?$AAt@ 00000001800355d0     LIBCMTD:strcpy_s.obj
 0002:00002630       ??_C@_1FA@ILDLFIFE@?$AAf?$AA?3?$AA?2?$AAd?$AAd?$AA?2?$AAv?$AAc?$AAt?$AAo?$AAo?$AAl?$AAs?$AA?2?$AAc?$AAr?$AAt?$AA?2?$AAc?$AAr?$AAt?$AAw?$AA3?$AA2?$AA?2?$AAh?$AA?2?$AAt?$AAc?$AAs?$AAc?$AAp@ 0000000180035630     LIBCMTD:strcpy_s.obj
 0002:00002680       ??_C@_1BC@CFJEPFGF@?$AAs?$AAt?$AAr?$AAc?$AAp?$AAy?$AA_?$AAs?$AA?$AA@ 0000000180035680     LIBCMTD:strcpy_s.obj
 0002:00002698       ??_C@_1CG@OFBJMIGJ@?$AA?$CI?$AA?$CI?$AA?$CI?$AA_?$AAS?$AAr?$AAc?$AA?$CJ?$AA?$CJ?$AA?$CJ?$AA?5?$AA?$CB?$AA?$DN?$AA?5?$AAN?$AAU?$AAL?$AAL?$AA?$AA@ 0000000180035698     LIBCMTD:strcpy_s.obj
 0002:000026c0       ??_C@_1CI@HCPHDDLE@?$AAB?$AAu?$AAf?$AAf?$AAe?$AAr?$AA?5?$AAi?$AAs?$AA?5?$AAt?$AAo?$AAo?$AA?5?$AAs?$AAm?$AAa?$AAl?$AAl?$AA?$AA@ 00000001800356c0     LIBCMTD:strcpy_s.obj
 0002:000026e8       ??_C@_1DM@MADKGDLO@?$AA?$CI?$AAL?$AA?$CC?$AAB?$AAu?$AAf?$AAf?$AAe?$AAr?$AA?5?$AAi?$AAs?$AA?5?$AAt?$AAo?$AAo?$AA?5?$AAs?$AAm?$AAa?$AAl?$AAl?$AA?$CC?$AA?5?$AA?$CG?$AA?$CG?$AA?5?$AA0?$AA?$CJ?$AA?$AA@ 00000001800356e8     LIBCMTD:strcpy_s.obj
 0002:00002730       ??_C@_1FI@JBLIKEIM@?$AAf?$AA?3?$AA?2?$AAd?$AAd?$AA?2?$AAv?$AAc?$AAt?$AAo?$AAo?$AAl?$AAs?$AA?2?$AAc?$AAr?$AAt?$AA?2?$AAc?$AAr?$AAt?$AAw?$AA3?$AA2?$AA?2?$AAc?$AAo?$AAn?$AAv?$AAe?$AAr?$AAt@ 0000000180035730     LIBCMTD:_fptostr.obj
 0002:00002788       ??_C@_1BC@OPALLEB@?$AA_?$AAf?$AAp?$AAt?$AAo?$AAs?$AAt?$AAr?$AA?$AA@ 0000000180035788     LIBCMTD:_fptostr.obj
 0002:000027a0       ??_C@_1GM@CEDLGDDI@?$AAs?$AAi?$AAz?$AAe?$AAI?$AAn?$AAB?$AAy?$AAt?$AAe?$AAs?$AA?5?$AA?$DO?$AA?5?$AA?$CI?$AAs?$AAi?$AAz?$AAe?$AA_?$AAt?$AA?$CJ?$AA?$CI?$AA?$CI?$AAd?$AAi?$AAg?$AAi?$AAt?$AAs?$AA?5?$AA?$DO@ 00000001800357a0     LIBCMTD:_fptostr.obj
 0002:00002810       ??_C@_1BK@CLIEHFDF@?$AAp?$AAf?$AAl?$AAt?$AA?5?$AA?$CB?$AA?$DN?$AA?5?$AAN?$AAU?$AAL?$AAL?$AA?$AA@ 0000000180035810     LIBCMTD:_fptostr.obj
 0002:00002830       ??_C@_1EK@LJBJCHGA@?$AAf?$AA?3?$AA?2?$AAd?$AAd?$AA?2?$AAv?$AAc?$AAt?$AAo?$AAo?$AAl?$AAs?$AA?2?$AAc?$AAr?$AAt?$AA?2?$AAf?$AAp?$AAw?$AA3?$AA2?$AA?2?$AAc?$AAo?$AAn?$AAv?$AA?2?$AAc?$AAf?$AAo@ 0000000180035830     LIBCMTD:cfout.obj
 0002:00002880       ??_C@_1BC@BPMMEHLK@?$AA_?$AAf?$AAl?$AAt?$AAo?$AAu?$AAt?$AA2?$AA?$AA@ 0000000180035880     LIBCMTD:cfout.obj
 0002:000028a0       ??_C@_1FK@KODCOBKF@?$AAs?$AAt?$AAr?$AAc?$AAp?$AAy?$AA_?$AAs?$AA?$CI?$AAr?$AAe?$AAs?$AAu?$AAl?$AAt?$AAs?$AAt?$AAr?$AA?0?$AA?5?$AAr?$AAe?$AAs?$AAu?$AAl?$AAt?$AAs?$AAi?$AAz?$AAe?$AA?0?$AA?5@ 00000001800358a0     LIBCMTD:cfout.obj
 0002:00002918       ??_C@_1BA@GLMCNLEM@?$AAW?$AAa?$AAr?$AAn?$AAi?$AAn?$AAg?$AA?$AA@ 0000000180035918     LIBCMTD:dbgrptw.obj
 0002:00002928       ??_C@_1M@ILHOPKA@?$AAE?$AAr?$AAr?$AAo?$AAr?$AA?$AA@ 0000000180035928     LIBCMTD:dbgrptw.obj
 0002:00002938       ??_C@_1CC@CGHMNGDG@?$AAA?$AAs?$AAs?$AAe?$AAr?$AAt?$AAi?$AAo?$AAn?$AA?5?$AAF?$AAa?$AAi?$AAl?$AAe?$AAd?$AA?$AA@ 0000000180035938     LIBCMTD:dbgrptw.obj
 0002:00002960       ??_C@_17LGKOMLJ@?$AA?4?$AA?4?$AA?4?$AA?$AA@ 0000000180035960     LIBCMTD:dbgrptw.obj
 0002:00002970       ??_C@_1EO@JACJHHCK@?$AAf?$AA?3?$AA?2?$AAd?$AAd?$AA?2?$AAv?$AAc?$AAt?$AAo?$AAo?$AAl?$AAs?$AA?2?$AAc?$AAr?$AAt?$AA?2?$AAc?$AAr?$AAt?$AAw?$AA3?$AA2?$AA?2?$AAm?$AAi?$AAs?$AAc?$AA?2?$AAd?$AAb@ 0000000180035970     LIBCMTD:dbgrptw.obj
 0002:000029c0       ??_C@_1CI@PGJIFDEK@?$AA_?$AA_?$AAc?$AAr?$AAt?$AAM?$AAe?$AAs?$AAs?$AAa?$AAg?$AAe?$AAW?$AAi?$AAn?$AAd?$AAo?$AAw?$AAW?$AA?$AA@ 00000001800359c0     LIBCMTD:dbgrptw.obj
 0002:000029f0       ??_C@_1GI@DEDNNLCI@?$AAw?$AAc?$AAs?$AAc?$AAp?$AAy?$AA_?$AAs?$AA?$CI?$AAs?$AAz?$AAE?$AAx?$AAe?$AAN?$AAa?$AAm?$AAe?$AA?0?$AA?5?$AA2?$AA6?$AA0?$AA?0?$AA?5?$AAL?$AA?$CC?$AA?$DM?$AAp?$AAr?$AAo?$AAg@ 00000001800359f0     LIBCMTD:dbgrptw.obj
 0002:00002a58       ??_C@_1CO@EAEJAADC@?$AA?$DM?$AAp?$AAr?$AAo?$AAg?$AAr?$AAa?$AAm?$AA?5?$AAn?$AAa?$AAm?$AAe?$AA?5?$AAu?$AAn?$AAk?$AAn?$AAo?$AAw?$AAn?$AA?$DO?$AA?$AA@ 0000000180035a58     LIBCMTD:dbgrptw.obj
 0002:00002a90       ??_C@_1NO@LECLLHOL@?$AAm?$AAe?$AAm?$AAc?$AAp?$AAy?$AA_?$AAs?$AA?$CI?$AAs?$AAz?$AAS?$AAh?$AAo?$AAr?$AAt?$AAP?$AAr?$AAo?$AAg?$AAN?$AAa?$AAm?$AAe?$AA?0?$AA?5?$AAs?$AAi?$AAz?$AAe?$AAo?$AAf@ 0000000180035a90     LIBCMTD:dbgrptw.obj
[...]
 0004:00000e70       $pdata$_CreateFrameInfo    0000000180048e70     LIBCMTD:trnsctrl.obj
 0004:00000e7c       $pdata$_FindAndUnlinkFrame 0000000180048e7c     LIBCMTD:trnsctrl.obj
 0004:00000e88       $pdata$_GetImageBase       0000000180048e88     LIBCMTD:trnsctrl.obj
 0004:00000e94       $pdata$_GetThrowImageBase  0000000180048e94     LIBCMTD:trnsctrl.obj
 0004:00000ea0       $pdata$_IsExceptionObjectToBeDestroyed 0000000180048ea0     LIBCMTD:trnsctrl.obj
 0004:00000eac       $pdata$_SetImageBase       0000000180048eac     LIBCMTD:trnsctrl.obj
 0004:00000eb8       $pdata$_SetThrowImageBase  0000000180048eb8     LIBCMTD:trnsctrl.obj
 0004:00000ec4       $pdata$_UnwindNestedFrames 0000000180048ec4     LIBCMTD:trnsctrl.obj
 0004:00000ed0       $pdata$__CxxFrameHandler3  0000000180048ed0     LIBCMTD:trnsctrl.obj
 0004:00000edc       $pdata$_locterm            0000000180048edc     LIBCMTD:wsetloca.obj
 0004:00000ee8       $pdata$_isleadbyte_l       0000000180048ee8     LIBCMTD:_wctype.obj
 0004:00000ef4       $pdata$isleadbyte          0000000180048ef4     LIBCMTD:_wctype.obj
 0004:00000f00       $pdata$__isa_available_init 0000000180048f00     LIBCMTD:cpu_disp.obj
 0004:00000f0c       $pdata$_CopyMan            0000000180048f0c     LIBCMTD:intrncvt.obj
 0004:00000f18       $pdata$_FillZeroMan        0000000180048f18     LIBCMTD:intrncvt.obj
 0004:00000f24       $pdata$_IncMan             0000000180048f24     LIBCMTD:intrncvt.obj
 0004:00000f30       $pdata$_IsZeroMan          0000000180048f30     LIBCMTD:intrncvt.obj
 0004:00000f3c       $pdata$_RoundMan           0000000180048f3c     LIBCMTD:intrncvt.obj
 0004:00000f48       $pdata$_ShrMan             0000000180048f48     LIBCMTD:intrncvt.obj
 0004:00000f54       $pdata$_ZeroTail           0000000180048f54     LIBCMTD:intrncvt.obj
 0004:00000f60       $pdata$__addl              0000000180048f60     LIBCMTD:intrncvt.obj
 0004:00000f6c       $pdata$_ld12cvt            0000000180048f6c     LIBCMTD:intrncvt.obj
 0004:00000f78       $pdata$_ld12tod            0000000180048f78     LIBCMTD:intrncvt.obj
 0004:00000f84       $pdata$_ld12tof            0000000180048f84     LIBCMTD:intrncvt.obj
 0004:00000f90       $pdata$__ld12mul           0000000180048f90     LIBCMTD:strgtold.obj
 0004:00000f9c       $pdata$__multtenpow12      0000000180048f9c     LIBCMTD:strgtold.obj
 0004:00000fa8       $pdata$__shl_12            0000000180048fa8     LIBCMTD:strgtold.obj
 0004:00000fb4       $pdata$__shr_12            0000000180048fb4     LIBCMTD:strgtold.obj
 0004:00000fc0       $pdata$__strgtold12_l      0000000180048fc0     LIBCMTD:strgtold.obj
 0004:00000fcc       $pdata$$I10_OUTPUT         0000000180048fcc     LIBCMTD:x10fout.obj
 0004:00000fd8       $pdata$__add_12            0000000180048fd8     LIBCMTD:x10fout.obj
 0004:00000fe4       $pdata$memcpy_s            0000000180048fe4     LIBCMTD:memcpy_s.obj
 0004:00000ff0       $pdata$wcscpy_s            0000000180048ff0     LIBCMTD:wcscpy_s.obj
 0004:00000ffc       $pdata$wcslen              0000000180048ffc     LIBCMTD:wcslen.obj
 0004:00001008       $pdata$_snwprintf_s        0000000180049008     LIBCMTD:swprintf.obj
 0004:00001014       $pdata$__crtMessageBoxW    0000000180049014     LIBCMTD:crtmboxw.obj
 0004:00001020       $pdata$__crtMessageBoxWaitThreadW 0000000180049020     LIBCMTD:crtmboxw.obj
 0004:0000102c       $pdata$_VCrtDbgReportA     000000018004902c     LIBCMTD:dbgrptt.obj
 0004:00001038       $pdata$_VCrtDbgReportW     0000000180049038     LIBCMTD:dbgrptt.obj
 0004:00001044       $pdata$wcscat_s            0000000180049044     LIBCMTD:wcscat_s.obj
 0004:00001050       $pdata$wcsncpy_s           0000000180049050     LIBCMTD:wcsncpy_s.obj
 0004:0000105c       $pdata$_set_error_mode     000000018004905c     LIBCMTD:errmode.obj
 0004:00001068       $pdata$abort               0000000180049068     LIBCMTD:abort.obj
 0004:00001074       $pdata$GetTableIndexFromLocaleName 0000000180049074     LIBCMTD:winapinls.obj
 0004:00001080       $pdata$__crtDownlevelLocaleNameToLCID 0000000180049080     LIBCMTD:winapinls.obj
 0004:0000108c       $pdata$__crtLCMapStringEx  000000018004908c     LIBCMTD:winapinls.obj
 0004:00001098       $pdata$__wcsnicmp_ascii    0000000180049098     LIBCMTD:winapinls.obj
 0004:000010a4       $pdata$_fileno             00000001800490a4     LIBCMTD:fileno.obj
 0004:000010b0       $pdata$_isatty             00000001800490b0     LIBCMTD:isatty.obj
 0004:000010bc       $pdata$_fflush_nolock      00000001800490bc     LIBCMTD:fflush.obj
 0004:000010c8       $pdata$_flush              00000001800490c8     LIBCMTD:fflush.obj
 0004:000010d4       $pdata$_flushall           00000001800490d4     LIBCMTD:fflush.obj
 0004:000010e0       $pdata$flsall              00000001800490e0     LIBCMTD:fflush.obj
 0004:000010ec       $pdata$_fcloseall          00000001800490ec     LIBCMTD:closeall.obj
 0004:000010f8       $pdata$_flsbuf             00000001800490f8     LIBCMTD:_flsbuf.obj
 0004:00001104       $pdata$_vsnprintf_helper   0000000180049104     LIBCMTD:vsnprnc.obj
 0004:00001110       $pdata$_vsnprintf_s        0000000180049110     LIBCMTD:vsnprnc.obj
 0004:0000111c       $pdata$_vsnprintf_s_l      000000018004911c     LIBCMTD:vsnprnc.obj
 0004:00001128       $pdata$_vsprintf_s_l       0000000180049128     LIBCMTD:vsnprnc.obj
 0004:00001134       $pdata$get_int64_arg       0000000180049134     LIBCMTD:output.obj
 0004:00001140       $pdata$get_int_arg         0000000180049140     LIBCMTD:output.obj
 0004:0000114c       $pdata$get_short_arg       000000018004914c     LIBCMTD:output.obj
 0004:00001158       $pdata$free                0000000180049158     LIBCMTD:dbgfree.obj
 0004:00001164       $pdata$malloc              0000000180049164     LIBCMTD:dbgmalloc.obj
 0004:00001170       $pdata$__DestructExceptionObject 0000000180049170     LIBCMTD:frame.obj
 0004:0000117c       $pdata$??0bad_exception@std@@QEAA@AEBV01@@Z 000000018004917c     LIBCMTD:frame.obj
 0004:00001188       $pdata$??0bad_exception@std@@QEAA@PEBD@Z 0000000180049188     LIBCMTD:frame.obj
 0004:00001194       $pdata$??1bad_exception@std@@UEAA@XZ 0000000180049194     LIBCMTD:frame.obj
 0004:000011a0       $pdata$??_Gbad_exception@std@@UEAAPEAXI@Z 00000001800491a0     LIBCMTD:frame.obj
 0004:000011ac       $pdata$?CatchIt@@YAXPEAUEHExceptionRecord@@PEA_KPEAU_CONTEXT@@PEAU_xDISPATCHER_CONTEXT@@PEBU_s_FuncInfo@@PEBU_s_HandlerType@@PEBU_s_CatchableType@@PEBU_s_TryBlockMapEntry@@H1EE@Z 00000001800491ac     LIBCMTD:frame.obj
 0004:000011b8       $pdata$?ExFilterRethrow@@YAHPEAU_EXCEPTION_POINTERS@@PEAUEHExceptionRecord@@PEAH@Z 00000001800491b8     LIBCMTD:frame.obj
 0004:000011c4       $pdata$?FindHandler@@YAXPEAUEHExceptionRecord@@PEA_KPEAU_CONTEXT@@PEAU_xDISPATCHER_CONTEXT@@PEBU_s_FuncInfo@@EH1@Z 00000001800491c4     LIBCMTD:frame.obj
 0004:000011d0       $pdata$?FindHandlerForForeignException@@YAXPEAUEHExceptionRecord@@PEA_KPEAU_CONTEXT@@PEAU_xDISPATCHER_CONTEXT@@PEBU_s_FuncInfo@@HH1@Z 00000001800491d0     LIBCMTD:frame.obj
 0004:000011dc       $pdata$?IsInExceptionSpec@@YAEPEAUEHExceptionRecord@@PEBU_s_ESTypeList@@@Z 00000001800491dc     LIBCMTD:frame.obj
 0004:000011e8       $pdata$?Is_bad_exception_allowed@@YAEPEBU_s_ESTypeList@@@Z 00000001800491e8     LIBCMTD:frame.obj
 0004:000011f4       $pdata$?__RethrowException@@YAXPEAUEHExceptionRecord@@@Z 00000001800491f4     LIBCMTD:frame.obj
 0004:00001200       $pdata$__AdjustPointer     0000000180049200     LIBCMTD:frame.obj
 0004:0000120c       $pdata$__BuildCatchObject  000000018004920c     LIBCMTD:frame.obj
 0004:00001218       $pdata$__BuildCatchObjectHelper 0000000180049218     LIBCMTD:frame.obj
 0004:00001224       $pdata$__CxxCallCatchBlock 0000000180049224     LIBCMTD:frame.obj
 0004:00001230       $pdata$__FrameUnwindFilter 0000000180049230     LIBCMTD:frame.obj
 0004:0000123c       $pdata$__FrameUnwindToState 000000018004923c     LIBCMTD:frame.obj
 0004:00001248       $pdata$__InternalCxxFrameHandler 0000000180049248     LIBCMTD:frame.obj
 0004:00001254       $pdata$__TypeMatch         0000000180049254     LIBCMTD:frame.obj
 0004:00001260       $pdata$?__GetCurrentState@@YAHPEA_KPEAU_xDISPATCHER_CONTEXT@@PEBU_s_FuncInfo@@@Z 0000000180049260     LIBCMTD:ehstate.obj
 0004:0000126c       $pdata$?__GetUnwindTryBlock@@YAHPEA_KPEAU_xDISPATCHER_CONTEXT@@PEBU_s_FuncInfo@@@Z 000000018004926c     LIBCMTD:ehstate.obj
 0004:00001278       $pdata$?__SetUnwindTryBlock@@YAXPEA_KPEAU_xDISPATCHER_CONTEXT@@PEBU_s_FuncInfo@@H@Z 0000000180049278     LIBCMTD:ehstate.obj
 0004:00001284       $pdata$?__StateFromControlPc@@YAHPEBU_s_FuncInfo@@PEAU_xDISPATCHER_CONTEXT@@@Z 0000000180049284     LIBCMTD:ehstate.obj
 0004:00001290       $pdata$?__StateFromIp@@YAHPEBU_s_FuncInfo@@PEAU_xDISPATCHER_CONTEXT@@_J@Z 0000000180049290     LIBCMTD:ehstate.obj
 0004:000012a8       $pdata$__mtold12           00000001800492a8     LIBCMTD:mantold.obj
 0004:000012b4       $pdata$_vsnwprintf_s       00000001800492b4     LIBCMTD:vswprnc.obj
 0004:000012c0       $pdata$_vsnwprintf_s_l     00000001800492c0     LIBCMTD:vswprnc.obj
 0004:000012cc       $pdata$_vswprintf_helper   00000001800492cc     LIBCMTD:vswprnc.obj
 0004:000012d8       $pdata$strcat_s            00000001800492d8     LIBCMTD:strcat_s.obj
 0004:000012e4       $pdata$_itoa_s             00000001800492e4     LIBCMTD:xtoas.obj
 0004:000012f0       $pdata$xtoa_s              00000001800492f0     LIBCMTD:xtoas.obj
 0004:000012fc       $pdata$_mbstowcs_l_helper  00000001800492fc     LIBCMTD:mbstowcs.obj
 0004:00001308       $pdata$_mbstowcs_s_l       0000000180049308     LIBCMTD:mbstowcs.obj
 0004:00001314       $pdata$mbstowcs_s          0000000180049314     LIBCMTD:mbstowcs.obj
 0004:00001320       $pdata$?wcsncnt@@YA_KPEB_W_K@Z 0000000180049320     LIBCMTD:wcstombs.obj
 0004:0000132c       $pdata$_wcstombs_l_helper  000000018004932c     LIBCMTD:wcstombs.obj
 0004:00001338       $pdata$_wcstombs_s_l       0000000180049338     LIBCMTD:wcstombs.obj
 0004:00001344       $pdata$wcstombs_s          0000000180049344     LIBCMTD:wcstombs.obj
 0004:00001350       $pdata$_itow_s             0000000180049350     LIBCMTD:xtows.obj
 0004:0000135c       $pdata$xtow_s              000000018004935c     LIBCMTD:xtows.obj
 0004:00001368       $pdata$__GSHandlerCheck_SEH 0000000180049368     LIBCMTD:gshandlerseh.obj
 0004:00001374       $pdata$_commit             0000000180049374     LIBCMTD:commit.obj
 0004:00001380       $pdata$_write              0000000180049380     LIBCMTD:write.obj
 0004:0000138c       $pdata$_write_nolock       000000018004938c     LIBCMTD:write.obj
 0004:00001398       $pdata$_fclose_nolock      0000000180049398     LIBCMTD:fclose.obj
 0004:000013a4       $pdata$fclose              00000001800493a4     LIBCMTD:fclose.obj
 0004:000013b0       $pdata$_lseeki64           00000001800493b0     LIBCMTD:lseeki64.obj
 0004:000013bc       $pdata$_lseeki64_nolock    00000001800493bc     LIBCMTD:lseeki64.obj
 0004:000013c8       $pdata$_getbuf             00000001800493c8     LIBCMTD:_getbuf.obj
 0004:000013d4       $pdata$_output_s_l         00000001800493d4     LIBCMTD:outputs.obj
 0004:000013e0       $pdata$write_char          00000001800493e0     LIBCMTD:outputs.obj
 0004:000013ec       $pdata$write_multi_char    00000001800493ec     LIBCMTD:outputs.obj
 0004:000013f8       $pdata$write_string        00000001800493f8     LIBCMTD:outputs.obj
 0004:00001404       $pdata$_get_printf_count_output 0000000180049404     LIBCMTD:printf.obj
 0004:00001410       $pdata$_wctomb_s_l         0000000180049410     LIBCMTD:wctomb.obj
 0004:0000141c       $pdata$wctomb_s            000000018004941c     LIBCMTD:wctomb.obj
 0004:00001428       $pdata$??3@YAXPEAX@Z       0000000180049428     LIBCMTD:dbgdel.obj
 0004:00001440       $pdata$?_ValidateExecute@@YAHP6A_JXZ@Z 0000000180049440     LIBCMTD:validate.obj
 0004:0000144c       $pdata$?_ValidateWrite@@YAHPEAXI@Z 000000018004944c     LIBCMTD:validate.obj
 0004:0000144c       $pdata$?_ValidateRead@@YAHPEBXI@Z 000000018004944c     LIBCMTD:validate.obj
 0004:00001464       $pdata$??1type_info@@UEAA@XZ 0000000180049464     LIBCMTD:typinfo.obj
 0004:00001470       $pdata$??8type_info@@QEBA_NAEBV0@@Z 0000000180049470     LIBCMTD:typinfo.obj
 0004:0000147c       $pdata$??_Gtype_info@@UEAAPEAXI@Z 000000018004947c     LIBCMTD:typinfo.obj
 0004:00001488       $pdata$??0exception@std@@QEAA@AEBQEBD@Z 0000000180049488     LIBCMTD:stdexcpt.obj
 0004:00001494       $pdata$??0exception@std@@QEAA@AEBV01@@Z 0000000180049494     LIBCMTD:stdexcpt.obj
 0004:000014a0       $pdata$??1exception@std@@UEAA@XZ 00000001800494a0     LIBCMTD:stdexcpt.obj
 0004:000014ac       $pdata$??4exception@std@@QEAAAEAV01@AEBV01@@Z 00000001800494ac     LIBCMTD:stdexcpt.obj
 0004:000014b8       $pdata$??_Gexception@std@@UEAAPEAXI@Z 00000001800494b8     LIBCMTD:stdexcpt.obj
 0004:000014c4       $pdata$?_Copy_str@exception@std@@AEAAXPEBD@Z 00000001800494c4     LIBCMTD:stdexcpt.obj
 0004:000014d0       $pdata$?_Tidy@exception@std@@AEAAXXZ 00000001800494d0     LIBCMTD:stdexcpt.obj
 0004:000014dc       $pdata$?what@exception@std@@UEBAPEBDXZ 00000001800494dc     LIBCMTD:stdexcpt.obj
 0004:000014e8       $pdata$_CxxThrowException  00000001800494e8     LIBCMTD:throw.obj
 0004:000014f4       $pdata$_woutput_s_l        00000001800494f4     LIBCMTD:woutputs.obj
 0004:00001500       $pdata$write_char          0000000180049500     LIBCMTD:woutputs.obj
 0004:0000150c       $pdata$write_multi_char    000000018004950c     LIBCMTD:woutputs.obj
 0004:00001518       $pdata$write_string        0000000180049518     LIBCMTD:woutputs.obj
 0004:00001524       $pdata$_fputwc_nolock      0000000180049524     LIBCMTD:fputwc.obj
 0004:00001530       $pdata$_mbtowc_l           0000000180049530     LIBCMTD:mbtowc.obj
 0004:0000153c       $pdata$mbtowc              000000018004953c     LIBCMTD:mbtowc.obj
 0004:00001548       $pdata$__lock_fhandle      0000000180049548     LIBCMTD:osfinfo.obj
 0004:00001554       $pdata$_free_osfhnd        0000000180049554     LIBCMTD:osfinfo.obj
 0004:00001560       $pdata$_get_osfhandle      0000000180049560     LIBCMTD:osfinfo.obj
 0004:0000156c       $pdata$_unlock_fhandle     000000018004956c     LIBCMTD:osfinfo.obj
 0004:00001578       $pdata$_putwch_nolock      0000000180049578     LIBCMTD:putwch.obj
 0004:00001584       $pdata$_close              0000000180049584     LIBCMTD:close.obj
 0004:00001590       $pdata$_close_nolock       0000000180049590     LIBCMTD:close.obj
 0004:0000159c       $pdata$_freebuf            000000018004959c     LIBCMTD:_freebuf.obj
 0004:000015a8       $pdata$?_Type_info_dtor@type_info@@CAXPEAV1@@Z 00000001800495a8     LIBCMTD:typname.obj
 0004:000015b4       $pdata$_flswbuf            00000001800495b4     LIBCMTD:_flswbuf.obj
 0004:000015c0       $pdata$__termconout        00000001800495c0     LIBCMTD:initcon.obj
 0004:000015cc       $pdata$__initconout        00000001800495cc     LIBCMTD:initcon.obj
 0004:000015d8       $pdata$_CRT_INIT$fin$0     00000001800495d8     LIBCMTD:dllcrt0.obj
 0004:000015e4       $pdata$__DllMainCRTStartup$filt$0 00000001800495e4     LIBCMTD:dllcrt0.obj
 0004:000015f0       $pdata$_ctrlfp$filt$0      00000001800495f0     LIBCMTD:fpctrl.obj
 0004:000015fc       $pdata$_freefls$fin$0      00000001800495fc     LIBCMTD:tidtable.obj
 0004:000015fc       $pdata$_initptd$fin$0      00000001800495fc     LIBCMTD:tidtable.obj
 0004:00001608       $pdata$_freefls$fin$1      0000000180049608     LIBCMTD:tidtable.obj
 0004:00001608       $pdata$_initptd$fin$1      0000000180049608     LIBCMTD:tidtable.obj
 0004:00001614       $pdata$doexit$fin$0        0000000180049614     LIBCMTD:crt0dat.obj
 0004:00001620       $pdata$_ioinit$fin$0       0000000180049620     LIBCMTD:ioinit.obj
 0004:0000162c       $pdata$_CrtCheckMemory$fin$0 000000018004962c     LIBCMTD:dbgheap.obj
 0004:00001638       $pdata$_free_dbg$fin$0     0000000180049638     LIBCMTD:dbgheap.obj
 0004:00001644       $pdata$_CrtMemCheckpoint$fin$0 0000000180049644     LIBCMTD:dbgheap.obj
 0004:00001644       $pdata$_heap_alloc_dbg_impl$fin$0 0000000180049644     LIBCMTD:dbgheap.obj
 0004:00001644       $pdata$?fin$0@?0??_CrtMemDumpAllObjectsSince_stat@@YAXPEBU_CrtMemState@@PEAUlocaleinfo_struct@@@Z@4HA 0000000180049644     LIBCMTD:dbgheap.obj
 0004:00001650       $pdata$_CrtSetDbgFlag$fin$0 0000000180049650     LIBCMTD:dbgheap.obj
 0004:00001650       $pdata$?fin$0@?0???3@YAXPEAX@Z@4HA 0000000180049650     LIBCMTD:dbgheap.obj
 0004:00001650       $pdata$_msize_dbg$fin$0    0000000180049650     LIBCMTD:dbgheap.obj
 0004:00001650       $pdata$_realloc_dbg$fin$0  0000000180049650     LIBCMTD:dbgheap.obj
 0004:0000165c       $pdata$?dtor$0@?0??getSystemCP@@YAHH@Z@4HA 000000018004965c     LIBCMTD:mbctype.obj
 0004:00001668       $pdata$_setmbcp$fin$0      0000000180049668     LIBCMTD:mbctype.obj
 0004:00001668       $pdata$__updatetmbcinfo$fin$0 0000000180049668     LIBCMTD:mbctype.obj
 0004:00001674       $pdata$_IsNonwritableInCurrentImage$filt$0 0000000180049674     LIBCMTD:pesect.obj
 0004:00001680       $pdata$_onexit$fin$0       0000000180049680     LIBCMTD:onexit.obj
 0004:0000168c       $pdata$raise$fin$0         000000018004968c     LIBCMTD:winsig.obj
 0004:00001698       $pdata$?dtor$0@?0??x_ismbbtype_l@@YAHPEAUlocaleinfo_struct@@IHH@Z@4HA 0000000180049698     LIBCMTD:ismbbyte.obj
 0004:000016a4       $pdata$_CallSETranslator$filt$0 00000001800496a4     LIBCMTD:trnsctrl.obj
 0004:000016b0       $pdata$_locterm$fin$0      00000001800496b0     LIBCMTD:wsetloca.obj
 0004:000016b0       $pdata$__updatetlocinfo$fin$0 00000001800496b0     LIBCMTD:wsetloca.obj
 0004:000016bc       $pdata$_VCrtDbgReportA$fin$0 00000001800496bc     LIBCMTD:dbgrptt.obj
 0004:000016c8       $pdata$_VCrtDbgReportA$fin$1 00000001800496c8     LIBCMTD:dbgrptt.obj
 0004:000016d4       $pdata$_VCrtDbgReportW$fin$0 00000001800496d4     LIBCMTD:dbgrptt.obj
 0004:000016e0       $pdata$_VCrtDbgReportW$fin$1 00000001800496e0     LIBCMTD:dbgrptt.obj
 0004:000016ec       $pdata$flsall$fin$0        00000001800496ec     LIBCMTD:fflush.obj
 0004:000016f8       $pdata$flsall$fin$1        00000001800496f8     LIBCMTD:fflush.obj
 0004:00001704       $pdata$_fcloseall$fin$0    0000000180049704     LIBCMTD:closeall.obj
 0004:00001710       $pdata$__BuildCatchObjectHelper$filt$0 0000000180049710     LIBCMTD:frame.obj
 0004:00001710       $pdata$?filt$0@?0??terminate@@YAXXZ@4HA 0000000180049710     LIBCMTD:frame.obj
 0004:00001710       $pdata$?filt$0@?0??__crtIsBadReadPtr@@YAHPEBX_K@Z@4HA 0000000180049710     LIBCMTD:frame.obj
 0004:00001710       $pdata$?filt$0@?0??_inconsistency@@YAXXZ@4HA 0000000180049710     LIBCMTD:frame.obj
 0004:00001710       $pdata$__BuildCatchObject$filt$0 0000000180049710     LIBCMTD:frame.obj
 0004:0000171c       $pdata$__CxxCallCatchBlock$filt$0 000000018004971c     LIBCMTD:frame.obj
 0004:00001728       $pdata$__CxxCallCatchBlock$fin$1 0000000180049728     LIBCMTD:frame.obj
 0004:00001734       $pdata$__DestructExceptionObject$filt$0 0000000180049734     LIBCMTD:frame.obj
 0004:00001740       $pdata$__FrameUnwindToState$filt$0 0000000180049740     LIBCMTD:frame.obj
 0004:0000174c       $pdata$__FrameUnwindToState$fin$1 000000018004974c     LIBCMTD:frame.obj
 0004:00001758       $pdata$_write$fin$0        0000000180049758     LIBCMTD:write.obj
 0004:00001758       $pdata$_commit$fin$0       0000000180049758     LIBCMTD:write.obj
 0004:00001758       $pdata$_lseeki64$fin$0     0000000180049758     LIBCMTD:write.obj
 0004:00001758       $pdata$_close$fin$0        0000000180049758     LIBCMTD:write.obj
 0004:00001764       $pdata$fclose$fin$0        0000000180049764     LIBCMTD:fclose.obj
 0004:00001770       $pdata$__lock_fhandle$fin$0 0000000180049770     LIBCMTD:osfinfo.obj
 0004:00001770       $pdata$_mtinitlocknum$fin$0 0000000180049770     LIBCMTD:osfinfo.obj
 0004:0000177c       $pdata$?fin$0@?0??_Type_info_dtor@type_info@@CAXPEAV1@@Z@4HA 000000018004977c     LIBCMTD:typname.obj
