 dolphin

 Timestamp is 589c79d2 (Thu Feb 09 17:16:50 2017)

 Preferred load address is 0000000180000000

 Start         Length     Name                   Class
 0001:00000000 0004f15cH .text$mn                CODE
 0001:0004f160 000006abH .text$x                 CODE
 0002:00000000 00000248H .idata$5                DATA
 0002:00000248 00000008H .CRT$XCA                DATA
 0002:00000250 00000008H .CRT$XCZ                DATA
 0002:00000258 00000008H .CRT$XIA                DATA
 0002:00000260 00000028H .CRT$XIC                DATA
 0002:00000288 00000008H .CRT$XIZ                DATA
 0002:00000290 00000008H .CRT$XPA                DATA
 0002:00000298 00000010H .CRT$XPX                DATA
 0002:000002a8 00000008H .CRT$XPXA               DATA
 0002:000002b0 00000008H .CRT$XPZ                DATA
 0002:000002b8 00000008H .CRT$XTA                DATA
 0002:000002c0 00000008H .CRT$XTZ                DATA
 0002:000002d0 0000fc60H .rdata                  DATA
 0002:0000ff30 00000070H .rdata$debug            DATA
 0002:0000ffa0 0000016cH .rdata$r                DATA
 0002:00010110 00000008H .rtc$IAA                DATA
 0002:00010118 00000008H .rtc$IZZ                DATA
 0002:00010120 00000008H .rtc$TAA                DATA
 0002:00010128 00000008H .rtc$TZZ                DATA
 0002:00010130 00001580H .xdata                  DATA
 0002:000116b0 00000084H .xdata$x                DATA
 0002:00011740 00000070H .edata                  DATA
 0002:000117b0 00000014H .idata$2                DATA
 0002:000117c4 00000014H .idata$3                DATA
 0002:000117d8 00000248H .idata$4                DATA
 0002:00011a20 00000556H .idata$6                DATA
 0003:00000000 00005cd8H .data                   DATA
 0003:00005cd8 00000070H .data$r                 DATA
 0003:00005d60 00002668H .bss                    DATA
 0004:00000000 00001fe0H .pdata                  DATA

  Address         Publics by Value              Rva+Base               Lib:Object

 0000:00000000       __guard_fids_count         0000000000000000     <absolute>
 0000:00000000       ___safe_se_handler_count   0000000000000000     <absolute>
 0000:00000000       ___safe_se_handler_table   0000000000000000     <absolute>
 0000:00000000       __guard_flags              0000000000000000     <absolute>
 0000:00000000       __guard_fids_table         0000000000000000     <absolute>
 0000:00000000       __ImageBase                0000000180000000     <linker-defined>
 0001:00000910       ?GameUpdateAndRenderStub@@YAXPEAUgame_memory@@PEAUgame_input@@PEAUgame_offscreen_buffer@@PEAUgame_sound_output_buffer@@@Z 0000000180001910 f   dolphin.obj
 0001:00000930       ?GameGetSoundSamplesStub@@YAXPEAUgame_memory@@PEAUgame_sound_output_buffer@@@Z 0000000180001930 f   dolphin.obj
 0001:000142e0       ?stbi__tga_read_rgb16@@YAXPEAUstbi__context@@PEAE@Z 00000001800152e0 f   dolphin.obj
 0001:00017e60       GameUpdateAndRender        0000000180018e60 f   dolphin.obj
 0001:000191c0       GameGetSoundSamples        000000018001a1c0 f   dolphin.obj
 0001:000196b0       ??D@YA?ATgdVec2@@MT0@@Z    000000018001a6b0 f i dolphin.obj
 0001:00019700       ??D@YA?ATgdVec2@@T0@M@Z    000000018001a700 f i dolphin.obj
 0001:00019750       ??D@YA?ATgdVec3@@T0@M@Z    000000018001a750 f i dolphin.obj
 0001:000197f0       ??G@YA?ATgdVec3@@T0@0@Z    000000018001a7f0 f i dolphin.obj
 0001:000198a0       ??H@YA?ATgdVec2@@T0@0@Z    000000018001a8a0 f i dolphin.obj
 0001:000198f0       ??H@YA?ATgdVec3@@T0@0@Z    000000018001a8f0 f i dolphin.obj
 0001:000199a0       ??X@YAAEATgdVec3@@AEAT0@M@Z 000000018001a9a0 f i dolphin.obj
 0001:00019a40       ?AtomicCompareExchangeUInt32@@YAIPECIII@Z 000000018001aa40 f i dolphin.obj
 0001:00019a80       ?BeginTemporaryMemory@@YA?AUtemporary_memory@@PEAUmemory_arena@@@Z 000000018001aa80 f i dolphin.obj
 0001:00019ae0       ?EndTemporaryMemory@@YAXUtemporary_memory@@@Z 000000018001aae0 f i dolphin.obj
 0001:00019b50       ?GetAlignmentOffset@@YA_KPEAUmemory_arena@@_K@Z 000000018001ab50 f i dolphin.obj
 0001:00019bd0       ?GetBestMatchBitmapFrom@@YA?AUbitmap_id@@PEAUgame_assets@@W4asset_type_id@@PEAUasset_vector@@2@Z 000000018001abd0 f i dolphin.obj
 0001:00019c10       ?GetBitmap@@YAPEAUloaded_bitmap@@PEAUgame_assets@@Ubitmap_id@@@Z 000000018001ac10 f i dolphin.obj
 0001:00019c40       ?GetBitmapDim@@YA?AUbitmap_dimension@@PEAUrender_group@@PEAUloaded_bitmap@@MTgdVec3@@M@Z 000000018001ac40 f i dolphin.obj
 0001:00019e30       ?GetChunkData@@YAPEAXUriff_iterator@@@Z 000000018001ae30 f i dolphin.obj
 0001:00019e60       ?GetChunkDataSize@@YAIUriff_iterator@@@Z 000000018001ae60 f i dolphin.obj
 0001:00019e90       ?GetFirstSoundFrom@@YA?AUsound_id@@PEAUgame_assets@@W4asset_type_id@@@Z 000000018001ae90 f i dolphin.obj
 0001:00019e90       ?GetFirstBitmapFrom@@YA?AUbitmap_id@@PEAUgame_assets@@W4asset_type_id@@@Z 000000018001ae90 f i dolphin.obj
 0001:00019ec0       ?GetSound@@YAPEAUloaded_sound@@PEAUgame_assets@@Usound_id@@@Z 000000018001aec0 f i dolphin.obj
 0001:00019ef0       ?GetType@@YAIUriff_iterator@@@Z 000000018001aef0 f i dolphin.obj
 0001:00019f20       ?InitializeMemoryArena@@YAXPEAUmemory_arena@@_KPEAX@Z 000000018001af20 f i dolphin.obj
 0001:00019f60       ?IsValid@@YAHUriff_iterator@@@Z 000000018001af60 f i dolphin.obj
 0001:00019fa0       ?Linear1ToSRGB255@@YA?ATgdVec4@@T1@@Z 000000018001afa0 f i dolphin.obj
 0001:0001a070       ?NextChunk@@YA?AUriff_iterator@@U1@@Z 000000018001b070 f i dolphin.obj
 0001:0001a0e0       ?ParseChunkAt@@YA?AUriff_iterator@@PEAX0@Z 000000018001b0e0 f i dolphin.obj
 0001:0001a130       ?PushBitmap@@YAXPEAUrender_group@@PEAUloaded_bitmap@@MTgdVec3@@TgdVec4@@M@Z 000000018001b130 f i dolphin.obj
 0001:0001a360       ?PushBitmap@@YAXPEAUrender_group@@Ubitmap_id@@MTgdVec3@@TgdVec4@@M@Z 000000018001b360 f i dolphin.obj
 0001:0001a430       ?PushClear@@YAXPEAUrender_group@@TgdVec4@@@Z 000000018001b430 f i dolphin.obj
 0001:0001a480       ?PushRectangle@@YAXPEAUrender_group@@TgdVec3@@TgdVec2@@TgdVec4@@@Z 000000018001b480 f i dolphin.obj
 0001:0001a530       ?PushRectangleOutline@@YAXPEAUrender_group@@TgdVec3@@TgdVec2@@TgdVec4@@M@Z 000000018001b530 f i dolphin.obj
 0001:0001a9e0       ?PushRenderElement_@@YAPEAXPEAUrender_group@@IW4render_group_entry_type@@@Z 000000018001b9e0 f i dolphin.obj
 0001:0001aa80       ?PushSize_@@YAPEAXPEAUmemory_arena@@_K1@Z 000000018001ba80 f i dolphin.obj
 0001:0001ab40       ?RenderRectangle@@YAXPEAUloaded_bitmap@@TgdVec2@@1TgdVec4@@UgdRect2i@@@Z 000000018001bb40 f i dolphin.obj
 0001:0001ae70       ?RenderRectangleQuickly@@YAXPEAUloaded_bitmap@@TgdVec2@@110TgdVec4@@UgdRect2i@@@Z 000000018001be70 f i dolphin.obj
 0001:0001d4f0       ?RoundReal32ToInt32@@YAHM@Z 000000018001e4f0 f i dolphin.obj
 0001:0001d520       ?RoundReal32ToUInt32@@YAIM@Z 000000018001e520 f i dolphin.obj
 0001:0001d550       ?SRGB255ToLinear1@@YA?ATgdVec4@@T1@@Z 000000018001e550 f i dolphin.obj
 0001:0001d640       ?SafeRatio0@@YAMMM@Z       000000018001e640 f i dolphin.obj
 0001:0001d680       ?SafeRatioN@@YAMMMM@Z      000000018001e680 f i dolphin.obj
 0001:0001d6d0       ?SubArena@@YAXPEAUmemory_arena@@0_K1@Z 000000018001e6d0 f i dolphin.obj
 0001:0001d730       ?ldexp@@YAMMH@Z            000000018001e730 f i dolphin.obj
 0001:0001d760       ?pow@@YAMMM@Z              000000018001e760 f i dolphin.obj
 0001:0001d790       ldexpf                     000000018001e790 f i dolphin.obj
 0001:0001d7c0       feof                       000000018001e7c0 f   LIBCMTD:feoferr.obj
 0001:0001d880       _fread_nolock_s            000000018001e880 f   LIBCMTD:fread.obj
 0001:0001e1d0       fread                      000000018001f1d0 f   LIBCMTD:fread.obj
 0001:0001e220       fread_s                    000000018001f220 f   LIBCMTD:fread.obj
 0001:0001e370       _fseek_nolock              000000018001f370 f   LIBCMTD:fseek.obj
 0001:0001e490       fseek                      000000018001f490 f   LIBCMTD:fseek.obj
 0001:0001e640       ldexp                      000000018001f640 f   LIBCMTD:ldexp.obj
 0001:0001e940       roundf                     000000018001f940 f   LIBCMTD:roundf.obj
 0001:0001e9d0       free                       000000018001f9d0 f   LIBCMTD:dbgfree.obj
 0001:0001e9f0       malloc                     000000018001f9f0 f   LIBCMTD:dbgmalloc.obj
 0001:0001ea30       realloc                    000000018001fa30 f   LIBCMTD:dbgrealloc.obj
 0001:0001ea70       ??0_LocaleUpdate@@QEAA@PEAUlocaleinfo_struct@@@Z 000000018001fa70 f i LIBCMTD:strtol.obj
 0001:0001ebb0       ??1_LocaleUpdate@@QEAA@XZ  000000018001fbb0 f i LIBCMTD:strtol.obj
 0001:0001ebf0       ?GetLocaleT@_LocaleUpdate@@QEAAPEAUlocaleinfo_struct@@XZ 000000018001fbf0 f i LIBCMTD:strtol.obj
 0001:0001f2f0       strtol                     00000001800202f0 f   LIBCMTD:strtol.obj
 0001:0001f370       strncmp                    0000000180020370 f   LIBCMTD:strncmp.obj
 0001:0001f3f0       _invoke_watson_if_error    00000001800203f0 f i LIBCMTD:wassert.obj
 0001:0001f440       _wassert                   0000000180020440 f   LIBCMTD:wassert.obj
 0001:00020320       __GSHandlerCheck           0000000180021320 f   LIBCMTD:gshandler.obj
 0001:00020360       __GSHandlerCheckCommon     0000000180021360 f   LIBCMTD:gshandler.obj
 0001:00020470       __chkstk                   0000000180021470 f   LIBCMTD:chkstk.obj
 0001:00020470       _alloca_probe              0000000180021470 f   LIBCMTD:chkstk.obj
 0001:000204d0       __security_check_cookie    00000001800214d0 f   LIBCMTD:amdsecgs.obj
 0001:000204f0       cosf                       00000001800214f0 f   LIBCMTD:cosf.obj
 0001:000209f0       powf                       00000001800219f0 f   LIBCMTD:powf.obj
 0001:00021580       sinf                       0000000180022580 f   LIBCMTD:sinf.obj
 0001:00021c50       sqrtf                      0000000180022c50 f   LIBCMTD:sqrtf.obj
 0001:00021dd0       _fpmath                    0000000180022dd0 f   LIBCMTD:fpinit.obj
 0001:00021df0       _cfltcvt_init              0000000180022df0 f   LIBCMTD:fpinit.obj
 0001:00021f00       _CRT_INIT                  0000000180022f00 f   LIBCMTD:dllcrt0.obj
 0001:00022120       _DllMainCRTStartup         0000000180023120 f   LIBCMTD:dllcrt0.obj
 0001:000222c0       __DllXcptFilter            00000001800232c0 f   LIBCMTD:dllcrt0.obj
 0001:00022310       _call_reportfault          0000000180023310 f   LIBCMTD:invarg.obj
 0001:00022440       _initp_misc_invarg         0000000180023440 f   LIBCMTD:invarg.obj
 0001:00022460       _invalid_parameter         0000000180023460 f   LIBCMTD:invarg.obj
 0001:000224f0       _invoke_watson             00000001800234f0 f   LIBCMTD:invarg.obj
 0001:00022550       _CrtDbgReportW             0000000180023550 f   LIBCMTD:dbgrptw.obj
 0001:000225d0       _CrtDbgReportWV            00000001800235d0 f i LIBCMTD:dbgrptw.obj
 0001:00022630       __crtMessageWindowW        0000000180023630 f   LIBCMTD:dbgrptw.obj
 0001:00022cb0       _invoke_watson_if_oneof    0000000180023cb0 f i LIBCMTD:dbgrptw.obj
 0001:00022d20       __doserrno                 0000000180023d20 f   LIBCMTD:dosmap.obj
 0001:00022d50       _dosmaperr                 0000000180023d50 f   LIBCMTD:dosmap.obj
 0001:00022d80       _errno                     0000000180023d80 f   LIBCMTD:dosmap.obj
 0001:00022db0       _get_errno_from_oserr      0000000180023db0 f   LIBCMTD:dosmap.obj
 0001:00022e40       _filbuf                    0000000180023e40 f   LIBCMTD:_filbuf.obj
 0001:00023160       _fileno                    0000000180024160 f   LIBCMTD:fileno.obj
 0001:00023220       __initstdio                0000000180024220 f   LIBCMTD:_file.obj
 0001:00023320       __endstdio                 0000000180024320 f   LIBCMTD:_file.obj
 0001:00023360       __iob_func                 0000000180024360 f   LIBCMTD:_file.obj
 0001:00023370       _lock_file                 0000000180024370 f   LIBCMTD:_file.obj
 0001:00023400       _lock_file2                0000000180024400 f   LIBCMTD:_file.obj
 0001:00023450       _unlock_file               0000000180024450 f   LIBCMTD:_file.obj
 0001:000234e0       _unlock_file2              00000001800244e0 f   LIBCMTD:_file.obj
 0001:00023530       memcpy_s                   0000000180024530 f   LIBCMTD:memcpy_s.obj
 0001:000237b0       memset                     00000001800247b0 f   LIBCMTD:memset.obj
 0001:000239e0       _read                      00000001800249e0 f   LIBCMTD:read.obj
 0001:00023d40       _read_nolock               0000000180024d40 f   LIBCMTD:read.obj
 0001:000258a0       __C_specific_handler       00000001800268a0 f   LIBCMTD:chandler.obj
 0001:00025cc0       _ftell_nolock              0000000180026cc0 f   LIBCMTD:ftell.obj
 0001:00026380       _lseek                     0000000180027380 f   LIBCMTD:lseek.obj
 0001:00026620       _lseek_nolock              0000000180027620 f   LIBCMTD:lseek.obj
 0001:000267b0       _fflush_nolock             00000001800277b0 f   LIBCMTD:fflush.obj
 0001:00026830       _flush                     0000000180027830 f   LIBCMTD:fflush.obj
 0001:00026920       _flushall                  0000000180027920 f   LIBCMTD:fflush.obj
 0001:00026940       fflush                     0000000180027940 f   LIBCMTD:fflush.obj
 0001:00026b00       _copysign                  0000000180027b00 f   LIBCMTD:_copysign.obj
 0001:00026b90       _decomp                    0000000180027b90 f   LIBCMTD:util.obj
 0001:00026ce0       _set_exp                   0000000180027ce0 f   LIBCMTD:util.obj
 0001:00026d30       _sptype                    0000000180027d30 f   LIBCMTD:util.obj
 0001:00026db0       _errcode                   0000000180027db0 f   LIBCMTD:fpexcept.obj
 0001:00026e30       _except2                   0000000180027e30 f   LIBCMTD:fpexcept.obj
 0001:00026ff0       _handle_exc                0000000180027ff0 f   LIBCMTD:fpexcept.obj
 0001:00027450       _handle_qnan2              0000000180028450 f   LIBCMTD:fpexcept.obj
 0001:000274e0       _raise_exc                 00000001800284e0 f   LIBCMTD:fpexcept.obj
 0001:00027540       _raise_exc_ex              0000000180028540 f   LIBCMTD:fpexcept.obj
 0001:00027bc0       _raise_excf                0000000180028bc0 f   LIBCMTD:fpexcept.obj
 0001:00027c20       _set_errno_from_matherr    0000000180028c20 f   LIBCMTD:fpexcept.obj
 0001:00027c70       _umatherr                  0000000180028c70 f   LIBCMTD:fpexcept.obj
 0001:00027d40       _clrfp                     0000000180028d40 f   LIBCMTD:fpctrl.obj
 0001:00027d70       _ctrlfp                    0000000180028d70 f   LIBCMTD:fpctrl.obj
 0001:00027e20       _set_statfp                0000000180028e20 f   LIBCMTD:fpctrl.obj
 0001:00027e60       _statfp                    0000000180028e60 f   LIBCMTD:fpctrl.obj
 0001:00027e90       _fd_int                    0000000180028e90 f   LIBCMTD:_test.obj
 0001:000285f0       _CrtCheckMemory            00000001800295f0 f   LIBCMTD:dbgheap.obj
 0001:00028b90       _CrtDumpMemoryLeaks        0000000180029b90 f   LIBCMTD:dbgheap.obj
 0001:00028c50       _CrtGetCheckCount          0000000180029c50 f   LIBCMTD:dbgheap.obj
 0001:00028c60       _CrtIsValidHeapPointer     0000000180029c60 f   LIBCMTD:dbgheap.obj
 0001:00028cc0       _CrtIsValidPointer         0000000180029cc0 f   LIBCMTD:dbgheap.obj
 0001:00028d00       _CrtMemCheckpoint          0000000180029d00 f   LIBCMTD:dbgheap.obj
 0001:00028f90       _CrtMemDumpAllObjectsSince 0000000180029f90 f   LIBCMTD:dbgheap.obj
 0001:00028fe0       _CrtSetCheckCount          0000000180029fe0 f   LIBCMTD:dbgheap.obj
 0001:00029000       _CrtSetDbgFlag             000000018002a000 f   LIBCMTD:dbgheap.obj
 0001:00029140       _CrtSetDumpClient          000000018002a140 f   LIBCMTD:dbgheap.obj
 0001:00029170       _calloc_dbg                000000018002a170 f   LIBCMTD:dbgheap.obj
 0001:000291f0       _calloc_dbg_impl           000000018002a1f0 f   LIBCMTD:dbgheap.obj
 0001:000292a0       _free_dbg                  000000018002a2a0 f   LIBCMTD:dbgheap.obj
 0001:000292e0       _free_dbg_nolock           000000018002a2e0 f   LIBCMTD:dbgheap.obj
 0001:00029e70       _malloc_dbg                000000018002ae70 f   LIBCMTD:dbgheap.obj
 0001:00029ec0       _msize_dbg                 000000018002aec0 f   LIBCMTD:dbgheap.obj
 0001:0002a110       _nh_malloc_dbg             000000018002b110 f   LIBCMTD:dbgheap.obj
 0001:0002a4a0       _realloc_dbg               000000018002b4a0 f   LIBCMTD:dbgheap.obj
 0001:0002ae10       __addlocaleref             000000018002be10 f   LIBCMTD:localref.obj
 0001:0002af60       __freetlocinfo             000000018002bf60 f   LIBCMTD:localref.obj
 0001:0002b310       __removelocaleref          000000018002c310 f   LIBCMTD:localref.obj
 0001:0002b470       __updatetlocinfo           000000018002c470 f   LIBCMTD:localref.obj
 0001:0002b510       _updatetlocinfoEx_nolock   000000018002c510 f   LIBCMTD:localref.obj
 0001:0002b5b0       __initmbctable             000000018002c5b0 f   LIBCMTD:mbctype.obj
 0001:0002bc40       __updatetmbcinfo           000000018002cc40 f   LIBCMTD:mbctype.obj
 0001:0002bd50       _setmbcp                   000000018002cd50 f   LIBCMTD:mbctype.obj
 0001:0002c040       _setmbcp_nolock            000000018002d040 f   LIBCMTD:mbctype.obj
 0001:0002c490       _chvalidator               000000018002d490 f   LIBCMTD:isctype.obj
 0001:0002c500       _chvalidator_l             000000018002d500 f   LIBCMTD:isctype.obj
 0001:0002c610       _isctype_l                 000000018002d610 f   LIBCMTD:isctype.obj
 0001:0002c7f0       _freefls                   000000018002d7f0 f   LIBCMTD:tidtable.obj
 0001:0002ca00       _freeptd                   000000018002da00 f   LIBCMTD:tidtable.obj
 0001:0002ca50       _getptd                    000000018002da50 f   LIBCMTD:tidtable.obj
 0001:0002ca80       _getptd_noexit             000000018002da80 f   LIBCMTD:tidtable.obj
 0001:0002cb50       _initptd                   000000018002db50 f   LIBCMTD:tidtable.obj
 0001:0002cc80       _mtinit                    000000018002dc80 f   LIBCMTD:tidtable.obj
 0001:0002cd40       _mtterm                    000000018002dd40 f   LIBCMTD:tidtable.obj
 0001:0002ce00       ?_GetEstablisherFrame@@YAPEA_KPEA_KPEAU_xDISPATCHER_CONTEXT@@PEBU_s_FuncInfo@@0@Z 000000018002de00 f   LIBCMTD:trnsctrl.obj
 0001:0002cf70       ?_GetRangeOfTrysToCheck@@YAPEBU_s_TryBlockMapEntry@@PEA_KPEBU_s_FuncInfo@@HHPEAI2PEAU_xDISPATCHER_CONTEXT@@@Z 000000018002df70 f   LIBCMTD:trnsctrl.obj
 0001:0002d190       ?__FrameUnwindToEmptyState@@YAXPEA_KPEAU_xDISPATCHER_CONTEXT@@PEBU_s_FuncInfo@@@Z 000000018002e190 f   LIBCMTD:trnsctrl.obj
 0001:0002d230       ?__SehTransFilter@@YAHPEAU_EXCEPTION_POINTERS@@PEAUEHExceptionRecord@@PEA_KPEAU_CONTEXT@@PEAU_xDISPATCHER_CONTEXT@@PEBU_s_FuncInfo@@PEAH@Z 000000018002e230 f   LIBCMTD:trnsctrl.obj
 0001:0002d2f0       _CallSETranslator          000000018002e2f0 f   LIBCMTD:trnsctrl.obj
 0001:0002d370       _CreateFrameInfo           000000018002e370 f   LIBCMTD:trnsctrl.obj
 0001:0002d3f0       _FindAndUnlinkFrame        000000018002e3f0 f   LIBCMTD:trnsctrl.obj
 0001:0002d480       _GetImageBase              000000018002e480 f   LIBCMTD:trnsctrl.obj
 0001:0002d4a0       _GetThrowImageBase         000000018002e4a0 f   LIBCMTD:trnsctrl.obj
 0001:0002d4c0       _IsExceptionObjectToBeDestroyed 000000018002e4c0 f   LIBCMTD:trnsctrl.obj
 0001:0002d520       _SetImageBase              000000018002e520 f   LIBCMTD:trnsctrl.obj
 0001:0002d540       _SetThrowImageBase         000000018002e540 f   LIBCMTD:trnsctrl.obj
 0001:0002d560       _UnwindNestedFrames        000000018002e560 f   LIBCMTD:trnsctrl.obj
 0001:0002d6d0       __CxxFrameHandler3         000000018002e6d0 f   LIBCMTD:trnsctrl.obj
 0001:0002d790       _locterm                   000000018002e790 f   LIBCMTD:wsetloca.obj
 0001:0002d7e0       __raise_securityfailure    000000018002e7e0 f   LIBCMTD:gs_report.obj
 0001:0002d830       __report_gsfailure         000000018002e830 f   LIBCMTD:gs_report.obj
 0001:0002d910       __report_rangecheckfailure 000000018002e910 f   LIBCMTD:gs_report.obj
 0001:0002d930       __report_securityfailure   000000018002e930 f   LIBCMTD:gs_report.obj
 0001:0002d9d0       wcscat_s                   000000018002e9d0 f   LIBCMTD:wcscat_s.obj
 0001:0002e000       wcscpy_s                   000000018002f000 f   LIBCMTD:wcscpy_s.obj
 0001:0002e4b0       wcslen                     000000018002f4b0 f   LIBCMTD:wcslen.obj
 0001:0002e500       wcsncat_s                  000000018002f500 f   LIBCMTD:wcsncat_s.obj
 0001:0002ec90       __crtCorExitProcess        000000018002fc90 f   LIBCMTD:crt0dat.obj
 0001:0002ece0       __crtExitProcess           000000018002fce0 f   LIBCMTD:crt0dat.obj
 0001:0002ed00       __freeCrtMemory            000000018002fd00 f   LIBCMTD:crt0dat.obj
 0001:0002ef30       _amsg_exit                 000000018002ff30 f   LIBCMTD:crt0dat.obj
 0001:0002ef60       _cexit                     000000018002ff60 f   LIBCMTD:crt0dat.obj
 0001:0002ef80       _cinit                     000000018002ff80 f   LIBCMTD:crt0dat.obj
 0001:0002f030       _exit                      0000000180030030 f   LIBCMTD:crt0dat.obj
 0001:0002f050       _init_pointers             0000000180030050 f   LIBCMTD:crt0dat.obj
 0001:0002f100       _initterm_e                0000000180030100 f   LIBCMTD:crt0dat.obj
 0001:0002f160       _lockexit                  0000000180030160 f   LIBCMTD:crt0dat.obj
 0001:0002f180       _unlockexit                0000000180030180 f   LIBCMTD:crt0dat.obj
 0001:0002f3b0       abort                      00000001800303b0 f   LIBCMTD:abort.obj
 0001:0002f440       _set_error_mode            0000000180030440 f   LIBCMTD:errmode.obj
 0001:0002f550       _itow_s                    0000000180030550 f   LIBCMTD:xtows.obj
 0001:0002fba0       setvbuf                    0000000180030ba0 f   LIBCMTD:setvbuf.obj
 0001:0002ff50       fwprintf                   0000000180030f50 f   LIBCMTD:fwprintf.obj
 0001:00030130       _vsnwprintf_s              0000000180031130 f   LIBCMTD:vswprnc.obj
 0001:00030180       _vsnwprintf_s_l            0000000180031180 f   LIBCMTD:vswprnc.obj
 0001:00030730       _vswprintf_c_l             0000000180031730 f   LIBCMTD:vswprnc.obj
 0001:000307a0       _vswprintf_helper          00000001800317a0 f   LIBCMTD:vswprnc.obj
 0001:00030af0       __get_sigabrt              0000000180031af0 f   LIBCMTD:winsig.obj
 0001:00030b10       _initp_misc_winsig         0000000180031b10 f   LIBCMTD:winsig.obj
 0001:00030b50       raise                      0000000180031b50 f   LIBCMTD:winsig.obj
 0001:00030fc0       __crtMessageBoxW           0000000180031fc0 f   LIBCMTD:crtmboxw.obj
 0001:00031430       __crtMessageBoxWaitThreadW 0000000180032430 f   LIBCMTD:crtmboxw.obj
 0001:00031480       _FF_MSGBANNER              0000000180032480 f   LIBCMTD:crt0msg.obj
 0001:000314d0       _GET_RTERRMSG              00000001800324d0 f   LIBCMTD:crt0msg.obj
 0001:00031530       _NMSG_WRITE                0000000180032530 f   LIBCMTD:crt0msg.obj
 0001:00031960       __remainder_piby2d2f_forAsm 0000000180032960 f   LIBCMTD:remainder_piby2f_forAsm.obj
 0001:00031ab0       __remainder_piby2_fma3     0000000180032ab0 f   LIBCMTD:remainder_piby2_forFMA3.obj
 0001:00031ca0       __remainder_piby2_fma3_bdl 0000000180032ca0 f   LIBCMTD:remainder_piby2_forFMA3.obj
 0001:00031d20       _cosf_special              0000000180032d20 f   LIBCMTD:sincos_special.obj
 0001:00031d50       _sincosf_special           0000000180032d50 f   LIBCMTD:sincos_special.obj
 0001:00031f50       _sinf_special              0000000180032f50 f   LIBCMTD:sincos_special.obj
 0001:00031f80       __fma3_lib_init            0000000180032f80 f   LIBCMTD:fma3_available.obj
 0001:00032000       _powf_special              0000000180033000 f   LIBCMTD:pow_special.obj
 0001:00032300       __remainder_piby2d2f_forC  0000000180033300 f   LIBCMTD:remainder_piby2f_forC.obj
 0001:00032660       _handle_errorf             0000000180033660 f   LIBCMTD:libm_error.obj
 0001:000327e0       ?strrchr@@YAPEADPEADH@Z    00000001800337e0 f i LIBCMTD:cvt.obj
 0001:00032800       _cfltcvt                   0000000180033800 f   LIBCMTD:cvt.obj
 0001:00032850       _cfltcvt_l                 0000000180033850 f   LIBCMTD:cvt.obj
 0001:00032970       _cftoa_l                   0000000180033970 f   LIBCMTD:cvt.obj
 0001:00033470       _cftoe                     0000000180034470 f   LIBCMTD:cvt.obj
 0001:00033a90       _cftoe_l                   0000000180034a90 f   LIBCMTD:cvt.obj
 0001:00034190       _cftof_l                   0000000180035190 f   LIBCMTD:cvt.obj
 0001:00034470       _cftog_l                   0000000180035470 f   LIBCMTD:cvt.obj
 0001:00034830       _cropzeros                 0000000180035830 f   LIBCMTD:cvt.obj
 0001:00034850       _cropzeros_l               0000000180035850 f   LIBCMTD:cvt.obj
 0001:000349d0       _fassign                   00000001800359d0 f   LIBCMTD:cvt.obj
 0001:00034a00       _fassign_l                 0000000180035a00 f   LIBCMTD:cvt.obj
 0001:00034a70       _forcdecpt                 0000000180035a70 f   LIBCMTD:cvt.obj
 0001:00034a90       _forcdecpt_l               0000000180035a90 f   LIBCMTD:cvt.obj
 0001:00034b90       _positive                  0000000180035b90 f   LIBCMTD:cvt.obj
 0001:00034c20       _initp_misc_cfltcvt_tab    0000000180035c20 f   LIBCMTD:cmiscdat.obj
 0001:00034c70       _XcptFilter                0000000180035c70 f   LIBCMTD:winxfltr.obj
 0001:00034f10       __CppXcptFilter            0000000180035f10 f   LIBCMTD:winxfltr.obj
 0001:00034fd0       _heap_init                 0000000180035fd0 f   LIBCMTD:heapinit.obj
 0001:00035000       _heap_term                 0000000180036000 f   LIBCMTD:heapinit.obj
 0001:00035010       _ioinit                    0000000180036010 f   LIBCMTD:ioinit.obj
 0001:000355f0       _ioterm                    00000001800365f0 f   LIBCMTD:ioinit.obj
 0001:000356d0       _set_pgmptr                00000001800366d0 f i LIBCMTD:stdargv.obj
 0001:000356f0       _setargv                   00000001800366f0 f   LIBCMTD:stdargv.obj
 0001:00035d50       _setenvp                   0000000180036d50 f   LIBCMTD:stdenvp.obj
 0001:00035f60       __security_init_cookie     0000000180036f60 f   LIBCMTD:gs_support.obj
 0001:00036080       DllMain                    0000000180037080 f   LIBCMTD:dllmain.obj
 0001:000360a0       __crtGetEnvironmentStringsA 00000001800370a0 f   LIBCMTD:a_env.obj
 0001:00036280       __crtCaptureCurrentContext 0000000180037280 f   LIBCMTD:winapisupp.obj
 0001:00036320       __crtCapturePreviousContext 0000000180037320 f   LIBCMTD:winapisupp.obj
 0001:000363e0       __crtFlsAlloc              00000001800373e0 f   LIBCMTD:winapisupp.obj
 0001:00036430       __crtFlsFree               0000000180037430 f   LIBCMTD:winapisupp.obj
 0001:00036480       __crtFlsGetValue           0000000180037480 f   LIBCMTD:winapisupp.obj
 0001:000364d0       __crtFlsSetValue           00000001800374d0 f   LIBCMTD:winapisupp.obj
 0001:00036530       __crtInitializeCriticalSectionEx 0000000180037530 f   LIBCMTD:winapisupp.obj
 0001:000365a0       __crtIsPackagedApp         00000001800375a0 f   LIBCMTD:winapisupp.obj
 0001:000365e0       __crtLoadWinApiPointers    00000001800375e0 f   LIBCMTD:winapisupp.obj
 0001:00036bd0       __crtTerminateProcess      0000000180037bd0 f   LIBCMTD:winapisupp.obj
 0001:00036bf0       __crtUnhandledException    0000000180037bf0 f   LIBCMTD:winapisupp.obj
 0001:00036c20       _RTC_Initialize            0000000180037c20 f   LIBCMTD:initsect.obj
 0001:00036c60       _RTC_Terminate             0000000180037c60 f   LIBCMTD:initsect.obj
 0001:00036ca0       _CrtDefaultAllocHook       0000000180037ca0 f   LIBCMTD:dbghook.obj
 0001:00036cc0       __crt_debugger_hook        0000000180037cc0 f   LIBCMTD:dbghook.obj
 0001:00036cd0       _lock                      0000000180037cd0 f   LIBCMTD:mlock.obj
 0001:00036d30       _mtdeletelocks             0000000180037d30 f   LIBCMTD:mlock.obj
 0001:00036e50       _mtinitlocknum             0000000180037e50 f   LIBCMTD:mlock.obj
 0001:00036f50       _mtinitlocks               0000000180037f50 f   LIBCMTD:mlock.obj
 0001:00036ff0       _unlock                    0000000180037ff0 f   LIBCMTD:mlock.obj
 0001:00037020       _snwprintf_s               0000000180038020 f   LIBCMTD:swprintf.obj
 0001:00037080       _CrtDbgBreak               0000000180038080 f   LIBCMTD:dbgrptt.obj
 0001:00037090       _VCrtDbgReportA            0000000180038090 f   LIBCMTD:dbgrptt.obj
 0001:00037a60       _VCrtDbgReportW            0000000180038a60 f   LIBCMTD:dbgrptt.obj
 0001:000385a0       _getbuf                    00000001800395a0 f   LIBCMTD:_getbuf.obj
 0001:000386b0       _fcloseall                 00000001800396b0 f   LIBCMTD:closeall.obj
 0001:000387c0       memcpy                     00000001800397c0 f   LIBCMTD:memcpy.obj
 0001:000387c0       memmove                    00000001800397c0 f   LIBCMTD:memcpy.obj
 0001:00038d30       __isa_available_init       0000000180039d30 f   LIBCMTD:cpu_disp.obj
 0001:00039070       _isatty                    000000018003a070 f   LIBCMTD:isatty.obj
 0001:00039180       __lock_fhandle             000000018003a180 f   LIBCMTD:osfinfo.obj
 0001:00039250       _free_osfhnd               000000018003a250 f   LIBCMTD:osfinfo.obj
 0001:00039380       _get_osfhandle             000000018003a380 f   LIBCMTD:osfinfo.obj
 0001:00039580       _unlock_fhandle            000000018003a580 f   LIBCMTD:osfinfo.obj
 0001:000395c0       _lseeki64                  000000018003a5c0 f   LIBCMTD:lseeki64.obj
 0001:00039870       _lseeki64_nolock           000000018003a870 f   LIBCMTD:lseeki64.obj
 0001:000399a0       _local_unwind              000000018003a9a0 f   LIBCMTD:jmpuwind.obj
 0001:000399d0       _NLG_Notify                000000018003a9d0 f   LIBCMTD:jmpuwind.obj
 0001:000399f0       __NLG_Dispatch2            000000018003a9f0 f   LIBCMTD:jmpuwind.obj
 0001:00039a00       __NLG_Return2              000000018003aa00 f   LIBCMTD:jmpuwind.obj
 0001:00039a10       _FindPESection             000000018003aa10 f   LIBCMTD:pesect.obj
 0001:00039ac0       _IsNonwritableInCurrentImage 000000018003aac0 f   LIBCMTD:pesect.obj
 0001:00039b50       _ValidateImageBase         000000018003ab50 f   LIBCMTD:pesect.obj
 0001:00039bd0       _commit                    000000018003abd0 f   LIBCMTD:commit.obj
 0001:00039e60       _write                     000000018003ae60 f   LIBCMTD:write.obj
 0001:0003a100       _write_nolock              000000018003b100 f   LIBCMTD:write.obj
 0001:0003b240       _matherr                   000000018003c240 f   LIBCMTD:matherr.obj
 0001:0003b260       _get_fpsr                  000000018003c260 f   LIBCMTD:fpsr.obj
 0001:0003b270       _set_fpsr                  000000018003c270 f   LIBCMTD:fpsr.obj
 0001:0003b27a       _fclrf                     000000018003c27a f   LIBCMTD:fpsr.obj
 0001:0003b28e       _frnd                      000000018003c28e f   LIBCMTD:fpsr.obj
 0001:0003b2b0       _free_base                 000000018003c2b0 f   LIBCMTD:free.obj
 0001:0003b310       _realloc_base              000000018003c310 f   LIBCMTD:realloc.obj
 0001:0003b430       _expand_base               000000018003c430 f   LIBCMTD:expand.obj
 0001:0003b610       _CrtDbgReport              000000018003c610 f   LIBCMTD:dbgrpt.obj
 0001:0003b690       _CrtDbgReportV             000000018003c690 f i LIBCMTD:dbgrpt.obj
 0001:0003b6f0       __crtMessageWindowA        000000018003c6f0 f   LIBCMTD:dbgrpt.obj
 0001:0003bd70       _callnewh                  000000018003cd70 f   LIBCMTD:handler.obj
 0001:0003bdb0       _initp_heap_handler        000000018003cdb0 f   LIBCMTD:handler.obj
 0001:0003bdd0       _heapchk                   000000018003cdd0 f   LIBCMTD:heapchk.obj
 0001:0003be10       _snprintf_s                000000018003ce10 f   LIBCMTD:sprintf.obj
 0001:0003be70       sprintf_s                  000000018003ce70 f   LIBCMTD:sprintf.obj
 0001:0003bec0       _heap_alloc_base           000000018003cec0 f i LIBCMTD:malloc.obj
 0001:0003bf30       _malloc_base               000000018003cf30 f   LIBCMTD:malloc.obj
 0001:0003bfd0       __free_lconv_mon           000000018003cfd0 f   LIBCMTD:initmon.obj
 0001:0003c1e0       __free_lconv_num           000000018003d1e0 f   LIBCMTD:initnum.obj
 0001:0003c2c0       __free_lc_time             000000018003d2c0 f   LIBCMTD:inittime.obj
 0001:0003d200       _MallocaIsSizeInRange      000000018003e200 f i LIBCMTD:a_map.obj
 0001:0003d240       _MarkAllocaS               000000018003e240 f i LIBCMTD:a_map.obj
 0001:0003d270       __crtLCMapStringA          000000018003e270 f   LIBCMTD:a_map.obj
 0001:0003d320       _freea                     000000018003e320 f i LIBCMTD:a_map.obj
 0001:0003d570       __crtGetStringTypeA        000000018003e570 f   LIBCMTD:a_str.obj
 0001:0003d600       _isleadbyte_l              000000018003e600 f i LIBCMTD:_wctype.obj
 0001:0003d660       isleadbyte                 000000018003e660 f i LIBCMTD:_wctype.obj
 0001:0003d680       __DestructExceptionObject  000000018003e680 f   LIBCMTD:frame.obj
 0001:0003d770       ??0bad_exception@std@@QEAA@AEBV01@@Z 000000018003e770 f i LIBCMTD:frame.obj
 0001:0003d7b0       ??0bad_exception@std@@QEAA@PEBD@Z 000000018003e7b0 f i LIBCMTD:frame.obj
 0001:0003d7f0       ??1bad_exception@std@@UEAA@XZ 000000018003e7f0 f i LIBCMTD:frame.obj
 0001:0003d820       ??_Ebad_exception@std@@UEAAPEAXI@Z 000000018003e820 f i LIBCMTD:frame.obj
 0001:0003d820       ??_Gbad_exception@std@@UEAAPEAXI@Z 000000018003e820 f i LIBCMTD:frame.obj
 0001:0003e7f0       __AdjustPointer            000000018003f7f0 f   LIBCMTD:frame.obj
 0001:0003e870       __BuildCatchObject         000000018003f870 f   LIBCMTD:frame.obj
 0001:0003e9b0       __BuildCatchObjectHelper   000000018003f9b0 f   LIBCMTD:frame.obj
 0001:0003ede0       __CxxCallCatchBlock        000000018003fde0 f   LIBCMTD:frame.obj
 0001:0003f050       __FrameUnwindFilter        0000000180040050 f   LIBCMTD:frame.obj
 0001:0003f0e0       __FrameUnwindToState       00000001800400e0 f   LIBCMTD:frame.obj
 0001:0003f340       __InternalCxxFrameHandler  0000000180040340 f   LIBCMTD:frame.obj
 0001:0003f760       __TypeMatch                0000000180040760 f   LIBCMTD:frame.obj
 0001:0003f950       ?__GetCurrentState@@YAHPEA_KPEAU_xDISPATCHER_CONTEXT@@PEBU_s_FuncInfo@@@Z 0000000180040950 f   LIBCMTD:ehstate.obj
 0001:0003f9b0       ?__GetUnwindTryBlock@@YAHPEA_KPEAU_xDISPATCHER_CONTEXT@@PEBU_s_FuncInfo@@@Z 00000001800409b0 f   LIBCMTD:ehstate.obj
 0001:0003fa00       ?__SetState@@YAXPEA_KPEAU_xDISPATCHER_CONTEXT@@PEBU_s_FuncInfo@@H@Z 0000000180040a00 f   LIBCMTD:ehstate.obj
 0001:0003fa30       ?__SetUnwindTryBlock@@YAXPEA_KPEAU_xDISPATCHER_CONTEXT@@PEBU_s_FuncInfo@@H@Z 0000000180040a30 f   LIBCMTD:ehstate.obj
 0001:0003faa0       ?__StateFromControlPc@@YAHPEBU_s_FuncInfo@@PEAU_xDISPATCHER_CONTEXT@@@Z 0000000180040aa0 f   LIBCMTD:ehstate.obj
 0001:0003fad0       ?__StateFromIp@@YAHPEBU_s_FuncInfo@@PEAU_xDISPATCHER_CONTEXT@@_J@Z 0000000180040ad0 f   LIBCMTD:ehstate.obj
 0001:0003fbb0       ?_inconsistency@@YAXXZ     0000000180040bb0 f   LIBCMTD:hooks.obj
 0001:0003fbe0       ?terminate@@YAXXZ          0000000180040be0 f   LIBCMTD:hooks.obj
 0001:0003fc10       _initp_eh_hooks            0000000180040c10 f   LIBCMTD:hooks.obj
 0001:0003fc50       memcmp                     0000000180040c50 f   LIBCMTD:memcmp.obj
 0001:0003fd20       wcsncpy_s                  0000000180040d20 f   LIBCMTD:wcsncpy_s.obj
 0001:000403c0       GetTableIndexFromLocaleName 00000001800413c0 f   LIBCMTD:winapinls.obj
 0001:00040470       __crtDownlevelLocaleNameToLCID 0000000180041470 f   LIBCMTD:winapinls.obj
 0001:000404d0       __crtLCMapStringEx         00000001800414d0 f   LIBCMTD:winapinls.obj
 0001:000405b0       __wcsnicmp_ascii           00000001800415b0 f   LIBCMTD:winapinls.obj
 0001:000406c0       __onexitinit               00000001800416c0 f   LIBCMTD:onexit.obj
 0001:00040730       _onexit                    0000000180041730 f   LIBCMTD:onexit.obj
 0001:00040940       atexit                     0000000180041940 f   LIBCMTD:onexit.obj
 0001:00040980       _initp_misc_purevirt       0000000180041980 f   LIBCMTD:inithelp.obj
 0001:000409a0       _initp_misc_rand_s         00000001800419a0 f   LIBCMTD:rand_s.obj
 0001:000409c0       _ftbuf                     00000001800419c0 f   LIBCMTD:_sftbuf.obj
 0001:00040a80       _stbuf                     0000000180041a80 f   LIBCMTD:_sftbuf.obj
 0001:00040c60       _freebuf                   0000000180041c60 f   LIBCMTD:_freebuf.obj
 0001:00040d20       _woutput_l                 0000000180041d20 f   LIBCMTD:woutput.obj
 0001:00042290       get_int64_arg              0000000180043290 f i LIBCMTD:woutput.obj
 0001:00042300       get_int_arg                0000000180043300 f i LIBCMTD:woutput.obj
 0001:00042440       _flsbuf                    0000000180043440 f   LIBCMTD:_flsbuf.obj
 0001:000427e0       _woutput_s_l               00000001800437e0 f   LIBCMTD:woutputs.obj
 0001:00044000       strlen                     0000000180045000 f   LIBCMTD:strlen.obj
 0001:000440b0       _isdigit_l                 00000001800450b0 f i LIBCMTD:_ctype.obj
 0001:00044150       isdigit                    0000000180045150 f i LIBCMTD:_ctype.obj
 0001:00044190       _tolower_l                 0000000180045190 f   LIBCMTD:tolower.obj
 0001:000444f0       tolower                    00000001800454f0 f   LIBCMTD:tolower.obj
 0001:00044540       strcpy_s                   0000000180045540 f   LIBCMTD:strcpy_s.obj
 0001:000449e0       strrchr                    00000001800459e0 f   LIBCMTD:strrchr.obj
 0001:00044e00       _fptostr                   0000000180045e00 f   LIBCMTD:_fptostr.obj
 0001:00045260       __crt_atoflt_l             0000000180046260 f   LIBCMTD:atodbl.obj
 0001:00045400       _atodbl_l                  0000000180046400 f   LIBCMTD:atodbl.obj
 0001:00045580       _atoflt_l                  0000000180046580 f   LIBCMTD:atodbl.obj
 0001:000455b0       __dtold                    00000001800465b0 f   LIBCMTD:cfout.obj
 0001:00045760       _fltout2                   0000000180046760 f   LIBCMTD:cfout.obj
 0001:00045870       _fptrap                    0000000180046870 f   LIBCMTD:crt0fp.obj
 0001:00045960       _ismbblead                 0000000180046960 f   LIBCMTD:ismbbyte.obj
 0001:00045990       strcat_s                   0000000180046990 f   LIBCMTD:strcat_s.obj
 0001:00045fa0       _itoa_s                    0000000180046fa0 f   LIBCMTD:xtoas.obj
 0001:000465d0       _mbstowcs_l_helper         00000001800475d0 f   LIBCMTD:mbstowcs.obj
 0001:00046b40       _mbstowcs_s_l              0000000180047b40 f   LIBCMTD:mbstowcs.obj
 0001:000470d0       mbstowcs_s                 00000001800480d0 f   LIBCMTD:mbstowcs.obj
 0001:000471b0       _wcstombs_l_helper         00000001800481b0 f   LIBCMTD:wcstombs.obj
 0001:000479c0       _wcstombs_s_l              00000001800489c0 f   LIBCMTD:wcstombs.obj
 0001:00047ec0       wcstombs_s                 0000000180048ec0 f   LIBCMTD:wcstombs.obj
 0001:00047f10       _vsnprintf_helper          0000000180048f10 f   LIBCMTD:vsnprnc.obj
 0001:000481f0       _vsnprintf_s               00000001800491f0 f   LIBCMTD:vsnprnc.obj
 0001:00048240       _vsnprintf_s_l             0000000180049240 f   LIBCMTD:vsnprnc.obj
 0001:000487e0       _vsprintf_s_l              00000001800497e0 f   LIBCMTD:vsnprnc.obj
 0001:00048b70       __GSHandlerCheck_SEH       0000000180049b70 f   LIBCMTD:gshandlerseh.obj
 0001:00048c30       _fclose_nolock             0000000180049c30 f   LIBCMTD:fclose.obj
 0001:00048d80       fclose                     0000000180049d80 f   LIBCMTD:fclose.obj
 0001:00048e80       _mbtowc_l                  0000000180049e80 f   LIBCMTD:mbtowc.obj
 0001:000491c0       mbtowc                     000000018004a1c0 f   LIBCMTD:mbtowc.obj
 0001:000491f0       _putwch_nolock             000000018004a1f0 f   LIBCMTD:putwch.obj
 0001:00049260       get_short_arg              000000018004a260 f i LIBCMTD:output.obj
 0001:000492d0       ??3@YAXPEAX@Z              000000018004a2d0 f   LIBCMTD:dbgdel.obj
 0001:000493b0       strcmp                     000000018004a3b0 f   LIBCMTD:strcmp.obj
 0001:00049420       ?_ValidateExecute@@YAHP6A_JXZ@Z 000000018004a420 f   LIBCMTD:validate.obj
 0001:00049450       ?_ValidateWrite@@YAHPEAXI@Z 000000018004a450 f   LIBCMTD:validate.obj
 0001:00049450       ?_ValidateRead@@YAHPEBXI@Z 000000018004a450 f   LIBCMTD:validate.obj
 0001:00049490       _CallSettingFrame          000000018004a490 f   LIBCMTD:handlers.obj
 0001:000494d0       _GetNextInstrOffset        000000018004a4d0 f   LIBCMTD:handlers.obj
 0001:000494e0       ??1type_info@@UEAA@XZ      000000018004a4e0 f   LIBCMTD:typinfo.obj
 0001:00049510       ??8type_info@@QEBA_NAEBV0@@Z 000000018004a510 f   LIBCMTD:typinfo.obj
 0001:00049560       ??_Etype_info@@UEAAPEAXI@Z 000000018004a560 f i LIBCMTD:typinfo.obj
 0001:00049560       ??_Gtype_info@@UEAAPEAXI@Z 000000018004a560 f i LIBCMTD:typinfo.obj
 0001:000495a0       ??0exception@std@@QEAA@AEBQEBD@Z 000000018004a5a0 f   LIBCMTD:stdexcpt.obj
 0001:000495f0       ??0exception@std@@QEAA@AEBV01@@Z 000000018004a5f0 f   LIBCMTD:stdexcpt.obj
 0001:00049640       ??1exception@std@@UEAA@XZ  000000018004a640 f   LIBCMTD:stdexcpt.obj
 0001:00049670       ??4exception@std@@QEAAAEAV01@AEBV01@@Z 000000018004a670 f   LIBCMTD:stdexcpt.obj
 0001:000496e0       ??_Gexception@std@@UEAAPEAXI@Z 000000018004a6e0 f i LIBCMTD:stdexcpt.obj
 0001:000496e0       ??_Eexception@std@@UEAAPEAXI@Z 000000018004a6e0 f i LIBCMTD:stdexcpt.obj
 0001:00049720       ?_Copy_str@exception@std@@AEAAXPEBD@Z 000000018004a720 f   LIBCMTD:stdexcpt.obj
 0001:00049790       ?_Tidy@exception@std@@AEAAXXZ 000000018004a790 f   LIBCMTD:stdexcpt.obj
 0001:000497d0       ?what@exception@std@@UEBAPEBDXZ 000000018004a7d0 f   LIBCMTD:stdexcpt.obj
 0001:00049810       _CxxThrowException         000000018004a810 f   LIBCMTD:throw.obj
 0001:00049930       _get_printf_count_output   000000018004a930 f   LIBCMTD:printf.obj
 0001:00049960       _fputwc_nolock             000000018004a960 f   LIBCMTD:fputwc.obj
 0001:00049dc0       _output_s_l                000000018004adc0 f   LIBCMTD:outputs.obj
 0001:0004b9a0       _CopyMan                   000000018004c9a0 f i LIBCMTD:intrncvt.obj
 0001:0004ba10       _FillZeroMan               000000018004ca10 f i LIBCMTD:intrncvt.obj
 0001:0004ba50       _IncMan                    000000018004ca50 f i LIBCMTD:intrncvt.obj
 0001:0004bb30       _IsZeroMan                 000000018004cb30 f i LIBCMTD:intrncvt.obj
 0001:0004bb70       _RoundMan                  000000018004cb70 f i LIBCMTD:intrncvt.obj
 0001:0004bc80       _ShrMan                    000000018004cc80 f i LIBCMTD:intrncvt.obj
 0001:0004bdc0       _ZeroTail                  000000018004cdc0 f i LIBCMTD:intrncvt.obj
 0001:0004be70       __addl                     000000018004ce70 f i LIBCMTD:intrncvt.obj
 0001:0004bed0       _ld12cvt                   000000018004ced0 f i LIBCMTD:intrncvt.obj
 0001:0004c240       _ld12tod                   000000018004d240 f   LIBCMTD:intrncvt.obj
 0001:0004c270       _ld12tof                   000000018004d270 f   LIBCMTD:intrncvt.obj
 0001:0004c2a0       __ld12mul                  000000018004d2a0 f i LIBCMTD:strgtold.obj
 0001:0004c810       __multtenpow12             000000018004d810 f i LIBCMTD:strgtold.obj
 0001:0004c940       __shl_12                   000000018004d940 f i LIBCMTD:strgtold.obj
 0001:0004c9e0       __shr_12                   000000018004d9e0 f i LIBCMTD:strgtold.obj
 0001:0004ca80       __strgtold12_l             000000018004da80 f   LIBCMTD:strgtold.obj
 0001:0004d860       $I10_OUTPUT                000000018004e860 f   LIBCMTD:x10fout.obj
 0001:0004e120       __add_12                   000000018004f120 f i LIBCMTD:x10fout.obj
 0001:0004e200       _close                     000000018004f200 f   LIBCMTD:close.obj
 0001:0004e480       _close_nolock              000000018004f480 f   LIBCMTD:close.obj
 0001:0004e590       __termconout               000000018004f590 f   LIBCMTD:initcon.obj
 0001:0004e5c0       __initconout               000000018004f5c0 f   LIBCMTD:initcon.obj
 0001:0004e610       _wctomb_s_l                000000018004f610 f   LIBCMTD:wctomb.obj
 0001:0004eab0       wctomb_s                   000000018004fab0 f   LIBCMTD:wctomb.obj
 0001:0004eb00       ?_Type_info_dtor@type_info@@CAXPEAV1@@Z 000000018004fb00 f   LIBCMTD:typname.obj
 0001:0004ec10       _flswbuf                   000000018004fc10 f   LIBCMTD:_flswbuf.obj
 0001:0004efc0       __mtold12                  000000018004ffc0 f   LIBCMTD:mantold.obj
 0001:0004f150       IsProcessorFeaturePresent  0000000180050150 f   kernel32:KERNEL32.dll
 0001:0004f156       RtlUnwindEx                0000000180050156 f   kernel32:KERNEL32.dll
 0002:00000000       __imp_GetStdHandle         0000000180051000     kernel32:KERNEL32.dll
 0002:00000008       __imp_GetFileType          0000000180051008     kernel32:KERNEL32.dll
 0002:00000010       __imp_GetModuleFileNameW   0000000180051010     kernel32:KERNEL32.dll
 0002:00000018       __imp_GetModuleHandleExW   0000000180051018     kernel32:KERNEL32.dll
 0002:00000020       __imp_WriteConsoleW        0000000180051020     kernel32:KERNEL32.dll
 0002:00000028       __imp_GetCommandLineA      0000000180051028     kernel32:KERNEL32.dll
 0002:00000030       __imp_GetCurrentThreadId   0000000180051030     kernel32:KERNEL32.dll
 0002:00000038       __imp_IsDebuggerPresent    0000000180051038     kernel32:KERNEL32.dll
 0002:00000040       __imp_EncodePointer        0000000180051040     kernel32:KERNEL32.dll
 0002:00000048       __imp_DecodePointer        0000000180051048     kernel32:KERNEL32.dll
 0002:00000050       __imp_IsProcessorFeaturePresent 0000000180051050     kernel32:KERNEL32.dll
 0002:00000058       __imp_EnterCriticalSection 0000000180051058     kernel32:KERNEL32.dll
 0002:00000060       __imp_LeaveCriticalSection 0000000180051060     kernel32:KERNEL32.dll
 0002:00000068       __imp_ReadFile             0000000180051068     kernel32:KERNEL32.dll
 0002:00000070       __imp_GetLastError         0000000180051070     kernel32:KERNEL32.dll
 0002:00000078       __imp_MultiByteToWideChar  0000000180051078     kernel32:KERNEL32.dll
 0002:00000080       __imp_GetConsoleMode       0000000180051080     kernel32:KERNEL32.dll
 0002:00000088       __imp_ReadConsoleW         0000000180051088     kernel32:KERNEL32.dll
 0002:00000090       __imp_RtlUnwindEx          0000000180051090     kernel32:KERNEL32.dll
 0002:00000098       __imp_SetFilePointerEx     0000000180051098     kernel32:KERNEL32.dll
 0002:000000a0       __imp_RaiseException       00000001800510a0     kernel32:KERNEL32.dll
 0002:000000a8       __imp_HeapSize             00000001800510a8     kernel32:KERNEL32.dll
 0002:000000b0       __imp_HeapValidate         00000001800510b0     kernel32:KERNEL32.dll
 0002:000000b8       __imp_GetSystemInfo        00000001800510b8     kernel32:KERNEL32.dll
 0002:000000c0       __imp_IsValidCodePage      00000001800510c0     kernel32:KERNEL32.dll
 0002:000000c8       __imp_GetACP               00000001800510c8     kernel32:KERNEL32.dll
 0002:000000d0       __imp_GetOEMCP             00000001800510d0     kernel32:KERNEL32.dll
 0002:000000d8       __imp_GetCPInfo            00000001800510d8     kernel32:KERNEL32.dll
 0002:000000e0       __imp_SetLastError         00000001800510e0     kernel32:KERNEL32.dll
 0002:000000e8       __imp_RtlLookupFunctionEntry 00000001800510e8     kernel32:KERNEL32.dll
 0002:000000f0       __imp_ExitProcess          00000001800510f0     kernel32:KERNEL32.dll
 0002:000000f8       __imp_GetProcAddress       00000001800510f8     kernel32:KERNEL32.dll
 0002:00000100       __imp_WideCharToMultiByte  0000000180051100     kernel32:KERNEL32.dll
 0002:00000108       __imp_OutputDebugStringW   0000000180051108     kernel32:KERNEL32.dll
 0002:00000110       __imp_WaitForSingleObjectEx 0000000180051110     kernel32:KERNEL32.dll
 0002:00000118       __imp_CreateThread         0000000180051118     kernel32:KERNEL32.dll
 0002:00000120       __imp_LoadLibraryExW       0000000180051120     kernel32:KERNEL32.dll
 0002:00000128       __imp_WriteFile            0000000180051128     kernel32:KERNEL32.dll
 0002:00000130       __imp_GetProcessHeap       0000000180051130     kernel32:KERNEL32.dll
 0002:00000138       __imp_DeleteCriticalSection 0000000180051138     kernel32:KERNEL32.dll
 0002:00000140       __imp_GetStartupInfoW      0000000180051140     kernel32:KERNEL32.dll
 0002:00000148       __imp_GetModuleFileNameA   0000000180051148     kernel32:KERNEL32.dll
 0002:00000150       __imp_QueryPerformanceCounter 0000000180051150     kernel32:KERNEL32.dll
 0002:00000158       __imp_GetCurrentProcessId  0000000180051158     kernel32:KERNEL32.dll
 0002:00000160       __imp_GetSystemTimeAsFileTime 0000000180051160     kernel32:KERNEL32.dll
 0002:00000168       __imp_GetEnvironmentStringsW 0000000180051168     kernel32:KERNEL32.dll
 0002:00000170       __imp_FreeEnvironmentStringsW 0000000180051170     kernel32:KERNEL32.dll
 0002:00000178       __imp_RtlCaptureContext    0000000180051178     kernel32:KERNEL32.dll
 0002:00000180       __imp_RtlVirtualUnwind     0000000180051180     kernel32:KERNEL32.dll
 0002:00000188       __imp_UnhandledExceptionFilter 0000000180051188     kernel32:KERNEL32.dll
 0002:00000190       __imp_SetUnhandledExceptionFilter 0000000180051190     kernel32:KERNEL32.dll
 0002:00000198       __imp_InitializeCriticalSectionAndSpinCount 0000000180051198     kernel32:KERNEL32.dll
 0002:000001a0       __imp_GetCurrentProcess    00000001800511a0     kernel32:KERNEL32.dll
 0002:000001a8       __imp_TerminateProcess     00000001800511a8     kernel32:KERNEL32.dll
 0002:000001b0       __imp_TlsAlloc             00000001800511b0     kernel32:KERNEL32.dll
 0002:000001b8       __imp_TlsGetValue          00000001800511b8     kernel32:KERNEL32.dll
 0002:000001c0       __imp_TlsSetValue          00000001800511c0     kernel32:KERNEL32.dll
 0002:000001c8       __imp_TlsFree              00000001800511c8     kernel32:KERNEL32.dll
 0002:000001d0       __imp_GetModuleHandleW     00000001800511d0     kernel32:KERNEL32.dll
 0002:000001d8       __imp_OutputDebugStringA   00000001800511d8     kernel32:KERNEL32.dll
 0002:000001e0       __imp_SetStdHandle         00000001800511e0     kernel32:KERNEL32.dll
 0002:000001e8       __imp_FlushFileBuffers     00000001800511e8     kernel32:KERNEL32.dll
 0002:000001f0       __imp_GetConsoleCP         00000001800511f0     kernel32:KERNEL32.dll
 0002:000001f8       __imp_HeapFree             00000001800511f8     kernel32:KERNEL32.dll
 0002:00000200       __imp_HeapReAlloc          0000000180051200     kernel32:KERNEL32.dll
 0002:00000208       __imp_HeapQueryInformation 0000000180051208     kernel32:KERNEL32.dll
 0002:00000210       __imp_HeapAlloc            0000000180051210     kernel32:KERNEL32.dll
 0002:00000218       __imp_GetStringTypeW       0000000180051218     kernel32:KERNEL32.dll
 0002:00000220       __imp_RtlPcToFileHeader    0000000180051220     kernel32:KERNEL32.dll
 0002:00000228       __imp_LCMapStringW         0000000180051228     kernel32:KERNEL32.dll
 0002:00000230       __imp_CloseHandle          0000000180051230     kernel32:KERNEL32.dll
 0002:00000238       __imp_CreateFileW          0000000180051238     kernel32:KERNEL32.dll
 0002:00000240       \177KERNEL32_NULL_THUNK_DATA 0000000180051240     kernel32:KERNEL32.dll
 0002:00000248       __xc_a                     0000000180051248     LIBCMTD:crt0init.obj
 0002:00000250       __xc_z                     0000000180051250     LIBCMTD:crt0init.obj
 0002:00000258       __xi_a                     0000000180051258     LIBCMTD:crt0init.obj
 0002:00000288       __xi_z                     0000000180051288     LIBCMTD:crt0init.obj
 0002:00000290       __xp_a                     0000000180051290     LIBCMTD:crt0init.obj
 0002:000002b0       __xp_z                     00000001800512b0     LIBCMTD:crt0init.obj
 0002:000002b8       __xt_a                     00000001800512b8     LIBCMTD:crt0init.obj
 0002:000002c0       __xt_z                     00000001800512c0     LIBCMTD:crt0init.obj
 0002:00001f98       ??_C@_0BD@NBFNAMCM@Invalid?5code?5path?$CB?$AA@ 0000000180052f98     dolphin.obj
 0002:00001fac       __real@00000000            0000000180052fac     dolphin.obj
 0002:00001fb0       __real@3b808081            0000000180052fb0     dolphin.obj
 0002:00001fb4       __real@3dcccccd            0000000180052fb4     dolphin.obj
 0002:00001fb8       __real@3e207141            0000000180052fb8     dolphin.obj
 0002:00001fbc       __real@3ecccccd            0000000180052fbc     dolphin.obj
 0002:00001fc0       __real@3f000000            0000000180052fc0     dolphin.obj
 0002:00001fc4       __real@3f19999a            0000000180052fc4     dolphin.obj
 0002:00001fc8       __real@3f800000            0000000180052fc8     dolphin.obj
 0002:00001fcc       __real@3fc90fdb            0000000180052fcc     dolphin.obj
 0002:00001fd0       __real@40000000            0000000180052fd0     dolphin.obj
 0002:00001fd4       __real@40400000            0000000180052fd4     dolphin.obj
 0002:00001fd8       __real@40490fdb            0000000180052fd8     dolphin.obj
 0002:00001fdc       __real@40800000            0000000180052fdc     dolphin.obj
 0002:00001fe0       __real@4096cbe4            0000000180052fe0     dolphin.obj
 0002:00001fe4       __real@40c90fdb            0000000180052fe4     dolphin.obj
 0002:00001fe8       __real@41200000            0000000180052fe8     dolphin.obj
 0002:00001fec       __real@42200000            0000000180052fec     dolphin.obj
 0002:00001ff0       __real@42c80000            0000000180052ff0     dolphin.obj
 0002:00001ff4       __real@43480000            0000000180052ff4     dolphin.obj
 0002:00001ff8       __real@437a0000            0000000180052ff8     dolphin.obj
 0002:00001ffc       __real@437f0000            0000000180052ffc     dolphin.obj
 0002:00002000       __real@43960000            0000000180053000     dolphin.obj
 0002:00002004       __real@43c80000            0000000180053004     dolphin.obj
 0002:00002008       __real@49742400            0000000180053008     dolphin.obj
 0002:0000200c       __real@7f7fffff            000000018005300c     dolphin.obj
 0002:00002010       __xmm@00000000000000000000000000000000 0000000180053010     dolphin.obj
 0002:00002020       __xmm@000000ff000000ff000000ff000000ff 0000000180053020     dolphin.obj
 0002:00002030       __xmm@00000200000002000000020000000200 0000000180053030     dolphin.obj
 0002:00002040       __xmm@00080008000800080008000800080008 0000000180053040     dolphin.obj
 0002:00002050       __xmm@00ff00ff00ff00ff00ff00ff00ff00ff 0000000180053050     dolphin.obj
 0002:00002060       __xmm@01010000010100000101000001010000 0000000180053060     dolphin.obj
 0002:00002070       __xmm@08a914e808a914e808a914e808a914e8 0000000180053070     dolphin.obj
 0002:00002080       __xmm@11c8e09e11c8e09e11c8e09e11c8e09e 0000000180053080     dolphin.obj
 0002:00002090       __xmm@11c8f9c311c8f9c311c8f9c311c8f9c3 0000000180053090     dolphin.obj
 0002:000020a0       __xmm@12d0046b12d0046b12d0046b12d0046b 00000001800530a0     dolphin.obj
 0002:000020b0       __xmm@166f166f166f166f166f166f166f166f 00000001800530b0     dolphin.obj
 0002:000020c0       __xmm@1c5a1c5a1c5a1c5a1c5a1c5a1c5a1c5a 00000001800530c0     dolphin.obj
 0002:000020d0       __xmm@3b8080813b8080813b8080813b808081 00000001800530d0     dolphin.obj
 0002:000020e0       __xmm@3f0000003f0000003f0000003f000000 00000001800530e0     dolphin.obj
 0002:000020f0       __xmm@3f7fbe773f7fbe773f7fbe773f7fbe77 00000001800530f0     dolphin.obj
 0002:00002100       __xmm@3f8000003f8000003f8000003f800000 0000000180053100     dolphin.obj
 0002:00002110       __xmm@437f0000437f0000437f0000437f0000 0000000180053110     dolphin.obj
 0002:00002120       __xmm@80000000800000008000000080000000 0000000180053120     dolphin.obj
 0002:00002130       __xmm@80808080808080808080808080808080 0000000180053130     dolphin.obj
 0002:00002140       __xmm@e09ee565e09ee565e09ee565e09ee565 0000000180053140     dolphin.obj
 0002:00002150       __xmm@e9cf12d0e9cf12d0e9cf12d0e9cf12d0 0000000180053150     dolphin.obj
 0002:00002160       __xmm@eb1a08a9eb1a08a9eb1a08a9eb1a08a9 0000000180053160     dolphin.obj
 0002:00002170       __xmm@f493f493f493f493f493f493f493f493 0000000180053170     dolphin.obj
 0002:00002180       __xmm@f9c31a9df9c31a9df9c31a9df9c31a9d 0000000180053180     dolphin.obj
 0002:00002190       __xmm@fa7efa7efa7efa7efa7efa7efa7efa7e 0000000180053190     dolphin.obj
 0002:000021a0       ??_C@_1CC@FADMNIL@?$AA?$CI?$AAs?$AAt?$AAr?$AAe?$AAa?$AAm?$AA?5?$AA?$CB?$AA?$DN?$AA?5?$AAN?$AAU?$AAL?$AAL?$AA?$CJ?$AA?$AA@ 00000001800531a0     LIBCMTD:feoferr.obj
 0002:000021c4       ??_C@_15GANGMFKL@?$AA?$CF?$AAs?$AA?$AA@ 00000001800531c4     LIBCMTD:feoferr.obj
 0002:000021d0       ??_C@_1FC@KMCLOOLI@?$AAf?$AA?3?$AA?2?$AAd?$AAd?$AA?2?$AAv?$AAc?$AAt?$AAo?$AAo?$AAl?$AAs?$AA?2?$AAc?$AAr?$AAt?$AA?2?$AAc?$AAr?$AAt?$AAw?$AA3?$AA2?$AA?2?$AAs?$AAt?$AAd?$AAi?$AAo?$AA?2?$AAf@ 00000001800531d0     LIBCMTD:feoferr.obj
 0002:00002228       ??_C@_19LPGIFIDB@?$AAf?$AAe?$AAo?$AAf?$AA?$AA@ 0000000180053228     LIBCMTD:feoferr.obj
 0002:00002240       ??_C@_1EO@KDKHJMND@?$AAf?$AA?3?$AA?2?$AAd?$AAd?$AA?2?$AAv?$AAc?$AAt?$AAo?$AAo?$AAl?$AAs?$AA?2?$AAc?$AAr?$AAt?$AA?2?$AAc?$AAr?$AAt?$AAw?$AA3?$AA2?$AA?2?$AAs?$AAt?$AAd?$AAi?$AAo?$AA?2?$AAf@ 0000000180053240     LIBCMTD:fread.obj
 0002:00002290       ??_C@_1BA@CMLCEIGG@?$AAf?$AAr?$AAe?$AAa?$AAd?$AA_?$AAs?$AA?$AA@ 0000000180053290     LIBCMTD:fread.obj
 0002:000022a0       ??_C@_1CC@CGFEEBMC@?$AA?$CI?$AAb?$AAu?$AAf?$AAf?$AAe?$AAr?$AA?5?$AA?$CB?$AA?$DN?$AA?5?$AAN?$AAU?$AAL?$AAL?$AA?$CJ?$AA?$AA@ 00000001800532a0     LIBCMTD:fread.obj
 0002:000022c8       ??_C@_1CA@IDPOGFL@?$AA_?$AAf?$AAr?$AAe?$AAa?$AAd?$AA_?$AAn?$AAo?$AAl?$AAo?$AAc?$AAk?$AA_?$AAs?$AA?$AA@ 00000001800532c8     LIBCMTD:fread.obj
 0002:000022f0       ??_C@_1EA@FAMECDND@?$AAn?$AAu?$AAm?$AA?5?$AA?$DM?$AA?$DN?$AA?5?$AA?$CI?$AAS?$AAI?$AAZ?$AAE?$AA_?$AAM?$AAA?$AAX?$AA?5?$AA?1?$AA?5?$AAe?$AAl?$AAe?$AAm?$AAe?$AAn?$AAt?$AAS?$AAi?$AAz?$AAe?$AA?$CJ?$AA?$AA@ 00000001800532f0     LIBCMTD:fread.obj
 0002:00002330       ??_C@_1LG@DCNDJCHK@?$AA?$CI?$AA?$CC?$AAI?$AAn?$AAc?$AAo?$AAn?$AAs?$AAi?$AAs?$AAt?$AAe?$AAn?$AAt?$AA?5?$AAS?$AAt?$AAr?$AAe?$AAa?$AAm?$AA?5?$AAC?$AAo?$AAu?$AAn?$AAt?$AA?4?$AA?5?$AAF?$AAl?$AAu@ 0000000180053330     LIBCMTD:fread.obj
 0002:000023e8       ??_C@_1DA@DKEFLDMG@?$AA?$CI?$AA?$CC?$AAb?$AAu?$AAf?$AAf?$AAe?$AAr?$AA?5?$AAt?$AAo?$AAo?$AA?5?$AAs?$AAm?$AAa?$AAl?$AAl?$AA?$CC?$AA?0?$AA?5?$AA0?$AA?$CJ?$AA?$AA@ 00000001800533e8     LIBCMTD:fread.obj
 0002:00002420       ??_C@_1EO@OOGDMPHD@?$AAf?$AA?3?$AA?2?$AAd?$AAd?$AA?2?$AAv?$AAc?$AAt?$AAo?$AAo?$AAl?$AAs?$AA?2?$AAc?$AAr?$AAt?$AA?2?$AAc?$AAr?$AAt?$AAw?$AA3?$AA2?$AA?2?$AAs?$AAt?$AAd?$AAi?$AAo?$AA?2?$AAf@ 0000000180053420     LIBCMTD:fseek.obj
 0002:00002470       ??_C@_1M@HCCOIONH@?$AAf?$AAs?$AAe?$AAe?$AAk?$AA?$AA@ 0000000180053470     LIBCMTD:fseek.obj
 0002:00002480       ??_C@_1IO@PMHBOLJK@?$AA?$CI?$AA?$CI?$AAw?$AAh?$AAe?$AAn?$AAc?$AAe?$AA?5?$AA?$DN?$AA?$DN?$AA?5?$AAS?$AAE?$AAE?$AAK?$AA_?$AAS?$AAE?$AAT?$AA?$CJ?$AA?5?$AA?$HM?$AA?$HM?$AA?5?$AA?$CI?$AAw?$AAh?$AAe?$AAn?$AAc?$AAe@ 0000000180053480     LIBCMTD:fseek.obj
 0002:00002510       __real@0000000000000000    0000000180053510     LIBCMTD:ldexp.obj
 0002:00002518       __real@3ff0000000000000    0000000180053518     LIBCMTD:ldexp.obj
 0002:00002548       ??_C@_1BK@LAOAACLJ@?$AAn?$AAp?$AAt?$AAr?$AA?5?$AA?$CB?$AA?$DN?$AA?5?$AAN?$AAU?$AAL?$AAL?$AA?$AA@ 0000000180053548     LIBCMTD:strtol.obj
 0002:00002570       ??_C@_1FE@OOICPOFH@?$AAf?$AA?3?$AA?2?$AAd?$AAd?$AA?2?$AAv?$AAc?$AAt?$AAo?$AAo?$AAl?$AAs?$AA?2?$AAc?$AAr?$AAt?$AA?2?$AAc?$AAr?$AAt?$AAw?$AA3?$AA2?$AA?2?$AAc?$AAo?$AAn?$AAv?$AAe?$AAr?$AAt@ 0000000180053570     LIBCMTD:strtol.obj
 0002:000025c8       ??_C@_1BA@LOLAMAJG@?$AAs?$AAt?$AAr?$AAt?$AAo?$AAx?$AAl?$AA?$AA@ 00000001800535c8     LIBCMTD:strtol.obj
 0002:000025e0       ??_C@_1FE@CEHLKAHD@?$AAi?$AAb?$AAa?$AAs?$AAe?$AA?5?$AA?$DN?$AA?$DN?$AA?5?$AA0?$AA?5?$AA?$HM?$AA?$HM?$AA?5?$AA?$CI?$AA2?$AA?5?$AA?$DM?$AA?$DN?$AA?5?$AAi?$AAb?$AAa?$AAs?$AAe?$AA?5?$AA?$CG?$AA?$CG?$AA?5?$AAi?$AAb?$AAa@ 00000001800535e0     LIBCMTD:strtol.obj
 0002:00002638       ??_C@_17LGKOMLJ@?$AA?4?$AA?4?$AA?4?$AA?$AA@ 0000000180053638     LIBCMTD:wassert.obj
 0002:00002640       ??_C@_13LBAGMAIH@?$AA?6?$AA?$AA@ 0000000180053640     LIBCMTD:wassert.obj
 0002:00002644       ??_C@_15IABLJNFO@?$AA?6?$AA?6?$AA?$AA@ 0000000180053644     LIBCMTD:wassert.obj
 0002:00002650       ??_C@_1EO@DPPHNOPL@?$AAf?$AA?3?$AA?2?$AAd?$AAd?$AA?2?$AAv?$AAc?$AAt?$AAo?$AAo?$AAl?$AAs?$AA?2?$AAc?$AAr?$AAt?$AA?2?$AAc?$AAr?$AAt?$AAw?$AA3?$AA2?$AA?2?$AAm?$AAi?$AAs?$AAc?$AA?2?$AAa?$AAs@ 0000000180053650     LIBCMTD:wassert.obj
 0002:000026a0       ??_C@_1BC@LNOOMFNA@?$AA_?$AAw?$AAa?$AAs?$AAs?$AAe?$AAr?$AAt?$AA?$AA@ 00000001800536a0     LIBCMTD:wassert.obj
 0002:000026c0       ??_C@_1GM@PANFFKAD@?$AAw?$AAc?$AAs?$AAc?$AAp?$AAy?$AA_?$AAs?$AA?$CI?$AA?5?$AAa?$AAs?$AAs?$AAe?$AAr?$AAt?$AAb?$AAu?$AAf?$AA?0?$AA?5?$AA?$CI?$AA6?$AA4?$AA?5?$AA?$CK?$AA?5?$AA9?$AA?$CJ?$AA?0?$AA?5?$AAL@ 00000001800536c0     LIBCMTD:wassert.obj
 0002:00002730       ??_C@_1CE@OJBNHDMO@?$AAA?$AAs?$AAs?$AAe?$AAr?$AAt?$AAi?$AAo?$AAn?$AA?5?$AAf?$AAa?$AAi?$AAl?$AAe?$AAd?$AA?$CB?$AA?$AA@ 0000000180053730     LIBCMTD:wassert.obj
 0002:00002760       ??_C@_1FI@OJONHFCN@?$AAw?$AAc?$AAs?$AAc?$AAa?$AAt?$AA_?$AAs?$AA?$CI?$AA?5?$AAa?$AAs?$AAs?$AAe?$AAr?$AAt?$AAb?$AAu?$AAf?$AA?0?$AA?5?$AA?$CI?$AA6?$AA4?$AA?5?$AA?$CK?$AA?5?$AA9?$AA?$CJ?$AA?0?$AA?5?$AAd@ 0000000180053760     LIBCMTD:wassert.obj
 0002:000027c0       ??_C@_1FM@JONFCKBO@?$AAw?$AAc?$AAs?$AAc?$AAa?$AAt?$AA_?$AAs?$AA?$CI?$AA?5?$AAa?$AAs?$AAs?$AAe?$AAr?$AAt?$AAb?$AAu?$AAf?$AA?0?$AA?5?$AA?$CI?$AA6?$AA4?$AA?5?$AA?$CK?$AA?5?$AA9?$AA?$CJ?$AA?0?$AA?5?$AAL@ 00000001800537c0     LIBCMTD:wassert.obj
 0002:00002820       ??_C@_1BE@PHKBBGE@?$AAP?$AAr?$AAo?$AAg?$AAr?$AAa?$AAm?$AA?3?$AA?5?$AA?$AA@ 0000000180053820     LIBCMTD:wassert.obj
 0002:00002840       ??_C@_1HA@EPFCONEE@?$AAw?$AAc?$AAs?$AAc?$AAp?$AAy?$AA_?$AAs?$AA?$CI?$AA?5?$AAp?$AAr?$AAo?$AAg?$AAn?$AAa?$AAm?$AAe?$AA?0?$AA?5?$AA2?$AA6?$AA0?$AA?5?$AA?$CL?$AA?5?$AA1?$AA?0?$AA?5?$AAL?$AA?$CC?$AA?$DM@ 0000000180053840     LIBCMTD:wassert.obj
 0002:000028b0       ??_C@_1CO@EAEJAADC@?$AA?$DM?$AAp?$AAr?$AAo?$AAg?$AAr?$AAa?$AAm?$AA?5?$AAn?$AAa?$AAm?$AAe?$AA?5?$AAu?$AAn?$AAk?$AAn?$AAo?$AAw?$AAn?$AA?$DO?$AA?$AA@ 00000001800538b0     LIBCMTD:wassert.obj
 0002:000028e0       ??_C@_1LK@LGFOFOMH@?$AAm?$AAe?$AAm?$AAc?$AAp?$AAy?$AA_?$AAs?$AA?$CI?$AAp?$AAc?$AAh?$AA?0?$AA?5?$AAs?$AAi?$AAz?$AAe?$AAo?$AAf?$AA?$CI?$AAT?$AAC?$AAH?$AAA?$AAR?$AA?$CJ?$AA?5?$AA?$CK?$AA?5?$AA?$CI?$AA?$CI@ 00000001800538e0     LIBCMTD:wassert.obj
 0002:000029a0       ??_C@_1EK@BFAHOLDO@?$AAw?$AAc?$AAs?$AAc?$AAa?$AAt?$AA_?$AAs?$AA?$CI?$AA?5?$AAa?$AAs?$AAs?$AAe?$AAr?$AAt?$AAb?$AAu?$AAf?$AA?0?$AA?5?$AA?$CI?$AA6?$AA4?$AA?5?$AA?$CK?$AA?5?$AA9?$AA?$CJ?$AA?0?$AA?5?$AAp@ 00000001800539a0     LIBCMTD:wassert.obj
 0002:000029f0       ??_C@_1FC@GNPGDADJ@?$AAw?$AAc?$AAs?$AAc?$AAa?$AAt?$AA_?$AAs?$AA?$CI?$AA?5?$AAa?$AAs?$AAs?$AAe?$AAr?$AAt?$AAb?$AAu?$AAf?$AA?0?$AA?5?$AA?$CI?$AA6?$AA4?$AA?5?$AA?$CK?$AA?5?$AA9?$AA?$CJ?$AA?0?$AA?5?$AAn@ 00000001800539f0     LIBCMTD:wassert.obj
 0002:00002a50       ??_C@_1FG@NHACFNEK@?$AAw?$AAc?$AAs?$AAc?$AAa?$AAt?$AA_?$AAs?$AA?$CI?$AA?5?$AAa?$AAs?$AAs?$AAe?$AAr?$AAt?$AAb?$AAu?$AAf?$AA?0?$AA?5?$AA?$CI?$AA6?$AA4?$AA?5?$AA?$CK?$AA?5?$AA9?$AA?$CJ?$AA?0?$AA?5?$AAL@ 0000000180053a50     LIBCMTD:wassert.obj
 0002:00002aa8       ??_C@_1O@HEMHKNDC@?$AAF?$AAi?$AAl?$AAe?$AA?3?$AA?5?$AA?$AA@ 0000000180053aa8     LIBCMTD:wassert.obj
 0002:00002ac0       ??_C@_1GG@PKOIFPHI@?$AAw?$AAc?$AAs?$AAn?$AAc?$AAa?$AAt?$AA_?$AAs?$AA?$CI?$AA?5?$AAa?$AAs?$AAs?$AAe?$AAr?$AAt?$AAb?$AAu?$AAf?$AA?0?$AA?5?$AA?$CI?$AA6?$AA4?$AA?5?$AA?$CK?$AA?5?$AA9?$AA?$CJ?$AA?0?$AA?5@ 0000000180053ac0     LIBCMTD:wassert.obj
 0002:00002b30       ??_C@_1FG@PLMFGJFG@?$AAw?$AAc?$AAs?$AAc?$AAa?$AAt?$AA_?$AAs?$AA?$CI?$AA?5?$AAa?$AAs?$AAs?$AAe?$AAr?$AAt?$AAb?$AAu?$AAf?$AA?0?$AA?5?$AA?$CI?$AA6?$AA4?$AA?5?$AA?$CK?$AA?5?$AA9?$AA?$CJ?$AA?0?$AA?5?$AAd@ 0000000180053b30     LIBCMTD:wassert.obj
 0002:00002b90       ??_C@_1FO@HPHMICDB@?$AAw?$AAc?$AAs?$AAc?$AAa?$AAt?$AA_?$AAs?$AA?$CI?$AA?5?$AAa?$AAs?$AAs?$AAe?$AAr?$AAt?$AAb?$AAu?$AAf?$AA?0?$AA?5?$AA?$CI?$AA6?$AA4?$AA?5?$AA?$CK?$AA?5?$AA9?$AA?$CJ?$AA?0?$AA?5?$AAp@ 0000000180053b90     LIBCMTD:wassert.obj
 0002:00002bf0       ??_C@_1GO@KNIHEHNA@?$AAw?$AAc?$AAs?$AAn?$AAc?$AAa?$AAt?$AA_?$AAs?$AA?$CI?$AA?5?$AAa?$AAs?$AAs?$AAe?$AAr?$AAt?$AAb?$AAu?$AAf?$AA?0?$AA?5?$AA?$CI?$AA6?$AA4?$AA?5?$AA?$CK?$AA?5?$AA9?$AA?$CJ?$AA?0?$AA?5@ 0000000180053bf0     LIBCMTD:wassert.obj
 0002:00002c60       ??_C@_1HG@FHHFPPED@?$AAw?$AAc?$AAs?$AAn?$AAc?$AAa?$AAt?$AA_?$AAs?$AA?$CI?$AA?5?$AAa?$AAs?$AAs?$AAe?$AAr?$AAt?$AAb?$AAu?$AAf?$AA?0?$AA?5?$AA?$CI?$AA6?$AA4?$AA?5?$AA?$CK?$AA?5?$AA9?$AA?$CJ?$AA?0?$AA?5@ 0000000180053c60     LIBCMTD:wassert.obj
 0002:00002ce0       ??_C@_1IC@JGCGJJHO@?$AAw?$AAc?$AAs?$AAc?$AAa?$AAt?$AA_?$AAs?$AA?$CI?$AA?5?$AAa?$AAs?$AAs?$AAe?$AAr?$AAt?$AAb?$AAu?$AAf?$AA?0?$AA?5?$AA?$CI?$AA6?$AA4?$AA?5?$AA?$CK?$AA?5?$AA9?$AA?$CJ?$AA?0?$AA?5?$AAp@ 0000000180053ce0     LIBCMTD:wassert.obj
 0002:00002d70       ??_C@_1FE@NDOBOCBD@?$AAw?$AAc?$AAs?$AAc?$AAa?$AAt?$AA_?$AAs?$AA?$CI?$AA?5?$AAa?$AAs?$AAs?$AAe?$AAr?$AAt?$AAb?$AAu?$AAf?$AA?0?$AA?5?$AA?$CI?$AA6?$AA4?$AA?5?$AA?$CK?$AA?5?$AA9?$AA?$CJ?$AA?0?$AA?5?$AAf@ 0000000180053d70     LIBCMTD:wassert.obj
 0002:00002dd0       ??_C@_1FG@HLHNIBH@?$AAw?$AAc?$AAs?$AAc?$AAa?$AAt?$AA_?$AAs?$AA?$CI?$AA?5?$AAa?$AAs?$AAs?$AAe?$AAr?$AAt?$AAb?$AAu?$AAf?$AA?0?$AA?5?$AA?$CI?$AA6?$AA4?$AA?5?$AA?$CK?$AA?5?$AA9?$AA?$CJ?$AA?0?$AA?5?$AAL@ 0000000180053dd0     LIBCMTD:wassert.obj
 0002:00002e28       ??_C@_1O@KCAFKHJE@?$AAL?$AAi?$AAn?$AAe?$AA?3?$AA?5?$AA?$AA@ 0000000180053e28     LIBCMTD:wassert.obj
 0002:00002e40       ??_C@_1KG@NJJPHNOK@?$AA_?$AAi?$AAt?$AAo?$AAw?$AA_?$AAs?$AA?$CI?$AA?5?$AAl?$AAi?$AAn?$AAe?$AAn?$AAo?$AA?0?$AA?5?$AAa?$AAs?$AAs?$AAe?$AAr?$AAt?$AAb?$AAu?$AAf?$AA?5?$AA?$CL?$AA?5?$AAw?$AAc?$AAs@ 0000000180053e40     LIBCMTD:wassert.obj
 0002:00002ef0       ??_C@_1GC@CFDADAM@?$AAw?$AAc?$AAs?$AAc?$AAa?$AAt?$AA_?$AAs?$AA?$CI?$AA?5?$AAa?$AAs?$AAs?$AAe?$AAr?$AAt?$AAb?$AAu?$AAf?$AA?0?$AA?5?$AA?$CI?$AA6?$AA4?$AA?5?$AA?$CK?$AA?5?$AA9?$AA?$CJ?$AA?0?$AA?5?$AAL@ 0000000180053ef0     LIBCMTD:wassert.obj
 0002:00002f58       ??_C@_1BK@PEDCIPMA@?$AAE?$AAx?$AAp?$AAr?$AAe?$AAs?$AAs?$AAi?$AAo?$AAn?$AA?3?$AA?5?$AA?$AA@ 0000000180053f58     LIBCMTD:wassert.obj
 0002:00002f80       ??_C@_1CHM@HIHGOMKE@?$AAw?$AAc?$AAs?$AAn?$AAc?$AAa?$AAt?$AA_?$AAs?$AA?$CI?$AA?5?$AAa?$AAs?$AAs?$AAe?$AAr?$AAt?$AAb?$AAu?$AAf?$AA?0?$AA?5?$AA?$CI?$AA6?$AA4?$AA?5?$AA?$CK?$AA?5?$AA9?$AA?$CJ?$AA?0?$AA?5@ 0000000180053f80     LIBCMTD:wassert.obj
 0002:00003200       ??_C@_1EM@DAMJKKKC@?$AAw?$AAc?$AAs?$AAc?$AAa?$AAt?$AA_?$AAs?$AA?$CI?$AA?5?$AAa?$AAs?$AAs?$AAe?$AAr?$AAt?$AAb?$AAu?$AAf?$AA?0?$AA?5?$AA?$CI?$AA6?$AA4?$AA?5?$AA?$CK?$AA?5?$AA9?$AA?$CJ?$AA?0?$AA?5?$AAe@ 0000000180054200     LIBCMTD:wassert.obj
 0002:00003250       ??_C@_1BCO@GAGHDLIF@?$AAw?$AAc?$AAs?$AAc?$AAa?$AAt?$AA_?$AAs?$AA?$CI?$AAa?$AAs?$AAs?$AAe?$AAr?$AAt?$AAb?$AAu?$AAf?$AA?0?$AA?5?$AA?$CI?$AA6?$AA4?$AA?5?$AA?$CK?$AA?5?$AA9?$AA?$CJ?$AA?0?$AA?5?$AAL?$AA?$CC@ 0000000180054250     LIBCMTD:wassert.obj
 0002:00003380       ??_C@_1OA@EGMLFBHJ@?$AAF?$AAo?$AAr?$AA?5?$AAi?$AAn?$AAf?$AAo?$AAr?$AAm?$AAa?$AAt?$AAi?$AAo?$AAn?$AA?5?$AAo?$AAn?$AA?5?$AAh?$AAo?$AAw?$AA?5?$AAy?$AAo?$AAu?$AAr?$AA?5?$AAp?$AAr?$AAo?$AAg@ 0000000180054380     LIBCMTD:wassert.obj
 0002:00003460       ??_C@_1FG@IFIHHMNM@?$AAw?$AAc?$AAs?$AAc?$AAa?$AAt?$AA_?$AAs?$AA?$CI?$AAa?$AAs?$AAs?$AAe?$AAr?$AAt?$AAb?$AAu?$AAf?$AA?0?$AA?5?$AA?$CI?$AA6?$AA4?$AA?5?$AA?$CK?$AA?5?$AA9?$AA?$CJ?$AA?0?$AA?5?$AAd?$AAb@ 0000000180054460     LIBCMTD:wassert.obj
 0002:000034c0       ??_C@_1LO@CHAFGADE@?$AAw?$AAc?$AAs?$AAc?$AAa?$AAt?$AA_?$AAs?$AA?$CI?$AAa?$AAs?$AAs?$AAe?$AAr?$AAt?$AAb?$AAu?$AAf?$AA?0?$AA?5?$AA?$CI?$AA6?$AA4?$AA?5?$AA?$CK?$AA?5?$AA9?$AA?$CJ?$AA?0?$AA?5?$AAL?$AA?$CC@ 00000001800544c0     LIBCMTD:wassert.obj
 0002:00003580       ??_C@_1HK@POCJMFGK@?$AA?$CI?$AAP?$AAr?$AAe?$AAs?$AAs?$AA?5?$AAR?$AAe?$AAt?$AAr?$AAy?$AA?5?$AAt?$AAo?$AA?5?$AAd?$AAe?$AAb?$AAu?$AAg?$AA?5?$AAt?$AAh?$AAe?$AA?5?$AAa?$AAp?$AAp?$AAl?$AAi?$AAc@ 0000000180054580     LIBCMTD:wassert.obj
 0002:00003600       ??_C@_1EK@MBDPDCGA@?$AAM?$AAi?$AAc?$AAr?$AAo?$AAs?$AAo?$AAf?$AAt?$AA?5?$AAV?$AAi?$AAs?$AAu?$AAa?$AAl?$AA?5?$AAC?$AA?$CL?$AA?$CL?$AA?5?$AAR?$AAu?$AAn?$AAt?$AAi?$AAm?$AAe?$AA?5?$AAL?$AAi?$AAb@ 0000000180054600     LIBCMTD:wassert.obj
 0002:00004150       ??_C@_05KGFAIMPG@sqrtf?$AA@ 0000000180055150     LIBCMTD:sqrtf.obj
 0002:00004158       _FPinit                    0000000180055158     LIBCMTD:fpinit.obj
 0002:00004160       _pRawDllMain               0000000180055160     LIBCMTD:dllcrt0.obj
 0002:00004160       _pDefaultRawDllMain        0000000180055160     LIBCMTD:dllcrt0.obj
 0002:00004168       ??_C@_0CL@OOIKPIHN@f?3?2dd?2vctools?2crt?2crtw32?2startup@ 0000000180055168     LIBCMTD:dllcrt0.obj
 0002:000041b0       ??_C@_1BA@GLMCNLEM@?$AAW?$AAa?$AAr?$AAn?$AAi?$AAn?$AAg?$AA?$AA@ 00000001800551b0     LIBCMTD:dbgrptw.obj
 0002:000041c0       ??_C@_1M@ILHOPKA@?$AAE?$AAr?$AAr?$AAo?$AAr?$AA?$AA@ 00000001800551c0     LIBCMTD:dbgrptw.obj
 0002:000041d0       ??_C@_1CC@CGHMNGDG@?$AAA?$AAs?$AAs?$AAe?$AAr?$AAt?$AAi?$AAo?$AAn?$AA?5?$AAF?$AAa?$AAi?$AAl?$AAe?$AAd?$AA?$AA@ 00000001800551d0     LIBCMTD:dbgrptw.obj
 0002:00004200       ??_C@_1EO@JACJHHCK@?$AAf?$AA?3?$AA?2?$AAd?$AAd?$AA?2?$AAv?$AAc?$AAt?$AAo?$AAo?$AAl?$AAs?$AA?2?$AAc?$AAr?$AAt?$AA?2?$AAc?$AAr?$AAt?$AAw?$AA3?$AA2?$AA?2?$AAm?$AAi?$AAs?$AAc?$AA?2?$AAd?$AAb@ 0000000180055200     LIBCMTD:dbgrptw.obj
 0002:00004250       ??_C@_1CI@PGJIFDEK@?$AA_?$AA_?$AAc?$AAr?$AAt?$AAM?$AAe?$AAs?$AAs?$AAa?$AAg?$AAe?$AAW?$AAi?$AAn?$AAd?$AAo?$AAw?$AAW?$AA?$AA@ 0000000180055250     LIBCMTD:dbgrptw.obj
 0002:00004280       ??_C@_1GI@DEDNNLCI@?$AAw?$AAc?$AAs?$AAc?$AAp?$AAy?$AA_?$AAs?$AA?$CI?$AAs?$AAz?$AAE?$AAx?$AAe?$AAN?$AAa?$AAm?$AAe?$AA?0?$AA?5?$AA2?$AA6?$AA0?$AA?0?$AA?5?$AAL?$AA?$CC?$AA?$DM?$AAp?$AAr?$AAo?$AAg@ 0000000180055280     LIBCMTD:dbgrptw.obj
 0002:000042f0       ??_C@_1NO@LECLLHOL@?$AAm?$AAe?$AAm?$AAc?$AAp?$AAy?$AA_?$AAs?$AA?$CI?$AAs?$AAz?$AAS?$AAh?$AAo?$AAr?$AAt?$AAP?$AAr?$AAo?$AAg?$AAN?$AAa?$AAm?$AAe?$AA?0?$AA?5?$AAs?$AAi?$AAz?$AAe?$AAo?$AAf@ 00000001800552f0     LIBCMTD:dbgrptw.obj
 0002:000043d0       ??_C@_1OG@PMPPFHAF@?$AA?6?$AA?6?$AAF?$AAo?$AAr?$AA?5?$AAi?$AAn?$AAf?$AAo?$AAr?$AAm?$AAa?$AAt?$AAi?$AAo?$AAn?$AA?5?$AAo?$AAn?$AA?5?$AAh?$AAo?$AAw?$AA?5?$AAy?$AAo?$AAu?$AAr?$AA?5?$AAp?$AAr@ 00000001800553d0     LIBCMTD:dbgrptw.obj
 0002:000044b8       ??_C@_11LOCGONAA@?$AA?$AA@ 00000001800554b8     LIBCMTD:dbgrptw.obj
 0002:000044c0       ??_C@_1BA@GLLGCPCK@?$AA?6?$AAL?$AAi?$AAn?$AAe?$AA?3?$AA?5?$AA?$AA@ 00000001800554c0     LIBCMTD:dbgrptw.obj
 0002:000044d0       ??_C@_1BA@LNHECFIM@?$AA?6?$AAF?$AAi?$AAl?$AAe?$AA?3?$AA?5?$AA?$AA@ 00000001800554d0     LIBCMTD:dbgrptw.obj
 0002:000044e0       ??_C@_1BE@CGCJKGHI@?$AA?6?$AAM?$AAo?$AAd?$AAu?$AAl?$AAe?$AA?3?$AA?5?$AA?$AA@ 00000001800554e0     LIBCMTD:dbgrptw.obj
 0002:00004500       ??_C@_1KM@HNMIBKJH@?$AAD?$AAe?$AAb?$AAu?$AAg?$AA?5?$AA?$CF?$AAs?$AA?$CB?$AA?6?$AA?6?$AAP?$AAr?$AAo?$AAg?$AAr?$AAa?$AAm?$AA?3?$AA?5?$AA?$CF?$AAs?$AA?$CF?$AAs?$AA?$CF?$AAs?$AA?$CF?$AAs?$AA?$CF?$AAs?$AA?$CF?$AAs@ 0000000180055500     LIBCMTD:dbgrptw.obj
 0002:000045b0       ??_C@_1BI@KALLJECN@?$AA?$CI?$AA?$CK?$AA_?$AAe?$AAr?$AAr?$AAn?$AAo?$AA?$CI?$AA?$CJ?$AA?$CJ?$AA?$AA@ 00000001800555b0     LIBCMTD:dbgrptw.obj
 0002:000045d0       ??_C@_1JI@EACPGHID@?$AAw?$AAc?$AAs?$AAc?$AAp?$AAy?$AA_?$AAs?$AA?$CI?$AAs?$AAz?$AAO?$AAu?$AAt?$AAM?$AAe?$AAs?$AAs?$AAa?$AAg?$AAe?$AA?0?$AA?5?$AA4?$AA0?$AA9?$AA6?$AA?0?$AA?5?$AAL?$AA?$CC?$AA_@ 00000001800555d0     LIBCMTD:dbgrptw.obj
 0002:00004670       ??_C@_1FG@BBOLDHGF@?$AA_?$AAC?$AAr?$AAt?$AAD?$AAb?$AAg?$AAR?$AAe?$AAp?$AAo?$AAr?$AAt?$AA?3?$AA?5?$AAS?$AAt?$AAr?$AAi?$AAn?$AAg?$AA?5?$AAt?$AAo?$AAo?$AA?5?$AAl?$AAo?$AAn?$AAg?$AA?5?$AAo@ 0000000180055670     LIBCMTD:dbgrptw.obj
 0002:000046c8       ??_C@_1BI@MFCLPIBM@?$AAs?$AAt?$AAr?$AA?5?$AA?$CB?$AA?$DN?$AA?5?$AAN?$AAU?$AAL?$AAL?$AA?$AA@ 00000001800556c8     LIBCMTD:_filbuf.obj
 0002:000046e0       ??_C@_1FC@KLDIFLFI@?$AAf?$AA?3?$AA?2?$AAd?$AAd?$AA?2?$AAv?$AAc?$AAt?$AAo?$AAo?$AAl?$AAs?$AA?2?$AAc?$AAr?$AAt?$AA?2?$AAc?$AAr?$AAt?$AAw?$AA3?$AA2?$AA?2?$AAs?$AAt?$AAd?$AAi?$AAo?$AA?2?$AA_@ 00000001800556e0     LIBCMTD:_filbuf.obj
 0002:00004738       ??_C@_1BA@IIKEPOGH@?$AA_?$AAf?$AAi?$AAl?$AAb?$AAu?$AAf?$AA?$AA@ 0000000180055738     LIBCMTD:_filbuf.obj
 0002:00004750       ??_C@_1FA@CKEACION@?$AAf?$AA?3?$AA?2?$AAd?$AAd?$AA?2?$AAv?$AAc?$AAt?$AAo?$AAo?$AAl?$AAs?$AA?2?$AAc?$AAr?$AAt?$AA?2?$AAc?$AAr?$AAt?$AAw?$AA3?$AA2?$AA?2?$AAs?$AAt?$AAd?$AAi?$AAo?$AA?2?$AAf@ 0000000180055750     LIBCMTD:fileno.obj
 0002:000047a0       ??_C@_1BA@JGHIEKKM@?$AA_?$AAf?$AAi?$AAl?$AAe?$AAn?$AAo?$AA?$AA@ 00000001800557a0     LIBCMTD:fileno.obj
 0002:000047b0       ??_C@_0CH@FPHLCLAF@f?3?2dd?2vctools?2crt?2crtw32?2stdio?2_@ 00000001800557b0     LIBCMTD:_file.obj
 0002:000047d8       ??_C@_1BI@GKKCBDMD@?$AAd?$AAs?$AAt?$AA?5?$AA?$CB?$AA?$DN?$AA?5?$AAN?$AAU?$AAL?$AAL?$AA?$AA@ 00000001800557d8     LIBCMTD:memcpy_s.obj
 0002:000047f0       ??_C@_1FG@COJCEIPE@?$AAf?$AA?3?$AA?2?$AAd?$AAd?$AA?2?$AAv?$AAc?$AAt?$AAo?$AAo?$AAl?$AAs?$AA?2?$AAc?$AAr?$AAt?$AA?2?$AAc?$AAr?$AAt?$AAw?$AA3?$AA2?$AA?2?$AAs?$AAt?$AAr?$AAi?$AAn?$AAg?$AA?2@ 00000001800557f0     LIBCMTD:memcpy_s.obj
 0002:00004848       ??_C@_1BC@GKHDJMGB@?$AAm?$AAe?$AAm?$AAc?$AAp?$AAy?$AA_?$AAs?$AA?$AA@ 0000000180055848     LIBCMTD:memcpy_s.obj
 0002:00004860       ??_C@_1BI@DCHLDCPP@?$AAs?$AAr?$AAc?$AA?5?$AA?$CB?$AA?$DN?$AA?5?$AAN?$AAU?$AAL?$AAL?$AA?$AA@ 0000000180055860     LIBCMTD:memcpy_s.obj
 0002:00004878       ??_C@_1CK@DDKKOLAN@?$AAs?$AAi?$AAz?$AAe?$AAI?$AAn?$AAB?$AAy?$AAt?$AAe?$AAs?$AA?5?$AA?$DO?$AA?$DN?$AA?5?$AAc?$AAo?$AAu?$AAn?$AAt?$AA?$AA@ 0000000180055878     LIBCMTD:memcpy_s.obj
 0002:000048b0       ??_C@_1FO@LPCLHKGE@?$AA?$CI?$AAf?$AAh?$AA?5?$AA?$DO?$AA?$DN?$AA?5?$AA0?$AA?5?$AA?$CG?$AA?$CG?$AA?5?$AA?$CI?$AAu?$AAn?$AAs?$AAi?$AAg?$AAn?$AAe?$AAd?$AA?$CJ?$AAf?$AAh?$AA?5?$AA?$DM?$AA?5?$AA?$CI?$AAu?$AAn?$AAs?$AAi@ 00000001800558b0     LIBCMTD:read.obj
 0002:00004910       ??_C@_1EM@BALFJBIJ@?$AAf?$AA?3?$AA?2?$AAd?$AAd?$AA?2?$AAv?$AAc?$AAt?$AAo?$AAo?$AAl?$AAs?$AA?2?$AAc?$AAr?$AAt?$AA?2?$AAc?$AAr?$AAt?$AAw?$AA3?$AA2?$AA?2?$AAl?$AAo?$AAw?$AAi?$AAo?$AA?2?$AAr@ 0000000180055910     LIBCMTD:read.obj
 0002:00004960       ??_C@_1M@NHJOLLDM@?$AA_?$AAr?$AAe?$AAa?$AAd?$AA?$AA@ 0000000180055960     LIBCMTD:read.obj
 0002:00004970       ??_C@_1CM@OKGMMMDH@?$AA?$CI?$AA_?$AAo?$AAs?$AAf?$AAi?$AAl?$AAe?$AA?$CI?$AAf?$AAh?$AA?$CJ?$AA?5?$AA?$CG?$AA?5?$AAF?$AAO?$AAP?$AAE?$AAN?$AA?$CJ?$AA?$AA@ 0000000180055970     LIBCMTD:read.obj
 0002:000049a0       ??_C@_1CC@HBLPFNKH@?$AA?$CI?$AAc?$AAn?$AAt?$AA?5?$AA?$DM?$AA?$DN?$AA?5?$AAI?$AAN?$AAT?$AA_?$AAM?$AAA?$AAX?$AA?$CJ?$AA?$AA@ 00000001800559a0     LIBCMTD:read.obj
 0002:000049d0       ??_C@_1JE@ECKHFIFP@?$AA?$CI?$AA?$CC?$AAI?$AAn?$AAv?$AAa?$AAl?$AAi?$AAd?$AA?5?$AAf?$AAi?$AAl?$AAe?$AA?5?$AAd?$AAe?$AAs?$AAc?$AAr?$AAi?$AAp?$AAt?$AAo?$AAr?$AA?4?$AA?5?$AAF?$AAi?$AAl?$AAe?$AA?5@ 00000001800559d0     LIBCMTD:read.obj
 0002:00004a68       ??_C@_1BK@JJBHNDKJ@?$AA_?$AAr?$AAe?$AAa?$AAd?$AA_?$AAn?$AAo?$AAl?$AAo?$AAc?$AAk?$AA?$AA@ 0000000180055a68     LIBCMTD:read.obj
 0002:00004a88       ??_C@_1CG@OHLJHGGK@?$AA?$CI?$AAi?$AAn?$AAp?$AAu?$AAt?$AAb?$AAu?$AAf?$AA?5?$AA?$CB?$AA?$DN?$AA?5?$AAN?$AAU?$AAL?$AAL?$AA?$CJ?$AA?$AA@ 0000000180055a88     LIBCMTD:read.obj
 0002:00004ab0       ??_C@_1CC@EEOLPHGO@?$AA?$CI?$AA?$CI?$AAc?$AAn?$AAt?$AA?5?$AA?$CG?$AA?5?$AA1?$AA?$CJ?$AA?5?$AA?$DN?$AA?$DN?$AA?5?$AA0?$AA?$CJ?$AA?$AA@ 0000000180055ab0     LIBCMTD:read.obj
 0002:00004ad8       ??_C@_0CG@JHNDLPLJ@f?3?2dd?2vctools?2crt?2crtw32?2lowio?2r@ 0000000180055ad8     LIBCMTD:read.obj
 0002:00004b00       ??_C@_1EO@HNHOEHGA@?$AAf?$AA?3?$AA?2?$AAd?$AAd?$AA?2?$AAv?$AAc?$AAt?$AAo?$AAo?$AAl?$AAs?$AA?2?$AAc?$AAr?$AAt?$AA?2?$AAc?$AAr?$AAt?$AAw?$AA3?$AA2?$AA?2?$AAs?$AAt?$AAd?$AAi?$AAo?$AA?2?$AAf@ 0000000180055b00     LIBCMTD:ftell.obj
 0002:00004b50       ??_C@_1BM@JMKHIAHP@?$AA?$CI?$AAs?$AAt?$AAr?$AA?5?$AA?$CB?$AA?$DN?$AA?5?$AAN?$AAU?$AAL?$AAL?$AA?$CJ?$AA?$AA@ 0000000180055b50     LIBCMTD:ftell.obj
 0002:00004b70       ??_C@_1BM@EPIDANEK@?$AA_?$AAf?$AAt?$AAe?$AAl?$AAl?$AA_?$AAn?$AAo?$AAl?$AAo?$AAc?$AAk?$AA?$AA@ 0000000180055b70     LIBCMTD:ftell.obj
 0002:00004b90       ??_C@_1EO@CCHAPCBN@?$AAf?$AA?3?$AA?2?$AAd?$AAd?$AA?2?$AAv?$AAc?$AAt?$AAo?$AAo?$AAl?$AAs?$AA?2?$AAc?$AAr?$AAt?$AA?2?$AAc?$AAr?$AAt?$AAw?$AA3?$AA2?$AA?2?$AAl?$AAo?$AAw?$AAi?$AAo?$AA?2?$AAl@ 0000000180055b90     LIBCMTD:lseek.obj
 0002:00004be0       ??_C@_1O@EDOIKGHF@?$AA_?$AAl?$AAs?$AAe?$AAe?$AAk?$AA?$AA@ 0000000180055be0     LIBCMTD:lseek.obj
 0002:00004bf0       ??_C@_1DM@LMLOLGJ@?$AA?$CI?$AA?$CC?$AAI?$AAn?$AAv?$AAa?$AAl?$AAi?$AAd?$AA?5?$AAf?$AAi?$AAl?$AAe?$AA?5?$AAd?$AAe?$AAs?$AAc?$AAr?$AAi?$AAp?$AAt?$AAo?$AAr?$AA?$CC?$AA?0?$AA0?$AA?$CJ?$AA?$AA@ 0000000180055bf0     LIBCMTD:lseek.obj
 0002:00004c2c       ??_C@_03KHJOGHMM@exp?$AA@  0000000180055c2c     LIBCMTD:fpexcept.obj
 0002:00004c30       ??_C@_03JGHBODFD@pow?$AA@  0000000180055c30     LIBCMTD:fpexcept.obj
 0002:00004c34       ??_C@_03MGHMBJCF@log?$AA@  0000000180055c34     LIBCMTD:fpexcept.obj
 0002:00004c38       ??_C@_05HGHHAHAP@log10?$AA@ 0000000180055c38     LIBCMTD:fpexcept.obj
 0002:00004c40       ??_C@_04COOMCNPB@sinh?$AA@ 0000000180055c40     LIBCMTD:fpexcept.obj
 0002:00004c48       ??_C@_04HPJJNFIM@cosh?$AA@ 0000000180055c48     LIBCMTD:fpexcept.obj
 0002:00004c50       ??_C@_04FJHINJAO@tanh?$AA@ 0000000180055c50     LIBCMTD:fpexcept.obj
 0002:00004c58       ??_C@_04FIHNOPOL@asin?$AA@ 0000000180055c58     LIBCMTD:fpexcept.obj
 0002:00004c60       ??_C@_04PDIFKINK@acos?$AA@ 0000000180055c60     LIBCMTD:fpexcept.obj
 0002:00004c68       ??_C@_04MLLJIGOK@atan?$AA@ 0000000180055c68     LIBCMTD:fpexcept.obj
 0002:00004c70       ??_C@_05KNGEOGJB@atan2?$AA@ 0000000180055c70     LIBCMTD:fpexcept.obj
 0002:00004c78       ??_C@_04EIAKFFMI@sqrt?$AA@ 0000000180055c78     LIBCMTD:fpexcept.obj
 0002:00004c80       ??_C@_03BLEJJJBH@sin?$AA@  0000000180055c80     LIBCMTD:fpexcept.obj
 0002:00004c84       ??_C@_03LALBNOCG@cos?$AA@  0000000180055c84     LIBCMTD:fpexcept.obj
 0002:00004c88       ??_C@_03IIINPABG@tan?$AA@  0000000180055c88     LIBCMTD:fpexcept.obj
 0002:00004c8c       ??_C@_04GFPJNGEK@ceil?$AA@ 0000000180055c8c     LIBCMTD:fpexcept.obj
 0002:00004c94       ??_C@_05PBJFFIGL@floor?$AA@ 0000000180055c94     LIBCMTD:fpexcept.obj
 0002:00004c9c       ??_C@_04ODHECPBC@fabs?$AA@ 0000000180055c9c     LIBCMTD:fpexcept.obj
 0002:00004ca4       ??_C@_04EHEDPDJG@modf?$AA@ 0000000180055ca4     LIBCMTD:fpexcept.obj
 0002:00004cac       ??_C@_05CEJMAHNP@ldexp?$AA@ 0000000180055cac     LIBCMTD:fpexcept.obj
 0002:00004cb4       ??_C@_05KBKMEMPO@_cabs?$AA@ 0000000180055cb4     LIBCMTD:fpexcept.obj
 0002:00004cbc       ??_C@_06MEIMCGCF@_hypot?$AA@ 0000000180055cbc     LIBCMTD:fpexcept.obj
 0002:00004cc4       ??_C@_04KEPJIHGP@fmod?$AA@ 0000000180055cc4     LIBCMTD:fpexcept.obj
 0002:00004ccc       ??_C@_05GKKHEGJL@frexp?$AA@ 0000000180055ccc     LIBCMTD:fpexcept.obj
 0002:00004cd4       ??_C@_03MJLDFKDL@_y0?$AA@  0000000180055cd4     LIBCMTD:fpexcept.obj
 0002:00004cd8       ??_C@_03NAKIGLHK@_y1?$AA@  0000000180055cd8     LIBCMTD:fpexcept.obj
 0002:00004cdc       ??_C@_03ONILCKOB@_yn?$AA@  0000000180055cdc     LIBCMTD:fpexcept.obj
 0002:00004ce0       ??_C@_05JGDBENOH@_logb?$AA@ 0000000180055ce0     LIBCMTD:fpexcept.obj
 0002:00004ce8       ??_C@_0L@KDOEJCKC@_nextafter?$AA@ 0000000180055ce8     LIBCMTD:fpexcept.obj
[...]
 0004:0000171c       $pdata$__free_lc_time      000000018006d71c     LIBCMTD:inittime.obj
 0004:00001728       $pdata$?__crtLCMapStringA_stat@@YAHPEAUlocaleinfo_struct@@PEB_WKPEBDHPEADHHH@Z 000000018006d728     LIBCMTD:a_map.obj
 0004:00001734       $pdata$?strncnt@@YAHPEBDH@Z 000000018006d734     LIBCMTD:a_map.obj
 0004:00001740       $pdata$_MallocaIsSizeInRange 000000018006d740     LIBCMTD:a_map.obj
 0004:0000174c       $pdata$__crtLCMapStringA   000000018006d74c     LIBCMTD:a_map.obj
 0004:00001758       $pdata$_freea              000000018006d758     LIBCMTD:a_map.obj
 0004:00001764       $pdata$?__crtGetStringTypeA_stat@@YAHPEAUlocaleinfo_struct@@KPEBDHPEAGHH@Z 000000018006d764     LIBCMTD:a_str.obj
 0004:00001770       $pdata$__crtGetStringTypeA 000000018006d770     LIBCMTD:a_str.obj
 0004:0000177c       $pdata$_isleadbyte_l       000000018006d77c     LIBCMTD:_wctype.obj
 0004:00001788       $pdata$isleadbyte          000000018006d788     LIBCMTD:_wctype.obj
 0004:00001794       $pdata$__DestructExceptionObject 000000018006d794     LIBCMTD:frame.obj
 0004:000017a0       $pdata$??0bad_exception@std@@QEAA@AEBV01@@Z 000000018006d7a0     LIBCMTD:frame.obj
 0004:000017ac       $pdata$??0bad_exception@std@@QEAA@PEBD@Z 000000018006d7ac     LIBCMTD:frame.obj
 0004:000017b8       $pdata$??1bad_exception@std@@UEAA@XZ 000000018006d7b8     LIBCMTD:frame.obj
 0004:000017c4       $pdata$??_Gbad_exception@std@@UEAAPEAXI@Z 000000018006d7c4     LIBCMTD:frame.obj
 0004:000017d0       $pdata$?CatchIt@@YAXPEAUEHExceptionRecord@@PEA_KPEAU_CONTEXT@@PEAU_xDISPATCHER_CONTEXT@@PEBU_s_FuncInfo@@PEBU_s_HandlerType@@PEBU_s_CatchableType@@PEBU_s_TryBlockMapEntry@@H1EE@Z 000000018006d7d0     LIBCMTD:frame.obj
 0004:000017dc       $pdata$?ExFilterRethrow@@YAHPEAU_EXCEPTION_POINTERS@@PEAUEHExceptionRecord@@PEAH@Z 000000018006d7dc     LIBCMTD:frame.obj
 0004:000017e8       $pdata$?FindHandler@@YAXPEAUEHExceptionRecord@@PEA_KPEAU_CONTEXT@@PEAU_xDISPATCHER_CONTEXT@@PEBU_s_FuncInfo@@EH1@Z 000000018006d7e8     LIBCMTD:frame.obj
 0004:000017f4       $pdata$?FindHandlerForForeignException@@YAXPEAUEHExceptionRecord@@PEA_KPEAU_CONTEXT@@PEAU_xDISPATCHER_CONTEXT@@PEBU_s_FuncInfo@@HH1@Z 000000018006d7f4     LIBCMTD:frame.obj
 0004:00001800       $pdata$?IsInExceptionSpec@@YAEPEAUEHExceptionRecord@@PEBU_s_ESTypeList@@@Z 000000018006d800     LIBCMTD:frame.obj
 0004:0000180c       $pdata$?Is_bad_exception_allowed@@YAEPEBU_s_ESTypeList@@@Z 000000018006d80c     LIBCMTD:frame.obj
 0004:00001818       $pdata$?__RethrowException@@YAXPEAUEHExceptionRecord@@@Z 000000018006d818     LIBCMTD:frame.obj
 0004:00001824       $pdata$__AdjustPointer     000000018006d824     LIBCMTD:frame.obj
 0004:00001830       $pdata$__BuildCatchObject  000000018006d830     LIBCMTD:frame.obj
 0004:0000183c       $pdata$__BuildCatchObjectHelper 000000018006d83c     LIBCMTD:frame.obj
 0004:00001848       $pdata$__CxxCallCatchBlock 000000018006d848     LIBCMTD:frame.obj
 0004:00001854       $pdata$__FrameUnwindFilter 000000018006d854     LIBCMTD:frame.obj
 0004:00001860       $pdata$__FrameUnwindToState 000000018006d860     LIBCMTD:frame.obj
 0004:0000186c       $pdata$__InternalCxxFrameHandler 000000018006d86c     LIBCMTD:frame.obj
 0004:00001878       $pdata$__TypeMatch         000000018006d878     LIBCMTD:frame.obj
 0004:00001884       $pdata$?__GetCurrentState@@YAHPEA_KPEAU_xDISPATCHER_CONTEXT@@PEBU_s_FuncInfo@@@Z 000000018006d884     LIBCMTD:ehstate.obj
 0004:00001890       $pdata$?__GetUnwindTryBlock@@YAHPEA_KPEAU_xDISPATCHER_CONTEXT@@PEBU_s_FuncInfo@@@Z 000000018006d890     LIBCMTD:ehstate.obj
 0004:0000189c       $pdata$?__SetUnwindTryBlock@@YAXPEA_KPEAU_xDISPATCHER_CONTEXT@@PEBU_s_FuncInfo@@H@Z 000000018006d89c     LIBCMTD:ehstate.obj
 0004:000018a8       $pdata$?__StateFromControlPc@@YAHPEBU_s_FuncInfo@@PEAU_xDISPATCHER_CONTEXT@@@Z 000000018006d8a8     LIBCMTD:ehstate.obj
 0004:000018b4       $pdata$?__StateFromIp@@YAHPEBU_s_FuncInfo@@PEAU_xDISPATCHER_CONTEXT@@_J@Z 000000018006d8b4     LIBCMTD:ehstate.obj
 0004:000018c0       $pdata$?_inconsistency@@YAXXZ 000000018006d8c0     LIBCMTD:hooks.obj
 0004:000018cc       $pdata$?terminate@@YAXXZ   000000018006d8cc     LIBCMTD:hooks.obj
 0004:000018d8       $pdata$_initp_eh_hooks     000000018006d8d8     LIBCMTD:hooks.obj
 0004:000018f0       $pdata$wcsncpy_s           000000018006d8f0     LIBCMTD:wcsncpy_s.obj
 0004:000018fc       $pdata$GetTableIndexFromLocaleName 000000018006d8fc     LIBCMTD:winapinls.obj
 0004:00001908       $pdata$__crtDownlevelLocaleNameToLCID 000000018006d908     LIBCMTD:winapinls.obj
 0004:00001914       $pdata$__crtLCMapStringEx  000000018006d914     LIBCMTD:winapinls.obj
 0004:00001920       $pdata$__wcsnicmp_ascii    000000018006d920     LIBCMTD:winapinls.obj
 0004:0000192c       $pdata$__onexitinit        000000018006d92c     LIBCMTD:onexit.obj
 0004:00001938       $pdata$_onexit             000000018006d938     LIBCMTD:onexit.obj
 0004:00001944       $pdata$_onexit_nolock      000000018006d944     LIBCMTD:onexit.obj
 0004:00001950       $pdata$atexit              000000018006d950     LIBCMTD:onexit.obj
 0004:0000195c       $pdata$_ftbuf              000000018006d95c     LIBCMTD:_sftbuf.obj
 0004:00001968       $pdata$_stbuf              000000018006d968     LIBCMTD:_sftbuf.obj
 0004:00001974       $pdata$_freebuf            000000018006d974     LIBCMTD:_freebuf.obj
 0004:00001980       $pdata$_woutput_l          000000018006d980     LIBCMTD:woutput.obj
 0004:0000198c       $pdata$get_int64_arg       000000018006d98c     LIBCMTD:woutput.obj
 0004:00001998       $pdata$get_int_arg         000000018006d998     LIBCMTD:woutput.obj
 0004:000019a4       $pdata$write_char          000000018006d9a4     LIBCMTD:woutput.obj
 0004:000019a4       $pdata$write_char          000000018006d9a4     LIBCMTD:woutput.obj
 0004:000019b0       $pdata$write_multi_char    000000018006d9b0     LIBCMTD:woutput.obj
 0004:000019b0       $pdata$write_multi_char    000000018006d9b0     LIBCMTD:woutput.obj
 0004:000019bc       $pdata$_flsbuf             000000018006d9bc     LIBCMTD:_flsbuf.obj
 0004:000019c8       $pdata$_woutput_s_l        000000018006d9c8     LIBCMTD:woutputs.obj
 0004:000019d4       $pdata$write_string        000000018006d9d4     LIBCMTD:woutputs.obj
 0004:000019d4       $pdata$write_string        000000018006d9d4     LIBCMTD:woutputs.obj
 0004:000019ec       $pdata$_isdigit_l          000000018006d9ec     LIBCMTD:_ctype.obj
 0004:000019f8       $pdata$isdigit             000000018006d9f8     LIBCMTD:_ctype.obj
 0004:00001a04       $pdata$_tolower_l          000000018006da04     LIBCMTD:tolower.obj
 0004:00001a10       $pdata$tolower             000000018006da10     LIBCMTD:tolower.obj
 0004:00001a1c       $pdata$strcpy_s            000000018006da1c     LIBCMTD:strcpy_s.obj
 0004:00001a28       $pdata$strrchr             000000018006da28     LIBCMTD:strrchr.obj
 0004:00001a34       $pdata$_fptostr            000000018006da34     LIBCMTD:_fptostr.obj
 0004:00001a40       $pdata$__crt_atoflt_l      000000018006da40     LIBCMTD:atodbl.obj
 0004:00001a4c       $pdata$_atodbl_l           000000018006da4c     LIBCMTD:atodbl.obj
 0004:00001a58       $pdata$_atoflt_l           000000018006da58     LIBCMTD:atodbl.obj
 0004:00001a64       $pdata$__dtold             000000018006da64     LIBCMTD:cfout.obj
 0004:00001a70       $pdata$_fltout2            000000018006da70     LIBCMTD:cfout.obj
 0004:00001a7c       $pdata$_fptrap             000000018006da7c     LIBCMTD:crt0fp.obj
 0004:00001a88       $pdata$?x_ismbbtype_l@@YAHPEAUlocaleinfo_struct@@IHH@Z 000000018006da88     LIBCMTD:ismbbyte.obj
 0004:00001a94       $pdata$_ismbblead          000000018006da94     LIBCMTD:ismbbyte.obj
 0004:00001aa0       $pdata$strcat_s            000000018006daa0     LIBCMTD:strcat_s.obj
 0004:00001aac       $pdata$_itoa_s             000000018006daac     LIBCMTD:xtoas.obj
 0004:00001ab8       $pdata$xtoa_s              000000018006dab8     LIBCMTD:xtoas.obj
 0004:00001ac4       $pdata$_mbstowcs_l_helper  000000018006dac4     LIBCMTD:mbstowcs.obj
 0004:00001ad0       $pdata$_mbstowcs_s_l       000000018006dad0     LIBCMTD:mbstowcs.obj
 0004:00001adc       $pdata$mbstowcs_s          000000018006dadc     LIBCMTD:mbstowcs.obj
 0004:00001ae8       $pdata$?wcsncnt@@YA_KPEB_W_K@Z 000000018006dae8     LIBCMTD:wcstombs.obj
 0004:00001af4       $pdata$_wcstombs_l_helper  000000018006daf4     LIBCMTD:wcstombs.obj
 0004:00001b00       $pdata$_wcstombs_s_l       000000018006db00     LIBCMTD:wcstombs.obj
 0004:00001b0c       $pdata$wcstombs_s          000000018006db0c     LIBCMTD:wcstombs.obj
 0004:00001b18       $pdata$_vsnprintf_helper   000000018006db18     LIBCMTD:vsnprnc.obj
 0004:00001b24       $pdata$_vsnprintf_s        000000018006db24     LIBCMTD:vsnprnc.obj
 0004:00001b30       $pdata$_vsnprintf_s_l      000000018006db30     LIBCMTD:vsnprnc.obj
 0004:00001b3c       $pdata$_vsprintf_s_l       000000018006db3c     LIBCMTD:vsnprnc.obj
 0004:00001b48       $pdata$__GSHandlerCheck_SEH 000000018006db48     LIBCMTD:gshandlerseh.obj
 0004:00001b54       $pdata$_fclose_nolock      000000018006db54     LIBCMTD:fclose.obj
 0004:00001b60       $pdata$fclose              000000018006db60     LIBCMTD:fclose.obj
 0004:00001b6c       $pdata$_mbtowc_l           000000018006db6c     LIBCMTD:mbtowc.obj
 0004:00001b78       $pdata$mbtowc              000000018006db78     LIBCMTD:mbtowc.obj
 0004:00001b84       $pdata$_putwch_nolock      000000018006db84     LIBCMTD:putwch.obj
 0004:00001b90       $pdata$get_short_arg       000000018006db90     LIBCMTD:output.obj
 0004:00001b9c       $pdata$??3@YAXPEAX@Z       000000018006db9c     LIBCMTD:dbgdel.obj
 0004:00001bb4       $pdata$?_ValidateExecute@@YAHP6A_JXZ@Z 000000018006dbb4     LIBCMTD:validate.obj
 0004:00001bc0       $pdata$?_ValidateWrite@@YAHPEAXI@Z 000000018006dbc0     LIBCMTD:validate.obj
 0004:00001bc0       $pdata$?_ValidateRead@@YAHPEBXI@Z 000000018006dbc0     LIBCMTD:validate.obj
 0004:00001bd8       $pdata$??1type_info@@UEAA@XZ 000000018006dbd8     LIBCMTD:typinfo.obj
 0004:00001be4       $pdata$??8type_info@@QEBA_NAEBV0@@Z 000000018006dbe4     LIBCMTD:typinfo.obj
 0004:00001bf0       $pdata$??_Gtype_info@@UEAAPEAXI@Z 000000018006dbf0     LIBCMTD:typinfo.obj
 0004:00001bfc       $pdata$??0exception@std@@QEAA@AEBQEBD@Z 000000018006dbfc     LIBCMTD:stdexcpt.obj
 0004:00001c08       $pdata$??0exception@std@@QEAA@AEBV01@@Z 000000018006dc08     LIBCMTD:stdexcpt.obj
 0004:00001c14       $pdata$??1exception@std@@UEAA@XZ 000000018006dc14     LIBCMTD:stdexcpt.obj
 0004:00001c20       $pdata$??4exception@std@@QEAAAEAV01@AEBV01@@Z 000000018006dc20     LIBCMTD:stdexcpt.obj
 0004:00001c2c       $pdata$??_Gexception@std@@UEAAPEAXI@Z 000000018006dc2c     LIBCMTD:stdexcpt.obj
 0004:00001c38       $pdata$?_Copy_str@exception@std@@AEAAXPEBD@Z 000000018006dc38     LIBCMTD:stdexcpt.obj
 0004:00001c44       $pdata$?_Tidy@exception@std@@AEAAXXZ 000000018006dc44     LIBCMTD:stdexcpt.obj
 0004:00001c50       $pdata$?what@exception@std@@UEBAPEBDXZ 000000018006dc50     LIBCMTD:stdexcpt.obj
 0004:00001c5c       $pdata$_CxxThrowException  000000018006dc5c     LIBCMTD:throw.obj
 0004:00001c68       $pdata$_get_printf_count_output 000000018006dc68     LIBCMTD:printf.obj
 0004:00001c74       $pdata$_fputwc_nolock      000000018006dc74     LIBCMTD:fputwc.obj
 0004:00001c80       $pdata$_output_s_l         000000018006dc80     LIBCMTD:outputs.obj
 0004:00001c8c       $pdata$write_char          000000018006dc8c     LIBCMTD:outputs.obj
 0004:00001c98       $pdata$write_multi_char    000000018006dc98     LIBCMTD:outputs.obj
 0004:00001ca4       $pdata$write_string        000000018006dca4     LIBCMTD:outputs.obj
 0004:00001cb0       $pdata$_CopyMan            000000018006dcb0     LIBCMTD:intrncvt.obj
 0004:00001cbc       $pdata$_FillZeroMan        000000018006dcbc     LIBCMTD:intrncvt.obj
 0004:00001cc8       $pdata$_IncMan             000000018006dcc8     LIBCMTD:intrncvt.obj
 0004:00001cd4       $pdata$_IsZeroMan          000000018006dcd4     LIBCMTD:intrncvt.obj
 0004:00001ce0       $pdata$_RoundMan           000000018006dce0     LIBCMTD:intrncvt.obj
 0004:00001cec       $pdata$_ShrMan             000000018006dcec     LIBCMTD:intrncvt.obj
 0004:00001cf8       $pdata$_ZeroTail           000000018006dcf8     LIBCMTD:intrncvt.obj
 0004:00001d04       $pdata$__addl              000000018006dd04     LIBCMTD:intrncvt.obj
 0004:00001d10       $pdata$_ld12cvt            000000018006dd10     LIBCMTD:intrncvt.obj
 0004:00001d1c       $pdata$_ld12tod            000000018006dd1c     LIBCMTD:intrncvt.obj
 0004:00001d28       $pdata$_ld12tof            000000018006dd28     LIBCMTD:intrncvt.obj
 0004:00001d34       $pdata$__ld12mul           000000018006dd34     LIBCMTD:strgtold.obj
 0004:00001d40       $pdata$__multtenpow12      000000018006dd40     LIBCMTD:strgtold.obj
 0004:00001d4c       $pdata$__shl_12            000000018006dd4c     LIBCMTD:strgtold.obj
 0004:00001d58       $pdata$__shr_12            000000018006dd58     LIBCMTD:strgtold.obj
 0004:00001d64       $pdata$__strgtold12_l      000000018006dd64     LIBCMTD:strgtold.obj
 0004:00001d70       $pdata$$I10_OUTPUT         000000018006dd70     LIBCMTD:x10fout.obj
 0004:00001d7c       $pdata$__add_12            000000018006dd7c     LIBCMTD:x10fout.obj
 0004:00001d88       $pdata$_close              000000018006dd88     LIBCMTD:close.obj
 0004:00001d94       $pdata$_close_nolock       000000018006dd94     LIBCMTD:close.obj
 0004:00001da0       $pdata$__termconout        000000018006dda0     LIBCMTD:initcon.obj
 0004:00001dac       $pdata$__initconout        000000018006ddac     LIBCMTD:initcon.obj
 0004:00001db8       $pdata$_wctomb_s_l         000000018006ddb8     LIBCMTD:wctomb.obj
 0004:00001dc4       $pdata$wctomb_s            000000018006ddc4     LIBCMTD:wctomb.obj
 0004:00001dd0       $pdata$?_Type_info_dtor@type_info@@CAXPEAV1@@Z 000000018006ddd0     LIBCMTD:typname.obj
 0004:00001ddc       $pdata$_flswbuf            000000018006dddc     LIBCMTD:_flswbuf.obj
 0004:00001de8       $pdata$__mtold12           000000018006dde8     LIBCMTD:mantold.obj
 0004:00001df4       $pdata$fread_s$fin$0       000000018006ddf4     LIBCMTD:fread.obj
 0004:00001e00       $pdata$fseek$fin$0         000000018006de00     LIBCMTD:fseek.obj
 0004:00001e0c       $pdata$?dtor$0@?0??strtoxl@@YAKPEAUlocaleinfo_struct@@PEBDPEAPEBDHH@Z@4HA 000000018006de0c     LIBCMTD:strtol.obj
 0004:00001e18       $pdata$_CRT_INIT$fin$0     000000018006de18     LIBCMTD:dllcrt0.obj
 0004:00001e24       $pdata$__DllMainCRTStartup$filt$0 000000018006de24     LIBCMTD:dllcrt0.obj
 0004:00001e30       $pdata$fflush$fin$0        000000018006de30     LIBCMTD:fflush.obj
 0004:00001e3c       $pdata$flsall$fin$0        000000018006de3c     LIBCMTD:fflush.obj
 0004:00001e48       $pdata$flsall$fin$1        000000018006de48     LIBCMTD:fflush.obj
 0004:00001e54       $pdata$_ctrlfp$filt$0      000000018006de54     LIBCMTD:fpctrl.obj
 0004:00001e60       $pdata$_heap_alloc_dbg_impl$fin$0 000000018006de60     LIBCMTD:dbgheap.obj
 0004:00001e60       $pdata$?fin$0@?0??_CrtMemDumpAllObjectsSince_stat@@YAXPEBU_CrtMemState@@PEAUlocaleinfo_struct@@@Z@4HA 000000018006de60     LIBCMTD:dbgheap.obj
 0004:00001e60       $pdata$_CrtMemCheckpoint$fin$0 000000018006de60     LIBCMTD:dbgheap.obj
 0004:00001e6c       $pdata$_CrtCheckMemory$fin$0 000000018006de6c     LIBCMTD:dbgheap.obj
 0004:00001e78       $pdata$_free_dbg$fin$0     000000018006de78     LIBCMTD:dbgheap.obj
 0004:00001e84       $pdata$__updatetlocinfo$fin$0 000000018006de84     LIBCMTD:localref.obj
 0004:00001e84       $pdata$_locterm$fin$0      000000018006de84     LIBCMTD:localref.obj
 0004:00001e90       $pdata$?dtor$0@?0??getSystemCP@@YAHH@Z@4HA 000000018006de90     LIBCMTD:mbctype.obj
 0004:00001e9c       $pdata$__updatetmbcinfo$fin$0 000000018006de9c     LIBCMTD:mbctype.obj
 0004:00001e9c       $pdata$_setmbcp$fin$0      000000018006de9c     LIBCMTD:mbctype.obj
 0004:00001ea8       $pdata$_freefls$fin$0      000000018006dea8     LIBCMTD:tidtable.obj
 0004:00001ea8       $pdata$_initptd$fin$0      000000018006dea8     LIBCMTD:tidtable.obj
 0004:00001eb4       $pdata$_freefls$fin$1      000000018006deb4     LIBCMTD:tidtable.obj
 0004:00001eb4       $pdata$_initptd$fin$1      000000018006deb4     LIBCMTD:tidtable.obj
 0004:00001ec0       $pdata$_CallSETranslator$filt$0 000000018006dec0     LIBCMTD:trnsctrl.obj
 0004:00001ecc       $pdata$doexit$fin$0        000000018006decc     LIBCMTD:crt0dat.obj
 0004:00001ed8       $pdata$setvbuf$fin$0       000000018006ded8     LIBCMTD:setvbuf.obj
 0004:00001ed8       $pdata$fclose$fin$0        000000018006ded8     LIBCMTD:setvbuf.obj
 0004:00001ee4       $pdata$fwprintf$fin$0      000000018006dee4     LIBCMTD:fwprintf.obj
 0004:00001ef0       $pdata$raise$fin$0         000000018006def0     LIBCMTD:winsig.obj
 0004:00001efc       $pdata$_ioinit$fin$0       000000018006defc     LIBCMTD:ioinit.obj
 0004:00001f08       $pdata$__lock_fhandle$fin$0 000000018006df08     LIBCMTD:mlock.obj
 0004:00001f08       $pdata$_mtinitlocknum$fin$0 000000018006df08     LIBCMTD:mlock.obj
 0004:00001f14       $pdata$_VCrtDbgReportA$fin$0 000000018006df14     LIBCMTD:dbgrptt.obj
 0004:00001f20       $pdata$_VCrtDbgReportA$fin$1 000000018006df20     LIBCMTD:dbgrptt.obj
 0004:00001f2c       $pdata$_VCrtDbgReportW$fin$0 000000018006df2c     LIBCMTD:dbgrptt.obj
 0004:00001f38       $pdata$_VCrtDbgReportW$fin$1 000000018006df38     LIBCMTD:dbgrptt.obj
 0004:00001f44       $pdata$_fcloseall$fin$0    000000018006df44     LIBCMTD:closeall.obj
 0004:00001f50       $pdata$_IsNonwritableInCurrentImage$filt$0 000000018006df50     LIBCMTD:pesect.obj
 0004:00001f5c       $pdata$_lseeki64$fin$0     000000018006df5c     LIBCMTD:write.obj
 0004:00001f5c       $pdata$_commit$fin$0       000000018006df5c     LIBCMTD:write.obj
 0004:00001f5c       $pdata$_close$fin$0        000000018006df5c     LIBCMTD:write.obj
 0004:00001f5c       $pdata$_lseek$fin$0        000000018006df5c     LIBCMTD:write.obj
 0004:00001f5c       $pdata$_read$fin$0         000000018006df5c     LIBCMTD:write.obj
 0004:00001f5c       $pdata$_write$fin$0        000000018006df5c     LIBCMTD:write.obj
 0004:00001f68       $pdata$__BuildCatchObject$filt$0 000000018006df68     LIBCMTD:frame.obj
 0004:00001f68       $pdata$?filt$0@?0??_inconsistency@@YAXXZ@4HA 000000018006df68     LIBCMTD:frame.obj
 0004:00001f68       $pdata$__BuildCatchObjectHelper$filt$0 000000018006df68     LIBCMTD:frame.obj
 0004:00001f68       $pdata$?filt$0@?0??__crtIsBadReadPtr@@YAHPEBX_K@Z@4HA 000000018006df68     LIBCMTD:frame.obj
 0004:00001f68       $pdata$?filt$0@?0??terminate@@YAXXZ@4HA 000000018006df68     LIBCMTD:frame.obj
 0004:00001f74       $pdata$__CxxCallCatchBlock$filt$0 000000018006df74     LIBCMTD:frame.obj
 0004:00001f80       $pdata$__CxxCallCatchBlock$fin$1 000000018006df80     LIBCMTD:frame.obj
 0004:00001f8c       $pdata$__DestructExceptionObject$filt$0 000000018006df8c     LIBCMTD:frame.obj
 0004:00001f98       $pdata$__FrameUnwindToState$filt$0 000000018006df98     LIBCMTD:frame.obj
 0004:00001fa4       $pdata$__FrameUnwindToState$fin$1 000000018006dfa4     LIBCMTD:frame.obj
 0004:00001fb0       $pdata$_onexit$fin$0       000000018006dfb0     LIBCMTD:onexit.obj
 0004:00001fbc       $pdata$?dtor$0@?0??x_ismbbtype_l@@YAHPEAUlocaleinfo_struct@@IHH@Z@4HA 000000018006dfbc     LIBCMTD:ismbbyte.obj
 0004:00001fc8       $pdata$_CrtSetDbgFlag$fin$0 000000018006dfc8     LIBCMTD:dbgdel.obj
 0004:00001fc8       $pdata$_realloc_dbg$fin$0  000000018006dfc8     LIBCMTD:dbgdel.obj
 0004:00001fc8       $pdata$_msize_dbg$fin$0    000000018006dfc8     LIBCMTD:dbgdel.obj
 0004:00001fc8       $pdata$?fin$0@?0???3@YAXPEAX@Z@4HA 000000018006dfc8     LIBCMTD:dbgdel.obj
 0004:00001fd4       $pdata$?fin$0@?0??_Type_info_dtor@type_info@@CAXPEAV1@@Z@4HA 000000018006dfd4     LIBCMTD:typname.obj
