 dolphin

 Timestamp is 587b8815 (Sun Jan 15 17:32:53 2017)

 Preferred load address is 0000000180000000

 Start         Length     Name                   Class
 0001:00000000 0004deecH .text$mn                CODE
 0001:0004def0 000006abH .text$x                 CODE
 0002:00000000 00000248H .idata$5                DATA
 0002:00000248 00000008H .CRT$XCA                DATA
 0002:00000250 00000008H .CRT$XCZ                DATA
 0002:00000258 00000008H .CRT$XIA                DATA
 0002:00000260 00000028H .CRT$XIC                DATA
 0002:00000288 00000008H .CRT$XIZ                DATA
 0002:00000290 00000008H .CRT$XPA                DATA
 0002:00000298 00000010H .CRT$XPX                DATA
 0002:000002a8 00000008H .CRT$XPXA               DATA
 0002:000002b0 00000008H .CRT$XPZ                DATA
 0002:000002b8 00000008H .CRT$XTA                DATA
 0002:000002c0 00000008H .CRT$XTZ                DATA
 0002:000002d0 0000faa0H .rdata                  DATA
 0002:0000fd70 00000070H .rdata$debug            DATA
 0002:0000fde0 0000016cH .rdata$r                DATA
 0002:0000ff50 00000008H .rtc$IAA                DATA
 0002:0000ff58 00000008H .rtc$IZZ                DATA
 0002:0000ff60 00000008H .rtc$TAA                DATA
 0002:0000ff68 00000008H .rtc$TZZ                DATA
 0002:0000ff70 00001538H .xdata                  DATA
 0002:000114a8 00000084H .xdata$x                DATA
 0002:00011530 00000070H .edata                  DATA
 0002:000115a0 00000014H .idata$2                DATA
 0002:000115b4 00000014H .idata$3                DATA
 0002:000115c8 00000248H .idata$4                DATA
 0002:00011810 00000556H .idata$6                DATA
 0003:00000000 00005ce8H .data                   DATA
 0003:00005ce8 00000070H .data$r                 DATA
 0003:00005d60 00002668H .bss                    DATA
 0004:00000000 00001f20H .pdata                  DATA

  Address         Publics by Value              Rva+Base               Lib:Object

 0000:00000000       ___safe_se_handler_count   0000000000000000     <absolute>
 0000:00000000       ___safe_se_handler_table   0000000000000000     <absolute>
 0000:00000000       __guard_fids_table         0000000000000000     <absolute>
 0000:00000000       __guard_flags              0000000000000000     <absolute>
 0000:00000000       __guard_fids_count         0000000000000000     <absolute>
 0000:00000000       __ImageBase                0000000180000000     <linker-defined>
 0001:00000910       ?GameUpdateAndRenderStub@@YAXPEAUgame_memory@@PEAUgame_input@@PEAUgame_offscreen_buffer@@PEAUgame_sound_output_buffer@@@Z 0000000180001910 f   dolphin.obj
 0001:00000930       ?GameGetSoundSamplesStub@@YAXPEAUgame_memory@@PEAUgame_sound_output_buffer@@@Z 0000000180001930 f   dolphin.obj
 0001:00013e90       ?stbi__tga_read_rgb16@@YAXPEAUstbi__context@@PEAE@Z 0000000180014e90 f   dolphin.obj
 0001:00017350       GameUpdateAndRender        0000000180018350 f   dolphin.obj
 0001:000185d0       GameGetSoundSamples        00000001800195d0 f   dolphin.obj
 0001:00018600       ??D@YA?ATgdVec2@@MT0@@Z    0000000180019600 f i dolphin.obj
 0001:00018650       ??D@YA?ATgdVec2@@T0@M@Z    0000000180019650 f i dolphin.obj
 0001:000186a0       ??D@YA?ATgdVec3@@T0@M@Z    00000001800196a0 f i dolphin.obj
 0001:00018740       ??G@YA?ATgdVec3@@T0@0@Z    0000000180019740 f i dolphin.obj
 0001:000187f0       ??H@YA?ATgdVec2@@T0@0@Z    00000001800197f0 f i dolphin.obj
 0001:00018840       ??H@YA?ATgdVec3@@T0@0@Z    0000000180019840 f i dolphin.obj
 0001:000188f0       ??X@YAAEATgdVec3@@AEAT0@M@Z 00000001800198f0 f i dolphin.obj
 0001:00018990       ?AtomicCompareExchangeUInt32@@YAIPECIII@Z 0000000180019990 f i dolphin.obj
 0001:000189d0       ?BeginTemporaryMemory@@YA?AUtemporary_memory@@PEAUmemory_arena@@@Z 00000001800199d0 f i dolphin.obj
 0001:00018a30       ?EndTemporaryMemory@@YAXUtemporary_memory@@@Z 0000000180019a30 f i dolphin.obj
 0001:00018aa0       ?GetAlignmentOffset@@YA_KPEAUmemory_arena@@_K@Z 0000000180019aa0 f i dolphin.obj
 0001:00018b20       ?GetBitmap@@YAPEAUloaded_bitmap@@PEAUgame_assets@@Ubitmap_id@@@Z 0000000180019b20 f i dolphin.obj
 0001:00018b50       ?GetBitmapDim@@YA?AUbitmap_dimension@@PEAUrender_group@@PEAUloaded_bitmap@@MTgdVec3@@M@Z 0000000180019b50 f i dolphin.obj
 0001:00018d40       ?InitializeMemoryArena@@YAXPEAUmemory_arena@@_KPEAX@Z 0000000180019d40 f i dolphin.obj
 0001:00018d80       ?Linear1ToSRGB255@@YA?ATgdVec4@@T1@@Z 0000000180019d80 f i dolphin.obj
 0001:00018e50       ?PushBitmap@@YAXPEAUrender_group@@PEAUloaded_bitmap@@MTgdVec3@@TgdVec4@@M@Z 0000000180019e50 f i dolphin.obj
 0001:00019080       ?PushBitmap@@YAXPEAUrender_group@@Ubitmap_id@@MTgdVec3@@TgdVec4@@M@Z 000000018001a080 f i dolphin.obj
 0001:00019150       ?PushClear@@YAXPEAUrender_group@@TgdVec4@@@Z 000000018001a150 f i dolphin.obj
 0001:000191a0       ?PushRectangle@@YAXPEAUrender_group@@TgdVec3@@TgdVec2@@TgdVec4@@@Z 000000018001a1a0 f i dolphin.obj
 0001:00019250       ?PushRectangleOutline@@YAXPEAUrender_group@@TgdVec3@@TgdVec2@@TgdVec4@@M@Z 000000018001a250 f i dolphin.obj
 0001:00019700       ?PushRenderElement_@@YAPEAXPEAUrender_group@@IW4render_group_entry_type@@@Z 000000018001a700 f i dolphin.obj
 0001:000197a0       ?PushSize_@@YAPEAXPEAUmemory_arena@@_K1@Z 000000018001a7a0 f i dolphin.obj
 0001:00019860       ?RenderRectangle@@YAXPEAUloaded_bitmap@@TgdVec2@@1TgdVec4@@UgdRect2i@@@Z 000000018001a860 f i dolphin.obj
 0001:00019b90       ?RenderRectangleQuickly@@YAXPEAUloaded_bitmap@@TgdVec2@@110TgdVec4@@UgdRect2i@@@Z 000000018001ab90 f i dolphin.obj
 0001:0001c210       ?RoundReal32ToInt32@@YAHM@Z 000000018001d210 f i dolphin.obj
 0001:0001c240       ?RoundReal32ToUInt32@@YAIM@Z 000000018001d240 f i dolphin.obj
 0001:0001c270       ?SRGB255ToLinear1@@YA?ATgdVec4@@T1@@Z 000000018001d270 f i dolphin.obj
 0001:0001c360       ?SafeRatio0@@YAMMM@Z       000000018001d360 f i dolphin.obj
 0001:0001c3a0       ?SafeRatioN@@YAMMMM@Z      000000018001d3a0 f i dolphin.obj
 0001:0001c3f0       ?SubArena@@YAXPEAUmemory_arena@@0_K1@Z 000000018001d3f0 f i dolphin.obj
 0001:0001c450       ?TopDownAlign@@YA?ATgdVec2@@PEAUloaded_bitmap@@T1@@Z 000000018001d450 f i dolphin.obj
 0001:0001c4c0       ?ldexp@@YAMMH@Z            000000018001d4c0 f i dolphin.obj
 0001:0001c4f0       ?pow@@YAMMM@Z              000000018001d4f0 f i dolphin.obj
 0001:0001c520       ldexpf                     000000018001d520 f i dolphin.obj
 0001:0001c550       feof                       000000018001d550 f   LIBCMTD:feoferr.obj
 0001:0001c610       _fread_nolock_s            000000018001d610 f   LIBCMTD:fread.obj
 0001:0001cf60       fread                      000000018001df60 f   LIBCMTD:fread.obj
 0001:0001cfb0       fread_s                    000000018001dfb0 f   LIBCMTD:fread.obj
 0001:0001d100       _fseek_nolock              000000018001e100 f   LIBCMTD:fseek.obj
 0001:0001d220       fseek                      000000018001e220 f   LIBCMTD:fseek.obj
 0001:0001d3d0       ldexp                      000000018001e3d0 f   LIBCMTD:ldexp.obj
 0001:0001d6d0       roundf                     000000018001e6d0 f   LIBCMTD:roundf.obj
 0001:0001d760       free                       000000018001e760 f   LIBCMTD:dbgfree.obj
 0001:0001d780       malloc                     000000018001e780 f   LIBCMTD:dbgmalloc.obj
 0001:0001d7c0       realloc                    000000018001e7c0 f   LIBCMTD:dbgrealloc.obj
 0001:0001d800       ??0_LocaleUpdate@@QEAA@PEAUlocaleinfo_struct@@@Z 000000018001e800 f i LIBCMTD:strtol.obj
 0001:0001d940       ??1_LocaleUpdate@@QEAA@XZ  000000018001e940 f i LIBCMTD:strtol.obj
 0001:0001d980       ?GetLocaleT@_LocaleUpdate@@QEAAPEAUlocaleinfo_struct@@XZ 000000018001e980 f i LIBCMTD:strtol.obj
 0001:0001e080       strtol                     000000018001f080 f   LIBCMTD:strtol.obj
 0001:0001e100       strncmp                    000000018001f100 f   LIBCMTD:strncmp.obj
 0001:0001e180       _invoke_watson_if_error    000000018001f180 f i LIBCMTD:wassert.obj
 0001:0001e1d0       _wassert                   000000018001f1d0 f   LIBCMTD:wassert.obj
 0001:0001f0b0       __GSHandlerCheck           00000001800200b0 f   LIBCMTD:gshandler.obj
 0001:0001f0f0       __GSHandlerCheckCommon     00000001800200f0 f   LIBCMTD:gshandler.obj
 0001:0001f200       _alloca_probe              0000000180020200 f   LIBCMTD:chkstk.obj
 0001:0001f200       __chkstk                   0000000180020200 f   LIBCMTD:chkstk.obj
 0001:0001f260       __security_check_cookie    0000000180020260 f   LIBCMTD:amdsecgs.obj
 0001:0001f280       cosf                       0000000180020280 f   LIBCMTD:cosf.obj
 0001:0001f780       powf                       0000000180020780 f   LIBCMTD:powf.obj
 0001:00020310       sinf                       0000000180021310 f   LIBCMTD:sinf.obj
 0001:000209e0       sqrtf                      00000001800219e0 f   LIBCMTD:sqrtf.obj
 0001:00020b60       _fpmath                    0000000180021b60 f   LIBCMTD:fpinit.obj
 0001:00020b80       _cfltcvt_init              0000000180021b80 f   LIBCMTD:fpinit.obj
 0001:00020c90       _CRT_INIT                  0000000180021c90 f   LIBCMTD:dllcrt0.obj
 0001:00020eb0       _DllMainCRTStartup         0000000180021eb0 f   LIBCMTD:dllcrt0.obj
 0001:00021050       __DllXcptFilter            0000000180022050 f   LIBCMTD:dllcrt0.obj
 0001:000210a0       _call_reportfault          00000001800220a0 f   LIBCMTD:invarg.obj
 0001:000211d0       _initp_misc_invarg         00000001800221d0 f   LIBCMTD:invarg.obj
 0001:000211f0       _invalid_parameter         00000001800221f0 f   LIBCMTD:invarg.obj
 0001:00021280       _invoke_watson             0000000180022280 f   LIBCMTD:invarg.obj
 0001:000212e0       _CrtDbgReportW             00000001800222e0 f   LIBCMTD:dbgrptw.obj
 0001:00021360       _CrtDbgReportWV            0000000180022360 f i LIBCMTD:dbgrptw.obj
 0001:000213c0       __crtMessageWindowW        00000001800223c0 f   LIBCMTD:dbgrptw.obj
 0001:00021a40       _invoke_watson_if_oneof    0000000180022a40 f i LIBCMTD:dbgrptw.obj
 0001:00021ab0       __doserrno                 0000000180022ab0 f   LIBCMTD:dosmap.obj
 0001:00021ae0       _dosmaperr                 0000000180022ae0 f   LIBCMTD:dosmap.obj
 0001:00021b10       _errno                     0000000180022b10 f   LIBCMTD:dosmap.obj
 0001:00021b40       _get_errno_from_oserr      0000000180022b40 f   LIBCMTD:dosmap.obj
 0001:00021bd0       _filbuf                    0000000180022bd0 f   LIBCMTD:_filbuf.obj
 0001:00021ef0       _fileno                    0000000180022ef0 f   LIBCMTD:fileno.obj
 0001:00021fb0       __initstdio                0000000180022fb0 f   LIBCMTD:_file.obj
 0001:000220b0       __endstdio                 00000001800230b0 f   LIBCMTD:_file.obj
 0001:000220f0       __iob_func                 00000001800230f0 f   LIBCMTD:_file.obj
 0001:00022100       _lock_file                 0000000180023100 f   LIBCMTD:_file.obj
 0001:00022190       _lock_file2                0000000180023190 f   LIBCMTD:_file.obj
 0001:000221e0       _unlock_file               00000001800231e0 f   LIBCMTD:_file.obj
 0001:00022270       _unlock_file2              0000000180023270 f   LIBCMTD:_file.obj
 0001:000222c0       memcpy_s                   00000001800232c0 f   LIBCMTD:memcpy_s.obj
 0001:00022540       memset                     0000000180023540 f   LIBCMTD:memset.obj
 0001:00022770       _read                      0000000180023770 f   LIBCMTD:read.obj
 0001:00022ad0       _read_nolock               0000000180023ad0 f   LIBCMTD:read.obj
 0001:00024630       __C_specific_handler       0000000180025630 f   LIBCMTD:chandler.obj
 0001:00024a50       _ftell_nolock              0000000180025a50 f   LIBCMTD:ftell.obj
 0001:00025110       _lseek                     0000000180026110 f   LIBCMTD:lseek.obj
 0001:000253b0       _lseek_nolock              00000001800263b0 f   LIBCMTD:lseek.obj
 0001:00025540       _fflush_nolock             0000000180026540 f   LIBCMTD:fflush.obj
 0001:000255c0       _flush                     00000001800265c0 f   LIBCMTD:fflush.obj
 0001:000256b0       _flushall                  00000001800266b0 f   LIBCMTD:fflush.obj
 0001:000256d0       fflush                     00000001800266d0 f   LIBCMTD:fflush.obj
 0001:00025890       _copysign                  0000000180026890 f   LIBCMTD:_copysign.obj
 0001:00025920       _decomp                    0000000180026920 f   LIBCMTD:util.obj
 0001:00025a70       _set_exp                   0000000180026a70 f   LIBCMTD:util.obj
 0001:00025ac0       _sptype                    0000000180026ac0 f   LIBCMTD:util.obj
 0001:00025b40       _errcode                   0000000180026b40 f   LIBCMTD:fpexcept.obj
 0001:00025bc0       _except2                   0000000180026bc0 f   LIBCMTD:fpexcept.obj
 0001:00025d80       _handle_exc                0000000180026d80 f   LIBCMTD:fpexcept.obj
 0001:000261e0       _handle_qnan2              00000001800271e0 f   LIBCMTD:fpexcept.obj
 0001:00026270       _raise_exc                 0000000180027270 f   LIBCMTD:fpexcept.obj
 0001:000262d0       _raise_exc_ex              00000001800272d0 f   LIBCMTD:fpexcept.obj
 0001:00026950       _raise_excf                0000000180027950 f   LIBCMTD:fpexcept.obj
 0001:000269b0       _set_errno_from_matherr    00000001800279b0 f   LIBCMTD:fpexcept.obj
 0001:00026a00       _umatherr                  0000000180027a00 f   LIBCMTD:fpexcept.obj
 0001:00026ad0       _clrfp                     0000000180027ad0 f   LIBCMTD:fpctrl.obj
 0001:00026b00       _ctrlfp                    0000000180027b00 f   LIBCMTD:fpctrl.obj
 0001:00026bb0       _set_statfp                0000000180027bb0 f   LIBCMTD:fpctrl.obj
 0001:00026bf0       _statfp                    0000000180027bf0 f   LIBCMTD:fpctrl.obj
 0001:00026c20       _fd_int                    0000000180027c20 f   LIBCMTD:_test.obj
 0001:00027380       _CrtCheckMemory            0000000180028380 f   LIBCMTD:dbgheap.obj
 0001:00027920       _CrtDumpMemoryLeaks        0000000180028920 f   LIBCMTD:dbgheap.obj
 0001:000279e0       _CrtGetCheckCount          00000001800289e0 f   LIBCMTD:dbgheap.obj
 0001:000279f0       _CrtIsValidHeapPointer     00000001800289f0 f   LIBCMTD:dbgheap.obj
 0001:00027a50       _CrtIsValidPointer         0000000180028a50 f   LIBCMTD:dbgheap.obj
 0001:00027a90       _CrtMemCheckpoint          0000000180028a90 f   LIBCMTD:dbgheap.obj
 0001:00027d20       _CrtMemDumpAllObjectsSince 0000000180028d20 f   LIBCMTD:dbgheap.obj
 0001:00027d70       _CrtSetCheckCount          0000000180028d70 f   LIBCMTD:dbgheap.obj
 0001:00027d90       _CrtSetDbgFlag             0000000180028d90 f   LIBCMTD:dbgheap.obj
 0001:00027ed0       _CrtSetDumpClient          0000000180028ed0 f   LIBCMTD:dbgheap.obj
 0001:00027f00       _calloc_dbg                0000000180028f00 f   LIBCMTD:dbgheap.obj
 0001:00027f80       _calloc_dbg_impl           0000000180028f80 f   LIBCMTD:dbgheap.obj
 0001:00028030       _free_dbg                  0000000180029030 f   LIBCMTD:dbgheap.obj
 0001:00028070       _free_dbg_nolock           0000000180029070 f   LIBCMTD:dbgheap.obj
 0001:00028c00       _malloc_dbg                0000000180029c00 f   LIBCMTD:dbgheap.obj
 0001:00028c50       _msize_dbg                 0000000180029c50 f   LIBCMTD:dbgheap.obj
 0001:00028ea0       _nh_malloc_dbg             0000000180029ea0 f   LIBCMTD:dbgheap.obj
 0001:00029230       _realloc_dbg               000000018002a230 f   LIBCMTD:dbgheap.obj
 0001:00029ba0       __addlocaleref             000000018002aba0 f   LIBCMTD:localref.obj
 0001:00029cf0       __freetlocinfo             000000018002acf0 f   LIBCMTD:localref.obj
 0001:0002a0a0       __removelocaleref          000000018002b0a0 f   LIBCMTD:localref.obj
 0001:0002a200       __updatetlocinfo           000000018002b200 f   LIBCMTD:localref.obj
 0001:0002a2a0       _updatetlocinfoEx_nolock   000000018002b2a0 f   LIBCMTD:localref.obj
 0001:0002a340       __initmbctable             000000018002b340 f   LIBCMTD:mbctype.obj
 0001:0002a9d0       __updatetmbcinfo           000000018002b9d0 f   LIBCMTD:mbctype.obj
 0001:0002aae0       _setmbcp                   000000018002bae0 f   LIBCMTD:mbctype.obj
 0001:0002add0       _setmbcp_nolock            000000018002bdd0 f   LIBCMTD:mbctype.obj
 0001:0002b220       _chvalidator               000000018002c220 f   LIBCMTD:isctype.obj
 0001:0002b290       _chvalidator_l             000000018002c290 f   LIBCMTD:isctype.obj
 0001:0002b3a0       _isctype_l                 000000018002c3a0 f   LIBCMTD:isctype.obj
 0001:0002b580       _freefls                   000000018002c580 f   LIBCMTD:tidtable.obj
 0001:0002b790       _freeptd                   000000018002c790 f   LIBCMTD:tidtable.obj
 0001:0002b7e0       _getptd                    000000018002c7e0 f   LIBCMTD:tidtable.obj
 0001:0002b810       _getptd_noexit             000000018002c810 f   LIBCMTD:tidtable.obj
 0001:0002b8e0       _initptd                   000000018002c8e0 f   LIBCMTD:tidtable.obj
 0001:0002ba10       _mtinit                    000000018002ca10 f   LIBCMTD:tidtable.obj
 0001:0002bad0       _mtterm                    000000018002cad0 f   LIBCMTD:tidtable.obj
 0001:0002bb90       ?_GetEstablisherFrame@@YAPEA_KPEA_KPEAU_xDISPATCHER_CONTEXT@@PEBU_s_FuncInfo@@0@Z 000000018002cb90 f   LIBCMTD:trnsctrl.obj
 0001:0002bd00       ?_GetRangeOfTrysToCheck@@YAPEBU_s_TryBlockMapEntry@@PEA_KPEBU_s_FuncInfo@@HHPEAI2PEAU_xDISPATCHER_CONTEXT@@@Z 000000018002cd00 f   LIBCMTD:trnsctrl.obj
 0001:0002bf20       ?__FrameUnwindToEmptyState@@YAXPEA_KPEAU_xDISPATCHER_CONTEXT@@PEBU_s_FuncInfo@@@Z 000000018002cf20 f   LIBCMTD:trnsctrl.obj
 0001:0002bfc0       ?__SehTransFilter@@YAHPEAU_EXCEPTION_POINTERS@@PEAUEHExceptionRecord@@PEA_KPEAU_CONTEXT@@PEAU_xDISPATCHER_CONTEXT@@PEBU_s_FuncInfo@@PEAH@Z 000000018002cfc0 f   LIBCMTD:trnsctrl.obj
 0001:0002c080       _CallSETranslator          000000018002d080 f   LIBCMTD:trnsctrl.obj
 0001:0002c100       _CreateFrameInfo           000000018002d100 f   LIBCMTD:trnsctrl.obj
 0001:0002c180       _FindAndUnlinkFrame        000000018002d180 f   LIBCMTD:trnsctrl.obj
 0001:0002c210       _GetImageBase              000000018002d210 f   LIBCMTD:trnsctrl.obj
 0001:0002c230       _GetThrowImageBase         000000018002d230 f   LIBCMTD:trnsctrl.obj
 0001:0002c250       _IsExceptionObjectToBeDestroyed 000000018002d250 f   LIBCMTD:trnsctrl.obj
 0001:0002c2b0       _SetImageBase              000000018002d2b0 f   LIBCMTD:trnsctrl.obj
 0001:0002c2d0       _SetThrowImageBase         000000018002d2d0 f   LIBCMTD:trnsctrl.obj
 0001:0002c2f0       _UnwindNestedFrames        000000018002d2f0 f   LIBCMTD:trnsctrl.obj
 0001:0002c460       __CxxFrameHandler3         000000018002d460 f   LIBCMTD:trnsctrl.obj
 0001:0002c520       _locterm                   000000018002d520 f   LIBCMTD:wsetloca.obj
 0001:0002c570       __raise_securityfailure    000000018002d570 f   LIBCMTD:gs_report.obj
 0001:0002c5c0       __report_gsfailure         000000018002d5c0 f   LIBCMTD:gs_report.obj
 0001:0002c6a0       __report_rangecheckfailure 000000018002d6a0 f   LIBCMTD:gs_report.obj
 0001:0002c6c0       __report_securityfailure   000000018002d6c0 f   LIBCMTD:gs_report.obj
 0001:0002c760       wcscat_s                   000000018002d760 f   LIBCMTD:wcscat_s.obj
 0001:0002cd90       wcscpy_s                   000000018002dd90 f   LIBCMTD:wcscpy_s.obj
 0001:0002d240       wcslen                     000000018002e240 f   LIBCMTD:wcslen.obj
 0001:0002d290       wcsncat_s                  000000018002e290 f   LIBCMTD:wcsncat_s.obj
 0001:0002da20       __crtCorExitProcess        000000018002ea20 f   LIBCMTD:crt0dat.obj
 0001:0002da70       __crtExitProcess           000000018002ea70 f   LIBCMTD:crt0dat.obj
 0001:0002da90       __freeCrtMemory            000000018002ea90 f   LIBCMTD:crt0dat.obj
 0001:0002dcc0       _amsg_exit                 000000018002ecc0 f   LIBCMTD:crt0dat.obj
 0001:0002dcf0       _cexit                     000000018002ecf0 f   LIBCMTD:crt0dat.obj
 0001:0002dd10       _cinit                     000000018002ed10 f   LIBCMTD:crt0dat.obj
 0001:0002ddc0       _exit                      000000018002edc0 f   LIBCMTD:crt0dat.obj
 0001:0002dde0       _init_pointers             000000018002ede0 f   LIBCMTD:crt0dat.obj
 0001:0002de90       _initterm_e                000000018002ee90 f   LIBCMTD:crt0dat.obj
 0001:0002def0       _lockexit                  000000018002eef0 f   LIBCMTD:crt0dat.obj
 0001:0002df10       _unlockexit                000000018002ef10 f   LIBCMTD:crt0dat.obj
 0001:0002e140       abort                      000000018002f140 f   LIBCMTD:abort.obj
 0001:0002e1d0       _set_error_mode            000000018002f1d0 f   LIBCMTD:errmode.obj
 0001:0002e2e0       _itow_s                    000000018002f2e0 f   LIBCMTD:xtows.obj
 0001:0002e930       setvbuf                    000000018002f930 f   LIBCMTD:setvbuf.obj
 0001:0002ece0       fwprintf                   000000018002fce0 f   LIBCMTD:fwprintf.obj
 0001:0002eec0       _vsnwprintf_s              000000018002fec0 f   LIBCMTD:vswprnc.obj
 0001:0002ef10       _vsnwprintf_s_l            000000018002ff10 f   LIBCMTD:vswprnc.obj
 0001:0002f4c0       _vswprintf_c_l             00000001800304c0 f   LIBCMTD:vswprnc.obj
 0001:0002f530       _vswprintf_helper          0000000180030530 f   LIBCMTD:vswprnc.obj
 0001:0002f880       __get_sigabrt              0000000180030880 f   LIBCMTD:winsig.obj
 0001:0002f8a0       _initp_misc_winsig         00000001800308a0 f   LIBCMTD:winsig.obj
 0001:0002f8e0       raise                      00000001800308e0 f   LIBCMTD:winsig.obj
 0001:0002fd50       __crtMessageBoxW           0000000180030d50 f   LIBCMTD:crtmboxw.obj
 0001:000301c0       __crtMessageBoxWaitThreadW 00000001800311c0 f   LIBCMTD:crtmboxw.obj
 0001:00030210       _FF_MSGBANNER              0000000180031210 f   LIBCMTD:crt0msg.obj
 0001:00030260       _GET_RTERRMSG              0000000180031260 f   LIBCMTD:crt0msg.obj
 0001:000302c0       _NMSG_WRITE                00000001800312c0 f   LIBCMTD:crt0msg.obj
 0001:000306f0       __remainder_piby2d2f_forAsm 00000001800316f0 f   LIBCMTD:remainder_piby2f_forAsm.obj
 0001:00030840       __remainder_piby2_fma3     0000000180031840 f   LIBCMTD:remainder_piby2_forFMA3.obj
 0001:00030a30       __remainder_piby2_fma3_bdl 0000000180031a30 f   LIBCMTD:remainder_piby2_forFMA3.obj
 0001:00030ab0       _cosf_special              0000000180031ab0 f   LIBCMTD:sincos_special.obj
 0001:00030ae0       _sincosf_special           0000000180031ae0 f   LIBCMTD:sincos_special.obj
 0001:00030ce0       _sinf_special              0000000180031ce0 f   LIBCMTD:sincos_special.obj
 0001:00030d10       __fma3_lib_init            0000000180031d10 f   LIBCMTD:fma3_available.obj
 0001:00030d90       _powf_special              0000000180031d90 f   LIBCMTD:pow_special.obj
 0001:00031090       __remainder_piby2d2f_forC  0000000180032090 f   LIBCMTD:remainder_piby2f_forC.obj
 0001:000313f0       _handle_errorf             00000001800323f0 f   LIBCMTD:libm_error.obj
 0001:00031570       ?strrchr@@YAPEADPEADH@Z    0000000180032570 f i LIBCMTD:cvt.obj
 0001:00031590       _cfltcvt                   0000000180032590 f   LIBCMTD:cvt.obj
 0001:000315e0       _cfltcvt_l                 00000001800325e0 f   LIBCMTD:cvt.obj
 0001:00031700       _cftoa_l                   0000000180032700 f   LIBCMTD:cvt.obj
 0001:00032200       _cftoe                     0000000180033200 f   LIBCMTD:cvt.obj
 0001:00032820       _cftoe_l                   0000000180033820 f   LIBCMTD:cvt.obj
 0001:00032f20       _cftof_l                   0000000180033f20 f   LIBCMTD:cvt.obj
 0001:00033200       _cftog_l                   0000000180034200 f   LIBCMTD:cvt.obj
 0001:000335c0       _cropzeros                 00000001800345c0 f   LIBCMTD:cvt.obj
 0001:000335e0       _cropzeros_l               00000001800345e0 f   LIBCMTD:cvt.obj
 0001:00033760       _fassign                   0000000180034760 f   LIBCMTD:cvt.obj
 0001:00033790       _fassign_l                 0000000180034790 f   LIBCMTD:cvt.obj
 0001:00033800       _forcdecpt                 0000000180034800 f   LIBCMTD:cvt.obj
 0001:00033820       _forcdecpt_l               0000000180034820 f   LIBCMTD:cvt.obj
 0001:00033920       _positive                  0000000180034920 f   LIBCMTD:cvt.obj
 0001:000339b0       _initp_misc_cfltcvt_tab    00000001800349b0 f   LIBCMTD:cmiscdat.obj
 0001:00033a00       _XcptFilter                0000000180034a00 f   LIBCMTD:winxfltr.obj
 0001:00033ca0       __CppXcptFilter            0000000180034ca0 f   LIBCMTD:winxfltr.obj
 0001:00033d60       _heap_init                 0000000180034d60 f   LIBCMTD:heapinit.obj
 0001:00033d90       _heap_term                 0000000180034d90 f   LIBCMTD:heapinit.obj
 0001:00033da0       _ioinit                    0000000180034da0 f   LIBCMTD:ioinit.obj
 0001:00034380       _ioterm                    0000000180035380 f   LIBCMTD:ioinit.obj
 0001:00034460       _set_pgmptr                0000000180035460 f i LIBCMTD:stdargv.obj
 0001:00034480       _setargv                   0000000180035480 f   LIBCMTD:stdargv.obj
 0001:00034ae0       _setenvp                   0000000180035ae0 f   LIBCMTD:stdenvp.obj
 0001:00034cf0       __security_init_cookie     0000000180035cf0 f   LIBCMTD:gs_support.obj
 0001:00034e10       DllMain                    0000000180035e10 f   LIBCMTD:dllmain.obj
 0001:00034e30       __crtGetEnvironmentStringsA 0000000180035e30 f   LIBCMTD:a_env.obj
 0001:00035010       __crtCaptureCurrentContext 0000000180036010 f   LIBCMTD:winapisupp.obj
 0001:000350b0       __crtCapturePreviousContext 00000001800360b0 f   LIBCMTD:winapisupp.obj
 0001:00035170       __crtFlsAlloc              0000000180036170 f   LIBCMTD:winapisupp.obj
 0001:000351c0       __crtFlsFree               00000001800361c0 f   LIBCMTD:winapisupp.obj
 0001:00035210       __crtFlsGetValue           0000000180036210 f   LIBCMTD:winapisupp.obj
 0001:00035260       __crtFlsSetValue           0000000180036260 f   LIBCMTD:winapisupp.obj
 0001:000352c0       __crtInitializeCriticalSectionEx 00000001800362c0 f   LIBCMTD:winapisupp.obj
 0001:00035330       __crtIsPackagedApp         0000000180036330 f   LIBCMTD:winapisupp.obj
 0001:00035370       __crtLoadWinApiPointers    0000000180036370 f   LIBCMTD:winapisupp.obj
 0001:00035960       __crtTerminateProcess      0000000180036960 f   LIBCMTD:winapisupp.obj
 0001:00035980       __crtUnhandledException    0000000180036980 f   LIBCMTD:winapisupp.obj
 0001:000359b0       _RTC_Initialize            00000001800369b0 f   LIBCMTD:initsect.obj
 0001:000359f0       _RTC_Terminate             00000001800369f0 f   LIBCMTD:initsect.obj
 0001:00035a30       _CrtDefaultAllocHook       0000000180036a30 f   LIBCMTD:dbghook.obj
 0001:00035a50       __crt_debugger_hook        0000000180036a50 f   LIBCMTD:dbghook.obj
 0001:00035a60       _lock                      0000000180036a60 f   LIBCMTD:mlock.obj
 0001:00035ac0       _mtdeletelocks             0000000180036ac0 f   LIBCMTD:mlock.obj
 0001:00035be0       _mtinitlocknum             0000000180036be0 f   LIBCMTD:mlock.obj
 0001:00035ce0       _mtinitlocks               0000000180036ce0 f   LIBCMTD:mlock.obj
 0001:00035d80       _unlock                    0000000180036d80 f   LIBCMTD:mlock.obj
 0001:00035db0       _snwprintf_s               0000000180036db0 f   LIBCMTD:swprintf.obj
 0001:00035e10       _CrtDbgBreak               0000000180036e10 f   LIBCMTD:dbgrptt.obj
 0001:00035e20       _VCrtDbgReportA            0000000180036e20 f   LIBCMTD:dbgrptt.obj
 0001:000367f0       _VCrtDbgReportW            00000001800377f0 f   LIBCMTD:dbgrptt.obj
 0001:00037330       _getbuf                    0000000180038330 f   LIBCMTD:_getbuf.obj
 0001:00037440       _fcloseall                 0000000180038440 f   LIBCMTD:closeall.obj
 0001:00037550       memcpy                     0000000180038550 f   LIBCMTD:memcpy.obj
 0001:00037550       memmove                    0000000180038550 f   LIBCMTD:memcpy.obj
 0001:00037ac0       __isa_available_init       0000000180038ac0 f   LIBCMTD:cpu_disp.obj
 0001:00037e00       _isatty                    0000000180038e00 f   LIBCMTD:isatty.obj
 0001:00037f10       __lock_fhandle             0000000180038f10 f   LIBCMTD:osfinfo.obj
 0001:00037fe0       _free_osfhnd               0000000180038fe0 f   LIBCMTD:osfinfo.obj
 0001:00038110       _get_osfhandle             0000000180039110 f   LIBCMTD:osfinfo.obj
 0001:00038310       _unlock_fhandle            0000000180039310 f   LIBCMTD:osfinfo.obj
 0001:00038350       _lseeki64                  0000000180039350 f   LIBCMTD:lseeki64.obj
 0001:00038600       _lseeki64_nolock           0000000180039600 f   LIBCMTD:lseeki64.obj
 0001:00038730       _local_unwind              0000000180039730 f   LIBCMTD:jmpuwind.obj
 0001:00038760       _NLG_Notify                0000000180039760 f   LIBCMTD:jmpuwind.obj
 0001:00038780       __NLG_Dispatch2            0000000180039780 f   LIBCMTD:jmpuwind.obj
 0001:00038790       __NLG_Return2              0000000180039790 f   LIBCMTD:jmpuwind.obj
 0001:000387a0       _FindPESection             00000001800397a0 f   LIBCMTD:pesect.obj
 0001:00038850       _IsNonwritableInCurrentImage 0000000180039850 f   LIBCMTD:pesect.obj
 0001:000388e0       _ValidateImageBase         00000001800398e0 f   LIBCMTD:pesect.obj
 0001:00038960       _commit                    0000000180039960 f   LIBCMTD:commit.obj
 0001:00038bf0       _write                     0000000180039bf0 f   LIBCMTD:write.obj
 0001:00038e90       _write_nolock              0000000180039e90 f   LIBCMTD:write.obj
 0001:00039fd0       _matherr                   000000018003afd0 f   LIBCMTD:matherr.obj
 0001:00039ff0       _get_fpsr                  000000018003aff0 f   LIBCMTD:fpsr.obj
 0001:0003a000       _set_fpsr                  000000018003b000 f   LIBCMTD:fpsr.obj
 0001:0003a00a       _fclrf                     000000018003b00a f   LIBCMTD:fpsr.obj
 0001:0003a01e       _frnd                      000000018003b01e f   LIBCMTD:fpsr.obj
 0001:0003a040       _free_base                 000000018003b040 f   LIBCMTD:free.obj
 0001:0003a0a0       _realloc_base              000000018003b0a0 f   LIBCMTD:realloc.obj
 0001:0003a1c0       _expand_base               000000018003b1c0 f   LIBCMTD:expand.obj
 0001:0003a3a0       _CrtDbgReport              000000018003b3a0 f   LIBCMTD:dbgrpt.obj
 0001:0003a420       _CrtDbgReportV             000000018003b420 f i LIBCMTD:dbgrpt.obj
 0001:0003a480       __crtMessageWindowA        000000018003b480 f   LIBCMTD:dbgrpt.obj
 0001:0003ab00       _callnewh                  000000018003bb00 f   LIBCMTD:handler.obj
 0001:0003ab40       _initp_heap_handler        000000018003bb40 f   LIBCMTD:handler.obj
 0001:0003ab60       _heapchk                   000000018003bb60 f   LIBCMTD:heapchk.obj
 0001:0003aba0       _snprintf_s                000000018003bba0 f   LIBCMTD:sprintf.obj
 0001:0003ac00       sprintf_s                  000000018003bc00 f   LIBCMTD:sprintf.obj
 0001:0003ac50       _heap_alloc_base           000000018003bc50 f i LIBCMTD:malloc.obj
 0001:0003acc0       _malloc_base               000000018003bcc0 f   LIBCMTD:malloc.obj
 0001:0003ad60       __free_lconv_mon           000000018003bd60 f   LIBCMTD:initmon.obj
 0001:0003af70       __free_lconv_num           000000018003bf70 f   LIBCMTD:initnum.obj
 0001:0003b050       __free_lc_time             000000018003c050 f   LIBCMTD:inittime.obj
 0001:0003bf90       _MallocaIsSizeInRange      000000018003cf90 f i LIBCMTD:a_map.obj
 0001:0003bfd0       _MarkAllocaS               000000018003cfd0 f i LIBCMTD:a_map.obj
 0001:0003c000       __crtLCMapStringA          000000018003d000 f   LIBCMTD:a_map.obj
 0001:0003c0b0       _freea                     000000018003d0b0 f i LIBCMTD:a_map.obj
 0001:0003c300       __crtGetStringTypeA        000000018003d300 f   LIBCMTD:a_str.obj
 0001:0003c390       _isleadbyte_l              000000018003d390 f i LIBCMTD:_wctype.obj
 0001:0003c3f0       isleadbyte                 000000018003d3f0 f i LIBCMTD:_wctype.obj
 0001:0003c410       __DestructExceptionObject  000000018003d410 f   LIBCMTD:frame.obj
 0001:0003c500       ??0bad_exception@std@@QEAA@AEBV01@@Z 000000018003d500 f i LIBCMTD:frame.obj
 0001:0003c540       ??0bad_exception@std@@QEAA@PEBD@Z 000000018003d540 f i LIBCMTD:frame.obj
 0001:0003c580       ??1bad_exception@std@@UEAA@XZ 000000018003d580 f i LIBCMTD:frame.obj
 0001:0003c5b0       ??_Gbad_exception@std@@UEAAPEAXI@Z 000000018003d5b0 f i LIBCMTD:frame.obj
 0001:0003c5b0       ??_Ebad_exception@std@@UEAAPEAXI@Z 000000018003d5b0 f i LIBCMTD:frame.obj
 0001:0003d580       __AdjustPointer            000000018003e580 f   LIBCMTD:frame.obj
 0001:0003d600       __BuildCatchObject         000000018003e600 f   LIBCMTD:frame.obj
 0001:0003d740       __BuildCatchObjectHelper   000000018003e740 f   LIBCMTD:frame.obj
 0001:0003db70       __CxxCallCatchBlock        000000018003eb70 f   LIBCMTD:frame.obj
 0001:0003dde0       __FrameUnwindFilter        000000018003ede0 f   LIBCMTD:frame.obj
 0001:0003de70       __FrameUnwindToState       000000018003ee70 f   LIBCMTD:frame.obj
 0001:0003e0d0       __InternalCxxFrameHandler  000000018003f0d0 f   LIBCMTD:frame.obj
 0001:0003e4f0       __TypeMatch                000000018003f4f0 f   LIBCMTD:frame.obj
 0001:0003e6e0       ?__GetCurrentState@@YAHPEA_KPEAU_xDISPATCHER_CONTEXT@@PEBU_s_FuncInfo@@@Z 000000018003f6e0 f   LIBCMTD:ehstate.obj
 0001:0003e740       ?__GetUnwindTryBlock@@YAHPEA_KPEAU_xDISPATCHER_CONTEXT@@PEBU_s_FuncInfo@@@Z 000000018003f740 f   LIBCMTD:ehstate.obj
 0001:0003e790       ?__SetState@@YAXPEA_KPEAU_xDISPATCHER_CONTEXT@@PEBU_s_FuncInfo@@H@Z 000000018003f790 f   LIBCMTD:ehstate.obj
 0001:0003e7c0       ?__SetUnwindTryBlock@@YAXPEA_KPEAU_xDISPATCHER_CONTEXT@@PEBU_s_FuncInfo@@H@Z 000000018003f7c0 f   LIBCMTD:ehstate.obj
 0001:0003e830       ?__StateFromControlPc@@YAHPEBU_s_FuncInfo@@PEAU_xDISPATCHER_CONTEXT@@@Z 000000018003f830 f   LIBCMTD:ehstate.obj
 0001:0003e860       ?__StateFromIp@@YAHPEBU_s_FuncInfo@@PEAU_xDISPATCHER_CONTEXT@@_J@Z 000000018003f860 f   LIBCMTD:ehstate.obj
 0001:0003e940       ?_inconsistency@@YAXXZ     000000018003f940 f   LIBCMTD:hooks.obj
 0001:0003e970       ?terminate@@YAXXZ          000000018003f970 f   LIBCMTD:hooks.obj
 0001:0003e9a0       _initp_eh_hooks            000000018003f9a0 f   LIBCMTD:hooks.obj
 0001:0003e9e0       memcmp                     000000018003f9e0 f   LIBCMTD:memcmp.obj
 0001:0003eab0       wcsncpy_s                  000000018003fab0 f   LIBCMTD:wcsncpy_s.obj
 0001:0003f150       GetTableIndexFromLocaleName 0000000180040150 f   LIBCMTD:winapinls.obj
 0001:0003f200       __crtDownlevelLocaleNameToLCID 0000000180040200 f   LIBCMTD:winapinls.obj
 0001:0003f260       __crtLCMapStringEx         0000000180040260 f   LIBCMTD:winapinls.obj
 0001:0003f340       __wcsnicmp_ascii           0000000180040340 f   LIBCMTD:winapinls.obj
 0001:0003f450       __onexitinit               0000000180040450 f   LIBCMTD:onexit.obj
 0001:0003f4c0       _onexit                    00000001800404c0 f   LIBCMTD:onexit.obj
 0001:0003f6d0       atexit                     00000001800406d0 f   LIBCMTD:onexit.obj
 0001:0003f710       _initp_misc_purevirt       0000000180040710 f   LIBCMTD:inithelp.obj
 0001:0003f730       _initp_misc_rand_s         0000000180040730 f   LIBCMTD:rand_s.obj
 0001:0003f750       _ftbuf                     0000000180040750 f   LIBCMTD:_sftbuf.obj
 0001:0003f810       _stbuf                     0000000180040810 f   LIBCMTD:_sftbuf.obj
 0001:0003f9f0       _freebuf                   00000001800409f0 f   LIBCMTD:_freebuf.obj
 0001:0003fab0       _woutput_l                 0000000180040ab0 f   LIBCMTD:woutput.obj
 0001:00041020       get_int64_arg              0000000180042020 f i LIBCMTD:woutput.obj
 0001:00041090       get_int_arg                0000000180042090 f i LIBCMTD:woutput.obj
 0001:000411d0       _flsbuf                    00000001800421d0 f   LIBCMTD:_flsbuf.obj
 0001:00041570       _woutput_s_l               0000000180042570 f   LIBCMTD:woutputs.obj
 0001:00042d90       strlen                     0000000180043d90 f   LIBCMTD:strlen.obj
 0001:00042e40       _isdigit_l                 0000000180043e40 f i LIBCMTD:_ctype.obj
 0001:00042ee0       isdigit                    0000000180043ee0 f i LIBCMTD:_ctype.obj
 0001:00042f20       _tolower_l                 0000000180043f20 f   LIBCMTD:tolower.obj
 0001:00043280       tolower                    0000000180044280 f   LIBCMTD:tolower.obj
 0001:000432d0       strcpy_s                   00000001800442d0 f   LIBCMTD:strcpy_s.obj
 0001:00043770       strrchr                    0000000180044770 f   LIBCMTD:strrchr.obj
 0001:00043b90       _fptostr                   0000000180044b90 f   LIBCMTD:_fptostr.obj
 0001:00043ff0       __crt_atoflt_l             0000000180044ff0 f   LIBCMTD:atodbl.obj
 0001:00044190       _atodbl_l                  0000000180045190 f   LIBCMTD:atodbl.obj
 0001:00044310       _atoflt_l                  0000000180045310 f   LIBCMTD:atodbl.obj
 0001:00044340       __dtold                    0000000180045340 f   LIBCMTD:cfout.obj
 0001:000444f0       _fltout2                   00000001800454f0 f   LIBCMTD:cfout.obj
 0001:00044600       _fptrap                    0000000180045600 f   LIBCMTD:crt0fp.obj
 0001:000446f0       _ismbblead                 00000001800456f0 f   LIBCMTD:ismbbyte.obj
 0001:00044720       strcat_s                   0000000180045720 f   LIBCMTD:strcat_s.obj
 0001:00044d30       _itoa_s                    0000000180045d30 f   LIBCMTD:xtoas.obj
 0001:00045360       _mbstowcs_l_helper         0000000180046360 f   LIBCMTD:mbstowcs.obj
 0001:000458d0       _mbstowcs_s_l              00000001800468d0 f   LIBCMTD:mbstowcs.obj
 0001:00045e60       mbstowcs_s                 0000000180046e60 f   LIBCMTD:mbstowcs.obj
 0001:00045f40       _wcstombs_l_helper         0000000180046f40 f   LIBCMTD:wcstombs.obj
 0001:00046750       _wcstombs_s_l              0000000180047750 f   LIBCMTD:wcstombs.obj
 0001:00046c50       wcstombs_s                 0000000180047c50 f   LIBCMTD:wcstombs.obj
 0001:00046ca0       _vsnprintf_helper          0000000180047ca0 f   LIBCMTD:vsnprnc.obj
 0001:00046f80       _vsnprintf_s               0000000180047f80 f   LIBCMTD:vsnprnc.obj
 0001:00046fd0       _vsnprintf_s_l             0000000180047fd0 f   LIBCMTD:vsnprnc.obj
 0001:00047570       _vsprintf_s_l              0000000180048570 f   LIBCMTD:vsnprnc.obj
 0001:00047900       __GSHandlerCheck_SEH       0000000180048900 f   LIBCMTD:gshandlerseh.obj
 0001:000479c0       _fclose_nolock             00000001800489c0 f   LIBCMTD:fclose.obj
 0001:00047b10       fclose                     0000000180048b10 f   LIBCMTD:fclose.obj
 0001:00047c10       _mbtowc_l                  0000000180048c10 f   LIBCMTD:mbtowc.obj
 0001:00047f50       mbtowc                     0000000180048f50 f   LIBCMTD:mbtowc.obj
 0001:00047f80       _putwch_nolock             0000000180048f80 f   LIBCMTD:putwch.obj
 0001:00047ff0       get_short_arg              0000000180048ff0 f i LIBCMTD:output.obj
 0001:00048060       ??3@YAXPEAX@Z              0000000180049060 f   LIBCMTD:dbgdel.obj
 0001:00048140       strcmp                     0000000180049140 f   LIBCMTD:strcmp.obj
 0001:000481b0       ?_ValidateExecute@@YAHP6A_JXZ@Z 00000001800491b0 f   LIBCMTD:validate.obj
 0001:000481e0       ?_ValidateRead@@YAHPEBXI@Z 00000001800491e0 f   LIBCMTD:validate.obj
 0001:000481e0       ?_ValidateWrite@@YAHPEAXI@Z 00000001800491e0 f   LIBCMTD:validate.obj
 0001:00048220       _CallSettingFrame          0000000180049220 f   LIBCMTD:handlers.obj
 0001:00048260       _GetNextInstrOffset        0000000180049260 f   LIBCMTD:handlers.obj
 0001:00048270       ??1type_info@@UEAA@XZ      0000000180049270 f   LIBCMTD:typinfo.obj
 0001:000482a0       ??8type_info@@QEBA_NAEBV0@@Z 00000001800492a0 f   LIBCMTD:typinfo.obj
 0001:000482f0       ??_Gtype_info@@UEAAPEAXI@Z 00000001800492f0 f i LIBCMTD:typinfo.obj
 0001:000482f0       ??_Etype_info@@UEAAPEAXI@Z 00000001800492f0 f i LIBCMTD:typinfo.obj
 0001:00048330       ??0exception@std@@QEAA@AEBQEBD@Z 0000000180049330 f   LIBCMTD:stdexcpt.obj
 0001:00048380       ??0exception@std@@QEAA@AEBV01@@Z 0000000180049380 f   LIBCMTD:stdexcpt.obj
 0001:000483d0       ??1exception@std@@UEAA@XZ  00000001800493d0 f   LIBCMTD:stdexcpt.obj
 0001:00048400       ??4exception@std@@QEAAAEAV01@AEBV01@@Z 0000000180049400 f   LIBCMTD:stdexcpt.obj
 0001:00048470       ??_Gexception@std@@UEAAPEAXI@Z 0000000180049470 f i LIBCMTD:stdexcpt.obj
 0001:00048470       ??_Eexception@std@@UEAAPEAXI@Z 0000000180049470 f i LIBCMTD:stdexcpt.obj
 0001:000484b0       ?_Copy_str@exception@std@@AEAAXPEBD@Z 00000001800494b0 f   LIBCMTD:stdexcpt.obj
 0001:00048520       ?_Tidy@exception@std@@AEAAXXZ 0000000180049520 f   LIBCMTD:stdexcpt.obj
 0001:00048560       ?what@exception@std@@UEBAPEBDXZ 0000000180049560 f   LIBCMTD:stdexcpt.obj
 0001:000485a0       _CxxThrowException         00000001800495a0 f   LIBCMTD:throw.obj
 0001:000486c0       _get_printf_count_output   00000001800496c0 f   LIBCMTD:printf.obj
 0001:000486f0       _fputwc_nolock             00000001800496f0 f   LIBCMTD:fputwc.obj
 0001:00048b50       _output_s_l                0000000180049b50 f   LIBCMTD:outputs.obj
 0001:0004a730       _CopyMan                   000000018004b730 f i LIBCMTD:intrncvt.obj
 0001:0004a7a0       _FillZeroMan               000000018004b7a0 f i LIBCMTD:intrncvt.obj
 0001:0004a7e0       _IncMan                    000000018004b7e0 f i LIBCMTD:intrncvt.obj
 0001:0004a8c0       _IsZeroMan                 000000018004b8c0 f i LIBCMTD:intrncvt.obj
 0001:0004a900       _RoundMan                  000000018004b900 f i LIBCMTD:intrncvt.obj
 0001:0004aa10       _ShrMan                    000000018004ba10 f i LIBCMTD:intrncvt.obj
 0001:0004ab50       _ZeroTail                  000000018004bb50 f i LIBCMTD:intrncvt.obj
 0001:0004ac00       __addl                     000000018004bc00 f i LIBCMTD:intrncvt.obj
 0001:0004ac60       _ld12cvt                   000000018004bc60 f i LIBCMTD:intrncvt.obj
 0001:0004afd0       _ld12tod                   000000018004bfd0 f   LIBCMTD:intrncvt.obj
 0001:0004b000       _ld12tof                   000000018004c000 f   LIBCMTD:intrncvt.obj
 0001:0004b030       __ld12mul                  000000018004c030 f i LIBCMTD:strgtold.obj
 0001:0004b5a0       __multtenpow12             000000018004c5a0 f i LIBCMTD:strgtold.obj
 0001:0004b6d0       __shl_12                   000000018004c6d0 f i LIBCMTD:strgtold.obj
 0001:0004b770       __shr_12                   000000018004c770 f i LIBCMTD:strgtold.obj
 0001:0004b810       __strgtold12_l             000000018004c810 f   LIBCMTD:strgtold.obj
 0001:0004c5f0       $I10_OUTPUT                000000018004d5f0 f   LIBCMTD:x10fout.obj
 0001:0004ceb0       __add_12                   000000018004deb0 f i LIBCMTD:x10fout.obj
 0001:0004cf90       _close                     000000018004df90 f   LIBCMTD:close.obj
 0001:0004d210       _close_nolock              000000018004e210 f   LIBCMTD:close.obj
 0001:0004d320       __termconout               000000018004e320 f   LIBCMTD:initcon.obj
 0001:0004d350       __initconout               000000018004e350 f   LIBCMTD:initcon.obj
 0001:0004d3a0       _wctomb_s_l                000000018004e3a0 f   LIBCMTD:wctomb.obj
 0001:0004d840       wctomb_s                   000000018004e840 f   LIBCMTD:wctomb.obj
 0001:0004d890       ?_Type_info_dtor@type_info@@CAXPEAV1@@Z 000000018004e890 f   LIBCMTD:typname.obj
 0001:0004d9a0       _flswbuf                   000000018004e9a0 f   LIBCMTD:_flswbuf.obj
 0001:0004dd50       __mtold12                  000000018004ed50 f   LIBCMTD:mantold.obj
 0001:0004dee0       IsProcessorFeaturePresent  000000018004eee0 f   kernel32:KERNEL32.dll
 0001:0004dee6       RtlUnwindEx                000000018004eee6 f   kernel32:KERNEL32.dll
 0002:00000000       __imp_GetStdHandle         0000000180050000     kernel32:KERNEL32.dll
 0002:00000008       __imp_GetFileType          0000000180050008     kernel32:KERNEL32.dll
 0002:00000010       __imp_GetModuleFileNameW   0000000180050010     kernel32:KERNEL32.dll
 0002:00000018       __imp_GetModuleHandleExW   0000000180050018     kernel32:KERNEL32.dll
 0002:00000020       __imp_WriteConsoleW        0000000180050020     kernel32:KERNEL32.dll
 0002:00000028       __imp_GetCommandLineA      0000000180050028     kernel32:KERNEL32.dll
 0002:00000030       __imp_GetCurrentThreadId   0000000180050030     kernel32:KERNEL32.dll
 0002:00000038       __imp_IsDebuggerPresent    0000000180050038     kernel32:KERNEL32.dll
 0002:00000040       __imp_EncodePointer        0000000180050040     kernel32:KERNEL32.dll
 0002:00000048       __imp_DecodePointer        0000000180050048     kernel32:KERNEL32.dll
 0002:00000050       __imp_IsProcessorFeaturePresent 0000000180050050     kernel32:KERNEL32.dll
 0002:00000058       __imp_EnterCriticalSection 0000000180050058     kernel32:KERNEL32.dll
 0002:00000060       __imp_LeaveCriticalSection 0000000180050060     kernel32:KERNEL32.dll
 0002:00000068       __imp_ReadFile             0000000180050068     kernel32:KERNEL32.dll
 0002:00000070       __imp_GetLastError         0000000180050070     kernel32:KERNEL32.dll
 0002:00000078       __imp_MultiByteToWideChar  0000000180050078     kernel32:KERNEL32.dll
 0002:00000080       __imp_GetConsoleMode       0000000180050080     kernel32:KERNEL32.dll
 0002:00000088       __imp_ReadConsoleW         0000000180050088     kernel32:KERNEL32.dll
 0002:00000090       __imp_RtlUnwindEx          0000000180050090     kernel32:KERNEL32.dll
 0002:00000098       __imp_SetFilePointerEx     0000000180050098     kernel32:KERNEL32.dll
 0002:000000a0       __imp_RaiseException       00000001800500a0     kernel32:KERNEL32.dll
 0002:000000a8       __imp_HeapSize             00000001800500a8     kernel32:KERNEL32.dll
 0002:000000b0       __imp_HeapValidate         00000001800500b0     kernel32:KERNEL32.dll
 0002:000000b8       __imp_GetSystemInfo        00000001800500b8     kernel32:KERNEL32.dll
 0002:000000c0       __imp_IsValidCodePage      00000001800500c0     kernel32:KERNEL32.dll
 0002:000000c8       __imp_GetACP               00000001800500c8     kernel32:KERNEL32.dll
 0002:000000d0       __imp_GetOEMCP             00000001800500d0     kernel32:KERNEL32.dll
 0002:000000d8       __imp_GetCPInfo            00000001800500d8     kernel32:KERNEL32.dll
 0002:000000e0       __imp_SetLastError         00000001800500e0     kernel32:KERNEL32.dll
 0002:000000e8       __imp_RtlLookupFunctionEntry 00000001800500e8     kernel32:KERNEL32.dll
 0002:000000f0       __imp_ExitProcess          00000001800500f0     kernel32:KERNEL32.dll
 0002:000000f8       __imp_GetProcAddress       00000001800500f8     kernel32:KERNEL32.dll
 0002:00000100       __imp_WideCharToMultiByte  0000000180050100     kernel32:KERNEL32.dll
 0002:00000108       __imp_OutputDebugStringW   0000000180050108     kernel32:KERNEL32.dll
 0002:00000110       __imp_WaitForSingleObjectEx 0000000180050110     kernel32:KERNEL32.dll
 0002:00000118       __imp_CreateThread         0000000180050118     kernel32:KERNEL32.dll
 0002:00000120       __imp_LoadLibraryExW       0000000180050120     kernel32:KERNEL32.dll
 0002:00000128       __imp_WriteFile            0000000180050128     kernel32:KERNEL32.dll
 0002:00000130       __imp_GetProcessHeap       0000000180050130     kernel32:KERNEL32.dll
 0002:00000138       __imp_DeleteCriticalSection 0000000180050138     kernel32:KERNEL32.dll
 0002:00000140       __imp_GetStartupInfoW      0000000180050140     kernel32:KERNEL32.dll
 0002:00000148       __imp_GetModuleFileNameA   0000000180050148     kernel32:KERNEL32.dll
 0002:00000150       __imp_QueryPerformanceCounter 0000000180050150     kernel32:KERNEL32.dll
 0002:00000158       __imp_GetCurrentProcessId  0000000180050158     kernel32:KERNEL32.dll
 0002:00000160       __imp_GetSystemTimeAsFileTime 0000000180050160     kernel32:KERNEL32.dll
 0002:00000168       __imp_GetEnvironmentStringsW 0000000180050168     kernel32:KERNEL32.dll
 0002:00000170       __imp_FreeEnvironmentStringsW 0000000180050170     kernel32:KERNEL32.dll
 0002:00000178       __imp_RtlCaptureContext    0000000180050178     kernel32:KERNEL32.dll
 0002:00000180       __imp_RtlVirtualUnwind     0000000180050180     kernel32:KERNEL32.dll
 0002:00000188       __imp_UnhandledExceptionFilter 0000000180050188     kernel32:KERNEL32.dll
 0002:00000190       __imp_SetUnhandledExceptionFilter 0000000180050190     kernel32:KERNEL32.dll
 0002:00000198       __imp_InitializeCriticalSectionAndSpinCount 0000000180050198     kernel32:KERNEL32.dll
 0002:000001a0       __imp_GetCurrentProcess    00000001800501a0     kernel32:KERNEL32.dll
 0002:000001a8       __imp_TerminateProcess     00000001800501a8     kernel32:KERNEL32.dll
 0002:000001b0       __imp_TlsAlloc             00000001800501b0     kernel32:KERNEL32.dll
 0002:000001b8       __imp_TlsGetValue          00000001800501b8     kernel32:KERNEL32.dll
 0002:000001c0       __imp_TlsSetValue          00000001800501c0     kernel32:KERNEL32.dll
 0002:000001c8       __imp_TlsFree              00000001800501c8     kernel32:KERNEL32.dll
 0002:000001d0       __imp_GetModuleHandleW     00000001800501d0     kernel32:KERNEL32.dll
 0002:000001d8       __imp_OutputDebugStringA   00000001800501d8     kernel32:KERNEL32.dll
 0002:000001e0       __imp_SetStdHandle         00000001800501e0     kernel32:KERNEL32.dll
 0002:000001e8       __imp_FlushFileBuffers     00000001800501e8     kernel32:KERNEL32.dll
 0002:000001f0       __imp_GetConsoleCP         00000001800501f0     kernel32:KERNEL32.dll
 0002:000001f8       __imp_HeapFree             00000001800501f8     kernel32:KERNEL32.dll
 0002:00000200       __imp_HeapReAlloc          0000000180050200     kernel32:KERNEL32.dll
 0002:00000208       __imp_HeapQueryInformation 0000000180050208     kernel32:KERNEL32.dll
 0002:00000210       __imp_HeapAlloc            0000000180050210     kernel32:KERNEL32.dll
 0002:00000218       __imp_GetStringTypeW       0000000180050218     kernel32:KERNEL32.dll
 0002:00000220       __imp_RtlPcToFileHeader    0000000180050220     kernel32:KERNEL32.dll
 0002:00000228       __imp_LCMapStringW         0000000180050228     kernel32:KERNEL32.dll
 0002:00000230       __imp_CloseHandle          0000000180050230     kernel32:KERNEL32.dll
 0002:00000238       __imp_CreateFileW          0000000180050238     kernel32:KERNEL32.dll
 0002:00000240       \177KERNEL32_NULL_THUNK_DATA 0000000180050240     kernel32:KERNEL32.dll
 0002:00000248       __xc_a                     0000000180050248     LIBCMTD:crt0init.obj
 0002:00000250       __xc_z                     0000000180050250     LIBCMTD:crt0init.obj
 0002:00000258       __xi_a                     0000000180050258     LIBCMTD:crt0init.obj
 0002:00000288       __xi_z                     0000000180050288     LIBCMTD:crt0init.obj
 0002:00000290       __xp_a                     0000000180050290     LIBCMTD:crt0init.obj
 0002:000002b0       __xp_z                     00000001800502b0     LIBCMTD:crt0init.obj
 0002:000002b8       __xt_a                     00000001800502b8     LIBCMTD:crt0init.obj
 0002:000002c0       __xt_z                     00000001800502c0     LIBCMTD:crt0init.obj
 0002:00001de8       ??_C@_0BD@NBFNAMCM@Invalid?5code?5path?$CB?$AA@ 0000000180051de8     dolphin.obj
 0002:00001dfc       __real@00000000            0000000180051dfc     dolphin.obj
 0002:00001e00       __real@3b808081            0000000180051e00     dolphin.obj
 0002:00001e04       __real@3dcccccd            0000000180051e04     dolphin.obj
 0002:00001e08       __real@3ecccccd            0000000180051e08     dolphin.obj
 0002:00001e0c       __real@3f000000            0000000180051e0c     dolphin.obj
 0002:00001e10       __real@3f19999a            0000000180051e10     dolphin.obj
 0002:00001e14       __real@3f800000            0000000180051e14     dolphin.obj
 0002:00001e18       __real@40000000            0000000180051e18     dolphin.obj
 0002:00001e1c       __real@40400000            0000000180051e1c     dolphin.obj
 0002:00001e20       __real@40800000            0000000180051e20     dolphin.obj
 0002:00001e24       __real@40c90fdb            0000000180051e24     dolphin.obj
 0002:00001e28       __real@41200000            0000000180051e28     dolphin.obj
 0002:00001e2c       __real@42200000            0000000180051e2c     dolphin.obj
 0002:00001e30       __real@42900000            0000000180051e30     dolphin.obj
 0002:00001e34       __real@42c80000            0000000180051e34     dolphin.obj
 0002:00001e38       __real@43360000            0000000180051e38     dolphin.obj
 0002:00001e3c       __real@43480000            0000000180051e3c     dolphin.obj
 0002:00001e40       __real@437f0000            0000000180051e40     dolphin.obj
 0002:00001e44       __real@43960000            0000000180051e44     dolphin.obj
 0002:00001e48       __real@43c80000            0000000180051e48     dolphin.obj
 0002:00001e4c       __real@457a0000            0000000180051e4c     dolphin.obj
 0002:00001e50       __xmm@00000000000000000000000000000000 0000000180051e50     dolphin.obj
 0002:00001e60       __xmm@000000ff000000ff000000ff000000ff 0000000180051e60     dolphin.obj
 0002:00001e70       __xmm@00000200000002000000020000000200 0000000180051e70     dolphin.obj
 0002:00001e80       __xmm@00080008000800080008000800080008 0000000180051e80     dolphin.obj
 0002:00001e90       __xmm@00ff00ff00ff00ff00ff00ff00ff00ff 0000000180051e90     dolphin.obj
 0002:00001ea0       __xmm@01010000010100000101000001010000 0000000180051ea0     dolphin.obj
 0002:00001eb0       __xmm@08a914e808a914e808a914e808a914e8 0000000180051eb0     dolphin.obj
 0002:00001ec0       __xmm@11c8e09e11c8e09e11c8e09e11c8e09e 0000000180051ec0     dolphin.obj
 0002:00001ed0       __xmm@11c8f9c311c8f9c311c8f9c311c8f9c3 0000000180051ed0     dolphin.obj
 0002:00001ee0       __xmm@12d0046b12d0046b12d0046b12d0046b 0000000180051ee0     dolphin.obj
 0002:00001ef0       __xmm@166f166f166f166f166f166f166f166f 0000000180051ef0     dolphin.obj
 0002:00001f00       __xmm@1c5a1c5a1c5a1c5a1c5a1c5a1c5a1c5a 0000000180051f00     dolphin.obj
 0002:00001f10       __xmm@3b8080813b8080813b8080813b808081 0000000180051f10     dolphin.obj
 0002:00001f20       __xmm@3f0000003f0000003f0000003f000000 0000000180051f20     dolphin.obj
 0002:00001f30       __xmm@3f7fbe773f7fbe773f7fbe773f7fbe77 0000000180051f30     dolphin.obj
 0002:00001f40       __xmm@3f8000003f8000003f8000003f800000 0000000180051f40     dolphin.obj
 0002:00001f50       __xmm@437f0000437f0000437f0000437f0000 0000000180051f50     dolphin.obj
 0002:00001f60       __xmm@80000000800000008000000080000000 0000000180051f60     dolphin.obj
 0002:00001f70       __xmm@80808080808080808080808080808080 0000000180051f70     dolphin.obj
 0002:00001f80       __xmm@e09ee565e09ee565e09ee565e09ee565 0000000180051f80     dolphin.obj
 0002:00001f90       __xmm@e9cf12d0e9cf12d0e9cf12d0e9cf12d0 0000000180051f90     dolphin.obj
 0002:00001fa0       __xmm@eb1a08a9eb1a08a9eb1a08a9eb1a08a9 0000000180051fa0     dolphin.obj
 0002:00001fb0       __xmm@f493f493f493f493f493f493f493f493 0000000180051fb0     dolphin.obj
 0002:00001fc0       __xmm@f9c31a9df9c31a9df9c31a9df9c31a9d 0000000180051fc0     dolphin.obj
 0002:00001fd0       __xmm@fa7efa7efa7efa7efa7efa7efa7efa7e 0000000180051fd0     dolphin.obj
 0002:00001fe0       ??_C@_1CC@FADMNIL@?$AA?$CI?$AAs?$AAt?$AAr?$AAe?$AAa?$AAm?$AA?5?$AA?$CB?$AA?$DN?$AA?5?$AAN?$AAU?$AAL?$AAL?$AA?$CJ?$AA?$AA@ 0000000180051fe0     LIBCMTD:feoferr.obj
 0002:00002004       ??_C@_15GANGMFKL@?$AA?$CF?$AAs?$AA?$AA@ 0000000180052004     LIBCMTD:feoferr.obj
 0002:00002010       ??_C@_1FC@KMCLOOLI@?$AAf?$AA?3?$AA?2?$AAd?$AAd?$AA?2?$AAv?$AAc?$AAt?$AAo?$AAo?$AAl?$AAs?$AA?2?$AAc?$AAr?$AAt?$AA?2?$AAc?$AAr?$AAt?$AAw?$AA3?$AA2?$AA?2?$AAs?$AAt?$AAd?$AAi?$AAo?$AA?2?$AAf@ 0000000180052010     LIBCMTD:feoferr.obj
 0002:00002068       ??_C@_19LPGIFIDB@?$AAf?$AAe?$AAo?$AAf?$AA?$AA@ 0000000180052068     LIBCMTD:feoferr.obj
 0002:00002080       ??_C@_1EO@KDKHJMND@?$AAf?$AA?3?$AA?2?$AAd?$AAd?$AA?2?$AAv?$AAc?$AAt?$AAo?$AAo?$AAl?$AAs?$AA?2?$AAc?$AAr?$AAt?$AA?2?$AAc?$AAr?$AAt?$AAw?$AA3?$AA2?$AA?2?$AAs?$AAt?$AAd?$AAi?$AAo?$AA?2?$AAf@ 0000000180052080     LIBCMTD:fread.obj
 0002:000020d0       ??_C@_1BA@CMLCEIGG@?$AAf?$AAr?$AAe?$AAa?$AAd?$AA_?$AAs?$AA?$AA@ 00000001800520d0     LIBCMTD:fread.obj
 0002:000020e0       ??_C@_1CC@CGFEEBMC@?$AA?$CI?$AAb?$AAu?$AAf?$AAf?$AAe?$AAr?$AA?5?$AA?$CB?$AA?$DN?$AA?5?$AAN?$AAU?$AAL?$AAL?$AA?$CJ?$AA?$AA@ 00000001800520e0     LIBCMTD:fread.obj
 0002:00002108       ??_C@_1CA@IDPOGFL@?$AA_?$AAf?$AAr?$AAe?$AAa?$AAd?$AA_?$AAn?$AAo?$AAl?$AAo?$AAc?$AAk?$AA_?$AAs?$AA?$AA@ 0000000180052108     LIBCMTD:fread.obj
 0002:00002130       ??_C@_1EA@FAMECDND@?$AAn?$AAu?$AAm?$AA?5?$AA?$DM?$AA?$DN?$AA?5?$AA?$CI?$AAS?$AAI?$AAZ?$AAE?$AA_?$AAM?$AAA?$AAX?$AA?5?$AA?1?$AA?5?$AAe?$AAl?$AAe?$AAm?$AAe?$AAn?$AAt?$AAS?$AAi?$AAz?$AAe?$AA?$CJ?$AA?$AA@ 0000000180052130     LIBCMTD:fread.obj
 0002:00002170       ??_C@_1LG@DCNDJCHK@?$AA?$CI?$AA?$CC?$AAI?$AAn?$AAc?$AAo?$AAn?$AAs?$AAi?$AAs?$AAt?$AAe?$AAn?$AAt?$AA?5?$AAS?$AAt?$AAr?$AAe?$AAa?$AAm?$AA?5?$AAC?$AAo?$AAu?$AAn?$AAt?$AA?4?$AA?5?$AAF?$AAl?$AAu@ 0000000180052170     LIBCMTD:fread.obj
 0002:00002228       ??_C@_1DA@DKEFLDMG@?$AA?$CI?$AA?$CC?$AAb?$AAu?$AAf?$AAf?$AAe?$AAr?$AA?5?$AAt?$AAo?$AAo?$AA?5?$AAs?$AAm?$AAa?$AAl?$AAl?$AA?$CC?$AA?0?$AA?5?$AA0?$AA?$CJ?$AA?$AA@ 0000000180052228     LIBCMTD:fread.obj
 0002:00002260       ??_C@_1EO@OOGDMPHD@?$AAf?$AA?3?$AA?2?$AAd?$AAd?$AA?2?$AAv?$AAc?$AAt?$AAo?$AAo?$AAl?$AAs?$AA?2?$AAc?$AAr?$AAt?$AA?2?$AAc?$AAr?$AAt?$AAw?$AA3?$AA2?$AA?2?$AAs?$AAt?$AAd?$AAi?$AAo?$AA?2?$AAf@ 0000000180052260     LIBCMTD:fseek.obj
 0002:000022b0       ??_C@_1M@HCCOIONH@?$AAf?$AAs?$AAe?$AAe?$AAk?$AA?$AA@ 00000001800522b0     LIBCMTD:fseek.obj
 0002:000022c0       ??_C@_1IO@PMHBOLJK@?$AA?$CI?$AA?$CI?$AAw?$AAh?$AAe?$AAn?$AAc?$AAe?$AA?5?$AA?$DN?$AA?$DN?$AA?5?$AAS?$AAE?$AAE?$AAK?$AA_?$AAS?$AAE?$AAT?$AA?$CJ?$AA?5?$AA?$HM?$AA?$HM?$AA?5?$AA?$CI?$AAw?$AAh?$AAe?$AAn?$AAc?$AAe@ 00000001800522c0     LIBCMTD:fseek.obj
 0002:00002350       __real@0000000000000000    0000000180052350     LIBCMTD:ldexp.obj
 0002:00002358       __real@3ff0000000000000    0000000180052358     LIBCMTD:ldexp.obj
 0002:00002388       ??_C@_1BK@LAOAACLJ@?$AAn?$AAp?$AAt?$AAr?$AA?5?$AA?$CB?$AA?$DN?$AA?5?$AAN?$AAU?$AAL?$AAL?$AA?$AA@ 0000000180052388     LIBCMTD:strtol.obj
 0002:000023b0       ??_C@_1FE@OOICPOFH@?$AAf?$AA?3?$AA?2?$AAd?$AAd?$AA?2?$AAv?$AAc?$AAt?$AAo?$AAo?$AAl?$AAs?$AA?2?$AAc?$AAr?$AAt?$AA?2?$AAc?$AAr?$AAt?$AAw?$AA3?$AA2?$AA?2?$AAc?$AAo?$AAn?$AAv?$AAe?$AAr?$AAt@ 00000001800523b0     LIBCMTD:strtol.obj
 0002:00002408       ??_C@_1BA@LOLAMAJG@?$AAs?$AAt?$AAr?$AAt?$AAo?$AAx?$AAl?$AA?$AA@ 0000000180052408     LIBCMTD:strtol.obj
 0002:00002420       ??_C@_1FE@CEHLKAHD@?$AAi?$AAb?$AAa?$AAs?$AAe?$AA?5?$AA?$DN?$AA?$DN?$AA?5?$AA0?$AA?5?$AA?$HM?$AA?$HM?$AA?5?$AA?$CI?$AA2?$AA?5?$AA?$DM?$AA?$DN?$AA?5?$AAi?$AAb?$AAa?$AAs?$AAe?$AA?5?$AA?$CG?$AA?$CG?$AA?5?$AAi?$AAb?$AAa@ 0000000180052420     LIBCMTD:strtol.obj
 0002:00002478       ??_C@_17LGKOMLJ@?$AA?4?$AA?4?$AA?4?$AA?$AA@ 0000000180052478     LIBCMTD:wassert.obj
 0002:00002480       ??_C@_13LBAGMAIH@?$AA?6?$AA?$AA@ 0000000180052480     LIBCMTD:wassert.obj
 0002:00002484       ??_C@_15IABLJNFO@?$AA?6?$AA?6?$AA?$AA@ 0000000180052484     LIBCMTD:wassert.obj
 0002:00002490       ??_C@_1EO@DPPHNOPL@?$AAf?$AA?3?$AA?2?$AAd?$AAd?$AA?2?$AAv?$AAc?$AAt?$AAo?$AAo?$AAl?$AAs?$AA?2?$AAc?$AAr?$AAt?$AA?2?$AAc?$AAr?$AAt?$AAw?$AA3?$AA2?$AA?2?$AAm?$AAi?$AAs?$AAc?$AA?2?$AAa?$AAs@ 0000000180052490     LIBCMTD:wassert.obj
 0002:000024e0       ??_C@_1BC@LNOOMFNA@?$AA_?$AAw?$AAa?$AAs?$AAs?$AAe?$AAr?$AAt?$AA?$AA@ 00000001800524e0     LIBCMTD:wassert.obj
 0002:00002500       ??_C@_1GM@PANFFKAD@?$AAw?$AAc?$AAs?$AAc?$AAp?$AAy?$AA_?$AAs?$AA?$CI?$AA?5?$AAa?$AAs?$AAs?$AAe?$AAr?$AAt?$AAb?$AAu?$AAf?$AA?0?$AA?5?$AA?$CI?$AA6?$AA4?$AA?5?$AA?$CK?$AA?5?$AA9?$AA?$CJ?$AA?0?$AA?5?$AAL@ 0000000180052500     LIBCMTD:wassert.obj
 0002:00002570       ??_C@_1CE@OJBNHDMO@?$AAA?$AAs?$AAs?$AAe?$AAr?$AAt?$AAi?$AAo?$AAn?$AA?5?$AAf?$AAa?$AAi?$AAl?$AAe?$AAd?$AA?$CB?$AA?$AA@ 0000000180052570     LIBCMTD:wassert.obj
 0002:000025a0       ??_C@_1FI@OJONHFCN@?$AAw?$AAc?$AAs?$AAc?$AAa?$AAt?$AA_?$AAs?$AA?$CI?$AA?5?$AAa?$AAs?$AAs?$AAe?$AAr?$AAt?$AAb?$AAu?$AAf?$AA?0?$AA?5?$AA?$CI?$AA6?$AA4?$AA?5?$AA?$CK?$AA?5?$AA9?$AA?$CJ?$AA?0?$AA?5?$AAd@ 00000001800525a0     LIBCMTD:wassert.obj
 0002:00002600       ??_C@_1FM@JONFCKBO@?$AAw?$AAc?$AAs?$AAc?$AAa?$AAt?$AA_?$AAs?$AA?$CI?$AA?5?$AAa?$AAs?$AAs?$AAe?$AAr?$AAt?$AAb?$AAu?$AAf?$AA?0?$AA?5?$AA?$CI?$AA6?$AA4?$AA?5?$AA?$CK?$AA?5?$AA9?$AA?$CJ?$AA?0?$AA?5?$AAL@ 0000000180052600     LIBCMTD:wassert.obj
 0002:00002660       ??_C@_1BE@PHKBBGE@?$AAP?$AAr?$AAo?$AAg?$AAr?$AAa?$AAm?$AA?3?$AA?5?$AA?$AA@ 0000000180052660     LIBCMTD:wassert.obj
 0002:00002680       ??_C@_1HA@EPFCONEE@?$AAw?$AAc?$AAs?$AAc?$AAp?$AAy?$AA_?$AAs?$AA?$CI?$AA?5?$AAp?$AAr?$AAo?$AAg?$AAn?$AAa?$AAm?$AAe?$AA?0?$AA?5?$AA2?$AA6?$AA0?$AA?5?$AA?$CL?$AA?5?$AA1?$AA?0?$AA?5?$AAL?$AA?$CC?$AA?$DM@ 0000000180052680     LIBCMTD:wassert.obj
 0002:000026f0       ??_C@_1CO@EAEJAADC@?$AA?$DM?$AAp?$AAr?$AAo?$AAg?$AAr?$AAa?$AAm?$AA?5?$AAn?$AAa?$AAm?$AAe?$AA?5?$AAu?$AAn?$AAk?$AAn?$AAo?$AAw?$AAn?$AA?$DO?$AA?$AA@ 00000001800526f0     LIBCMTD:wassert.obj
 0002:00002720       ??_C@_1LK@LGFOFOMH@?$AAm?$AAe?$AAm?$AAc?$AAp?$AAy?$AA_?$AAs?$AA?$CI?$AAp?$AAc?$AAh?$AA?0?$AA?5?$AAs?$AAi?$AAz?$AAe?$AAo?$AAf?$AA?$CI?$AAT?$AAC?$AAH?$AAA?$AAR?$AA?$CJ?$AA?5?$AA?$CK?$AA?5?$AA?$CI?$AA?$CI@ 0000000180052720     LIBCMTD:wassert.obj
 0002:000027e0       ??_C@_1EK@BFAHOLDO@?$AAw?$AAc?$AAs?$AAc?$AAa?$AAt?$AA_?$AAs?$AA?$CI?$AA?5?$AAa?$AAs?$AAs?$AAe?$AAr?$AAt?$AAb?$AAu?$AAf?$AA?0?$AA?5?$AA?$CI?$AA6?$AA4?$AA?5?$AA?$CK?$AA?5?$AA9?$AA?$CJ?$AA?0?$AA?5?$AAp@ 00000001800527e0     LIBCMTD:wassert.obj
 0002:00002830       ??_C@_1FC@GNPGDADJ@?$AAw?$AAc?$AAs?$AAc?$AAa?$AAt?$AA_?$AAs?$AA?$CI?$AA?5?$AAa?$AAs?$AAs?$AAe?$AAr?$AAt?$AAb?$AAu?$AAf?$AA?0?$AA?5?$AA?$CI?$AA6?$AA4?$AA?5?$AA?$CK?$AA?5?$AA9?$AA?$CJ?$AA?0?$AA?5?$AAn@ 0000000180052830     LIBCMTD:wassert.obj
 0002:00002890       ??_C@_1FG@NHACFNEK@?$AAw?$AAc?$AAs?$AAc?$AAa?$AAt?$AA_?$AAs?$AA?$CI?$AA?5?$AAa?$AAs?$AAs?$AAe?$AAr?$AAt?$AAb?$AAu?$AAf?$AA?0?$AA?5?$AA?$CI?$AA6?$AA4?$AA?5?$AA?$CK?$AA?5?$AA9?$AA?$CJ?$AA?0?$AA?5?$AAL@ 0000000180052890     LIBCMTD:wassert.obj
 0002:000028e8       ??_C@_1O@HEMHKNDC@?$AAF?$AAi?$AAl?$AAe?$AA?3?$AA?5?$AA?$AA@ 00000001800528e8     LIBCMTD:wassert.obj
 0002:00002900       ??_C@_1GG@PKOIFPHI@?$AAw?$AAc?$AAs?$AAn?$AAc?$AAa?$AAt?$AA_?$AAs?$AA?$CI?$AA?5?$AAa?$AAs?$AAs?$AAe?$AAr?$AAt?$AAb?$AAu?$AAf?$AA?0?$AA?5?$AA?$CI?$AA6?$AA4?$AA?5?$AA?$CK?$AA?5?$AA9?$AA?$CJ?$AA?0?$AA?5@ 0000000180052900     LIBCMTD:wassert.obj
 0002:00002970       ??_C@_1FG@PLMFGJFG@?$AAw?$AAc?$AAs?$AAc?$AAa?$AAt?$AA_?$AAs?$AA?$CI?$AA?5?$AAa?$AAs?$AAs?$AAe?$AAr?$AAt?$AAb?$AAu?$AAf?$AA?0?$AA?5?$AA?$CI?$AA6?$AA4?$AA?5?$AA?$CK?$AA?5?$AA9?$AA?$CJ?$AA?0?$AA?5?$AAd@ 0000000180052970     LIBCMTD:wassert.obj
 0002:000029d0       ??_C@_1FO@HPHMICDB@?$AAw?$AAc?$AAs?$AAc?$AAa?$AAt?$AA_?$AAs?$AA?$CI?$AA?5?$AAa?$AAs?$AAs?$AAe?$AAr?$AAt?$AAb?$AAu?$AAf?$AA?0?$AA?5?$AA?$CI?$AA6?$AA4?$AA?5?$AA?$CK?$AA?5?$AA9?$AA?$CJ?$AA?0?$AA?5?$AAp@ 00000001800529d0     LIBCMTD:wassert.obj
 0002:00002a30       ??_C@_1GO@KNIHEHNA@?$AAw?$AAc?$AAs?$AAn?$AAc?$AAa?$AAt?$AA_?$AAs?$AA?$CI?$AA?5?$AAa?$AAs?$AAs?$AAe?$AAr?$AAt?$AAb?$AAu?$AAf?$AA?0?$AA?5?$AA?$CI?$AA6?$AA4?$AA?5?$AA?$CK?$AA?5?$AA9?$AA?$CJ?$AA?0?$AA?5@ 0000000180052a30     LIBCMTD:wassert.obj
 0002:00002aa0       ??_C@_1HG@FHHFPPED@?$AAw?$AAc?$AAs?$AAn?$AAc?$AAa?$AAt?$AA_?$AAs?$AA?$CI?$AA?5?$AAa?$AAs?$AAs?$AAe?$AAr?$AAt?$AAb?$AAu?$AAf?$AA?0?$AA?5?$AA?$CI?$AA6?$AA4?$AA?5?$AA?$CK?$AA?5?$AA9?$AA?$CJ?$AA?0?$AA?5@ 0000000180052aa0     LIBCMTD:wassert.obj
 0002:00002b20       ??_C@_1IC@JGCGJJHO@?$AAw?$AAc?$AAs?$AAc?$AAa?$AAt?$AA_?$AAs?$AA?$CI?$AA?5?$AAa?$AAs?$AAs?$AAe?$AAr?$AAt?$AAb?$AAu?$AAf?$AA?0?$AA?5?$AA?$CI?$AA6?$AA4?$AA?5?$AA?$CK?$AA?5?$AA9?$AA?$CJ?$AA?0?$AA?5?$AAp@ 0000000180052b20     LIBCMTD:wassert.obj
 0002:00002bb0       ??_C@_1FE@NDOBOCBD@?$AAw?$AAc?$AAs?$AAc?$AAa?$AAt?$AA_?$AAs?$AA?$CI?$AA?5?$AAa?$AAs?$AAs?$AAe?$AAr?$AAt?$AAb?$AAu?$AAf?$AA?0?$AA?5?$AA?$CI?$AA6?$AA4?$AA?5?$AA?$CK?$AA?5?$AA9?$AA?$CJ?$AA?0?$AA?5?$AAf@ 0000000180052bb0     LIBCMTD:wassert.obj
 0002:00002c10       ??_C@_1FG@HLHNIBH@?$AAw?$AAc?$AAs?$AAc?$AAa?$AAt?$AA_?$AAs?$AA?$CI?$AA?5?$AAa?$AAs?$AAs?$AAe?$AAr?$AAt?$AAb?$AAu?$AAf?$AA?0?$AA?5?$AA?$CI?$AA6?$AA4?$AA?5?$AA?$CK?$AA?5?$AA9?$AA?$CJ?$AA?0?$AA?5?$AAL@ 0000000180052c10     LIBCMTD:wassert.obj
 0002:00002c68       ??_C@_1O@KCAFKHJE@?$AAL?$AAi?$AAn?$AAe?$AA?3?$AA?5?$AA?$AA@ 0000000180052c68     LIBCMTD:wassert.obj
 0002:00002c80       ??_C@_1KG@NJJPHNOK@?$AA_?$AAi?$AAt?$AAo?$AAw?$AA_?$AAs?$AA?$CI?$AA?5?$AAl?$AAi?$AAn?$AAe?$AAn?$AAo?$AA?0?$AA?5?$AAa?$AAs?$AAs?$AAe?$AAr?$AAt?$AAb?$AAu?$AAf?$AA?5?$AA?$CL?$AA?5?$AAw?$AAc?$AAs@ 0000000180052c80     LIBCMTD:wassert.obj
 0002:00002d30       ??_C@_1GC@CFDADAM@?$AAw?$AAc?$AAs?$AAc?$AAa?$AAt?$AA_?$AAs?$AA?$CI?$AA?5?$AAa?$AAs?$AAs?$AAe?$AAr?$AAt?$AAb?$AAu?$AAf?$AA?0?$AA?5?$AA?$CI?$AA6?$AA4?$AA?5?$AA?$CK?$AA?5?$AA9?$AA?$CJ?$AA?0?$AA?5?$AAL@ 0000000180052d30     LIBCMTD:wassert.obj
 0002:00002d98       ??_C@_1BK@PEDCIPMA@?$AAE?$AAx?$AAp?$AAr?$AAe?$AAs?$AAs?$AAi?$AAo?$AAn?$AA?3?$AA?5?$AA?$AA@ 0000000180052d98     LIBCMTD:wassert.obj
 0002:00002dc0       ??_C@_1CHM@HIHGOMKE@?$AAw?$AAc?$AAs?$AAn?$AAc?$AAa?$AAt?$AA_?$AAs?$AA?$CI?$AA?5?$AAa?$AAs?$AAs?$AAe?$AAr?$AAt?$AAb?$AAu?$AAf?$AA?0?$AA?5?$AA?$CI?$AA6?$AA4?$AA?5?$AA?$CK?$AA?5?$AA9?$AA?$CJ?$AA?0?$AA?5@ 0000000180052dc0     LIBCMTD:wassert.obj
 0002:00003040       ??_C@_1EM@DAMJKKKC@?$AAw?$AAc?$AAs?$AAc?$AAa?$AAt?$AA_?$AAs?$AA?$CI?$AA?5?$AAa?$AAs?$AAs?$AAe?$AAr?$AAt?$AAb?$AAu?$AAf?$AA?0?$AA?5?$AA?$CI?$AA6?$AA4?$AA?5?$AA?$CK?$AA?5?$AA9?$AA?$CJ?$AA?0?$AA?5?$AAe@ 0000000180053040     LIBCMTD:wassert.obj
 0002:00003090       ??_C@_1BCO@GAGHDLIF@?$AAw?$AAc?$AAs?$AAc?$AAa?$AAt?$AA_?$AAs?$AA?$CI?$AAa?$AAs?$AAs?$AAe?$AAr?$AAt?$AAb?$AAu?$AAf?$AA?0?$AA?5?$AA?$CI?$AA6?$AA4?$AA?5?$AA?$CK?$AA?5?$AA9?$AA?$CJ?$AA?0?$AA?5?$AAL?$AA?$CC@ 0000000180053090     LIBCMTD:wassert.obj
 0002:000031c0       ??_C@_1OA@EGMLFBHJ@?$AAF?$AAo?$AAr?$AA?5?$AAi?$AAn?$AAf?$AAo?$AAr?$AAm?$AAa?$AAt?$AAi?$AAo?$AAn?$AA?5?$AAo?$AAn?$AA?5?$AAh?$AAo?$AAw?$AA?5?$AAy?$AAo?$AAu?$AAr?$AA?5?$AAp?$AAr?$AAo?$AAg@ 00000001800531c0     LIBCMTD:wassert.obj
 0002:000032a0       ??_C@_1FG@IFIHHMNM@?$AAw?$AAc?$AAs?$AAc?$AAa?$AAt?$AA_?$AAs?$AA?$CI?$AAa?$AAs?$AAs?$AAe?$AAr?$AAt?$AAb?$AAu?$AAf?$AA?0?$AA?5?$AA?$CI?$AA6?$AA4?$AA?5?$AA?$CK?$AA?5?$AA9?$AA?$CJ?$AA?0?$AA?5?$AAd?$AAb@ 00000001800532a0     LIBCMTD:wassert.obj
 0002:00003300       ??_C@_1LO@CHAFGADE@?$AAw?$AAc?$AAs?$AAc?$AAa?$AAt?$AA_?$AAs?$AA?$CI?$AAa?$AAs?$AAs?$AAe?$AAr?$AAt?$AAb?$AAu?$AAf?$AA?0?$AA?5?$AA?$CI?$AA6?$AA4?$AA?5?$AA?$CK?$AA?5?$AA9?$AA?$CJ?$AA?0?$AA?5?$AAL?$AA?$CC@ 0000000180053300     LIBCMTD:wassert.obj
 0002:000033c0       ??_C@_1HK@POCJMFGK@?$AA?$CI?$AAP?$AAr?$AAe?$AAs?$AAs?$AA?5?$AAR?$AAe?$AAt?$AAr?$AAy?$AA?5?$AAt?$AAo?$AA?5?$AAd?$AAe?$AAb?$AAu?$AAg?$AA?5?$AAt?$AAh?$AAe?$AA?5?$AAa?$AAp?$AAp?$AAl?$AAi?$AAc@ 00000001800533c0     LIBCMTD:wassert.obj
 0002:00003440       ??_C@_1EK@MBDPDCGA@?$AAM?$AAi?$AAc?$AAr?$AAo?$AAs?$AAo?$AAf?$AAt?$AA?5?$AAV?$AAi?$AAs?$AAu?$AAa?$AAl?$AA?5?$AAC?$AA?$CL?$AA?$CL?$AA?5?$AAR?$AAu?$AAn?$AAt?$AAi?$AAm?$AAe?$AA?5?$AAL?$AAi?$AAb@ 0000000180053440     LIBCMTD:wassert.obj
 0002:00003f90       ??_C@_05KGFAIMPG@sqrtf?$AA@ 0000000180053f90     LIBCMTD:sqrtf.obj
 0002:00003f98       _FPinit                    0000000180053f98     LIBCMTD:fpinit.obj
 0002:00003fa0       _pRawDllMain               0000000180053fa0     LIBCMTD:dllcrt0.obj
 0002:00003fa0       _pDefaultRawDllMain        0000000180053fa0     LIBCMTD:dllcrt0.obj
 0002:00003fa8       ??_C@_0CL@OOIKPIHN@f?3?2dd?2vctools?2crt?2crtw32?2startup@ 0000000180053fa8     LIBCMTD:dllcrt0.obj
 0002:00003ff0       ??_C@_1BA@GLMCNLEM@?$AAW?$AAa?$AAr?$AAn?$AAi?$AAn?$AAg?$AA?$AA@ 0000000180053ff0     LIBCMTD:dbgrptw.obj
 0002:00004000       ??_C@_1M@ILHOPKA@?$AAE?$AAr?$AAr?$AAo?$AAr?$AA?$AA@ 0000000180054000     LIBCMTD:dbgrptw.obj
 0002:00004010       ??_C@_1CC@CGHMNGDG@?$AAA?$AAs?$AAs?$AAe?$AAr?$AAt?$AAi?$AAo?$AAn?$AA?5?$AAF?$AAa?$AAi?$AAl?$AAe?$AAd?$AA?$AA@ 0000000180054010     LIBCMTD:dbgrptw.obj
 0002:00004040       ??_C@_1EO@JACJHHCK@?$AAf?$AA?3?$AA?2?$AAd?$AAd?$AA?2?$AAv?$AAc?$AAt?$AAo?$AAo?$AAl?$AAs?$AA?2?$AAc?$AAr?$AAt?$AA?2?$AAc?$AAr?$AAt?$AAw?$AA3?$AA2?$AA?2?$AAm?$AAi?$AAs?$AAc?$AA?2?$AAd?$AAb@ 0000000180054040     LIBCMTD:dbgrptw.obj
 0002:00004090       ??_C@_1CI@PGJIFDEK@?$AA_?$AA_?$AAc?$AAr?$AAt?$AAM?$AAe?$AAs?$AAs?$AAa?$AAg?$AAe?$AAW?$AAi?$AAn?$AAd?$AAo?$AAw?$AAW?$AA?$AA@ 0000000180054090     LIBCMTD:dbgrptw.obj
 0002:000040c0       ??_C@_1GI@DEDNNLCI@?$AAw?$AAc?$AAs?$AAc?$AAp?$AAy?$AA_?$AAs?$AA?$CI?$AAs?$AAz?$AAE?$AAx?$AAe?$AAN?$AAa?$AAm?$AAe?$AA?0?$AA?5?$AA2?$AA6?$AA0?$AA?0?$AA?5?$AAL?$AA?$CC?$AA?$DM?$AAp?$AAr?$AAo?$AAg@ 00000001800540c0     LIBCMTD:dbgrptw.obj
 0002:00004130       ??_C@_1NO@LECLLHOL@?$AAm?$AAe?$AAm?$AAc?$AAp?$AAy?$AA_?$AAs?$AA?$CI?$AAs?$AAz?$AAS?$AAh?$AAo?$AAr?$AAt?$AAP?$AAr?$AAo?$AAg?$AAN?$AAa?$AAm?$AAe?$AA?0?$AA?5?$AAs?$AAi?$AAz?$AAe?$AAo?$AAf@ 0000000180054130     LIBCMTD:dbgrptw.obj
 0002:00004210       ??_C@_1OG@PMPPFHAF@?$AA?6?$AA?6?$AAF?$AAo?$AAr?$AA?5?$AAi?$AAn?$AAf?$AAo?$AAr?$AAm?$AAa?$AAt?$AAi?$AAo?$AAn?$AA?5?$AAo?$AAn?$AA?5?$AAh?$AAo?$AAw?$AA?5?$AAy?$AAo?$AAu?$AAr?$AA?5?$AAp?$AAr@ 0000000180054210     LIBCMTD:dbgrptw.obj
 0002:000042f8       ??_C@_11LOCGONAA@?$AA?$AA@ 00000001800542f8     LIBCMTD:dbgrptw.obj
 0002:00004300       ??_C@_1BA@GLLGCPCK@?$AA?6?$AAL?$AAi?$AAn?$AAe?$AA?3?$AA?5?$AA?$AA@ 0000000180054300     LIBCMTD:dbgrptw.obj
 0002:00004310       ??_C@_1BA@LNHECFIM@?$AA?6?$AAF?$AAi?$AAl?$AAe?$AA?3?$AA?5?$AA?$AA@ 0000000180054310     LIBCMTD:dbgrptw.obj
 0002:00004320       ??_C@_1BE@CGCJKGHI@?$AA?6?$AAM?$AAo?$AAd?$AAu?$AAl?$AAe?$AA?3?$AA?5?$AA?$AA@ 0000000180054320     LIBCMTD:dbgrptw.obj
 0002:00004340       ??_C@_1KM@HNMIBKJH@?$AAD?$AAe?$AAb?$AAu?$AAg?$AA?5?$AA?$CF?$AAs?$AA?$CB?$AA?6?$AA?6?$AAP?$AAr?$AAo?$AAg?$AAr?$AAa?$AAm?$AA?3?$AA?5?$AA?$CF?$AAs?$AA?$CF?$AAs?$AA?$CF?$AAs?$AA?$CF?$AAs?$AA?$CF?$AAs?$AA?$CF?$AAs@ 0000000180054340     LIBCMTD:dbgrptw.obj
 0002:000043f0       ??_C@_1BI@KALLJECN@?$AA?$CI?$AA?$CK?$AA_?$AAe?$AAr?$AAr?$AAn?$AAo?$AA?$CI?$AA?$CJ?$AA?$CJ?$AA?$AA@ 00000001800543f0     LIBCMTD:dbgrptw.obj
 0002:00004410       ??_C@_1JI@EACPGHID@?$AAw?$AAc?$AAs?$AAc?$AAp?$AAy?$AA_?$AAs?$AA?$CI?$AAs?$AAz?$AAO?$AAu?$AAt?$AAM?$AAe?$AAs?$AAs?$AAa?$AAg?$AAe?$AA?0?$AA?5?$AA4?$AA0?$AA9?$AA6?$AA?0?$AA?5?$AAL?$AA?$CC?$AA_@ 0000000180054410     LIBCMTD:dbgrptw.obj
 0002:000044b0       ??_C@_1FG@BBOLDHGF@?$AA_?$AAC?$AAr?$AAt?$AAD?$AAb?$AAg?$AAR?$AAe?$AAp?$AAo?$AAr?$AAt?$AA?3?$AA?5?$AAS?$AAt?$AAr?$AAi?$AAn?$AAg?$AA?5?$AAt?$AAo?$AAo?$AA?5?$AAl?$AAo?$AAn?$AAg?$AA?5?$AAo@ 00000001800544b0     LIBCMTD:dbgrptw.obj
 0002:00004508       ??_C@_1BI@MFCLPIBM@?$AAs?$AAt?$AAr?$AA?5?$AA?$CB?$AA?$DN?$AA?5?$AAN?$AAU?$AAL?$AAL?$AA?$AA@ 0000000180054508     LIBCMTD:_filbuf.obj
 0002:00004520       ??_C@_1FC@KLDIFLFI@?$AAf?$AA?3?$AA?2?$AAd?$AAd?$AA?2?$AAv?$AAc?$AAt?$AAo?$AAo?$AAl?$AAs?$AA?2?$AAc?$AAr?$AAt?$AA?2?$AAc?$AAr?$AAt?$AAw?$AA3?$AA2?$AA?2?$AAs?$AAt?$AAd?$AAi?$AAo?$AA?2?$AA_@ 0000000180054520     LIBCMTD:_filbuf.obj
 0002:00004578       ??_C@_1BA@IIKEPOGH@?$AA_?$AAf?$AAi?$AAl?$AAb?$AAu?$AAf?$AA?$AA@ 0000000180054578     LIBCMTD:_filbuf.obj
 0002:00004590       ??_C@_1FA@CKEACION@?$AAf?$AA?3?$AA?2?$AAd?$AAd?$AA?2?$AAv?$AAc?$AAt?$AAo?$AAo?$AAl?$AAs?$AA?2?$AAc?$AAr?$AAt?$AA?2?$AAc?$AAr?$AAt?$AAw?$AA3?$AA2?$AA?2?$AAs?$AAt?$AAd?$AAi?$AAo?$AA?2?$AAf@ 0000000180054590     LIBCMTD:fileno.obj
 0002:000045e0       ??_C@_1BA@JGHIEKKM@?$AA_?$AAf?$AAi?$AAl?$AAe?$AAn?$AAo?$AA?$AA@ 00000001800545e0     LIBCMTD:fileno.obj
 0002:000045f0       ??_C@_0CH@FPHLCLAF@f?3?2dd?2vctools?2crt?2crtw32?2stdio?2_@ 00000001800545f0     LIBCMTD:_file.obj
 0002:00004618       ??_C@_1BI@GKKCBDMD@?$AAd?$AAs?$AAt?$AA?5?$AA?$CB?$AA?$DN?$AA?5?$AAN?$AAU?$AAL?$AAL?$AA?$AA@ 0000000180054618     LIBCMTD:memcpy_s.obj
 0002:00004630       ??_C@_1FG@COJCEIPE@?$AAf?$AA?3?$AA?2?$AAd?$AAd?$AA?2?$AAv?$AAc?$AAt?$AAo?$AAo?$AAl?$AAs?$AA?2?$AAc?$AAr?$AAt?$AA?2?$AAc?$AAr?$AAt?$AAw?$AA3?$AA2?$AA?2?$AAs?$AAt?$AAr?$AAi?$AAn?$AAg?$AA?2@ 0000000180054630     LIBCMTD:memcpy_s.obj
 0002:00004688       ??_C@_1BC@GKHDJMGB@?$AAm?$AAe?$AAm?$AAc?$AAp?$AAy?$AA_?$AAs?$AA?$AA@ 0000000180054688     LIBCMTD:memcpy_s.obj
 0002:000046a0       ??_C@_1BI@DCHLDCPP@?$AAs?$AAr?$AAc?$AA?5?$AA?$CB?$AA?$DN?$AA?5?$AAN?$AAU?$AAL?$AAL?$AA?$AA@ 00000001800546a0     LIBCMTD:memcpy_s.obj
 0002:000046b8       ??_C@_1CK@DDKKOLAN@?$AAs?$AAi?$AAz?$AAe?$AAI?$AAn?$AAB?$AAy?$AAt?$AAe?$AAs?$AA?5?$AA?$DO?$AA?$DN?$AA?5?$AAc?$AAo?$AAu?$AAn?$AAt?$AA?$AA@ 00000001800546b8     LIBCMTD:memcpy_s.obj
 0002:000046f0       ??_C@_1FO@LPCLHKGE@?$AA?$CI?$AAf?$AAh?$AA?5?$AA?$DO?$AA?$DN?$AA?5?$AA0?$AA?5?$AA?$CG?$AA?$CG?$AA?5?$AA?$CI?$AAu?$AAn?$AAs?$AAi?$AAg?$AAn?$AAe?$AAd?$AA?$CJ?$AAf?$AAh?$AA?5?$AA?$DM?$AA?5?$AA?$CI?$AAu?$AAn?$AAs?$AAi@ 00000001800546f0     LIBCMTD:read.obj
 0002:00004750       ??_C@_1EM@BALFJBIJ@?$AAf?$AA?3?$AA?2?$AAd?$AAd?$AA?2?$AAv?$AAc?$AAt?$AAo?$AAo?$AAl?$AAs?$AA?2?$AAc?$AAr?$AAt?$AA?2?$AAc?$AAr?$AAt?$AAw?$AA3?$AA2?$AA?2?$AAl?$AAo?$AAw?$AAi?$AAo?$AA?2?$AAr@ 0000000180054750     LIBCMTD:read.obj
 0002:000047a0       ??_C@_1M@NHJOLLDM@?$AA_?$AAr?$AAe?$AAa?$AAd?$AA?$AA@ 00000001800547a0     LIBCMTD:read.obj
 0002:000047b0       ??_C@_1CM@OKGMMMDH@?$AA?$CI?$AA_?$AAo?$AAs?$AAf?$AAi?$AAl?$AAe?$AA?$CI?$AAf?$AAh?$AA?$CJ?$AA?5?$AA?$CG?$AA?5?$AAF?$AAO?$AAP?$AAE?$AAN?$AA?$CJ?$AA?$AA@ 00000001800547b0     LIBCMTD:read.obj
 0002:000047e0       ??_C@_1CC@HBLPFNKH@?$AA?$CI?$AAc?$AAn?$AAt?$AA?5?$AA?$DM?$AA?$DN?$AA?5?$AAI?$AAN?$AAT?$AA_?$AAM?$AAA?$AAX?$AA?$CJ?$AA?$AA@ 00000001800547e0     LIBCMTD:read.obj
 0002:00004810       ??_C@_1JE@ECKHFIFP@?$AA?$CI?$AA?$CC?$AAI?$AAn?$AAv?$AAa?$AAl?$AAi?$AAd?$AA?5?$AAf?$AAi?$AAl?$AAe?$AA?5?$AAd?$AAe?$AAs?$AAc?$AAr?$AAi?$AAp?$AAt?$AAo?$AAr?$AA?4?$AA?5?$AAF?$AAi?$AAl?$AAe?$AA?5@ 0000000180054810     LIBCMTD:read.obj
 0002:000048a8       ??_C@_1BK@JJBHNDKJ@?$AA_?$AAr?$AAe?$AAa?$AAd?$AA_?$AAn?$AAo?$AAl?$AAo?$AAc?$AAk?$AA?$AA@ 00000001800548a8     LIBCMTD:read.obj
 0002:000048c8       ??_C@_1CG@OHLJHGGK@?$AA?$CI?$AAi?$AAn?$AAp?$AAu?$AAt?$AAb?$AAu?$AAf?$AA?5?$AA?$CB?$AA?$DN?$AA?5?$AAN?$AAU?$AAL?$AAL?$AA?$CJ?$AA?$AA@ 00000001800548c8     LIBCMTD:read.obj
 0002:000048f0       ??_C@_1CC@EEOLPHGO@?$AA?$CI?$AA?$CI?$AAc?$AAn?$AAt?$AA?5?$AA?$CG?$AA?5?$AA1?$AA?$CJ?$AA?5?$AA?$DN?$AA?$DN?$AA?5?$AA0?$AA?$CJ?$AA?$AA@ 00000001800548f0     LIBCMTD:read.obj
 0002:00004918       ??_C@_0CG@JHNDLPLJ@f?3?2dd?2vctools?2crt?2crtw32?2lowio?2r@ 0000000180054918     LIBCMTD:read.obj
 0002:00004940       ??_C@_1EO@HNHOEHGA@?$AAf?$AA?3?$AA?2?$AAd?$AAd?$AA?2?$AAv?$AAc?$AAt?$AAo?$AAo?$AAl?$AAs?$AA?2?$AAc?$AAr?$AAt?$AA?2?$AAc?$AAr?$AAt?$AAw?$AA3?$AA2?$AA?2?$AAs?$AAt?$AAd?$AAi?$AAo?$AA?2?$AAf@ 0000000180054940     LIBCMTD:ftell.obj
 0002:00004990       ??_C@_1BM@JMKHIAHP@?$AA?$CI?$AAs?$AAt?$AAr?$AA?5?$AA?$CB?$AA?$DN?$AA?5?$AAN?$AAU?$AAL?$AAL?$AA?$CJ?$AA?$AA@ 0000000180054990     LIBCMTD:ftell.obj
 0002:000049b0       ??_C@_1BM@EPIDANEK@?$AA_?$AAf?$AAt?$AAe?$AAl?$AAl?$AA_?$AAn?$AAo?$AAl?$AAo?$AAc?$AAk?$AA?$AA@ 00000001800549b0     LIBCMTD:ftell.obj
 0002:000049d0       ??_C@_1EO@CCHAPCBN@?$AAf?$AA?3?$AA?2?$AAd?$AAd?$AA?2?$AAv?$AAc?$AAt?$AAo?$AAo?$AAl?$AAs?$AA?2?$AAc?$AAr?$AAt?$AA?2?$AAc?$AAr?$AAt?$AAw?$AA3?$AA2?$AA?2?$AAl?$AAo?$AAw?$AAi?$AAo?$AA?2?$AAl@ 00000001800549d0     LIBCMTD:lseek.obj
 0002:00004a20       ??_C@_1O@EDOIKGHF@?$AA_?$AAl?$AAs?$AAe?$AAe?$AAk?$AA?$AA@ 0000000180054a20     LIBCMTD:lseek.obj
 0002:00004a30       ??_C@_1DM@LMLOLGJ@?$AA?$CI?$AA?$CC?$AAI?$AAn?$AAv?$AAa?$AAl?$AAi?$AAd?$AA?5?$AAf?$AAi?$AAl?$AAe?$AA?5?$AAd?$AAe?$AAs?$AAc?$AAr?$AAi?$AAp?$AAt?$AAo?$AAr?$AA?$CC?$AA?0?$AA0?$AA?$CJ?$AA?$AA@ 0000000180054a30     LIBCMTD:lseek.obj
 0002:00004a6c       ??_C@_03KHJOGHMM@exp?$AA@  0000000180054a6c     LIBCMTD:fpexcept.obj
 0002:00004a70       ??_C@_03JGHBODFD@pow?$AA@  0000000180054a70     LIBCMTD:fpexcept.obj
 0002:00004a74       ??_C@_03MGHMBJCF@log?$AA@  0000000180054a74     LIBCMTD:fpexcept.obj
 0002:00004a78       ??_C@_05HGHHAHAP@log10?$AA@ 0000000180054a78     LIBCMTD:fpexcept.obj
 0002:00004a80       ??_C@_04COOMCNPB@sinh?$AA@ 0000000180054a80     LIBCMTD:fpexcept.obj
 0002:00004a88       ??_C@_04HPJJNFIM@cosh?$AA@ 0000000180054a88     LIBCMTD:fpexcept.obj
 0002:00004a90       ??_C@_04FJHINJAO@tanh?$AA@ 0000000180054a90     LIBCMTD:fpexcept.obj
 0002:00004a98       ??_C@_04FIHNOPOL@asin?$AA@ 0000000180054a98     LIBCMTD:fpexcept.obj
 0002:00004aa0       ??_C@_04PDIFKINK@acos?$AA@ 0000000180054aa0     LIBCMTD:fpexcept.obj
 0002:00004aa8       ??_C@_04MLLJIGOK@atan?$AA@ 0000000180054aa8     LIBCMTD:fpexcept.obj
 0002:00004ab0       ??_C@_05KNGEOGJB@atan2?$AA@ 0000000180054ab0     LIBCMTD:fpexcept.obj
 0002:00004ab8       ??_C@_04EIAKFFMI@sqrt?$AA@ 0000000180054ab8     LIBCMTD:fpexcept.obj
 0002:00004ac0       ??_C@_03BLEJJJBH@sin?$AA@  0000000180054ac0     LIBCMTD:fpexcept.obj
 0002:00004ac4       ??_C@_03LALBNOCG@cos?$AA@  0000000180054ac4     LIBCMTD:fpexcept.obj
 0002:00004ac8       ??_C@_03IIINPABG@tan?$AA@  0000000180054ac8     LIBCMTD:fpexcept.obj
 0002:00004acc       ??_C@_04GFPJNGEK@ceil?$AA@ 0000000180054acc     LIBCMTD:fpexcept.obj
 0002:00004ad4       ??_C@_05PBJFFIGL@floor?$AA@ 0000000180054ad4     LIBCMTD:fpexcept.obj
 0002:00004adc       ??_C@_04ODHECPBC@fabs?$AA@ 0000000180054adc     LIBCMTD:fpexcept.obj
 0002:00004ae4       ??_C@_04EHEDPDJG@modf?$AA@ 0000000180054ae4     LIBCMTD:fpexcept.obj
 0002:00004aec       ??_C@_05CEJMAHNP@ldexp?$AA@ 0000000180054aec     LIBCMTD:fpexcept.obj
 0002:00004af4       ??_C@_05KBKMEMPO@_cabs?$AA@ 0000000180054af4     LIBCMTD:fpexcept.obj
 0002:00004afc       ??_C@_06MEIMCGCF@_hypot?$AA@ 0000000180054afc     LIBCMTD:fpexcept.obj
 0002:00004b04       ??_C@_04KEPJIHGP@fmod?$AA@ 0000000180054b04     LIBCMTD:fpexcept.obj
 0002:00004b0c       ??_C@_05GKKHEGJL@frexp?$AA@ 0000000180054b0c     LIBCMTD:fpexcept.obj
 0002:00004b14       ??_C@_03MJLDFKDL@_y0?$AA@  0000000180054b14     LIBCMTD:fpexcept.obj
 0002:00004b18       ??_C@_03NAKIGLHK@_y1?$AA@  0000000180054b18     LIBCMTD:fpexcept.obj
 0002:00004b1c       ??_C@_03ONILCKOB@_yn?$AA@  0000000180054b1c     LIBCMTD:fpexcept.obj
 0002:00004b20       ??_C@_05JGDBENOH@_logb?$AA@ 0000000180054b20     LIBCMTD:fpexcept.obj
 0002:00004b28       ??_C@_0L@KDOEJCKC@_nextafter?$AA@ 0000000180054b28     LIBCMTD:fpexcept.obj
 0002:00004b40       __xmm@80000000000000008000000000000000 0000000180054b40     LIBCMTD:fpexcept.obj
 0002:00004be8       ??_C@_04HJMOFLDF@Free?$AA@ 0000000180054be8     LIBCMTD:dbgheap.obj
 0002:00004bf0       ??_C@_06EFAGIKOH@Normal?$AA@ 0000000180054bf0     LIBCMTD:dbgheap.obj
 0002:00004bf8       ??_C@_03OGPFLFLO@CRT?$AA@  0000000180054bf8     LIBCMTD:dbgheap.obj
 0002:00004bfc       ??_C@_06KMEJCCGM@Ignore?$AA@ 0000000180054bfc     LIBCMTD:dbgheap.obj
 0002:00004c04       ??_C@_06PJIGMIJB@Client?$AA@ 0000000180054c04     LIBCMTD:dbgheap.obj
 0002:00004c10       ??_C@_1CE@LJFEPPMP@?$AA_?$AAC?$AAr?$AAt?$AAC?$AAh?$AAe?$AAc?$AAk?$AAM?$AAe?$AAm?$AAo?$AAr?$AAy?$AA?$CI?$AA?$CJ?$AA?$AA@ 0000000180054c10     LIBCMTD:dbgheap.obj
 0002:00004c40       ??_C@_1FA@JKEKCOIC@?$AAf?$AA?3?$AA?2?$AAd?$AAd?$AA?2?$AAv?$AAc?$AAt?$AAo?$AAo?$AAl?$AAs?$AA?2?$AAc?$AAr?$AAt?$AA?2?$AAc?$AAr?$AAt?$AAw?$AA3?$AA2?$AA?2?$AAm?$AAi?$AAs?$AAc?$AA?2?$AAd?$AAb@ 0000000180054c40     LIBCMTD:dbgheap.obj
 0002:00004c90       ??_C@_0DF@BBEGIFEK@Client?5hook?5allocation?5failure?5a@ 0000000180054c90     LIBCMTD:dbgheap.obj
 0002:00004cc8       ??_C@_0CB@CCLOLAHO@Client?5hook?5allocation?5failure?4?6@ 0000000180054cc8     LIBCMTD:dbgheap.obj
 0002:00004cec       ??_C@_02DKCKIIND@?$CFs?$AA@ 0000000180054cec     LIBCMTD:dbgheap.obj
[...]
 0004:0000165c       $pdata$__free_lc_time      000000018006c65c     LIBCMTD:inittime.obj
 0004:00001668       $pdata$?__crtLCMapStringA_stat@@YAHPEAUlocaleinfo_struct@@PEB_WKPEBDHPEADHHH@Z 000000018006c668     LIBCMTD:a_map.obj
 0004:00001674       $pdata$?strncnt@@YAHPEBDH@Z 000000018006c674     LIBCMTD:a_map.obj
 0004:00001680       $pdata$_MallocaIsSizeInRange 000000018006c680     LIBCMTD:a_map.obj
 0004:0000168c       $pdata$__crtLCMapStringA   000000018006c68c     LIBCMTD:a_map.obj
 0004:00001698       $pdata$_freea              000000018006c698     LIBCMTD:a_map.obj
 0004:000016a4       $pdata$?__crtGetStringTypeA_stat@@YAHPEAUlocaleinfo_struct@@KPEBDHPEAGHH@Z 000000018006c6a4     LIBCMTD:a_str.obj
 0004:000016b0       $pdata$__crtGetStringTypeA 000000018006c6b0     LIBCMTD:a_str.obj
 0004:000016bc       $pdata$_isleadbyte_l       000000018006c6bc     LIBCMTD:_wctype.obj
 0004:000016c8       $pdata$isleadbyte          000000018006c6c8     LIBCMTD:_wctype.obj
 0004:000016d4       $pdata$__DestructExceptionObject 000000018006c6d4     LIBCMTD:frame.obj
 0004:000016e0       $pdata$??0bad_exception@std@@QEAA@AEBV01@@Z 000000018006c6e0     LIBCMTD:frame.obj
 0004:000016ec       $pdata$??0bad_exception@std@@QEAA@PEBD@Z 000000018006c6ec     LIBCMTD:frame.obj
 0004:000016f8       $pdata$??1bad_exception@std@@UEAA@XZ 000000018006c6f8     LIBCMTD:frame.obj
 0004:00001704       $pdata$??_Gbad_exception@std@@UEAAPEAXI@Z 000000018006c704     LIBCMTD:frame.obj
 0004:00001710       $pdata$?CatchIt@@YAXPEAUEHExceptionRecord@@PEA_KPEAU_CONTEXT@@PEAU_xDISPATCHER_CONTEXT@@PEBU_s_FuncInfo@@PEBU_s_HandlerType@@PEBU_s_CatchableType@@PEBU_s_TryBlockMapEntry@@H1EE@Z 000000018006c710     LIBCMTD:frame.obj
 0004:0000171c       $pdata$?ExFilterRethrow@@YAHPEAU_EXCEPTION_POINTERS@@PEAUEHExceptionRecord@@PEAH@Z 000000018006c71c     LIBCMTD:frame.obj
 0004:00001728       $pdata$?FindHandler@@YAXPEAUEHExceptionRecord@@PEA_KPEAU_CONTEXT@@PEAU_xDISPATCHER_CONTEXT@@PEBU_s_FuncInfo@@EH1@Z 000000018006c728     LIBCMTD:frame.obj
 0004:00001734       $pdata$?FindHandlerForForeignException@@YAXPEAUEHExceptionRecord@@PEA_KPEAU_CONTEXT@@PEAU_xDISPATCHER_CONTEXT@@PEBU_s_FuncInfo@@HH1@Z 000000018006c734     LIBCMTD:frame.obj
 0004:00001740       $pdata$?IsInExceptionSpec@@YAEPEAUEHExceptionRecord@@PEBU_s_ESTypeList@@@Z 000000018006c740     LIBCMTD:frame.obj
 0004:0000174c       $pdata$?Is_bad_exception_allowed@@YAEPEBU_s_ESTypeList@@@Z 000000018006c74c     LIBCMTD:frame.obj
 0004:00001758       $pdata$?__RethrowException@@YAXPEAUEHExceptionRecord@@@Z 000000018006c758     LIBCMTD:frame.obj
 0004:00001764       $pdata$__AdjustPointer     000000018006c764     LIBCMTD:frame.obj
 0004:00001770       $pdata$__BuildCatchObject  000000018006c770     LIBCMTD:frame.obj
 0004:0000177c       $pdata$__BuildCatchObjectHelper 000000018006c77c     LIBCMTD:frame.obj
 0004:00001788       $pdata$__CxxCallCatchBlock 000000018006c788     LIBCMTD:frame.obj
 0004:00001794       $pdata$__FrameUnwindFilter 000000018006c794     LIBCMTD:frame.obj
 0004:000017a0       $pdata$__FrameUnwindToState 000000018006c7a0     LIBCMTD:frame.obj
 0004:000017ac       $pdata$__InternalCxxFrameHandler 000000018006c7ac     LIBCMTD:frame.obj
 0004:000017b8       $pdata$__TypeMatch         000000018006c7b8     LIBCMTD:frame.obj
 0004:000017c4       $pdata$?__GetCurrentState@@YAHPEA_KPEAU_xDISPATCHER_CONTEXT@@PEBU_s_FuncInfo@@@Z 000000018006c7c4     LIBCMTD:ehstate.obj
 0004:000017d0       $pdata$?__GetUnwindTryBlock@@YAHPEA_KPEAU_xDISPATCHER_CONTEXT@@PEBU_s_FuncInfo@@@Z 000000018006c7d0     LIBCMTD:ehstate.obj
 0004:000017dc       $pdata$?__SetUnwindTryBlock@@YAXPEA_KPEAU_xDISPATCHER_CONTEXT@@PEBU_s_FuncInfo@@H@Z 000000018006c7dc     LIBCMTD:ehstate.obj
 0004:000017e8       $pdata$?__StateFromControlPc@@YAHPEBU_s_FuncInfo@@PEAU_xDISPATCHER_CONTEXT@@@Z 000000018006c7e8     LIBCMTD:ehstate.obj
 0004:000017f4       $pdata$?__StateFromIp@@YAHPEBU_s_FuncInfo@@PEAU_xDISPATCHER_CONTEXT@@_J@Z 000000018006c7f4     LIBCMTD:ehstate.obj
 0004:00001800       $pdata$?_inconsistency@@YAXXZ 000000018006c800     LIBCMTD:hooks.obj
 0004:0000180c       $pdata$?terminate@@YAXXZ   000000018006c80c     LIBCMTD:hooks.obj
 0004:00001818       $pdata$_initp_eh_hooks     000000018006c818     LIBCMTD:hooks.obj
 0004:00001830       $pdata$wcsncpy_s           000000018006c830     LIBCMTD:wcsncpy_s.obj
 0004:0000183c       $pdata$GetTableIndexFromLocaleName 000000018006c83c     LIBCMTD:winapinls.obj
 0004:00001848       $pdata$__crtDownlevelLocaleNameToLCID 000000018006c848     LIBCMTD:winapinls.obj
 0004:00001854       $pdata$__crtLCMapStringEx  000000018006c854     LIBCMTD:winapinls.obj
 0004:00001860       $pdata$__wcsnicmp_ascii    000000018006c860     LIBCMTD:winapinls.obj
 0004:0000186c       $pdata$__onexitinit        000000018006c86c     LIBCMTD:onexit.obj
 0004:00001878       $pdata$_onexit             000000018006c878     LIBCMTD:onexit.obj
 0004:00001884       $pdata$_onexit_nolock      000000018006c884     LIBCMTD:onexit.obj
 0004:00001890       $pdata$atexit              000000018006c890     LIBCMTD:onexit.obj
 0004:0000189c       $pdata$_ftbuf              000000018006c89c     LIBCMTD:_sftbuf.obj
 0004:000018a8       $pdata$_stbuf              000000018006c8a8     LIBCMTD:_sftbuf.obj
 0004:000018b4       $pdata$_freebuf            000000018006c8b4     LIBCMTD:_freebuf.obj
 0004:000018c0       $pdata$_woutput_l          000000018006c8c0     LIBCMTD:woutput.obj
 0004:000018cc       $pdata$get_int64_arg       000000018006c8cc     LIBCMTD:woutput.obj
 0004:000018d8       $pdata$get_int_arg         000000018006c8d8     LIBCMTD:woutput.obj
 0004:000018e4       $pdata$write_char          000000018006c8e4     LIBCMTD:woutput.obj
 0004:000018e4       $pdata$write_char          000000018006c8e4     LIBCMTD:woutput.obj
 0004:000018f0       $pdata$write_multi_char    000000018006c8f0     LIBCMTD:woutput.obj
 0004:000018f0       $pdata$write_multi_char    000000018006c8f0     LIBCMTD:woutput.obj
 0004:000018fc       $pdata$_flsbuf             000000018006c8fc     LIBCMTD:_flsbuf.obj
 0004:00001908       $pdata$_woutput_s_l        000000018006c908     LIBCMTD:woutputs.obj
 0004:00001914       $pdata$write_string        000000018006c914     LIBCMTD:woutputs.obj
 0004:00001914       $pdata$write_string        000000018006c914     LIBCMTD:woutputs.obj
 0004:0000192c       $pdata$_isdigit_l          000000018006c92c     LIBCMTD:_ctype.obj
 0004:00001938       $pdata$isdigit             000000018006c938     LIBCMTD:_ctype.obj
 0004:00001944       $pdata$_tolower_l          000000018006c944     LIBCMTD:tolower.obj
 0004:00001950       $pdata$tolower             000000018006c950     LIBCMTD:tolower.obj
 0004:0000195c       $pdata$strcpy_s            000000018006c95c     LIBCMTD:strcpy_s.obj
 0004:00001968       $pdata$strrchr             000000018006c968     LIBCMTD:strrchr.obj
 0004:00001974       $pdata$_fptostr            000000018006c974     LIBCMTD:_fptostr.obj
 0004:00001980       $pdata$__crt_atoflt_l      000000018006c980     LIBCMTD:atodbl.obj
 0004:0000198c       $pdata$_atodbl_l           000000018006c98c     LIBCMTD:atodbl.obj
 0004:00001998       $pdata$_atoflt_l           000000018006c998     LIBCMTD:atodbl.obj
 0004:000019a4       $pdata$__dtold             000000018006c9a4     LIBCMTD:cfout.obj
 0004:000019b0       $pdata$_fltout2            000000018006c9b0     LIBCMTD:cfout.obj
 0004:000019bc       $pdata$_fptrap             000000018006c9bc     LIBCMTD:crt0fp.obj
 0004:000019c8       $pdata$?x_ismbbtype_l@@YAHPEAUlocaleinfo_struct@@IHH@Z 000000018006c9c8     LIBCMTD:ismbbyte.obj
 0004:000019d4       $pdata$_ismbblead          000000018006c9d4     LIBCMTD:ismbbyte.obj
 0004:000019e0       $pdata$strcat_s            000000018006c9e0     LIBCMTD:strcat_s.obj
 0004:000019ec       $pdata$_itoa_s             000000018006c9ec     LIBCMTD:xtoas.obj
 0004:000019f8       $pdata$xtoa_s              000000018006c9f8     LIBCMTD:xtoas.obj
 0004:00001a04       $pdata$_mbstowcs_l_helper  000000018006ca04     LIBCMTD:mbstowcs.obj
 0004:00001a10       $pdata$_mbstowcs_s_l       000000018006ca10     LIBCMTD:mbstowcs.obj
 0004:00001a1c       $pdata$mbstowcs_s          000000018006ca1c     LIBCMTD:mbstowcs.obj
 0004:00001a28       $pdata$?wcsncnt@@YA_KPEB_W_K@Z 000000018006ca28     LIBCMTD:wcstombs.obj
 0004:00001a34       $pdata$_wcstombs_l_helper  000000018006ca34     LIBCMTD:wcstombs.obj
 0004:00001a40       $pdata$_wcstombs_s_l       000000018006ca40     LIBCMTD:wcstombs.obj
 0004:00001a4c       $pdata$wcstombs_s          000000018006ca4c     LIBCMTD:wcstombs.obj
 0004:00001a58       $pdata$_vsnprintf_helper   000000018006ca58     LIBCMTD:vsnprnc.obj
 0004:00001a64       $pdata$_vsnprintf_s        000000018006ca64     LIBCMTD:vsnprnc.obj
 0004:00001a70       $pdata$_vsnprintf_s_l      000000018006ca70     LIBCMTD:vsnprnc.obj
 0004:00001a7c       $pdata$_vsprintf_s_l       000000018006ca7c     LIBCMTD:vsnprnc.obj
 0004:00001a88       $pdata$__GSHandlerCheck_SEH 000000018006ca88     LIBCMTD:gshandlerseh.obj
 0004:00001a94       $pdata$_fclose_nolock      000000018006ca94     LIBCMTD:fclose.obj
 0004:00001aa0       $pdata$fclose              000000018006caa0     LIBCMTD:fclose.obj
 0004:00001aac       $pdata$_mbtowc_l           000000018006caac     LIBCMTD:mbtowc.obj
 0004:00001ab8       $pdata$mbtowc              000000018006cab8     LIBCMTD:mbtowc.obj
 0004:00001ac4       $pdata$_putwch_nolock      000000018006cac4     LIBCMTD:putwch.obj
 0004:00001ad0       $pdata$get_short_arg       000000018006cad0     LIBCMTD:output.obj
 0004:00001adc       $pdata$??3@YAXPEAX@Z       000000018006cadc     LIBCMTD:dbgdel.obj
 0004:00001af4       $pdata$?_ValidateExecute@@YAHP6A_JXZ@Z 000000018006caf4     LIBCMTD:validate.obj
 0004:00001b00       $pdata$?_ValidateRead@@YAHPEBXI@Z 000000018006cb00     LIBCMTD:validate.obj
 0004:00001b00       $pdata$?_ValidateWrite@@YAHPEAXI@Z 000000018006cb00     LIBCMTD:validate.obj
 0004:00001b18       $pdata$??1type_info@@UEAA@XZ 000000018006cb18     LIBCMTD:typinfo.obj
 0004:00001b24       $pdata$??8type_info@@QEBA_NAEBV0@@Z 000000018006cb24     LIBCMTD:typinfo.obj
 0004:00001b30       $pdata$??_Gtype_info@@UEAAPEAXI@Z 000000018006cb30     LIBCMTD:typinfo.obj
 0004:00001b3c       $pdata$??0exception@std@@QEAA@AEBQEBD@Z 000000018006cb3c     LIBCMTD:stdexcpt.obj
 0004:00001b48       $pdata$??0exception@std@@QEAA@AEBV01@@Z 000000018006cb48     LIBCMTD:stdexcpt.obj
 0004:00001b54       $pdata$??1exception@std@@UEAA@XZ 000000018006cb54     LIBCMTD:stdexcpt.obj
 0004:00001b60       $pdata$??4exception@std@@QEAAAEAV01@AEBV01@@Z 000000018006cb60     LIBCMTD:stdexcpt.obj
 0004:00001b6c       $pdata$??_Gexception@std@@UEAAPEAXI@Z 000000018006cb6c     LIBCMTD:stdexcpt.obj
 0004:00001b78       $pdata$?_Copy_str@exception@std@@AEAAXPEBD@Z 000000018006cb78     LIBCMTD:stdexcpt.obj
 0004:00001b84       $pdata$?_Tidy@exception@std@@AEAAXXZ 000000018006cb84     LIBCMTD:stdexcpt.obj
 0004:00001b90       $pdata$?what@exception@std@@UEBAPEBDXZ 000000018006cb90     LIBCMTD:stdexcpt.obj
 0004:00001b9c       $pdata$_CxxThrowException  000000018006cb9c     LIBCMTD:throw.obj
 0004:00001ba8       $pdata$_get_printf_count_output 000000018006cba8     LIBCMTD:printf.obj
 0004:00001bb4       $pdata$_fputwc_nolock      000000018006cbb4     LIBCMTD:fputwc.obj
 0004:00001bc0       $pdata$_output_s_l         000000018006cbc0     LIBCMTD:outputs.obj
 0004:00001bcc       $pdata$write_char          000000018006cbcc     LIBCMTD:outputs.obj
 0004:00001bd8       $pdata$write_multi_char    000000018006cbd8     LIBCMTD:outputs.obj
 0004:00001be4       $pdata$write_string        000000018006cbe4     LIBCMTD:outputs.obj
 0004:00001bf0       $pdata$_CopyMan            000000018006cbf0     LIBCMTD:intrncvt.obj
 0004:00001bfc       $pdata$_FillZeroMan        000000018006cbfc     LIBCMTD:intrncvt.obj
 0004:00001c08       $pdata$_IncMan             000000018006cc08     LIBCMTD:intrncvt.obj
 0004:00001c14       $pdata$_IsZeroMan          000000018006cc14     LIBCMTD:intrncvt.obj
 0004:00001c20       $pdata$_RoundMan           000000018006cc20     LIBCMTD:intrncvt.obj
 0004:00001c2c       $pdata$_ShrMan             000000018006cc2c     LIBCMTD:intrncvt.obj
 0004:00001c38       $pdata$_ZeroTail           000000018006cc38     LIBCMTD:intrncvt.obj
 0004:00001c44       $pdata$__addl              000000018006cc44     LIBCMTD:intrncvt.obj
 0004:00001c50       $pdata$_ld12cvt            000000018006cc50     LIBCMTD:intrncvt.obj
 0004:00001c5c       $pdata$_ld12tod            000000018006cc5c     LIBCMTD:intrncvt.obj
 0004:00001c68       $pdata$_ld12tof            000000018006cc68     LIBCMTD:intrncvt.obj
 0004:00001c74       $pdata$__ld12mul           000000018006cc74     LIBCMTD:strgtold.obj
 0004:00001c80       $pdata$__multtenpow12      000000018006cc80     LIBCMTD:strgtold.obj
 0004:00001c8c       $pdata$__shl_12            000000018006cc8c     LIBCMTD:strgtold.obj
 0004:00001c98       $pdata$__shr_12            000000018006cc98     LIBCMTD:strgtold.obj
 0004:00001ca4       $pdata$__strgtold12_l      000000018006cca4     LIBCMTD:strgtold.obj
 0004:00001cb0       $pdata$$I10_OUTPUT         000000018006ccb0     LIBCMTD:x10fout.obj
 0004:00001cbc       $pdata$__add_12            000000018006ccbc     LIBCMTD:x10fout.obj
 0004:00001cc8       $pdata$_close              000000018006ccc8     LIBCMTD:close.obj
 0004:00001cd4       $pdata$_close_nolock       000000018006ccd4     LIBCMTD:close.obj
 0004:00001ce0       $pdata$__termconout        000000018006cce0     LIBCMTD:initcon.obj
 0004:00001cec       $pdata$__initconout        000000018006ccec     LIBCMTD:initcon.obj
 0004:00001cf8       $pdata$_wctomb_s_l         000000018006ccf8     LIBCMTD:wctomb.obj
 0004:00001d04       $pdata$wctomb_s            000000018006cd04     LIBCMTD:wctomb.obj
 0004:00001d10       $pdata$?_Type_info_dtor@type_info@@CAXPEAV1@@Z 000000018006cd10     LIBCMTD:typname.obj
 0004:00001d1c       $pdata$_flswbuf            000000018006cd1c     LIBCMTD:_flswbuf.obj
 0004:00001d28       $pdata$__mtold12           000000018006cd28     LIBCMTD:mantold.obj
 0004:00001d34       $pdata$fread_s$fin$0       000000018006cd34     LIBCMTD:fread.obj
 0004:00001d40       $pdata$fseek$fin$0         000000018006cd40     LIBCMTD:fseek.obj
 0004:00001d4c       $pdata$?dtor$0@?0??strtoxl@@YAKPEAUlocaleinfo_struct@@PEBDPEAPEBDHH@Z@4HA 000000018006cd4c     LIBCMTD:strtol.obj
 0004:00001d58       $pdata$_CRT_INIT$fin$0     000000018006cd58     LIBCMTD:dllcrt0.obj
 0004:00001d64       $pdata$__DllMainCRTStartup$filt$0 000000018006cd64     LIBCMTD:dllcrt0.obj
 0004:00001d70       $pdata$fflush$fin$0        000000018006cd70     LIBCMTD:fflush.obj
 0004:00001d7c       $pdata$flsall$fin$0        000000018006cd7c     LIBCMTD:fflush.obj
 0004:00001d88       $pdata$flsall$fin$1        000000018006cd88     LIBCMTD:fflush.obj
 0004:00001d94       $pdata$_ctrlfp$filt$0      000000018006cd94     LIBCMTD:fpctrl.obj
 0004:00001da0       $pdata$_CrtCheckMemory$fin$0 000000018006cda0     LIBCMTD:dbgheap.obj
 0004:00001dac       $pdata$_free_dbg$fin$0     000000018006cdac     LIBCMTD:dbgheap.obj
 0004:00001db8       $pdata$_heap_alloc_dbg_impl$fin$0 000000018006cdb8     LIBCMTD:dbgheap.obj
 0004:00001db8       $pdata$_CrtMemCheckpoint$fin$0 000000018006cdb8     LIBCMTD:dbgheap.obj
 0004:00001db8       $pdata$?fin$0@?0??_CrtMemDumpAllObjectsSince_stat@@YAXPEBU_CrtMemState@@PEAUlocaleinfo_struct@@@Z@4HA 000000018006cdb8     LIBCMTD:dbgheap.obj
 0004:00001dc4       $pdata$?dtor$0@?0??getSystemCP@@YAHH@Z@4HA 000000018006cdc4     LIBCMTD:mbctype.obj
 0004:00001dd0       $pdata$__updatetmbcinfo$fin$0 000000018006cdd0     LIBCMTD:mbctype.obj
 0004:00001dd0       $pdata$_setmbcp$fin$0      000000018006cdd0     LIBCMTD:mbctype.obj
 0004:00001ddc       $pdata$_freefls$fin$0      000000018006cddc     LIBCMTD:tidtable.obj
 0004:00001ddc       $pdata$_initptd$fin$0      000000018006cddc     LIBCMTD:tidtable.obj
 0004:00001de8       $pdata$_initptd$fin$1      000000018006cde8     LIBCMTD:tidtable.obj
 0004:00001de8       $pdata$_freefls$fin$1      000000018006cde8     LIBCMTD:tidtable.obj
 0004:00001df4       $pdata$_CallSETranslator$filt$0 000000018006cdf4     LIBCMTD:trnsctrl.obj
 0004:00001e00       $pdata$_locterm$fin$0      000000018006ce00     LIBCMTD:wsetloca.obj
 0004:00001e00       $pdata$__updatetlocinfo$fin$0 000000018006ce00     LIBCMTD:wsetloca.obj
 0004:00001e0c       $pdata$doexit$fin$0        000000018006ce0c     LIBCMTD:crt0dat.obj
 0004:00001e18       $pdata$fwprintf$fin$0      000000018006ce18     LIBCMTD:fwprintf.obj
 0004:00001e24       $pdata$raise$fin$0         000000018006ce24     LIBCMTD:winsig.obj
 0004:00001e30       $pdata$_ioinit$fin$0       000000018006ce30     LIBCMTD:ioinit.obj
 0004:00001e3c       $pdata$_VCrtDbgReportA$fin$0 000000018006ce3c     LIBCMTD:dbgrptt.obj
 0004:00001e48       $pdata$_VCrtDbgReportA$fin$1 000000018006ce48     LIBCMTD:dbgrptt.obj
 0004:00001e54       $pdata$_VCrtDbgReportW$fin$0 000000018006ce54     LIBCMTD:dbgrptt.obj
 0004:00001e60       $pdata$_VCrtDbgReportW$fin$1 000000018006ce60     LIBCMTD:dbgrptt.obj
 0004:00001e6c       $pdata$_fcloseall$fin$0    000000018006ce6c     LIBCMTD:closeall.obj
 0004:00001e78       $pdata$__lock_fhandle$fin$0 000000018006ce78     LIBCMTD:osfinfo.obj
 0004:00001e78       $pdata$_mtinitlocknum$fin$0 000000018006ce78     LIBCMTD:osfinfo.obj
 0004:00001e84       $pdata$_lseek$fin$0        000000018006ce84     LIBCMTD:lseeki64.obj
 0004:00001e84       $pdata$_read$fin$0         000000018006ce84     LIBCMTD:lseeki64.obj
 0004:00001e84       $pdata$_write$fin$0        000000018006ce84     LIBCMTD:lseeki64.obj
 0004:00001e84       $pdata$_commit$fin$0       000000018006ce84     LIBCMTD:lseeki64.obj
 0004:00001e84       $pdata$_lseeki64$fin$0     000000018006ce84     LIBCMTD:lseeki64.obj
 0004:00001e84       $pdata$_close$fin$0        000000018006ce84     LIBCMTD:lseeki64.obj
 0004:00001e90       $pdata$_IsNonwritableInCurrentImage$filt$0 000000018006ce90     LIBCMTD:pesect.obj
 0004:00001e9c       $pdata$__CxxCallCatchBlock$filt$0 000000018006ce9c     LIBCMTD:frame.obj
 0004:00001ea8       $pdata$__CxxCallCatchBlock$fin$1 000000018006cea8     LIBCMTD:frame.obj
 0004:00001eb4       $pdata$__DestructExceptionObject$filt$0 000000018006ceb4     LIBCMTD:frame.obj
 0004:00001ec0       $pdata$__FrameUnwindToState$filt$0 000000018006cec0     LIBCMTD:frame.obj
 0004:00001ecc       $pdata$__FrameUnwindToState$fin$1 000000018006cecc     LIBCMTD:frame.obj
 0004:00001ed8       $pdata$__BuildCatchObject$filt$0 000000018006ced8     LIBCMTD:hooks.obj
 0004:00001ed8       $pdata$?filt$0@?0??_inconsistency@@YAXXZ@4HA 000000018006ced8     LIBCMTD:hooks.obj
 0004:00001ed8       $pdata$?filt$0@?0??__crtIsBadReadPtr@@YAHPEBX_K@Z@4HA 000000018006ced8     LIBCMTD:hooks.obj
 0004:00001ed8       $pdata$?filt$0@?0??terminate@@YAXXZ@4HA 000000018006ced8     LIBCMTD:hooks.obj
 0004:00001ed8       $pdata$__BuildCatchObjectHelper$filt$0 000000018006ced8     LIBCMTD:hooks.obj
 0004:00001ee4       $pdata$_onexit$fin$0       000000018006cee4     LIBCMTD:onexit.obj
 0004:00001ef0       $pdata$?dtor$0@?0??x_ismbbtype_l@@YAHPEAUlocaleinfo_struct@@IHH@Z@4HA 000000018006cef0     LIBCMTD:ismbbyte.obj
 0004:00001efc       $pdata$setvbuf$fin$0       000000018006cefc     LIBCMTD:fclose.obj
 0004:00001efc       $pdata$fclose$fin$0        000000018006cefc     LIBCMTD:fclose.obj
 0004:00001f08       $pdata$_CrtSetDbgFlag$fin$0 000000018006cf08     LIBCMTD:dbgdel.obj
 0004:00001f08       $pdata$_realloc_dbg$fin$0  000000018006cf08     LIBCMTD:dbgdel.obj
 0004:00001f08       $pdata$?fin$0@?0???3@YAXPEAX@Z@4HA 000000018006cf08     LIBCMTD:dbgdel.obj
 0004:00001f08       $pdata$_msize_dbg$fin$0    000000018006cf08     LIBCMTD:dbgdel.obj
 0004:00001f14       $pdata$?fin$0@?0??_Type_info_dtor@type_info@@CAXPEAV1@@Z@4HA 000000018006cf14     LIBCMTD:typname.obj
