 dolphin

 Timestamp is 589f6550 (Sat Feb 11 22:26:08 2017)

 Preferred load address is 0000000180000000

 Start         Length     Name                   Class
 0001:00000000 0004fdecH .text$mn                CODE
 0001:0004fdf0 000006abH .text$x                 CODE
 0002:00000000 00000248H .idata$5                DATA
 0002:00000248 00000008H .CRT$XCA                DATA
 0002:00000250 00000008H .CRT$XCZ                DATA
 0002:00000258 00000008H .CRT$XIA                DATA
 0002:00000260 00000028H .CRT$XIC                DATA
 0002:00000288 00000008H .CRT$XIZ                DATA
 0002:00000290 00000008H .CRT$XPA                DATA
 0002:00000298 00000010H .CRT$XPX                DATA
 0002:000002a8 00000008H .CRT$XPXA               DATA
 0002:000002b0 00000008H .CRT$XPZ                DATA
 0002:000002b8 00000008H .CRT$XTA                DATA
 0002:000002c0 00000008H .CRT$XTZ                DATA
 0002:000002d0 0000fc70H .rdata                  DATA
 0002:0000ff40 00000070H .rdata$debug            DATA
 0002:0000ffb0 0000016cH .rdata$r                DATA
 0002:00010120 00000008H .rtc$IAA                DATA
 0002:00010128 00000008H .rtc$IZZ                DATA
 0002:00010130 00000008H .rtc$TAA                DATA
 0002:00010138 00000008H .rtc$TZZ                DATA
 0002:00010140 000015e0H .xdata                  DATA
 0002:00011720 00000084H .xdata$x                DATA
 0002:000117b0 00000070H .edata                  DATA
 0002:00011820 00000014H .idata$2                DATA
 0002:00011834 00000014H .idata$3                DATA
 0002:00011848 00000248H .idata$4                DATA
 0002:00011a90 00000556H .idata$6                DATA
 0003:00000000 00005ce8H .data                   DATA
 0003:00005ce8 00000070H .data$r                 DATA
 0003:00005d60 00002668H .bss                    DATA
 0004:00000000 00002070H .pdata                  DATA

  Address         Publics by Value              Rva+Base               Lib:Object

 0000:00000000       ___safe_se_handler_table   0000000000000000     <absolute>
 0000:00000000       __guard_fids_table         0000000000000000     <absolute>
 0000:00000000       __guard_flags              0000000000000000     <absolute>
 0000:00000000       __guard_fids_count         0000000000000000     <absolute>
 0000:00000000       ___safe_se_handler_count   0000000000000000     <absolute>
 0000:00000000       __ImageBase                0000000180000000     <linker-defined>
 0001:00000910       ?GameUpdateAndRenderStub@@YAXPEAUgame_memory@@PEAUgame_input@@PEAUgame_offscreen_buffer@@PEAUgame_sound_output_buffer@@@Z 0000000180001910 f   dolphin.obj
 0001:00000930       ?GameGetSoundSamplesStub@@YAXPEAUgame_memory@@PEAUgame_sound_output_buffer@@@Z 0000000180001930 f   dolphin.obj
 0001:000143b0       ?stbi__tga_read_rgb16@@YAXPEAUstbi__context@@PEAE@Z 00000001800153b0 f   dolphin.obj
 0001:00018a20       GameUpdateAndRender        0000000180019a20 f   dolphin.obj
 0001:00019da0       GameGetSoundSamples        000000018001ada0 f   dolphin.obj
 0001:00019e00       ??D@YA?ATgdVec2@@MT0@@Z    000000018001ae00 f i dolphin.obj
 0001:00019e50       ??D@YA?ATgdVec2@@T0@M@Z    000000018001ae50 f i dolphin.obj
 0001:00019ea0       ??D@YA?ATgdVec3@@T0@M@Z    000000018001aea0 f i dolphin.obj
 0001:00019f40       ??D@YA?AUvolume_v2@@MU0@@Z 000000018001af40 f i dolphin.obj
 0001:00019fa0       ??G@YA?ATgdVec3@@T0@0@Z    000000018001afa0 f i dolphin.obj
 0001:0001a050       ??H@YA?ATgdVec2@@T0@0@Z    000000018001b050 f i dolphin.obj
 0001:0001a0a0       ??H@YA?ATgdVec3@@T0@0@Z    000000018001b0a0 f i dolphin.obj
 0001:0001a150       ??X@YAAEATgdVec3@@AEAT0@M@Z 000000018001b150 f i dolphin.obj
 0001:0001a1f0       ??Y@YAAEAUvolume_v2@@AEAU0@U0@@Z 000000018001b1f0 f i dolphin.obj
 0001:0001a250       ?AtomicCompareExchangeUInt32@@YAIPECIII@Z 000000018001b250 f i dolphin.obj
 0001:0001a290       ?BeginTemporaryMemory@@YA?AUtemporary_memory@@PEAUmemory_arena@@@Z 000000018001b290 f i dolphin.obj
 0001:0001a2f0       ?EndTemporaryMemory@@YAXUtemporary_memory@@@Z 000000018001b2f0 f i dolphin.obj
 0001:0001a360       ?FloorReal32ToInt32@@YAHM@Z 000000018001b360 f i dolphin.obj
 0001:0001a390       ?GetAlignmentOffset@@YA_KPEAUmemory_arena@@_K@Z 000000018001b390 f i dolphin.obj
 0001:0001a410       ?GetBestMatchBitmapFrom@@YA?AUbitmap_id@@PEAUgame_assets@@W4asset_type_id@@PEAUasset_vector@@2@Z 000000018001b410 f i dolphin.obj
 0001:0001a450       ?GetBitmap@@YAPEAUloaded_bitmap@@PEAUgame_assets@@Ubitmap_id@@@Z 000000018001b450 f i dolphin.obj
 0001:0001a480       ?GetBitmapDim@@YA?AUbitmap_dimension@@PEAUrender_group@@PEAUloaded_bitmap@@MTgdVec3@@M@Z 000000018001b480 f i dolphin.obj
 0001:0001a670       ?GetChunkData@@YAPEAXUriff_iterator@@@Z 000000018001b670 f i dolphin.obj
 0001:0001a6a0       ?GetChunkDataSize@@YAIUriff_iterator@@@Z 000000018001b6a0 f i dolphin.obj
 0001:0001a6d0       ?GetFirstSoundFrom@@YA?AUsound_id@@PEAUgame_assets@@W4asset_type_id@@@Z 000000018001b6d0 f i dolphin.obj
 0001:0001a6d0       ?GetFirstBitmapFrom@@YA?AUbitmap_id@@PEAUgame_assets@@W4asset_type_id@@@Z 000000018001b6d0 f i dolphin.obj
 0001:0001a700       ?GetSound@@YAPEAUloaded_sound@@PEAUgame_assets@@Usound_id@@@Z 000000018001b700 f i dolphin.obj
 0001:0001a730       ?GetSoundInfo@@YAPEAUasset_sound_info@@PEAUgame_assets@@Usound_id@@@Z 000000018001b730 f i dolphin.obj
 0001:0001a780       ?GetType@@YAIUriff_iterator@@@Z 000000018001b780 f i dolphin.obj
 0001:0001a7b0       ?InitializeMemoryArena@@YAXPEAUmemory_arena@@_KPEAX@Z 000000018001b7b0 f i dolphin.obj
 0001:0001a7f0       ?IsValid@@YAHUriff_iterator@@@Z 000000018001b7f0 f i dolphin.obj
 0001:0001a830       ?IsValid@@YAHUsound_id@@@Z 000000018001b830 f i dolphin.obj
 0001:0001a860       ?Linear1ToSRGB255@@YA?ATgdVec4@@T1@@Z 000000018001b860 f i dolphin.obj
 0001:0001a930       ?NextChunk@@YA?AUriff_iterator@@U1@@Z 000000018001b930 f i dolphin.obj
 0001:0001a9a0       ?ParseChunkAt@@YA?AUriff_iterator@@PEAX0@Z 000000018001b9a0 f i dolphin.obj
 0001:0001a9f0       ?PrefetchSound@@YAXPEAUgame_assets@@Usound_id@@@Z 000000018001b9f0 f i dolphin.obj
 0001:0001aa10       ?PushBitmap@@YAXPEAUrender_group@@PEAUloaded_bitmap@@MTgdVec3@@TgdVec4@@M@Z 000000018001ba10 f i dolphin.obj
 0001:0001ac40       ?PushBitmap@@YAXPEAUrender_group@@Ubitmap_id@@MTgdVec3@@TgdVec4@@M@Z 000000018001bc40 f i dolphin.obj
 0001:0001ad10       ?PushClear@@YAXPEAUrender_group@@TgdVec4@@@Z 000000018001bd10 f i dolphin.obj
 0001:0001ad60       ?PushRectangle@@YAXPEAUrender_group@@TgdVec3@@TgdVec2@@TgdVec4@@@Z 000000018001bd60 f i dolphin.obj
 0001:0001ae10       ?PushRectangleOutline@@YAXPEAUrender_group@@TgdVec3@@TgdVec2@@TgdVec4@@M@Z 000000018001be10 f i dolphin.obj
 0001:0001b2c0       ?PushRenderElement_@@YAPEAXPEAUrender_group@@IW4render_group_entry_type@@@Z 000000018001c2c0 f i dolphin.obj
 0001:0001b360       ?PushSize_@@YAPEAXPEAUmemory_arena@@_K1@Z 000000018001c360 f i dolphin.obj
 0001:0001b420       ?PushString@@YAPEADPEAUmemory_arena@@PEAD@Z 000000018001c420 f i dolphin.obj
 0001:0001b4d0       ?RenderRectangle@@YAXPEAUloaded_bitmap@@TgdVec2@@1TgdVec4@@UgdRect2i@@@Z 000000018001c4d0 f i dolphin.obj
 0001:0001b800       ?RenderRectangleQuickly@@YAXPEAUloaded_bitmap@@TgdVec2@@110TgdVec4@@UgdRect2i@@@Z 000000018001c800 f i dolphin.obj
 0001:0001de80       ?RoundReal32ToInt32@@YAHM@Z 000000018001ee80 f i dolphin.obj
 0001:0001deb0       ?RoundReal32ToUInt32@@YAIM@Z 000000018001eeb0 f i dolphin.obj
 0001:0001dee0       ?SRGB255ToLinear1@@YA?ATgdVec4@@T1@@Z 000000018001eee0 f i dolphin.obj
 0001:0001dfd0       ?SafeRatio0@@YAMMM@Z       000000018001efd0 f i dolphin.obj
 0001:0001e010       ?SafeRatioN@@YAMMMM@Z      000000018001f010 f i dolphin.obj
 0001:0001e060       ?SubArena@@YAXPEAUmemory_arena@@0_K1@Z 000000018001f060 f i dolphin.obj
 0001:0001e0c0       ?ldexp@@YAMMH@Z            000000018001f0c0 f i dolphin.obj
 0001:0001e0f0       ?pow@@YAMMM@Z              000000018001f0f0 f i dolphin.obj
 0001:0001e120       ?volume_v2_add@@YA?AUvolume_v2@@U1@0@Z 000000018001f120 f i dolphin.obj
 0001:0001e1b0       ?volume_v2_init@@YA?AUvolume_v2@@MM@Z 000000018001f1b0 f i dolphin.obj
 0001:0001e210       ?volume_v2_mulf@@YA?AUvolume_v2@@U1@M@Z 000000018001f210 f i dolphin.obj
 0001:0001e270       ldexpf                     000000018001f270 f i dolphin.obj
 0001:0001e2a0       feof                       000000018001f2a0 f   LIBCMTD:feoferr.obj
 0001:0001e360       _fread_nolock_s            000000018001f360 f   LIBCMTD:fread.obj
 0001:0001ecb0       fread                      000000018001fcb0 f   LIBCMTD:fread.obj
 0001:0001ed00       fread_s                    000000018001fd00 f   LIBCMTD:fread.obj
 0001:0001ee50       _fseek_nolock              000000018001fe50 f   LIBCMTD:fseek.obj
 0001:0001ef70       fseek                      000000018001ff70 f   LIBCMTD:fseek.obj
 0001:0001f120       ldexp                      0000000180020120 f   LIBCMTD:ldexp.obj
 0001:0001f420       roundf                     0000000180020420 f   LIBCMTD:roundf.obj
 0001:0001f4b0       free                       00000001800204b0 f   LIBCMTD:dbgfree.obj
 0001:0001f4d0       malloc                     00000001800204d0 f   LIBCMTD:dbgmalloc.obj
 0001:0001f510       realloc                    0000000180020510 f   LIBCMTD:dbgrealloc.obj
 0001:0001f550       ??0_LocaleUpdate@@QEAA@PEAUlocaleinfo_struct@@@Z 0000000180020550 f i LIBCMTD:strtol.obj
 0001:0001f690       ??1_LocaleUpdate@@QEAA@XZ  0000000180020690 f i LIBCMTD:strtol.obj
 0001:0001f6d0       ?GetLocaleT@_LocaleUpdate@@QEAAPEAUlocaleinfo_struct@@XZ 00000001800206d0 f i LIBCMTD:strtol.obj
 0001:0001fdd0       strtol                     0000000180020dd0 f   LIBCMTD:strtol.obj
 0001:0001fe50       strncmp                    0000000180020e50 f   LIBCMTD:strncmp.obj
 0001:0001fed0       _invoke_watson_if_error    0000000180020ed0 f i LIBCMTD:wassert.obj
 0001:0001ff20       _wassert                   0000000180020f20 f   LIBCMTD:wassert.obj
 0001:00020e00       __GSHandlerCheck           0000000180021e00 f   LIBCMTD:gshandler.obj
 0001:00020e40       __GSHandlerCheckCommon     0000000180021e40 f   LIBCMTD:gshandler.obj
 0001:00020f50       __chkstk                   0000000180021f50 f   LIBCMTD:chkstk.obj
 0001:00020f50       _alloca_probe              0000000180021f50 f   LIBCMTD:chkstk.obj
 0001:00020fb0       __security_check_cookie    0000000180021fb0 f   LIBCMTD:amdsecgs.obj
 0001:00020fd0       cosf                       0000000180021fd0 f   LIBCMTD:cosf.obj
 0001:000214d0       floorf                     00000001800224d0 f   LIBCMTD:floorf.obj
 0001:00021680       powf                       0000000180022680 f   LIBCMTD:powf.obj
 0001:00022210       sinf                       0000000180023210 f   LIBCMTD:sinf.obj
 0001:000228e0       sqrtf                      00000001800238e0 f   LIBCMTD:sqrtf.obj
 0001:00022a60       _fpmath                    0000000180023a60 f   LIBCMTD:fpinit.obj
 0001:00022a80       _cfltcvt_init              0000000180023a80 f   LIBCMTD:fpinit.obj
 0001:00022b90       _CRT_INIT                  0000000180023b90 f   LIBCMTD:dllcrt0.obj
 0001:00022db0       _DllMainCRTStartup         0000000180023db0 f   LIBCMTD:dllcrt0.obj
 0001:00022f50       __DllXcptFilter            0000000180023f50 f   LIBCMTD:dllcrt0.obj
 0001:00022fa0       _call_reportfault          0000000180023fa0 f   LIBCMTD:invarg.obj
 0001:000230d0       _initp_misc_invarg         00000001800240d0 f   LIBCMTD:invarg.obj
 0001:000230f0       _invalid_parameter         00000001800240f0 f   LIBCMTD:invarg.obj
 0001:00023180       _invoke_watson             0000000180024180 f   LIBCMTD:invarg.obj
 0001:000231e0       _CrtDbgReportW             00000001800241e0 f   LIBCMTD:dbgrptw.obj
 0001:00023260       _CrtDbgReportWV            0000000180024260 f i LIBCMTD:dbgrptw.obj
 0001:000232c0       __crtMessageWindowW        00000001800242c0 f   LIBCMTD:dbgrptw.obj
 0001:00023940       _invoke_watson_if_oneof    0000000180024940 f i LIBCMTD:dbgrptw.obj
 0001:000239b0       __doserrno                 00000001800249b0 f   LIBCMTD:dosmap.obj
 0001:000239e0       _dosmaperr                 00000001800249e0 f   LIBCMTD:dosmap.obj
 0001:00023a10       _errno                     0000000180024a10 f   LIBCMTD:dosmap.obj
 0001:00023a40       _get_errno_from_oserr      0000000180024a40 f   LIBCMTD:dosmap.obj
 0001:00023ad0       _filbuf                    0000000180024ad0 f   LIBCMTD:_filbuf.obj
 0001:00023df0       _fileno                    0000000180024df0 f   LIBCMTD:fileno.obj
 0001:00023eb0       __initstdio                0000000180024eb0 f   LIBCMTD:_file.obj
 0001:00023fb0       __endstdio                 0000000180024fb0 f   LIBCMTD:_file.obj
 0001:00023ff0       __iob_func                 0000000180024ff0 f   LIBCMTD:_file.obj
 0001:00024000       _lock_file                 0000000180025000 f   LIBCMTD:_file.obj
 0001:00024090       _lock_file2                0000000180025090 f   LIBCMTD:_file.obj
 0001:000240e0       _unlock_file               00000001800250e0 f   LIBCMTD:_file.obj
 0001:00024170       _unlock_file2              0000000180025170 f   LIBCMTD:_file.obj
 0001:000241c0       memcpy_s                   00000001800251c0 f   LIBCMTD:memcpy_s.obj
 0001:00024440       memset                     0000000180025440 f   LIBCMTD:memset.obj
 0001:00024670       _read                      0000000180025670 f   LIBCMTD:read.obj
 0001:000249d0       _read_nolock               00000001800259d0 f   LIBCMTD:read.obj
 0001:00026530       __C_specific_handler       0000000180027530 f   LIBCMTD:chandler.obj
 0001:00026950       _ftell_nolock              0000000180027950 f   LIBCMTD:ftell.obj
 0001:00027010       _lseek                     0000000180028010 f   LIBCMTD:lseek.obj
 0001:000272b0       _lseek_nolock              00000001800282b0 f   LIBCMTD:lseek.obj
 0001:00027440       _fflush_nolock             0000000180028440 f   LIBCMTD:fflush.obj
 0001:000274c0       _flush                     00000001800284c0 f   LIBCMTD:fflush.obj
 0001:000275b0       _flushall                  00000001800285b0 f   LIBCMTD:fflush.obj
 0001:000275d0       fflush                     00000001800285d0 f   LIBCMTD:fflush.obj
 0001:00027790       _copysign                  0000000180028790 f   LIBCMTD:_copysign.obj
 0001:00027820       _decomp                    0000000180028820 f   LIBCMTD:util.obj
 0001:00027970       _set_exp                   0000000180028970 f   LIBCMTD:util.obj
 0001:000279c0       _sptype                    00000001800289c0 f   LIBCMTD:util.obj
 0001:00027a40       _errcode                   0000000180028a40 f   LIBCMTD:fpexcept.obj
 0001:00027ac0       _except2                   0000000180028ac0 f   LIBCMTD:fpexcept.obj
 0001:00027c80       _handle_exc                0000000180028c80 f   LIBCMTD:fpexcept.obj
 0001:000280e0       _handle_qnan2              00000001800290e0 f   LIBCMTD:fpexcept.obj
 0001:00028170       _raise_exc                 0000000180029170 f   LIBCMTD:fpexcept.obj
 0001:000281d0       _raise_exc_ex              00000001800291d0 f   LIBCMTD:fpexcept.obj
 0001:00028850       _raise_excf                0000000180029850 f   LIBCMTD:fpexcept.obj
 0001:000288b0       _set_errno_from_matherr    00000001800298b0 f   LIBCMTD:fpexcept.obj
 0001:00028900       _umatherr                  0000000180029900 f   LIBCMTD:fpexcept.obj
 0001:000289d0       _clrfp                     00000001800299d0 f   LIBCMTD:fpctrl.obj
 0001:00028a00       _ctrlfp                    0000000180029a00 f   LIBCMTD:fpctrl.obj
 0001:00028ab0       _set_statfp                0000000180029ab0 f   LIBCMTD:fpctrl.obj
 0001:00028af0       _statfp                    0000000180029af0 f   LIBCMTD:fpctrl.obj
 0001:00028b20       _fd_int                    0000000180029b20 f   LIBCMTD:_test.obj
 0001:00029280       _CrtCheckMemory            000000018002a280 f   LIBCMTD:dbgheap.obj
 0001:00029820       _CrtDumpMemoryLeaks        000000018002a820 f   LIBCMTD:dbgheap.obj
 0001:000298e0       _CrtGetCheckCount          000000018002a8e0 f   LIBCMTD:dbgheap.obj
 0001:000298f0       _CrtIsValidHeapPointer     000000018002a8f0 f   LIBCMTD:dbgheap.obj
 0001:00029950       _CrtIsValidPointer         000000018002a950 f   LIBCMTD:dbgheap.obj
 0001:00029990       _CrtMemCheckpoint          000000018002a990 f   LIBCMTD:dbgheap.obj
 0001:00029c20       _CrtMemDumpAllObjectsSince 000000018002ac20 f   LIBCMTD:dbgheap.obj
 0001:00029c70       _CrtSetCheckCount          000000018002ac70 f   LIBCMTD:dbgheap.obj
 0001:00029c90       _CrtSetDbgFlag             000000018002ac90 f   LIBCMTD:dbgheap.obj
 0001:00029dd0       _CrtSetDumpClient          000000018002add0 f   LIBCMTD:dbgheap.obj
 0001:00029e00       _calloc_dbg                000000018002ae00 f   LIBCMTD:dbgheap.obj
 0001:00029e80       _calloc_dbg_impl           000000018002ae80 f   LIBCMTD:dbgheap.obj
 0001:00029f30       _free_dbg                  000000018002af30 f   LIBCMTD:dbgheap.obj
 0001:00029f70       _free_dbg_nolock           000000018002af70 f   LIBCMTD:dbgheap.obj
 0001:0002ab00       _malloc_dbg                000000018002bb00 f   LIBCMTD:dbgheap.obj
 0001:0002ab50       _msize_dbg                 000000018002bb50 f   LIBCMTD:dbgheap.obj
 0001:0002ada0       _nh_malloc_dbg             000000018002bda0 f   LIBCMTD:dbgheap.obj
 0001:0002b130       _realloc_dbg               000000018002c130 f   LIBCMTD:dbgheap.obj
 0001:0002baa0       __addlocaleref             000000018002caa0 f   LIBCMTD:localref.obj
 0001:0002bbf0       __freetlocinfo             000000018002cbf0 f   LIBCMTD:localref.obj
 0001:0002bfa0       __removelocaleref          000000018002cfa0 f   LIBCMTD:localref.obj
 0001:0002c100       __updatetlocinfo           000000018002d100 f   LIBCMTD:localref.obj
 0001:0002c1a0       _updatetlocinfoEx_nolock   000000018002d1a0 f   LIBCMTD:localref.obj
 0001:0002c240       __initmbctable             000000018002d240 f   LIBCMTD:mbctype.obj
 0001:0002c8d0       __updatetmbcinfo           000000018002d8d0 f   LIBCMTD:mbctype.obj
 0001:0002c9e0       _setmbcp                   000000018002d9e0 f   LIBCMTD:mbctype.obj
 0001:0002ccd0       _setmbcp_nolock            000000018002dcd0 f   LIBCMTD:mbctype.obj
 0001:0002d120       _chvalidator               000000018002e120 f   LIBCMTD:isctype.obj
 0001:0002d190       _chvalidator_l             000000018002e190 f   LIBCMTD:isctype.obj
 0001:0002d2a0       _isctype_l                 000000018002e2a0 f   LIBCMTD:isctype.obj
 0001:0002d480       _freefls                   000000018002e480 f   LIBCMTD:tidtable.obj
 0001:0002d690       _freeptd                   000000018002e690 f   LIBCMTD:tidtable.obj
 0001:0002d6e0       _getptd                    000000018002e6e0 f   LIBCMTD:tidtable.obj
 0001:0002d710       _getptd_noexit             000000018002e710 f   LIBCMTD:tidtable.obj
 0001:0002d7e0       _initptd                   000000018002e7e0 f   LIBCMTD:tidtable.obj
 0001:0002d910       _mtinit                    000000018002e910 f   LIBCMTD:tidtable.obj
 0001:0002d9d0       _mtterm                    000000018002e9d0 f   LIBCMTD:tidtable.obj
 0001:0002da90       ?_GetEstablisherFrame@@YAPEA_KPEA_KPEAU_xDISPATCHER_CONTEXT@@PEBU_s_FuncInfo@@0@Z 000000018002ea90 f   LIBCMTD:trnsctrl.obj
 0001:0002dc00       ?_GetRangeOfTrysToCheck@@YAPEBU_s_TryBlockMapEntry@@PEA_KPEBU_s_FuncInfo@@HHPEAI2PEAU_xDISPATCHER_CONTEXT@@@Z 000000018002ec00 f   LIBCMTD:trnsctrl.obj
 0001:0002de20       ?__FrameUnwindToEmptyState@@YAXPEA_KPEAU_xDISPATCHER_CONTEXT@@PEBU_s_FuncInfo@@@Z 000000018002ee20 f   LIBCMTD:trnsctrl.obj
 0001:0002dec0       ?__SehTransFilter@@YAHPEAU_EXCEPTION_POINTERS@@PEAUEHExceptionRecord@@PEA_KPEAU_CONTEXT@@PEAU_xDISPATCHER_CONTEXT@@PEBU_s_FuncInfo@@PEAH@Z 000000018002eec0 f   LIBCMTD:trnsctrl.obj
 0001:0002df80       _CallSETranslator          000000018002ef80 f   LIBCMTD:trnsctrl.obj
 0001:0002e000       _CreateFrameInfo           000000018002f000 f   LIBCMTD:trnsctrl.obj
 0001:0002e080       _FindAndUnlinkFrame        000000018002f080 f   LIBCMTD:trnsctrl.obj
 0001:0002e110       _GetImageBase              000000018002f110 f   LIBCMTD:trnsctrl.obj
 0001:0002e130       _GetThrowImageBase         000000018002f130 f   LIBCMTD:trnsctrl.obj
 0001:0002e150       _IsExceptionObjectToBeDestroyed 000000018002f150 f   LIBCMTD:trnsctrl.obj
 0001:0002e1b0       _SetImageBase              000000018002f1b0 f   LIBCMTD:trnsctrl.obj
 0001:0002e1d0       _SetThrowImageBase         000000018002f1d0 f   LIBCMTD:trnsctrl.obj
 0001:0002e1f0       _UnwindNestedFrames        000000018002f1f0 f   LIBCMTD:trnsctrl.obj
 0001:0002e360       __CxxFrameHandler3         000000018002f360 f   LIBCMTD:trnsctrl.obj
 0001:0002e420       _locterm                   000000018002f420 f   LIBCMTD:wsetloca.obj
 0001:0002e470       __raise_securityfailure    000000018002f470 f   LIBCMTD:gs_report.obj
 0001:0002e4c0       __report_gsfailure         000000018002f4c0 f   LIBCMTD:gs_report.obj
 0001:0002e5a0       __report_rangecheckfailure 000000018002f5a0 f   LIBCMTD:gs_report.obj
 0001:0002e5c0       __report_securityfailure   000000018002f5c0 f   LIBCMTD:gs_report.obj
 0001:0002e660       wcscat_s                   000000018002f660 f   LIBCMTD:wcscat_s.obj
 0001:0002ec90       wcscpy_s                   000000018002fc90 f   LIBCMTD:wcscpy_s.obj
 0001:0002f140       wcslen                     0000000180030140 f   LIBCMTD:wcslen.obj
 0001:0002f190       wcsncat_s                  0000000180030190 f   LIBCMTD:wcsncat_s.obj
 0001:0002f920       __crtCorExitProcess        0000000180030920 f   LIBCMTD:crt0dat.obj
 0001:0002f970       __crtExitProcess           0000000180030970 f   LIBCMTD:crt0dat.obj
 0001:0002f990       __freeCrtMemory            0000000180030990 f   LIBCMTD:crt0dat.obj
 0001:0002fbc0       _amsg_exit                 0000000180030bc0 f   LIBCMTD:crt0dat.obj
 0001:0002fbf0       _cexit                     0000000180030bf0 f   LIBCMTD:crt0dat.obj
 0001:0002fc10       _cinit                     0000000180030c10 f   LIBCMTD:crt0dat.obj
 0001:0002fcc0       _exit                      0000000180030cc0 f   LIBCMTD:crt0dat.obj
 0001:0002fce0       _init_pointers             0000000180030ce0 f   LIBCMTD:crt0dat.obj
 0001:0002fd90       _initterm_e                0000000180030d90 f   LIBCMTD:crt0dat.obj
 0001:0002fdf0       _lockexit                  0000000180030df0 f   LIBCMTD:crt0dat.obj
 0001:0002fe10       _unlockexit                0000000180030e10 f   LIBCMTD:crt0dat.obj
 0001:00030040       abort                      0000000180031040 f   LIBCMTD:abort.obj
 0001:000300d0       _set_error_mode            00000001800310d0 f   LIBCMTD:errmode.obj
 0001:000301e0       _itow_s                    00000001800311e0 f   LIBCMTD:xtows.obj
 0001:00030830       setvbuf                    0000000180031830 f   LIBCMTD:setvbuf.obj
 0001:00030be0       fwprintf                   0000000180031be0 f   LIBCMTD:fwprintf.obj
 0001:00030dc0       _vsnwprintf_s              0000000180031dc0 f   LIBCMTD:vswprnc.obj
 0001:00030e10       _vsnwprintf_s_l            0000000180031e10 f   LIBCMTD:vswprnc.obj
 0001:000313c0       _vswprintf_c_l             00000001800323c0 f   LIBCMTD:vswprnc.obj
 0001:00031430       _vswprintf_helper          0000000180032430 f   LIBCMTD:vswprnc.obj
 0001:00031780       __get_sigabrt              0000000180032780 f   LIBCMTD:winsig.obj
 0001:000317a0       _initp_misc_winsig         00000001800327a0 f   LIBCMTD:winsig.obj
 0001:000317e0       raise                      00000001800327e0 f   LIBCMTD:winsig.obj
 0001:00031c50       __crtMessageBoxW           0000000180032c50 f   LIBCMTD:crtmboxw.obj
 0001:000320c0       __crtMessageBoxWaitThreadW 00000001800330c0 f   LIBCMTD:crtmboxw.obj
 0001:00032110       _FF_MSGBANNER              0000000180033110 f   LIBCMTD:crt0msg.obj
 0001:00032160       _GET_RTERRMSG              0000000180033160 f   LIBCMTD:crt0msg.obj
 0001:000321c0       _NMSG_WRITE                00000001800331c0 f   LIBCMTD:crt0msg.obj
 0001:000325f0       __remainder_piby2d2f_forAsm 00000001800335f0 f   LIBCMTD:remainder_piby2f_forAsm.obj
 0001:00032740       __remainder_piby2_fma3     0000000180033740 f   LIBCMTD:remainder_piby2_forFMA3.obj
 0001:00032930       __remainder_piby2_fma3_bdl 0000000180033930 f   LIBCMTD:remainder_piby2_forFMA3.obj
 0001:000329b0       _cosf_special              00000001800339b0 f   LIBCMTD:sincos_special.obj
 0001:000329e0       _sincosf_special           00000001800339e0 f   LIBCMTD:sincos_special.obj
 0001:00032be0       _sinf_special              0000000180033be0 f   LIBCMTD:sincos_special.obj
 0001:00032c10       __fma3_lib_init            0000000180033c10 f   LIBCMTD:fma3_available.obj
 0001:00032e60       _handle_errorf             0000000180033e60 f   LIBCMTD:libm_error.obj
 0001:00032fe0       _powf_special              0000000180033fe0 f   LIBCMTD:pow_special.obj
 0001:000332e0       __remainder_piby2d2f_forC  00000001800342e0 f   LIBCMTD:remainder_piby2f_forC.obj
 0001:00033470       ?strrchr@@YAPEADPEADH@Z    0000000180034470 f i LIBCMTD:cvt.obj
 0001:00033490       _cfltcvt                   0000000180034490 f   LIBCMTD:cvt.obj
 0001:000334e0       _cfltcvt_l                 00000001800344e0 f   LIBCMTD:cvt.obj
 0001:00033600       _cftoa_l                   0000000180034600 f   LIBCMTD:cvt.obj
 0001:00034100       _cftoe                     0000000180035100 f   LIBCMTD:cvt.obj
 0001:00034720       _cftoe_l                   0000000180035720 f   LIBCMTD:cvt.obj
 0001:00034e20       _cftof_l                   0000000180035e20 f   LIBCMTD:cvt.obj
 0001:00035100       _cftog_l                   0000000180036100 f   LIBCMTD:cvt.obj
 0001:000354c0       _cropzeros                 00000001800364c0 f   LIBCMTD:cvt.obj
 0001:000354e0       _cropzeros_l               00000001800364e0 f   LIBCMTD:cvt.obj
 0001:00035660       _fassign                   0000000180036660 f   LIBCMTD:cvt.obj
 0001:00035690       _fassign_l                 0000000180036690 f   LIBCMTD:cvt.obj
 0001:00035700       _forcdecpt                 0000000180036700 f   LIBCMTD:cvt.obj
 0001:00035720       _forcdecpt_l               0000000180036720 f   LIBCMTD:cvt.obj
 0001:00035820       _positive                  0000000180036820 f   LIBCMTD:cvt.obj
 0001:000358b0       _initp_misc_cfltcvt_tab    00000001800368b0 f   LIBCMTD:cmiscdat.obj
 0001:00035900       _XcptFilter                0000000180036900 f   LIBCMTD:winxfltr.obj
 0001:00035ba0       __CppXcptFilter            0000000180036ba0 f   LIBCMTD:winxfltr.obj
 0001:00035c60       _heap_init                 0000000180036c60 f   LIBCMTD:heapinit.obj
 0001:00035c90       _heap_term                 0000000180036c90 f   LIBCMTD:heapinit.obj
 0001:00035ca0       _ioinit                    0000000180036ca0 f   LIBCMTD:ioinit.obj
 0001:00036280       _ioterm                    0000000180037280 f   LIBCMTD:ioinit.obj
 0001:00036360       _set_pgmptr                0000000180037360 f i LIBCMTD:stdargv.obj
 0001:00036380       _setargv                   0000000180037380 f   LIBCMTD:stdargv.obj
 0001:000369e0       _setenvp                   00000001800379e0 f   LIBCMTD:stdenvp.obj
 0001:00036bf0       __security_init_cookie     0000000180037bf0 f   LIBCMTD:gs_support.obj
 0001:00036d10       DllMain                    0000000180037d10 f   LIBCMTD:dllmain.obj
 0001:00036d30       __crtGetEnvironmentStringsA 0000000180037d30 f   LIBCMTD:a_env.obj
 0001:00036f10       __crtCaptureCurrentContext 0000000180037f10 f   LIBCMTD:winapisupp.obj
 0001:00036fb0       __crtCapturePreviousContext 0000000180037fb0 f   LIBCMTD:winapisupp.obj
 0001:00037070       __crtFlsAlloc              0000000180038070 f   LIBCMTD:winapisupp.obj
 0001:000370c0       __crtFlsFree               00000001800380c0 f   LIBCMTD:winapisupp.obj
 0001:00037110       __crtFlsGetValue           0000000180038110 f   LIBCMTD:winapisupp.obj
 0001:00037160       __crtFlsSetValue           0000000180038160 f   LIBCMTD:winapisupp.obj
 0001:000371c0       __crtInitializeCriticalSectionEx 00000001800381c0 f   LIBCMTD:winapisupp.obj
 0001:00037230       __crtIsPackagedApp         0000000180038230 f   LIBCMTD:winapisupp.obj
 0001:00037270       __crtLoadWinApiPointers    0000000180038270 f   LIBCMTD:winapisupp.obj
 0001:00037860       __crtTerminateProcess      0000000180038860 f   LIBCMTD:winapisupp.obj
 0001:00037880       __crtUnhandledException    0000000180038880 f   LIBCMTD:winapisupp.obj
 0001:000378b0       _RTC_Initialize            00000001800388b0 f   LIBCMTD:initsect.obj
 0001:000378f0       _RTC_Terminate             00000001800388f0 f   LIBCMTD:initsect.obj
 0001:00037930       _CrtDefaultAllocHook       0000000180038930 f   LIBCMTD:dbghook.obj
 0001:00037950       __crt_debugger_hook        0000000180038950 f   LIBCMTD:dbghook.obj
 0001:00037960       _lock                      0000000180038960 f   LIBCMTD:mlock.obj
 0001:000379c0       _mtdeletelocks             00000001800389c0 f   LIBCMTD:mlock.obj
 0001:00037ae0       _mtinitlocknum             0000000180038ae0 f   LIBCMTD:mlock.obj
 0001:00037be0       _mtinitlocks               0000000180038be0 f   LIBCMTD:mlock.obj
 0001:00037c80       _unlock                    0000000180038c80 f   LIBCMTD:mlock.obj
 0001:00037cb0       _snwprintf_s               0000000180038cb0 f   LIBCMTD:swprintf.obj
 0001:00037d10       _CrtDbgBreak               0000000180038d10 f   LIBCMTD:dbgrptt.obj
 0001:00037d20       _VCrtDbgReportA            0000000180038d20 f   LIBCMTD:dbgrptt.obj
 0001:000386f0       _VCrtDbgReportW            00000001800396f0 f   LIBCMTD:dbgrptt.obj
 0001:00039230       _getbuf                    000000018003a230 f   LIBCMTD:_getbuf.obj
 0001:00039340       _fcloseall                 000000018003a340 f   LIBCMTD:closeall.obj
 0001:00039450       memcpy                     000000018003a450 f   LIBCMTD:memcpy.obj
 0001:00039450       memmove                    000000018003a450 f   LIBCMTD:memcpy.obj
 0001:000399c0       __isa_available_init       000000018003a9c0 f   LIBCMTD:cpu_disp.obj
 0001:00039d00       _isatty                    000000018003ad00 f   LIBCMTD:isatty.obj
 0001:00039e10       __lock_fhandle             000000018003ae10 f   LIBCMTD:osfinfo.obj
 0001:00039ee0       _free_osfhnd               000000018003aee0 f   LIBCMTD:osfinfo.obj
 0001:0003a010       _get_osfhandle             000000018003b010 f   LIBCMTD:osfinfo.obj
 0001:0003a210       _unlock_fhandle            000000018003b210 f   LIBCMTD:osfinfo.obj
 0001:0003a250       _lseeki64                  000000018003b250 f   LIBCMTD:lseeki64.obj
 0001:0003a500       _lseeki64_nolock           000000018003b500 f   LIBCMTD:lseeki64.obj
 0001:0003a630       _local_unwind              000000018003b630 f   LIBCMTD:jmpuwind.obj
 0001:0003a660       _NLG_Notify                000000018003b660 f   LIBCMTD:jmpuwind.obj
 0001:0003a680       __NLG_Dispatch2            000000018003b680 f   LIBCMTD:jmpuwind.obj
 0001:0003a690       __NLG_Return2              000000018003b690 f   LIBCMTD:jmpuwind.obj
 0001:0003a6a0       _FindPESection             000000018003b6a0 f   LIBCMTD:pesect.obj
 0001:0003a750       _IsNonwritableInCurrentImage 000000018003b750 f   LIBCMTD:pesect.obj
 0001:0003a7e0       _ValidateImageBase         000000018003b7e0 f   LIBCMTD:pesect.obj
 0001:0003a860       _commit                    000000018003b860 f   LIBCMTD:commit.obj
 0001:0003aaf0       _write                     000000018003baf0 f   LIBCMTD:write.obj
 0001:0003ad90       _write_nolock              000000018003bd90 f   LIBCMTD:write.obj
 0001:0003bed0       _matherr                   000000018003ced0 f   LIBCMTD:matherr.obj
 0001:0003bef0       _get_fpsr                  000000018003cef0 f   LIBCMTD:fpsr.obj
 0001:0003bf00       _set_fpsr                  000000018003cf00 f   LIBCMTD:fpsr.obj
 0001:0003bf0a       _fclrf                     000000018003cf0a f   LIBCMTD:fpsr.obj
 0001:0003bf1e       _frnd                      000000018003cf1e f   LIBCMTD:fpsr.obj
 0001:0003bf40       _free_base                 000000018003cf40 f   LIBCMTD:free.obj
 0001:0003bfa0       _realloc_base              000000018003cfa0 f   LIBCMTD:realloc.obj
 0001:0003c0c0       _expand_base               000000018003d0c0 f   LIBCMTD:expand.obj
 0001:0003c2a0       _CrtDbgReport              000000018003d2a0 f   LIBCMTD:dbgrpt.obj
 0001:0003c320       _CrtDbgReportV             000000018003d320 f i LIBCMTD:dbgrpt.obj
 0001:0003c380       __crtMessageWindowA        000000018003d380 f   LIBCMTD:dbgrpt.obj
 0001:0003ca00       _callnewh                  000000018003da00 f   LIBCMTD:handler.obj
 0001:0003ca40       _initp_heap_handler        000000018003da40 f   LIBCMTD:handler.obj
 0001:0003ca60       _heapchk                   000000018003da60 f   LIBCMTD:heapchk.obj
 0001:0003caa0       _snprintf_s                000000018003daa0 f   LIBCMTD:sprintf.obj
 0001:0003cb00       sprintf_s                  000000018003db00 f   LIBCMTD:sprintf.obj
 0001:0003cb50       _heap_alloc_base           000000018003db50 f i LIBCMTD:malloc.obj
 0001:0003cbc0       _malloc_base               000000018003dbc0 f   LIBCMTD:malloc.obj
 0001:0003cc60       __free_lconv_mon           000000018003dc60 f   LIBCMTD:initmon.obj
 0001:0003ce70       __free_lconv_num           000000018003de70 f   LIBCMTD:initnum.obj
 0001:0003cf50       __free_lc_time             000000018003df50 f   LIBCMTD:inittime.obj
 0001:0003de90       _MallocaIsSizeInRange      000000018003ee90 f i LIBCMTD:a_map.obj
 0001:0003ded0       _MarkAllocaS               000000018003eed0 f i LIBCMTD:a_map.obj
 0001:0003df00       __crtLCMapStringA          000000018003ef00 f   LIBCMTD:a_map.obj
 0001:0003dfb0       _freea                     000000018003efb0 f i LIBCMTD:a_map.obj
 0001:0003e200       __crtGetStringTypeA        000000018003f200 f   LIBCMTD:a_str.obj
 0001:0003e290       _isleadbyte_l              000000018003f290 f i LIBCMTD:_wctype.obj
 0001:0003e2f0       isleadbyte                 000000018003f2f0 f i LIBCMTD:_wctype.obj
 0001:0003e310       __DestructExceptionObject  000000018003f310 f   LIBCMTD:frame.obj
 0001:0003e400       ??0bad_exception@std@@QEAA@AEBV01@@Z 000000018003f400 f i LIBCMTD:frame.obj
 0001:0003e440       ??0bad_exception@std@@QEAA@PEBD@Z 000000018003f440 f i LIBCMTD:frame.obj
 0001:0003e480       ??1bad_exception@std@@UEAA@XZ 000000018003f480 f i LIBCMTD:frame.obj
 0001:0003e4b0       ??_Gbad_exception@std@@UEAAPEAXI@Z 000000018003f4b0 f i LIBCMTD:frame.obj
 0001:0003e4b0       ??_Ebad_exception@std@@UEAAPEAXI@Z 000000018003f4b0 f i LIBCMTD:frame.obj
 0001:0003f480       __AdjustPointer            0000000180040480 f   LIBCMTD:frame.obj
 0001:0003f500       __BuildCatchObject         0000000180040500 f   LIBCMTD:frame.obj
 0001:0003f640       __BuildCatchObjectHelper   0000000180040640 f   LIBCMTD:frame.obj
 0001:0003fa70       __CxxCallCatchBlock        0000000180040a70 f   LIBCMTD:frame.obj
 0001:0003fce0       __FrameUnwindFilter        0000000180040ce0 f   LIBCMTD:frame.obj
 0001:0003fd70       __FrameUnwindToState       0000000180040d70 f   LIBCMTD:frame.obj
 0001:0003ffd0       __InternalCxxFrameHandler  0000000180040fd0 f   LIBCMTD:frame.obj
 0001:000403f0       __TypeMatch                00000001800413f0 f   LIBCMTD:frame.obj
 0001:000405e0       ?__GetCurrentState@@YAHPEA_KPEAU_xDISPATCHER_CONTEXT@@PEBU_s_FuncInfo@@@Z 00000001800415e0 f   LIBCMTD:ehstate.obj
 0001:00040640       ?__GetUnwindTryBlock@@YAHPEA_KPEAU_xDISPATCHER_CONTEXT@@PEBU_s_FuncInfo@@@Z 0000000180041640 f   LIBCMTD:ehstate.obj
 0001:00040690       ?__SetState@@YAXPEA_KPEAU_xDISPATCHER_CONTEXT@@PEBU_s_FuncInfo@@H@Z 0000000180041690 f   LIBCMTD:ehstate.obj
 0001:000406c0       ?__SetUnwindTryBlock@@YAXPEA_KPEAU_xDISPATCHER_CONTEXT@@PEBU_s_FuncInfo@@H@Z 00000001800416c0 f   LIBCMTD:ehstate.obj
 0001:00040730       ?__StateFromControlPc@@YAHPEBU_s_FuncInfo@@PEAU_xDISPATCHER_CONTEXT@@@Z 0000000180041730 f   LIBCMTD:ehstate.obj
 0001:00040760       ?__StateFromIp@@YAHPEBU_s_FuncInfo@@PEAU_xDISPATCHER_CONTEXT@@_J@Z 0000000180041760 f   LIBCMTD:ehstate.obj
 0001:00040840       ?_inconsistency@@YAXXZ     0000000180041840 f   LIBCMTD:hooks.obj
 0001:00040870       ?terminate@@YAXXZ          0000000180041870 f   LIBCMTD:hooks.obj
 0001:000408a0       _initp_eh_hooks            00000001800418a0 f   LIBCMTD:hooks.obj
 0001:000408e0       memcmp                     00000001800418e0 f   LIBCMTD:memcmp.obj
 0001:000409b0       wcsncpy_s                  00000001800419b0 f   LIBCMTD:wcsncpy_s.obj
 0001:00041050       GetTableIndexFromLocaleName 0000000180042050 f   LIBCMTD:winapinls.obj
 0001:00041100       __crtDownlevelLocaleNameToLCID 0000000180042100 f   LIBCMTD:winapinls.obj
 0001:00041160       __crtLCMapStringEx         0000000180042160 f   LIBCMTD:winapinls.obj
 0001:00041240       __wcsnicmp_ascii           0000000180042240 f   LIBCMTD:winapinls.obj
 0001:00041350       __onexitinit               0000000180042350 f   LIBCMTD:onexit.obj
 0001:000413c0       _onexit                    00000001800423c0 f   LIBCMTD:onexit.obj
 0001:000415d0       atexit                     00000001800425d0 f   LIBCMTD:onexit.obj
 0001:00041610       _initp_misc_purevirt       0000000180042610 f   LIBCMTD:inithelp.obj
 0001:00041630       _initp_misc_rand_s         0000000180042630 f   LIBCMTD:rand_s.obj
 0001:00041650       _ftbuf                     0000000180042650 f   LIBCMTD:_sftbuf.obj
 0001:00041710       _stbuf                     0000000180042710 f   LIBCMTD:_sftbuf.obj
 0001:000418f0       _freebuf                   00000001800428f0 f   LIBCMTD:_freebuf.obj
 0001:000419b0       _woutput_l                 00000001800429b0 f   LIBCMTD:woutput.obj
 0001:00042f20       get_int64_arg              0000000180043f20 f i LIBCMTD:woutput.obj
 0001:00042f90       get_int_arg                0000000180043f90 f i LIBCMTD:woutput.obj
 0001:000431c0       _flsbuf                    00000001800441c0 f   LIBCMTD:_flsbuf.obj
 0001:00043560       _woutput_s_l               0000000180044560 f   LIBCMTD:woutputs.obj
 0001:00044c90       strlen                     0000000180045c90 f   LIBCMTD:strlen.obj
 0001:00044d40       _isdigit_l                 0000000180045d40 f i LIBCMTD:_ctype.obj
 0001:00044de0       isdigit                    0000000180045de0 f i LIBCMTD:_ctype.obj
 0001:00044e20       _tolower_l                 0000000180045e20 f   LIBCMTD:tolower.obj
 0001:00045180       tolower                    0000000180046180 f   LIBCMTD:tolower.obj
 0001:000451d0       strcpy_s                   00000001800461d0 f   LIBCMTD:strcpy_s.obj
 0001:00045670       strrchr                    0000000180046670 f   LIBCMTD:strrchr.obj
 0001:00045a90       _fptostr                   0000000180046a90 f   LIBCMTD:_fptostr.obj
 0001:00045ef0       __crt_atoflt_l             0000000180046ef0 f   LIBCMTD:atodbl.obj
 0001:00046090       _atodbl_l                  0000000180047090 f   LIBCMTD:atodbl.obj
 0001:00046210       _atoflt_l                  0000000180047210 f   LIBCMTD:atodbl.obj
 0001:00046240       __dtold                    0000000180047240 f   LIBCMTD:cfout.obj
 0001:000463f0       _fltout2                   00000001800473f0 f   LIBCMTD:cfout.obj
 0001:00046500       _fptrap                    0000000180047500 f   LIBCMTD:crt0fp.obj
 0001:000465f0       _ismbblead                 00000001800475f0 f   LIBCMTD:ismbbyte.obj
 0001:00046620       strcat_s                   0000000180047620 f   LIBCMTD:strcat_s.obj
 0001:00046c30       _itoa_s                    0000000180047c30 f   LIBCMTD:xtoas.obj
 0001:00047260       _mbstowcs_l_helper         0000000180048260 f   LIBCMTD:mbstowcs.obj
 0001:000477d0       _mbstowcs_s_l              00000001800487d0 f   LIBCMTD:mbstowcs.obj
 0001:00047d60       mbstowcs_s                 0000000180048d60 f   LIBCMTD:mbstowcs.obj
 0001:00047e40       _wcstombs_l_helper         0000000180048e40 f   LIBCMTD:wcstombs.obj
 0001:00048650       _wcstombs_s_l              0000000180049650 f   LIBCMTD:wcstombs.obj
 0001:00048b50       wcstombs_s                 0000000180049b50 f   LIBCMTD:wcstombs.obj
 0001:00048ba0       _vsnprintf_helper          0000000180049ba0 f   LIBCMTD:vsnprnc.obj
 0001:00048e80       _vsnprintf_s               0000000180049e80 f   LIBCMTD:vsnprnc.obj
 0001:00048ed0       _vsnprintf_s_l             0000000180049ed0 f   LIBCMTD:vsnprnc.obj
 0001:00049470       _vsprintf_s_l              000000018004a470 f   LIBCMTD:vsnprnc.obj
 0001:00049800       __GSHandlerCheck_SEH       000000018004a800 f   LIBCMTD:gshandlerseh.obj
 0001:000498c0       _fclose_nolock             000000018004a8c0 f   LIBCMTD:fclose.obj
 0001:00049a10       fclose                     000000018004aa10 f   LIBCMTD:fclose.obj
 0001:00049b10       _mbtowc_l                  000000018004ab10 f   LIBCMTD:mbtowc.obj
 0001:00049e50       mbtowc                     000000018004ae50 f   LIBCMTD:mbtowc.obj
 0001:00049e80       _putwch_nolock             000000018004ae80 f   LIBCMTD:putwch.obj
 0001:00049ef0       get_short_arg              000000018004aef0 f i LIBCMTD:output.obj
 0001:00049f60       ??3@YAXPEAX@Z              000000018004af60 f   LIBCMTD:dbgdel.obj
 0001:0004a040       strcmp                     000000018004b040 f   LIBCMTD:strcmp.obj
 0001:0004a0b0       ?_ValidateExecute@@YAHP6A_JXZ@Z 000000018004b0b0 f   LIBCMTD:validate.obj
 0001:0004a0e0       ?_ValidateWrite@@YAHPEAXI@Z 000000018004b0e0 f   LIBCMTD:validate.obj
 0001:0004a0e0       ?_ValidateRead@@YAHPEBXI@Z 000000018004b0e0 f   LIBCMTD:validate.obj
 0001:0004a120       _CallSettingFrame          000000018004b120 f   LIBCMTD:handlers.obj
 0001:0004a160       _GetNextInstrOffset        000000018004b160 f   LIBCMTD:handlers.obj
 0001:0004a170       ??1type_info@@UEAA@XZ      000000018004b170 f   LIBCMTD:typinfo.obj
 0001:0004a1a0       ??8type_info@@QEBA_NAEBV0@@Z 000000018004b1a0 f   LIBCMTD:typinfo.obj
 0001:0004a1f0       ??_Etype_info@@UEAAPEAXI@Z 000000018004b1f0 f i LIBCMTD:typinfo.obj
 0001:0004a1f0       ??_Gtype_info@@UEAAPEAXI@Z 000000018004b1f0 f i LIBCMTD:typinfo.obj
 0001:0004a230       ??0exception@std@@QEAA@AEBQEBD@Z 000000018004b230 f   LIBCMTD:stdexcpt.obj
 0001:0004a280       ??0exception@std@@QEAA@AEBV01@@Z 000000018004b280 f   LIBCMTD:stdexcpt.obj
 0001:0004a2d0       ??1exception@std@@UEAA@XZ  000000018004b2d0 f   LIBCMTD:stdexcpt.obj
 0001:0004a300       ??4exception@std@@QEAAAEAV01@AEBV01@@Z 000000018004b300 f   LIBCMTD:stdexcpt.obj
 0001:0004a370       ??_Eexception@std@@UEAAPEAXI@Z 000000018004b370 f i LIBCMTD:stdexcpt.obj
 0001:0004a370       ??_Gexception@std@@UEAAPEAXI@Z 000000018004b370 f i LIBCMTD:stdexcpt.obj
 0001:0004a3b0       ?_Copy_str@exception@std@@AEAAXPEBD@Z 000000018004b3b0 f   LIBCMTD:stdexcpt.obj
 0001:0004a420       ?_Tidy@exception@std@@AEAAXXZ 000000018004b420 f   LIBCMTD:stdexcpt.obj
 0001:0004a460       ?what@exception@std@@UEBAPEBDXZ 000000018004b460 f   LIBCMTD:stdexcpt.obj
 0001:0004a4a0       _CxxThrowException         000000018004b4a0 f   LIBCMTD:throw.obj
 0001:0004a5c0       _get_printf_count_output   000000018004b5c0 f   LIBCMTD:printf.obj
 0001:0004a5f0       _fputwc_nolock             000000018004b5f0 f   LIBCMTD:fputwc.obj
 0001:0004aa50       _output_s_l                000000018004ba50 f   LIBCMTD:outputs.obj
 0001:0004c630       _CopyMan                   000000018004d630 f i LIBCMTD:intrncvt.obj
 0001:0004c6a0       _FillZeroMan               000000018004d6a0 f i LIBCMTD:intrncvt.obj
 0001:0004c6e0       _IncMan                    000000018004d6e0 f i LIBCMTD:intrncvt.obj
 0001:0004c7c0       _IsZeroMan                 000000018004d7c0 f i LIBCMTD:intrncvt.obj
 0001:0004c800       _RoundMan                  000000018004d800 f i LIBCMTD:intrncvt.obj
 0001:0004c910       _ShrMan                    000000018004d910 f i LIBCMTD:intrncvt.obj
 0001:0004ca50       _ZeroTail                  000000018004da50 f i LIBCMTD:intrncvt.obj
 0001:0004cb00       __addl                     000000018004db00 f i LIBCMTD:intrncvt.obj
 0001:0004cb60       _ld12cvt                   000000018004db60 f i LIBCMTD:intrncvt.obj
 0001:0004ced0       _ld12tod                   000000018004ded0 f   LIBCMTD:intrncvt.obj
 0001:0004cf00       _ld12tof                   000000018004df00 f   LIBCMTD:intrncvt.obj
 0001:0004cf30       __ld12mul                  000000018004df30 f i LIBCMTD:strgtold.obj
 0001:0004d4a0       __multtenpow12             000000018004e4a0 f i LIBCMTD:strgtold.obj
 0001:0004d5d0       __shl_12                   000000018004e5d0 f i LIBCMTD:strgtold.obj
 0001:0004d670       __shr_12                   000000018004e670 f i LIBCMTD:strgtold.obj
 0001:0004d710       __strgtold12_l             000000018004e710 f   LIBCMTD:strgtold.obj
 0001:0004e4f0       $I10_OUTPUT                000000018004f4f0 f   LIBCMTD:x10fout.obj
 0001:0004edb0       __add_12                   000000018004fdb0 f i LIBCMTD:x10fout.obj
 0001:0004ee90       _close                     000000018004fe90 f   LIBCMTD:close.obj
 0001:0004f110       _close_nolock              0000000180050110 f   LIBCMTD:close.obj
 0001:0004f220       __termconout               0000000180050220 f   LIBCMTD:initcon.obj
 0001:0004f250       __initconout               0000000180050250 f   LIBCMTD:initcon.obj
 0001:0004f2a0       _wctomb_s_l                00000001800502a0 f   LIBCMTD:wctomb.obj
 0001:0004f740       wctomb_s                   0000000180050740 f   LIBCMTD:wctomb.obj
 0001:0004f790       ?_Type_info_dtor@type_info@@CAXPEAV1@@Z 0000000180050790 f   LIBCMTD:typname.obj
 0001:0004f8a0       _flswbuf                   00000001800508a0 f   LIBCMTD:_flswbuf.obj
 0001:0004fc50       __mtold12                  0000000180050c50 f   LIBCMTD:mantold.obj
 0001:0004fde0       IsProcessorFeaturePresent  0000000180050de0 f   kernel32:KERNEL32.dll
 0001:0004fde6       RtlUnwindEx                0000000180050de6 f   kernel32:KERNEL32.dll
 0002:00000000       __imp_GetStdHandle         0000000180052000     kernel32:KERNEL32.dll
 0002:00000008       __imp_GetFileType          0000000180052008     kernel32:KERNEL32.dll
 0002:00000010       __imp_GetModuleFileNameW   0000000180052010     kernel32:KERNEL32.dll
 0002:00000018       __imp_GetModuleHandleExW   0000000180052018     kernel32:KERNEL32.dll
 0002:00000020       __imp_WriteConsoleW        0000000180052020     kernel32:KERNEL32.dll
 0002:00000028       __imp_GetCommandLineA      0000000180052028     kernel32:KERNEL32.dll
 0002:00000030       __imp_GetCurrentThreadId   0000000180052030     kernel32:KERNEL32.dll
 0002:00000038       __imp_IsDebuggerPresent    0000000180052038     kernel32:KERNEL32.dll
 0002:00000040       __imp_EncodePointer        0000000180052040     kernel32:KERNEL32.dll
 0002:00000048       __imp_DecodePointer        0000000180052048     kernel32:KERNEL32.dll
 0002:00000050       __imp_IsProcessorFeaturePresent 0000000180052050     kernel32:KERNEL32.dll
 0002:00000058       __imp_EnterCriticalSection 0000000180052058     kernel32:KERNEL32.dll
 0002:00000060       __imp_LeaveCriticalSection 0000000180052060     kernel32:KERNEL32.dll
 0002:00000068       __imp_ReadFile             0000000180052068     kernel32:KERNEL32.dll
 0002:00000070       __imp_GetLastError         0000000180052070     kernel32:KERNEL32.dll
 0002:00000078       __imp_MultiByteToWideChar  0000000180052078     kernel32:KERNEL32.dll
 0002:00000080       __imp_GetConsoleMode       0000000180052080     kernel32:KERNEL32.dll
 0002:00000088       __imp_ReadConsoleW         0000000180052088     kernel32:KERNEL32.dll
 0002:00000090       __imp_RtlUnwindEx          0000000180052090     kernel32:KERNEL32.dll
 0002:00000098       __imp_SetFilePointerEx     0000000180052098     kernel32:KERNEL32.dll
 0002:000000a0       __imp_RaiseException       00000001800520a0     kernel32:KERNEL32.dll
 0002:000000a8       __imp_HeapSize             00000001800520a8     kernel32:KERNEL32.dll
 0002:000000b0       __imp_HeapValidate         00000001800520b0     kernel32:KERNEL32.dll
 0002:000000b8       __imp_GetSystemInfo        00000001800520b8     kernel32:KERNEL32.dll
 0002:000000c0       __imp_IsValidCodePage      00000001800520c0     kernel32:KERNEL32.dll
 0002:000000c8       __imp_GetACP               00000001800520c8     kernel32:KERNEL32.dll
 0002:000000d0       __imp_GetOEMCP             00000001800520d0     kernel32:KERNEL32.dll
 0002:000000d8       __imp_GetCPInfo            00000001800520d8     kernel32:KERNEL32.dll
 0002:000000e0       __imp_SetLastError         00000001800520e0     kernel32:KERNEL32.dll
 0002:000000e8       __imp_RtlLookupFunctionEntry 00000001800520e8     kernel32:KERNEL32.dll
 0002:000000f0       __imp_ExitProcess          00000001800520f0     kernel32:KERNEL32.dll
 0002:000000f8       __imp_GetProcAddress       00000001800520f8     kernel32:KERNEL32.dll
 0002:00000100       __imp_WideCharToMultiByte  0000000180052100     kernel32:KERNEL32.dll
 0002:00000108       __imp_OutputDebugStringW   0000000180052108     kernel32:KERNEL32.dll
 0002:00000110       __imp_WaitForSingleObjectEx 0000000180052110     kernel32:KERNEL32.dll
 0002:00000118       __imp_CreateThread         0000000180052118     kernel32:KERNEL32.dll
 0002:00000120       __imp_LoadLibraryExW       0000000180052120     kernel32:KERNEL32.dll
 0002:00000128       __imp_WriteFile            0000000180052128     kernel32:KERNEL32.dll
 0002:00000130       __imp_GetProcessHeap       0000000180052130     kernel32:KERNEL32.dll
 0002:00000138       __imp_DeleteCriticalSection 0000000180052138     kernel32:KERNEL32.dll
 0002:00000140       __imp_GetStartupInfoW      0000000180052140     kernel32:KERNEL32.dll
 0002:00000148       __imp_GetModuleFileNameA   0000000180052148     kernel32:KERNEL32.dll
 0002:00000150       __imp_QueryPerformanceCounter 0000000180052150     kernel32:KERNEL32.dll
 0002:00000158       __imp_GetCurrentProcessId  0000000180052158     kernel32:KERNEL32.dll
 0002:00000160       __imp_GetSystemTimeAsFileTime 0000000180052160     kernel32:KERNEL32.dll
 0002:00000168       __imp_GetEnvironmentStringsW 0000000180052168     kernel32:KERNEL32.dll
 0002:00000170       __imp_FreeEnvironmentStringsW 0000000180052170     kernel32:KERNEL32.dll
 0002:00000178       __imp_RtlCaptureContext    0000000180052178     kernel32:KERNEL32.dll
 0002:00000180       __imp_RtlVirtualUnwind     0000000180052180     kernel32:KERNEL32.dll
 0002:00000188       __imp_UnhandledExceptionFilter 0000000180052188     kernel32:KERNEL32.dll
 0002:00000190       __imp_SetUnhandledExceptionFilter 0000000180052190     kernel32:KERNEL32.dll
 0002:00000198       __imp_InitializeCriticalSectionAndSpinCount 0000000180052198     kernel32:KERNEL32.dll
 0002:000001a0       __imp_GetCurrentProcess    00000001800521a0     kernel32:KERNEL32.dll
 0002:000001a8       __imp_TerminateProcess     00000001800521a8     kernel32:KERNEL32.dll
 0002:000001b0       __imp_TlsAlloc             00000001800521b0     kernel32:KERNEL32.dll
 0002:000001b8       __imp_TlsGetValue          00000001800521b8     kernel32:KERNEL32.dll
 0002:000001c0       __imp_TlsSetValue          00000001800521c0     kernel32:KERNEL32.dll
 0002:000001c8       __imp_TlsFree              00000001800521c8     kernel32:KERNEL32.dll
 0002:000001d0       __imp_GetModuleHandleW     00000001800521d0     kernel32:KERNEL32.dll
 0002:000001d8       __imp_OutputDebugStringA   00000001800521d8     kernel32:KERNEL32.dll
 0002:000001e0       __imp_SetStdHandle         00000001800521e0     kernel32:KERNEL32.dll
 0002:000001e8       __imp_FlushFileBuffers     00000001800521e8     kernel32:KERNEL32.dll
 0002:000001f0       __imp_GetConsoleCP         00000001800521f0     kernel32:KERNEL32.dll
 0002:000001f8       __imp_HeapFree             00000001800521f8     kernel32:KERNEL32.dll
 0002:00000200       __imp_HeapReAlloc          0000000180052200     kernel32:KERNEL32.dll
 0002:00000208       __imp_HeapQueryInformation 0000000180052208     kernel32:KERNEL32.dll
 0002:00000210       __imp_HeapAlloc            0000000180052210     kernel32:KERNEL32.dll
 0002:00000218       __imp_GetStringTypeW       0000000180052218     kernel32:KERNEL32.dll
 0002:00000220       __imp_RtlPcToFileHeader    0000000180052220     kernel32:KERNEL32.dll
 0002:00000228       __imp_LCMapStringW         0000000180052228     kernel32:KERNEL32.dll
 0002:00000230       __imp_CloseHandle          0000000180052230     kernel32:KERNEL32.dll
 0002:00000238       __imp_CreateFileW          0000000180052238     kernel32:KERNEL32.dll
 0002:00000240       \177KERNEL32_NULL_THUNK_DATA 0000000180052240     kernel32:KERNEL32.dll
 0002:00000248       __xc_a                     0000000180052248     LIBCMTD:crt0init.obj
 0002:00000250       __xc_z                     0000000180052250     LIBCMTD:crt0init.obj
 0002:00000258       __xi_a                     0000000180052258     LIBCMTD:crt0init.obj
 0002:00000288       __xi_z                     0000000180052288     LIBCMTD:crt0init.obj
 0002:00000290       __xp_a                     0000000180052290     LIBCMTD:crt0init.obj
 0002:000002b0       __xp_z                     00000001800522b0     LIBCMTD:crt0init.obj
 0002:000002b8       __xt_a                     00000001800522b8     LIBCMTD:crt0init.obj
 0002:000002c0       __xt_z                     00000001800522c0     LIBCMTD:crt0init.obj
 0002:00001f98       ??_C@_0BD@NBFNAMCM@Invalid?5code?5path?$CB?$AA@ 0000000180053f98     dolphin.obj
 0002:00001fac       __real@00000000            0000000180053fac     dolphin.obj
 0002:00001fb0       __real@3b808081            0000000180053fb0     dolphin.obj
 0002:00001fb4       __real@3dcccccd            0000000180053fb4     dolphin.obj
 0002:00001fb8       __real@3e207141            0000000180053fb8     dolphin.obj
 0002:00001fbc       __real@3ecccccd            0000000180053fbc     dolphin.obj
 0002:00001fc0       __real@3f000000            0000000180053fc0     dolphin.obj
 0002:00001fc4       __real@3f19999a            0000000180053fc4     dolphin.obj
 0002:00001fc8       __real@3f800000            0000000180053fc8     dolphin.obj
 0002:00001fcc       __real@3fc90fdb            0000000180053fcc     dolphin.obj
 0002:00001fd0       __real@40000000            0000000180053fd0     dolphin.obj
 0002:00001fd4       __real@40400000            0000000180053fd4     dolphin.obj
 0002:00001fd8       __real@40490fdb            0000000180053fd8     dolphin.obj
 0002:00001fdc       __real@40800000            0000000180053fdc     dolphin.obj
 0002:00001fe0       __real@4096cbe4            0000000180053fe0     dolphin.obj
 0002:00001fe4       __real@40c90fdb            0000000180053fe4     dolphin.obj
 0002:00001fe8       __real@41200000            0000000180053fe8     dolphin.obj
 0002:00001fec       __real@42200000            0000000180053fec     dolphin.obj
 0002:00001ff0       __real@42c80000            0000000180053ff0     dolphin.obj
 0002:00001ff4       __real@43160000            0000000180053ff4     dolphin.obj
 0002:00001ff8       __real@43480000            0000000180053ff8     dolphin.obj
 0002:00001ffc       __real@437f0000            0000000180053ffc     dolphin.obj
 0002:00002000       __real@43960000            0000000180054000     dolphin.obj
 0002:00002004       __real@43c80000            0000000180054004     dolphin.obj
 0002:00002008       __real@49742400            0000000180054008     dolphin.obj
 0002:0000200c       __real@7f7fffff            000000018005400c     dolphin.obj
 0002:00002010       __xmm@00000000000000000000000000000000 0000000180054010     dolphin.obj
 0002:00002020       __xmm@000000ff000000ff000000ff000000ff 0000000180054020     dolphin.obj
 0002:00002030       __xmm@00000200000002000000020000000200 0000000180054030     dolphin.obj
 0002:00002040       __xmm@00080008000800080008000800080008 0000000180054040     dolphin.obj
 0002:00002050       __xmm@00ff00ff00ff00ff00ff00ff00ff00ff 0000000180054050     dolphin.obj
 0002:00002060       __xmm@01010000010100000101000001010000 0000000180054060     dolphin.obj
 0002:00002070       __xmm@08a914e808a914e808a914e808a914e8 0000000180054070     dolphin.obj
 0002:00002080       __xmm@11c8e09e11c8e09e11c8e09e11c8e09e 0000000180054080     dolphin.obj
 0002:00002090       __xmm@11c8f9c311c8f9c311c8f9c311c8f9c3 0000000180054090     dolphin.obj
 0002:000020a0       __xmm@12d0046b12d0046b12d0046b12d0046b 00000001800540a0     dolphin.obj
 0002:000020b0       __xmm@166f166f166f166f166f166f166f166f 00000001800540b0     dolphin.obj
 0002:000020c0       __xmm@1c5a1c5a1c5a1c5a1c5a1c5a1c5a1c5a 00000001800540c0     dolphin.obj
 0002:000020d0       __xmm@3b8080813b8080813b8080813b808081 00000001800540d0     dolphin.obj
 0002:000020e0       __xmm@3f0000003f0000003f0000003f000000 00000001800540e0     dolphin.obj
 0002:000020f0       __xmm@3f7fbe773f7fbe773f7fbe773f7fbe77 00000001800540f0     dolphin.obj
 0002:00002100       __xmm@3f8000003f8000003f8000003f800000 0000000180054100     dolphin.obj
 0002:00002110       __xmm@437f0000437f0000437f0000437f0000 0000000180054110     dolphin.obj
 0002:00002120       __xmm@80000000800000008000000080000000 0000000180054120     dolphin.obj
 0002:00002130       __xmm@80808080808080808080808080808080 0000000180054130     dolphin.obj
 0002:00002140       __xmm@e09ee565e09ee565e09ee565e09ee565 0000000180054140     dolphin.obj
 0002:00002150       __xmm@e9cf12d0e9cf12d0e9cf12d0e9cf12d0 0000000180054150     dolphin.obj
 0002:00002160       __xmm@eb1a08a9eb1a08a9eb1a08a9eb1a08a9 0000000180054160     dolphin.obj
 0002:00002170       __xmm@f493f493f493f493f493f493f493f493 0000000180054170     dolphin.obj
 0002:00002180       __xmm@f9c31a9df9c31a9df9c31a9df9c31a9d 0000000180054180     dolphin.obj
 0002:00002190       __xmm@fa7efa7efa7efa7efa7efa7efa7efa7e 0000000180054190     dolphin.obj
 0002:000021a0       ??_C@_1CC@FADMNIL@?$AA?$CI?$AAs?$AAt?$AAr?$AAe?$AAa?$AAm?$AA?5?$AA?$CB?$AA?$DN?$AA?5?$AAN?$AAU?$AAL?$AAL?$AA?$CJ?$AA?$AA@ 00000001800541a0     LIBCMTD:feoferr.obj
 0002:000021c4       ??_C@_15GANGMFKL@?$AA?$CF?$AAs?$AA?$AA@ 00000001800541c4     LIBCMTD:feoferr.obj
 0002:000021d0       ??_C@_1FC@KMCLOOLI@?$AAf?$AA?3?$AA?2?$AAd?$AAd?$AA?2?$AAv?$AAc?$AAt?$AAo?$AAo?$AAl?$AAs?$AA?2?$AAc?$AAr?$AAt?$AA?2?$AAc?$AAr?$AAt?$AAw?$AA3?$AA2?$AA?2?$AAs?$AAt?$AAd?$AAi?$AAo?$AA?2?$AAf@ 00000001800541d0     LIBCMTD:feoferr.obj
 0002:00002228       ??_C@_19LPGIFIDB@?$AAf?$AAe?$AAo?$AAf?$AA?$AA@ 0000000180054228     LIBCMTD:feoferr.obj
 0002:00002240       ??_C@_1EO@KDKHJMND@?$AAf?$AA?3?$AA?2?$AAd?$AAd?$AA?2?$AAv?$AAc?$AAt?$AAo?$AAo?$AAl?$AAs?$AA?2?$AAc?$AAr?$AAt?$AA?2?$AAc?$AAr?$AAt?$AAw?$AA3?$AA2?$AA?2?$AAs?$AAt?$AAd?$AAi?$AAo?$AA?2?$AAf@ 0000000180054240     LIBCMTD:fread.obj
 0002:00002290       ??_C@_1BA@CMLCEIGG@?$AAf?$AAr?$AAe?$AAa?$AAd?$AA_?$AAs?$AA?$AA@ 0000000180054290     LIBCMTD:fread.obj
 0002:000022a0       ??_C@_1CC@CGFEEBMC@?$AA?$CI?$AAb?$AAu?$AAf?$AAf?$AAe?$AAr?$AA?5?$AA?$CB?$AA?$DN?$AA?5?$AAN?$AAU?$AAL?$AAL?$AA?$CJ?$AA?$AA@ 00000001800542a0     LIBCMTD:fread.obj
 0002:000022c8       ??_C@_1CA@IDPOGFL@?$AA_?$AAf?$AAr?$AAe?$AAa?$AAd?$AA_?$AAn?$AAo?$AAl?$AAo?$AAc?$AAk?$AA_?$AAs?$AA?$AA@ 00000001800542c8     LIBCMTD:fread.obj
 0002:000022f0       ??_C@_1EA@FAMECDND@?$AAn?$AAu?$AAm?$AA?5?$AA?$DM?$AA?$DN?$AA?5?$AA?$CI?$AAS?$AAI?$AAZ?$AAE?$AA_?$AAM?$AAA?$AAX?$AA?5?$AA?1?$AA?5?$AAe?$AAl?$AAe?$AAm?$AAe?$AAn?$AAt?$AAS?$AAi?$AAz?$AAe?$AA?$CJ?$AA?$AA@ 00000001800542f0     LIBCMTD:fread.obj
 0002:00002330       ??_C@_1LG@DCNDJCHK@?$AA?$CI?$AA?$CC?$AAI?$AAn?$AAc?$AAo?$AAn?$AAs?$AAi?$AAs?$AAt?$AAe?$AAn?$AAt?$AA?5?$AAS?$AAt?$AAr?$AAe?$AAa?$AAm?$AA?5?$AAC?$AAo?$AAu?$AAn?$AAt?$AA?4?$AA?5?$AAF?$AAl?$AAu@ 0000000180054330     LIBCMTD:fread.obj
 0002:000023e8       ??_C@_1DA@DKEFLDMG@?$AA?$CI?$AA?$CC?$AAb?$AAu?$AAf?$AAf?$AAe?$AAr?$AA?5?$AAt?$AAo?$AAo?$AA?5?$AAs?$AAm?$AAa?$AAl?$AAl?$AA?$CC?$AA?0?$AA?5?$AA0?$AA?$CJ?$AA?$AA@ 00000001800543e8     LIBCMTD:fread.obj
 0002:00002420       ??_C@_1EO@OOGDMPHD@?$AAf?$AA?3?$AA?2?$AAd?$AAd?$AA?2?$AAv?$AAc?$AAt?$AAo?$AAo?$AAl?$AAs?$AA?2?$AAc?$AAr?$AAt?$AA?2?$AAc?$AAr?$AAt?$AAw?$AA3?$AA2?$AA?2?$AAs?$AAt?$AAd?$AAi?$AAo?$AA?2?$AAf@ 0000000180054420     LIBCMTD:fseek.obj
 0002:00002470       ??_C@_1M@HCCOIONH@?$AAf?$AAs?$AAe?$AAe?$AAk?$AA?$AA@ 0000000180054470     LIBCMTD:fseek.obj
 0002:00002480       ??_C@_1IO@PMHBOLJK@?$AA?$CI?$AA?$CI?$AAw?$AAh?$AAe?$AAn?$AAc?$AAe?$AA?5?$AA?$DN?$AA?$DN?$AA?5?$AAS?$AAE?$AAE?$AAK?$AA_?$AAS?$AAE?$AAT?$AA?$CJ?$AA?5?$AA?$HM?$AA?$HM?$AA?5?$AA?$CI?$AAw?$AAh?$AAe?$AAn?$AAc?$AAe@ 0000000180054480     LIBCMTD:fseek.obj
 0002:00002510       __real@0000000000000000    0000000180054510     LIBCMTD:ldexp.obj
 0002:00002518       __real@3ff0000000000000    0000000180054518     LIBCMTD:ldexp.obj
 0002:00002548       ??_C@_1BK@LAOAACLJ@?$AAn?$AAp?$AAt?$AAr?$AA?5?$AA?$CB?$AA?$DN?$AA?5?$AAN?$AAU?$AAL?$AAL?$AA?$AA@ 0000000180054548     LIBCMTD:strtol.obj
 0002:00002570       ??_C@_1FE@OOICPOFH@?$AAf?$AA?3?$AA?2?$AAd?$AAd?$AA?2?$AAv?$AAc?$AAt?$AAo?$AAo?$AAl?$AAs?$AA?2?$AAc?$AAr?$AAt?$AA?2?$AAc?$AAr?$AAt?$AAw?$AA3?$AA2?$AA?2?$AAc?$AAo?$AAn?$AAv?$AAe?$AAr?$AAt@ 0000000180054570     LIBCMTD:strtol.obj
 0002:000025c8       ??_C@_1BA@LOLAMAJG@?$AAs?$AAt?$AAr?$AAt?$AAo?$AAx?$AAl?$AA?$AA@ 00000001800545c8     LIBCMTD:strtol.obj
 0002:000025e0       ??_C@_1FE@CEHLKAHD@?$AAi?$AAb?$AAa?$AAs?$AAe?$AA?5?$AA?$DN?$AA?$DN?$AA?5?$AA0?$AA?5?$AA?$HM?$AA?$HM?$AA?5?$AA?$CI?$AA2?$AA?5?$AA?$DM?$AA?$DN?$AA?5?$AAi?$AAb?$AAa?$AAs?$AAe?$AA?5?$AA?$CG?$AA?$CG?$AA?5?$AAi?$AAb?$AAa@ 00000001800545e0     LIBCMTD:strtol.obj
 0002:00002638       ??_C@_17LGKOMLJ@?$AA?4?$AA?4?$AA?4?$AA?$AA@ 0000000180054638     LIBCMTD:wassert.obj
 0002:00002640       ??_C@_13LBAGMAIH@?$AA?6?$AA?$AA@ 0000000180054640     LIBCMTD:wassert.obj
 0002:00002644       ??_C@_15IABLJNFO@?$AA?6?$AA?6?$AA?$AA@ 0000000180054644     LIBCMTD:wassert.obj
 0002:00002650       ??_C@_1EO@DPPHNOPL@?$AAf?$AA?3?$AA?2?$AAd?$AAd?$AA?2?$AAv?$AAc?$AAt?$AAo?$AAo?$AAl?$AAs?$AA?2?$AAc?$AAr?$AAt?$AA?2?$AAc?$AAr?$AAt?$AAw?$AA3?$AA2?$AA?2?$AAm?$AAi?$AAs?$AAc?$AA?2?$AAa?$AAs@ 0000000180054650     LIBCMTD:wassert.obj
 0002:000026a0       ??_C@_1BC@LNOOMFNA@?$AA_?$AAw?$AAa?$AAs?$AAs?$AAe?$AAr?$AAt?$AA?$AA@ 00000001800546a0     LIBCMTD:wassert.obj
 0002:000026c0       ??_C@_1GM@PANFFKAD@?$AAw?$AAc?$AAs?$AAc?$AAp?$AAy?$AA_?$AAs?$AA?$CI?$AA?5?$AAa?$AAs?$AAs?$AAe?$AAr?$AAt?$AAb?$AAu?$AAf?$AA?0?$AA?5?$AA?$CI?$AA6?$AA4?$AA?5?$AA?$CK?$AA?5?$AA9?$AA?$CJ?$AA?0?$AA?5?$AAL@ 00000001800546c0     LIBCMTD:wassert.obj
 0002:00002730       ??_C@_1CE@OJBNHDMO@?$AAA?$AAs?$AAs?$AAe?$AAr?$AAt?$AAi?$AAo?$AAn?$AA?5?$AAf?$AAa?$AAi?$AAl?$AAe?$AAd?$AA?$CB?$AA?$AA@ 0000000180054730     LIBCMTD:wassert.obj
 0002:00002760       ??_C@_1FI@OJONHFCN@?$AAw?$AAc?$AAs?$AAc?$AAa?$AAt?$AA_?$AAs?$AA?$CI?$AA?5?$AAa?$AAs?$AAs?$AAe?$AAr?$AAt?$AAb?$AAu?$AAf?$AA?0?$AA?5?$AA?$CI?$AA6?$AA4?$AA?5?$AA?$CK?$AA?5?$AA9?$AA?$CJ?$AA?0?$AA?5?$AAd@ 0000000180054760     LIBCMTD:wassert.obj
 0002:000027c0       ??_C@_1FM@JONFCKBO@?$AAw?$AAc?$AAs?$AAc?$AAa?$AAt?$AA_?$AAs?$AA?$CI?$AA?5?$AAa?$AAs?$AAs?$AAe?$AAr?$AAt?$AAb?$AAu?$AAf?$AA?0?$AA?5?$AA?$CI?$AA6?$AA4?$AA?5?$AA?$CK?$AA?5?$AA9?$AA?$CJ?$AA?0?$AA?5?$AAL@ 00000001800547c0     LIBCMTD:wassert.obj
 0002:00002820       ??_C@_1BE@PHKBBGE@?$AAP?$AAr?$AAo?$AAg?$AAr?$AAa?$AAm?$AA?3?$AA?5?$AA?$AA@ 0000000180054820     LIBCMTD:wassert.obj
 0002:00002840       ??_C@_1HA@EPFCONEE@?$AAw?$AAc?$AAs?$AAc?$AAp?$AAy?$AA_?$AAs?$AA?$CI?$AA?5?$AAp?$AAr?$AAo?$AAg?$AAn?$AAa?$AAm?$AAe?$AA?0?$AA?5?$AA2?$AA6?$AA0?$AA?5?$AA?$CL?$AA?5?$AA1?$AA?0?$AA?5?$AAL?$AA?$CC?$AA?$DM@ 0000000180054840     LIBCMTD:wassert.obj
 0002:000028b0       ??_C@_1CO@EAEJAADC@?$AA?$DM?$AAp?$AAr?$AAo?$AAg?$AAr?$AAa?$AAm?$AA?5?$AAn?$AAa?$AAm?$AAe?$AA?5?$AAu?$AAn?$AAk?$AAn?$AAo?$AAw?$AAn?$AA?$DO?$AA?$AA@ 00000001800548b0     LIBCMTD:wassert.obj
 0002:000028e0       ??_C@_1LK@LGFOFOMH@?$AAm?$AAe?$AAm?$AAc?$AAp?$AAy?$AA_?$AAs?$AA?$CI?$AAp?$AAc?$AAh?$AA?0?$AA?5?$AAs?$AAi?$AAz?$AAe?$AAo?$AAf?$AA?$CI?$AAT?$AAC?$AAH?$AAA?$AAR?$AA?$CJ?$AA?5?$AA?$CK?$AA?5?$AA?$CI?$AA?$CI@ 00000001800548e0     LIBCMTD:wassert.obj
 0002:000029a0       ??_C@_1EK@BFAHOLDO@?$AAw?$AAc?$AAs?$AAc?$AAa?$AAt?$AA_?$AAs?$AA?$CI?$AA?5?$AAa?$AAs?$AAs?$AAe?$AAr?$AAt?$AAb?$AAu?$AAf?$AA?0?$AA?5?$AA?$CI?$AA6?$AA4?$AA?5?$AA?$CK?$AA?5?$AA9?$AA?$CJ?$AA?0?$AA?5?$AAp@ 00000001800549a0     LIBCMTD:wassert.obj
 0002:000029f0       ??_C@_1FC@GNPGDADJ@?$AAw?$AAc?$AAs?$AAc?$AAa?$AAt?$AA_?$AAs?$AA?$CI?$AA?5?$AAa?$AAs?$AAs?$AAe?$AAr?$AAt?$AAb?$AAu?$AAf?$AA?0?$AA?5?$AA?$CI?$AA6?$AA4?$AA?5?$AA?$CK?$AA?5?$AA9?$AA?$CJ?$AA?0?$AA?5?$AAn@ 00000001800549f0     LIBCMTD:wassert.obj
 0002:00002a50       ??_C@_1FG@NHACFNEK@?$AAw?$AAc?$AAs?$AAc?$AAa?$AAt?$AA_?$AAs?$AA?$CI?$AA?5?$AAa?$AAs?$AAs?$AAe?$AAr?$AAt?$AAb?$AAu?$AAf?$AA?0?$AA?5?$AA?$CI?$AA6?$AA4?$AA?5?$AA?$CK?$AA?5?$AA9?$AA?$CJ?$AA?0?$AA?5?$AAL@ 0000000180054a50     LIBCMTD:wassert.obj
 0002:00002aa8       ??_C@_1O@HEMHKNDC@?$AAF?$AAi?$AAl?$AAe?$AA?3?$AA?5?$AA?$AA@ 0000000180054aa8     LIBCMTD:wassert.obj
 0002:00002ac0       ??_C@_1GG@PKOIFPHI@?$AAw?$AAc?$AAs?$AAn?$AAc?$AAa?$AAt?$AA_?$AAs?$AA?$CI?$AA?5?$AAa?$AAs?$AAs?$AAe?$AAr?$AAt?$AAb?$AAu?$AAf?$AA?0?$AA?5?$AA?$CI?$AA6?$AA4?$AA?5?$AA?$CK?$AA?5?$AA9?$AA?$CJ?$AA?0?$AA?5@ 0000000180054ac0     LIBCMTD:wassert.obj
 0002:00002b30       ??_C@_1FG@PLMFGJFG@?$AAw?$AAc?$AAs?$AAc?$AAa?$AAt?$AA_?$AAs?$AA?$CI?$AA?5?$AAa?$AAs?$AAs?$AAe?$AAr?$AAt?$AAb?$AAu?$AAf?$AA?0?$AA?5?$AA?$CI?$AA6?$AA4?$AA?5?$AA?$CK?$AA?5?$AA9?$AA?$CJ?$AA?0?$AA?5?$AAd@ 0000000180054b30     LIBCMTD:wassert.obj
 0002:00002b90       ??_C@_1FO@HPHMICDB@?$AAw?$AAc?$AAs?$AAc?$AAa?$AAt?$AA_?$AAs?$AA?$CI?$AA?5?$AAa?$AAs?$AAs?$AAe?$AAr?$AAt?$AAb?$AAu?$AAf?$AA?0?$AA?5?$AA?$CI?$AA6?$AA4?$AA?5?$AA?$CK?$AA?5?$AA9?$AA?$CJ?$AA?0?$AA?5?$AAp@ 0000000180054b90     LIBCMTD:wassert.obj
 0002:00002bf0       ??_C@_1GO@KNIHEHNA@?$AAw?$AAc?$AAs?$AAn?$AAc?$AAa?$AAt?$AA_?$AAs?$AA?$CI?$AA?5?$AAa?$AAs?$AAs?$AAe?$AAr?$AAt?$AAb?$AAu?$AAf?$AA?0?$AA?5?$AA?$CI?$AA6?$AA4?$AA?5?$AA?$CK?$AA?5?$AA9?$AA?$CJ?$AA?0?$AA?5@ 0000000180054bf0     LIBCMTD:wassert.obj
 0002:00002c60       ??_C@_1HG@FHHFPPED@?$AAw?$AAc?$AAs?$AAn?$AAc?$AAa?$AAt?$AA_?$AAs?$AA?$CI?$AA?5?$AAa?$AAs?$AAs?$AAe?$AAr?$AAt?$AAb?$AAu?$AAf?$AA?0?$AA?5?$AA?$CI?$AA6?$AA4?$AA?5?$AA?$CK?$AA?5?$AA9?$AA?$CJ?$AA?0?$AA?5@ 0000000180054c60     LIBCMTD:wassert.obj
 0002:00002ce0       ??_C@_1IC@JGCGJJHO@?$AAw?$AAc?$AAs?$AAc?$AAa?$AAt?$AA_?$AAs?$AA?$CI?$AA?5?$AAa?$AAs?$AAs?$AAe?$AAr?$AAt?$AAb?$AAu?$AAf?$AA?0?$AA?5?$AA?$CI?$AA6?$AA4?$AA?5?$AA?$CK?$AA?5?$AA9?$AA?$CJ?$AA?0?$AA?5?$AAp@ 0000000180054ce0     LIBCMTD:wassert.obj
 0002:00002d70       ??_C@_1FE@NDOBOCBD@?$AAw?$AAc?$AAs?$AAc?$AAa?$AAt?$AA_?$AAs?$AA?$CI?$AA?5?$AAa?$AAs?$AAs?$AAe?$AAr?$AAt?$AAb?$AAu?$AAf?$AA?0?$AA?5?$AA?$CI?$AA6?$AA4?$AA?5?$AA?$CK?$AA?5?$AA9?$AA?$CJ?$AA?0?$AA?5?$AAf@ 0000000180054d70     LIBCMTD:wassert.obj
 0002:00002dd0       ??_C@_1FG@HLHNIBH@?$AAw?$AAc?$AAs?$AAc?$AAa?$AAt?$AA_?$AAs?$AA?$CI?$AA?5?$AAa?$AAs?$AAs?$AAe?$AAr?$AAt?$AAb?$AAu?$AAf?$AA?0?$AA?5?$AA?$CI?$AA6?$AA4?$AA?5?$AA?$CK?$AA?5?$AA9?$AA?$CJ?$AA?0?$AA?5?$AAL@ 0000000180054dd0     LIBCMTD:wassert.obj
 0002:00002e28       ??_C@_1O@KCAFKHJE@?$AAL?$AAi?$AAn?$AAe?$AA?3?$AA?5?$AA?$AA@ 0000000180054e28     LIBCMTD:wassert.obj
 0002:00002e40       ??_C@_1KG@NJJPHNOK@?$AA_?$AAi?$AAt?$AAo?$AAw?$AA_?$AAs?$AA?$CI?$AA?5?$AAl?$AAi?$AAn?$AAe?$AAn?$AAo?$AA?0?$AA?5?$AAa?$AAs?$AAs?$AAe?$AAr?$AAt?$AAb?$AAu?$AAf?$AA?5?$AA?$CL?$AA?5?$AAw?$AAc?$AAs@ 0000000180054e40     LIBCMTD:wassert.obj
 0002:00002ef0       ??_C@_1GC@CFDADAM@?$AAw?$AAc?$AAs?$AAc?$AAa?$AAt?$AA_?$AAs?$AA?$CI?$AA?5?$AAa?$AAs?$AAs?$AAe?$AAr?$AAt?$AAb?$AAu?$AAf?$AA?0?$AA?5?$AA?$CI?$AA6?$AA4?$AA?5?$AA?$CK?$AA?5?$AA9?$AA?$CJ?$AA?0?$AA?5?$AAL@ 0000000180054ef0     LIBCMTD:wassert.obj
 0002:00002f58       ??_C@_1BK@PEDCIPMA@?$AAE?$AAx?$AAp?$AAr?$AAe?$AAs?$AAs?$AAi?$AAo?$AAn?$AA?3?$AA?5?$AA?$AA@ 0000000180054f58     LIBCMTD:wassert.obj
 0002:00002f80       ??_C@_1CHM@HIHGOMKE@?$AAw?$AAc?$AAs?$AAn?$AAc?$AAa?$AAt?$AA_?$AAs?$AA?$CI?$AA?5?$AAa?$AAs?$AAs?$AAe?$AAr?$AAt?$AAb?$AAu?$AAf?$AA?0?$AA?5?$AA?$CI?$AA6?$AA4?$AA?5?$AA?$CK?$AA?5?$AA9?$AA?$CJ?$AA?0?$AA?5@ 0000000180054f80     LIBCMTD:wassert.obj
 0002:00003200       ??_C@_1EM@DAMJKKKC@?$AAw?$AAc?$AAs?$AAc?$AAa?$AAt?$AA_?$AAs?$AA?$CI?$AA?5?$AAa?$AAs?$AAs?$AAe?$AAr?$AAt?$AAb?$AAu?$AAf?$AA?0?$AA?5?$AA?$CI?$AA6?$AA4?$AA?5?$AA?$CK?$AA?5?$AA9?$AA?$CJ?$AA?0?$AA?5?$AAe@ 0000000180055200     LIBCMTD:wassert.obj
 0002:00003250       ??_C@_1BCO@GAGHDLIF@?$AAw?$AAc?$AAs?$AAc?$AAa?$AAt?$AA_?$AAs?$AA?$CI?$AAa?$AAs?$AAs?$AAe?$AAr?$AAt?$AAb?$AAu?$AAf?$AA?0?$AA?5?$AA?$CI?$AA6?$AA4?$AA?5?$AA?$CK?$AA?5?$AA9?$AA?$CJ?$AA?0?$AA?5?$AAL?$AA?$CC@ 0000000180055250     LIBCMTD:wassert.obj
 0002:00003380       ??_C@_1OA@EGMLFBHJ@?$AAF?$AAo?$AAr?$AA?5?$AAi?$AAn?$AAf?$AAo?$AAr?$AAm?$AAa?$AAt?$AAi?$AAo?$AAn?$AA?5?$AAo?$AAn?$AA?5?$AAh?$AAo?$AAw?$AA?5?$AAy?$AAo?$AAu?$AAr?$AA?5?$AAp?$AAr?$AAo?$AAg@ 0000000180055380     LIBCMTD:wassert.obj
 0002:00003460       ??_C@_1FG@IFIHHMNM@?$AAw?$AAc?$AAs?$AAc?$AAa?$AAt?$AA_?$AAs?$AA?$CI?$AAa?$AAs?$AAs?$AAe?$AAr?$AAt?$AAb?$AAu?$AAf?$AA?0?$AA?5?$AA?$CI?$AA6?$AA4?$AA?5?$AA?$CK?$AA?5?$AA9?$AA?$CJ?$AA?0?$AA?5?$AAd?$AAb@ 0000000180055460     LIBCMTD:wassert.obj
 0002:000034c0       ??_C@_1LO@CHAFGADE@?$AAw?$AAc?$AAs?$AAc?$AAa?$AAt?$AA_?$AAs?$AA?$CI?$AAa?$AAs?$AAs?$AAe?$AAr?$AAt?$AAb?$AAu?$AAf?$AA?0?$AA?5?$AA?$CI?$AA6?$AA4?$AA?5?$AA?$CK?$AA?5?$AA9?$AA?$CJ?$AA?0?$AA?5?$AAL?$AA?$CC@ 00000001800554c0     LIBCMTD:wassert.obj
 0002:00003580       ??_C@_1HK@POCJMFGK@?$AA?$CI?$AAP?$AAr?$AAe?$AAs?$AAs?$AA?5?$AAR?$AAe?$AAt?$AAr?$AAy?$AA?5?$AAt?$AAo?$AA?5?$AAd?$AAe?$AAb?$AAu?$AAg?$AA?5?$AAt?$AAh?$AAe?$AA?5?$AAa?$AAp?$AAp?$AAl?$AAi?$AAc@ 0000000180055580     LIBCMTD:wassert.obj
 0002:00003600       ??_C@_1EK@MBDPDCGA@?$AAM?$AAi?$AAc?$AAr?$AAo?$AAs?$AAo?$AAf?$AAt?$AA?5?$AAV?$AAi?$AAs?$AAu?$AAa?$AAl?$AA?5?$AAC?$AA?$CL?$AA?$CL?$AA?5?$AAR?$AAu?$AAn?$AAt?$AAi?$AAm?$AAe?$AA?5?$AAL?$AAi?$AAb@ 0000000180055600     LIBCMTD:wassert.obj
 0002:0000375c       ??_C@_06OJDGOBKJ@floorf?$AA@ 000000018005575c     LIBCMTD:floorf.obj
 0002:00003764       __real@bf800000            0000000180055764     LIBCMTD:floorf.obj
 0002:00004160       ??_C@_05KGFAIMPG@sqrtf?$AA@ 0000000180056160     LIBCMTD:sqrtf.obj
 0002:00004168       _FPinit                    0000000180056168     LIBCMTD:fpinit.obj
 0002:00004170       _pRawDllMain               0000000180056170     LIBCMTD:dllcrt0.obj
 0002:00004170       _pDefaultRawDllMain        0000000180056170     LIBCMTD:dllcrt0.obj
 0002:00004178       ??_C@_0CL@OOIKPIHN@f?3?2dd?2vctools?2crt?2crtw32?2startup@ 0000000180056178     LIBCMTD:dllcrt0.obj
 0002:000041c0       ??_C@_1BA@GLMCNLEM@?$AAW?$AAa?$AAr?$AAn?$AAi?$AAn?$AAg?$AA?$AA@ 00000001800561c0     LIBCMTD:dbgrptw.obj
 0002:000041d0       ??_C@_1M@ILHOPKA@?$AAE?$AAr?$AAr?$AAo?$AAr?$AA?$AA@ 00000001800561d0     LIBCMTD:dbgrptw.obj
 0002:000041e0       ??_C@_1CC@CGHMNGDG@?$AAA?$AAs?$AAs?$AAe?$AAr?$AAt?$AAi?$AAo?$AAn?$AA?5?$AAF?$AAa?$AAi?$AAl?$AAe?$AAd?$AA?$AA@ 00000001800561e0     LIBCMTD:dbgrptw.obj
 0002:00004210       ??_C@_1EO@JACJHHCK@?$AAf?$AA?3?$AA?2?$AAd?$AAd?$AA?2?$AAv?$AAc?$AAt?$AAo?$AAo?$AAl?$AAs?$AA?2?$AAc?$AAr?$AAt?$AA?2?$AAc?$AAr?$AAt?$AAw?$AA3?$AA2?$AA?2?$AAm?$AAi?$AAs?$AAc?$AA?2?$AAd?$AAb@ 0000000180056210     LIBCMTD:dbgrptw.obj
 0002:00004260       ??_C@_1CI@PGJIFDEK@?$AA_?$AA_?$AAc?$AAr?$AAt?$AAM?$AAe?$AAs?$AAs?$AAa?$AAg?$AAe?$AAW?$AAi?$AAn?$AAd?$AAo?$AAw?$AAW?$AA?$AA@ 0000000180056260     LIBCMTD:dbgrptw.obj
 0002:00004290       ??_C@_1GI@DEDNNLCI@?$AAw?$AAc?$AAs?$AAc?$AAp?$AAy?$AA_?$AAs?$AA?$CI?$AAs?$AAz?$AAE?$AAx?$AAe?$AAN?$AAa?$AAm?$AAe?$AA?0?$AA?5?$AA2?$AA6?$AA0?$AA?0?$AA?5?$AAL?$AA?$CC?$AA?$DM?$AAp?$AAr?$AAo?$AAg@ 0000000180056290     LIBCMTD:dbgrptw.obj
 0002:00004300       ??_C@_1NO@LECLLHOL@?$AAm?$AAe?$AAm?$AAc?$AAp?$AAy?$AA_?$AAs?$AA?$CI?$AAs?$AAz?$AAS?$AAh?$AAo?$AAr?$AAt?$AAP?$AAr?$AAo?$AAg?$AAN?$AAa?$AAm?$AAe?$AA?0?$AA?5?$AAs?$AAi?$AAz?$AAe?$AAo?$AAf@ 0000000180056300     LIBCMTD:dbgrptw.obj
 0002:000043e0       ??_C@_1OG@PMPPFHAF@?$AA?6?$AA?6?$AAF?$AAo?$AAr?$AA?5?$AAi?$AAn?$AAf?$AAo?$AAr?$AAm?$AAa?$AAt?$AAi?$AAo?$AAn?$AA?5?$AAo?$AAn?$AA?5?$AAh?$AAo?$AAw?$AA?5?$AAy?$AAo?$AAu?$AAr?$AA?5?$AAp?$AAr@ 00000001800563e0     LIBCMTD:dbgrptw.obj
 0002:000044c8       ??_C@_11LOCGONAA@?$AA?$AA@ 00000001800564c8     LIBCMTD:dbgrptw.obj
 0002:000044d0       ??_C@_1BA@GLLGCPCK@?$AA?6?$AAL?$AAi?$AAn?$AAe?$AA?3?$AA?5?$AA?$AA@ 00000001800564d0     LIBCMTD:dbgrptw.obj
 0002:000044e0       ??_C@_1BA@LNHECFIM@?$AA?6?$AAF?$AAi?$AAl?$AAe?$AA?3?$AA?5?$AA?$AA@ 00000001800564e0     LIBCMTD:dbgrptw.obj
 0002:000044f0       ??_C@_1BE@CGCJKGHI@?$AA?6?$AAM?$AAo?$AAd?$AAu?$AAl?$AAe?$AA?3?$AA?5?$AA?$AA@ 00000001800564f0     LIBCMTD:dbgrptw.obj
 0002:00004510       ??_C@_1KM@HNMIBKJH@?$AAD?$AAe?$AAb?$AAu?$AAg?$AA?5?$AA?$CF?$AAs?$AA?$CB?$AA?6?$AA?6?$AAP?$AAr?$AAo?$AAg?$AAr?$AAa?$AAm?$AA?3?$AA?5?$AA?$CF?$AAs?$AA?$CF?$AAs?$AA?$CF?$AAs?$AA?$CF?$AAs?$AA?$CF?$AAs?$AA?$CF?$AAs@ 0000000180056510     LIBCMTD:dbgrptw.obj
 0002:000045c0       ??_C@_1BI@KALLJECN@?$AA?$CI?$AA?$CK?$AA_?$AAe?$AAr?$AAr?$AAn?$AAo?$AA?$CI?$AA?$CJ?$AA?$CJ?$AA?$AA@ 00000001800565c0     LIBCMTD:dbgrptw.obj
 0002:000045e0       ??_C@_1JI@EACPGHID@?$AAw?$AAc?$AAs?$AAc?$AAp?$AAy?$AA_?$AAs?$AA?$CI?$AAs?$AAz?$AAO?$AAu?$AAt?$AAM?$AAe?$AAs?$AAs?$AAa?$AAg?$AAe?$AA?0?$AA?5?$AA4?$AA0?$AA9?$AA6?$AA?0?$AA?5?$AAL?$AA?$CC?$AA_@ 00000001800565e0     LIBCMTD:dbgrptw.obj
 0002:00004680       ??_C@_1FG@BBOLDHGF@?$AA_?$AAC?$AAr?$AAt?$AAD?$AAb?$AAg?$AAR?$AAe?$AAp?$AAo?$AAr?$AAt?$AA?3?$AA?5?$AAS?$AAt?$AAr?$AAi?$AAn?$AAg?$AA?5?$AAt?$AAo?$AAo?$AA?5?$AAl?$AAo?$AAn?$AAg?$AA?5?$AAo@ 0000000180056680     LIBCMTD:dbgrptw.obj
 0002:000046d8       ??_C@_1BI@MFCLPIBM@?$AAs?$AAt?$AAr?$AA?5?$AA?$CB?$AA?$DN?$AA?5?$AAN?$AAU?$AAL?$AAL?$AA?$AA@ 00000001800566d8     LIBCMTD:_filbuf.obj
 0002:000046f0       ??_C@_1FC@KLDIFLFI@?$AAf?$AA?3?$AA?2?$AAd?$AAd?$AA?2?$AAv?$AAc?$AAt?$AAo?$AAo?$AAl?$AAs?$AA?2?$AAc?$AAr?$AAt?$AA?2?$AAc?$AAr?$AAt?$AAw?$AA3?$AA2?$AA?2?$AAs?$AAt?$AAd?$AAi?$AAo?$AA?2?$AA_@ 00000001800566f0     LIBCMTD:_filbuf.obj
 0002:00004748       ??_C@_1BA@IIKEPOGH@?$AA_?$AAf?$AAi?$AAl?$AAb?$AAu?$AAf?$AA?$AA@ 0000000180056748     LIBCMTD:_filbuf.obj
 0002:00004760       ??_C@_1FA@CKEACION@?$AAf?$AA?3?$AA?2?$AAd?$AAd?$AA?2?$AAv?$AAc?$AAt?$AAo?$AAo?$AAl?$AAs?$AA?2?$AAc?$AAr?$AAt?$AA?2?$AAc?$AAr?$AAt?$AAw?$AA3?$AA2?$AA?2?$AAs?$AAt?$AAd?$AAi?$AAo?$AA?2?$AAf@ 0000000180056760     LIBCMTD:fileno.obj
 0002:000047b0       ??_C@_1BA@JGHIEKKM@?$AA_?$AAf?$AAi?$AAl?$AAe?$AAn?$AAo?$AA?$AA@ 00000001800567b0     LIBCMTD:fileno.obj
 0002:000047c0       ??_C@_0CH@FPHLCLAF@f?3?2dd?2vctools?2crt?2crtw32?2stdio?2_@ 00000001800567c0     LIBCMTD:_file.obj
 0002:000047e8       ??_C@_1BI@GKKCBDMD@?$AAd?$AAs?$AAt?$AA?5?$AA?$CB?$AA?$DN?$AA?5?$AAN?$AAU?$AAL?$AAL?$AA?$AA@ 00000001800567e8     LIBCMTD:memcpy_s.obj
 0002:00004800       ??_C@_1FG@COJCEIPE@?$AAf?$AA?3?$AA?2?$AAd?$AAd?$AA?2?$AAv?$AAc?$AAt?$AAo?$AAo?$AAl?$AAs?$AA?2?$AAc?$AAr?$AAt?$AA?2?$AAc?$AAr?$AAt?$AAw?$AA3?$AA2?$AA?2?$AAs?$AAt?$AAr?$AAi?$AAn?$AAg?$AA?2@ 0000000180056800     LIBCMTD:memcpy_s.obj
 0002:00004858       ??_C@_1BC@GKHDJMGB@?$AAm?$AAe?$AAm?$AAc?$AAp?$AAy?$AA_?$AAs?$AA?$AA@ 0000000180056858     LIBCMTD:memcpy_s.obj
 0002:00004870       ??_C@_1BI@DCHLDCPP@?$AAs?$AAr?$AAc?$AA?5?$AA?$CB?$AA?$DN?$AA?5?$AAN?$AAU?$AAL?$AAL?$AA?$AA@ 0000000180056870     LIBCMTD:memcpy_s.obj
 0002:00004888       ??_C@_1CK@DDKKOLAN@?$AAs?$AAi?$AAz?$AAe?$AAI?$AAn?$AAB?$AAy?$AAt?$AAe?$AAs?$AA?5?$AA?$DO?$AA?$DN?$AA?5?$AAc?$AAo?$AAu?$AAn?$AAt?$AA?$AA@ 0000000180056888     LIBCMTD:memcpy_s.obj
 0002:000048c0       ??_C@_1FO@LPCLHKGE@?$AA?$CI?$AAf?$AAh?$AA?5?$AA?$DO?$AA?$DN?$AA?5?$AA0?$AA?5?$AA?$CG?$AA?$CG?$AA?5?$AA?$CI?$AAu?$AAn?$AAs?$AAi?$AAg?$AAn?$AAe?$AAd?$AA?$CJ?$AAf?$AAh?$AA?5?$AA?$DM?$AA?5?$AA?$CI?$AAu?$AAn?$AAs?$AAi@ 00000001800568c0     LIBCMTD:read.obj
 0002:00004920       ??_C@_1EM@BALFJBIJ@?$AAf?$AA?3?$AA?2?$AAd?$AAd?$AA?2?$AAv?$AAc?$AAt?$AAo?$AAo?$AAl?$AAs?$AA?2?$AAc?$AAr?$AAt?$AA?2?$AAc?$AAr?$AAt?$AAw?$AA3?$AA2?$AA?2?$AAl?$AAo?$AAw?$AAi?$AAo?$AA?2?$AAr@ 0000000180056920     LIBCMTD:read.obj
 0002:00004970       ??_C@_1M@NHJOLLDM@?$AA_?$AAr?$AAe?$AAa?$AAd?$AA?$AA@ 0000000180056970     LIBCMTD:read.obj
 0002:00004980       ??_C@_1CM@OKGMMMDH@?$AA?$CI?$AA_?$AAo?$AAs?$AAf?$AAi?$AAl?$AAe?$AA?$CI?$AAf?$AAh?$AA?$CJ?$AA?5?$AA?$CG?$AA?5?$AAF?$AAO?$AAP?$AAE?$AAN?$AA?$CJ?$AA?$AA@ 0000000180056980     LIBCMTD:read.obj
 0002:000049b0       ??_C@_1CC@HBLPFNKH@?$AA?$CI?$AAc?$AAn?$AAt?$AA?5?$AA?$DM?$AA?$DN?$AA?5?$AAI?$AAN?$AAT?$AA_?$AAM?$AAA?$AAX?$AA?$CJ?$AA?$AA@ 00000001800569b0     LIBCMTD:read.obj
 0002:000049e0       ??_C@_1JE@ECKHFIFP@?$AA?$CI?$AA?$CC?$AAI?$AAn?$AAv?$AAa?$AAl?$AAi?$AAd?$AA?5?$AAf?$AAi?$AAl?$AAe?$AA?5?$AAd?$AAe?$AAs?$AAc?$AAr?$AAi?$AAp?$AAt?$AAo?$AAr?$AA?4?$AA?5?$AAF?$AAi?$AAl?$AAe?$AA?5@ 00000001800569e0     LIBCMTD:read.obj
 0002:00004a78       ??_C@_1BK@JJBHNDKJ@?$AA_?$AAr?$AAe?$AAa?$AAd?$AA_?$AAn?$AAo?$AAl?$AAo?$AAc?$AAk?$AA?$AA@ 0000000180056a78     LIBCMTD:read.obj
 0002:00004a98       ??_C@_1CG@OHLJHGGK@?$AA?$CI?$AAi?$AAn?$AAp?$AAu?$AAt?$AAb?$AAu?$AAf?$AA?5?$AA?$CB?$AA?$DN?$AA?5?$AAN?$AAU?$AAL?$AAL?$AA?$CJ?$AA?$AA@ 0000000180056a98     LIBCMTD:read.obj
 0002:00004ac0       ??_C@_1CC@EEOLPHGO@?$AA?$CI?$AA?$CI?$AAc?$AAn?$AAt?$AA?5?$AA?$CG?$AA?5?$AA1?$AA?$CJ?$AA?5?$AA?$DN?$AA?$DN?$AA?5?$AA0?$AA?$CJ?$AA?$AA@ 0000000180056ac0     LIBCMTD:read.obj
 0002:00004ae8       ??_C@_0CG@JHNDLPLJ@f?3?2dd?2vctools?2crt?2crtw32?2lowio?2r@ 0000000180056ae8     LIBCMTD:read.obj
 0002:00004b10       ??_C@_1EO@HNHOEHGA@?$AAf?$AA?3?$AA?2?$AAd?$AAd?$AA?2?$AAv?$AAc?$AAt?$AAo?$AAo?$AAl?$AAs?$AA?2?$AAc?$AAr?$AAt?$AA?2?$AAc?$AAr?$AAt?$AAw?$AA3?$AA2?$AA?2?$AAs?$AAt?$AAd?$AAi?$AAo?$AA?2?$AAf@ 0000000180056b10     LIBCMTD:ftell.obj
 0002:00004b60       ??_C@_1BM@JMKHIAHP@?$AA?$CI?$AAs?$AAt?$AAr?$AA?5?$AA?$CB?$AA?$DN?$AA?5?$AAN?$AAU?$AAL?$AAL?$AA?$CJ?$AA?$AA@ 0000000180056b60     LIBCMTD:ftell.obj
 0002:00004b80       ??_C@_1BM@EPIDANEK@?$AA_?$AAf?$AAt?$AAe?$AAl?$AAl?$AA_?$AAn?$AAo?$AAl?$AAo?$AAc?$AAk?$AA?$AA@ 0000000180056b80     LIBCMTD:ftell.obj
 0002:00004ba0       ??_C@_1EO@CCHAPCBN@?$AAf?$AA?3?$AA?2?$AAd?$AAd?$AA?2?$AAv?$AAc?$AAt?$AAo?$AAo?$AAl?$AAs?$AA?2?$AAc?$AAr?$AAt?$AA?2?$AAc?$AAr?$AAt?$AAw?$AA3?$AA2?$AA?2?$AAl?$AAo?$AAw?$AAi?$AAo?$AA?2?$AAl@ 0000000180056ba0     LIBCMTD:lseek.obj
 0002:00004bf0       ??_C@_1O@EDOIKGHF@?$AA_?$AAl?$AAs?$AAe?$AAe?$AAk?$AA?$AA@ 0000000180056bf0     LIBCMTD:lseek.obj
 0002:00004c00       ??_C@_1DM@LMLOLGJ@?$AA?$CI?$AA?$CC?$AAI?$AAn?$AAv?$AAa?$AAl?$AAi?$AAd?$AA?5?$AAf?$AAi?$AAl?$AAe?$AA?5?$AAd?$AAe?$AAs?$AAc?$AAr?$AAi?$AAp?$AAt?$AAo?$AAr?$AA?$CC?$AA?0?$AA0?$AA?$CJ?$AA?$AA@ 0000000180056c00     LIBCMTD:lseek.obj
 0002:00004c3c       ??_C@_03KHJOGHMM@exp?$AA@  0000000180056c3c     LIBCMTD:fpexcept.obj
 0002:00004c40       ??_C@_03JGHBODFD@pow?$AA@  0000000180056c40     LIBCMTD:fpexcept.obj
 0002:00004c44       ??_C@_03MGHMBJCF@log?$AA@  0000000180056c44     LIBCMTD:fpexcept.obj
 0002:00004c48       ??_C@_05HGHHAHAP@log10?$AA@ 0000000180056c48     LIBCMTD:fpexcept.obj
 0002:00004c50       ??_C@_04COOMCNPB@sinh?$AA@ 0000000180056c50     LIBCMTD:fpexcept.obj
 0002:00004c58       ??_C@_04HPJJNFIM@cosh?$AA@ 0000000180056c58     LIBCMTD:fpexcept.obj
 0002:00004c60       ??_C@_04FJHINJAO@tanh?$AA@ 0000000180056c60     LIBCMTD:fpexcept.obj
 0002:00004c68       ??_C@_04FIHNOPOL@asin?$AA@ 0000000180056c68     LIBCMTD:fpexcept.obj
 0002:00004c70       ??_C@_04PDIFKINK@acos?$AA@ 0000000180056c70     LIBCMTD:fpexcept.obj
 0002:00004c78       ??_C@_04MLLJIGOK@atan?$AA@ 0000000180056c78     LIBCMTD:fpexcept.obj
 0002:00004c80       ??_C@_05KNGEOGJB@atan2?$AA@ 0000000180056c80     LIBCMTD:fpexcept.obj
 0002:00004c88       ??_C@_04EIAKFFMI@sqrt?$AA@ 0000000180056c88     LIBCMTD:fpexcept.obj
 0002:00004c90       ??_C@_03BLEJJJBH@sin?$AA@  0000000180056c90     LIBCMTD:fpexcept.obj
 0002:00004c94       ??_C@_03LALBNOCG@cos?$AA@  0000000180056c94     LIBCMTD:fpexcept.obj
 0002:00004c98       ??_C@_03IIINPABG@tan?$AA@  0000000180056c98     LIBCMTD:fpexcept.obj
 0002:00004c9c       ??_C@_04GFPJNGEK@ceil?$AA@ 0000000180056c9c     LIBCMTD:fpexcept.obj
[...]
 0004:000017ac       $pdata$__free_lc_time      000000018006e7ac     LIBCMTD:inittime.obj
 0004:000017b8       $pdata$?__crtLCMapStringA_stat@@YAHPEAUlocaleinfo_struct@@PEB_WKPEBDHPEADHHH@Z 000000018006e7b8     LIBCMTD:a_map.obj
 0004:000017c4       $pdata$?strncnt@@YAHPEBDH@Z 000000018006e7c4     LIBCMTD:a_map.obj
 0004:000017d0       $pdata$_MallocaIsSizeInRange 000000018006e7d0     LIBCMTD:a_map.obj
 0004:000017dc       $pdata$__crtLCMapStringA   000000018006e7dc     LIBCMTD:a_map.obj
 0004:000017e8       $pdata$_freea              000000018006e7e8     LIBCMTD:a_map.obj
 0004:000017f4       $pdata$?__crtGetStringTypeA_stat@@YAHPEAUlocaleinfo_struct@@KPEBDHPEAGHH@Z 000000018006e7f4     LIBCMTD:a_str.obj
 0004:00001800       $pdata$__crtGetStringTypeA 000000018006e800     LIBCMTD:a_str.obj
 0004:0000180c       $pdata$_isleadbyte_l       000000018006e80c     LIBCMTD:_wctype.obj
 0004:00001818       $pdata$isleadbyte          000000018006e818     LIBCMTD:_wctype.obj
 0004:00001824       $pdata$__DestructExceptionObject 000000018006e824     LIBCMTD:frame.obj
 0004:00001830       $pdata$??0bad_exception@std@@QEAA@AEBV01@@Z 000000018006e830     LIBCMTD:frame.obj
 0004:0000183c       $pdata$??0bad_exception@std@@QEAA@PEBD@Z 000000018006e83c     LIBCMTD:frame.obj
 0004:00001848       $pdata$??1bad_exception@std@@UEAA@XZ 000000018006e848     LIBCMTD:frame.obj
 0004:00001854       $pdata$??_Gbad_exception@std@@UEAAPEAXI@Z 000000018006e854     LIBCMTD:frame.obj
 0004:00001860       $pdata$?CatchIt@@YAXPEAUEHExceptionRecord@@PEA_KPEAU_CONTEXT@@PEAU_xDISPATCHER_CONTEXT@@PEBU_s_FuncInfo@@PEBU_s_HandlerType@@PEBU_s_CatchableType@@PEBU_s_TryBlockMapEntry@@H1EE@Z 000000018006e860     LIBCMTD:frame.obj
 0004:0000186c       $pdata$?ExFilterRethrow@@YAHPEAU_EXCEPTION_POINTERS@@PEAUEHExceptionRecord@@PEAH@Z 000000018006e86c     LIBCMTD:frame.obj
 0004:00001878       $pdata$?FindHandler@@YAXPEAUEHExceptionRecord@@PEA_KPEAU_CONTEXT@@PEAU_xDISPATCHER_CONTEXT@@PEBU_s_FuncInfo@@EH1@Z 000000018006e878     LIBCMTD:frame.obj
 0004:00001884       $pdata$?FindHandlerForForeignException@@YAXPEAUEHExceptionRecord@@PEA_KPEAU_CONTEXT@@PEAU_xDISPATCHER_CONTEXT@@PEBU_s_FuncInfo@@HH1@Z 000000018006e884     LIBCMTD:frame.obj
 0004:00001890       $pdata$?IsInExceptionSpec@@YAEPEAUEHExceptionRecord@@PEBU_s_ESTypeList@@@Z 000000018006e890     LIBCMTD:frame.obj
 0004:0000189c       $pdata$?Is_bad_exception_allowed@@YAEPEBU_s_ESTypeList@@@Z 000000018006e89c     LIBCMTD:frame.obj
 0004:000018a8       $pdata$?__RethrowException@@YAXPEAUEHExceptionRecord@@@Z 000000018006e8a8     LIBCMTD:frame.obj
 0004:000018b4       $pdata$__AdjustPointer     000000018006e8b4     LIBCMTD:frame.obj
 0004:000018c0       $pdata$__BuildCatchObject  000000018006e8c0     LIBCMTD:frame.obj
 0004:000018cc       $pdata$__BuildCatchObjectHelper 000000018006e8cc     LIBCMTD:frame.obj
 0004:000018d8       $pdata$__CxxCallCatchBlock 000000018006e8d8     LIBCMTD:frame.obj
 0004:000018e4       $pdata$__FrameUnwindFilter 000000018006e8e4     LIBCMTD:frame.obj
 0004:000018f0       $pdata$__FrameUnwindToState 000000018006e8f0     LIBCMTD:frame.obj
 0004:000018fc       $pdata$__InternalCxxFrameHandler 000000018006e8fc     LIBCMTD:frame.obj
 0004:00001908       $pdata$__TypeMatch         000000018006e908     LIBCMTD:frame.obj
 0004:00001914       $pdata$?__GetCurrentState@@YAHPEA_KPEAU_xDISPATCHER_CONTEXT@@PEBU_s_FuncInfo@@@Z 000000018006e914     LIBCMTD:ehstate.obj
 0004:00001920       $pdata$?__GetUnwindTryBlock@@YAHPEA_KPEAU_xDISPATCHER_CONTEXT@@PEBU_s_FuncInfo@@@Z 000000018006e920     LIBCMTD:ehstate.obj
 0004:0000192c       $pdata$?__SetUnwindTryBlock@@YAXPEA_KPEAU_xDISPATCHER_CONTEXT@@PEBU_s_FuncInfo@@H@Z 000000018006e92c     LIBCMTD:ehstate.obj
 0004:00001938       $pdata$?__StateFromControlPc@@YAHPEBU_s_FuncInfo@@PEAU_xDISPATCHER_CONTEXT@@@Z 000000018006e938     LIBCMTD:ehstate.obj
 0004:00001944       $pdata$?__StateFromIp@@YAHPEBU_s_FuncInfo@@PEAU_xDISPATCHER_CONTEXT@@_J@Z 000000018006e944     LIBCMTD:ehstate.obj
 0004:00001950       $pdata$?_inconsistency@@YAXXZ 000000018006e950     LIBCMTD:hooks.obj
 0004:0000195c       $pdata$?terminate@@YAXXZ   000000018006e95c     LIBCMTD:hooks.obj
 0004:00001968       $pdata$_initp_eh_hooks     000000018006e968     LIBCMTD:hooks.obj
 0004:00001980       $pdata$wcsncpy_s           000000018006e980     LIBCMTD:wcsncpy_s.obj
 0004:0000198c       $pdata$GetTableIndexFromLocaleName 000000018006e98c     LIBCMTD:winapinls.obj
 0004:00001998       $pdata$__crtDownlevelLocaleNameToLCID 000000018006e998     LIBCMTD:winapinls.obj
 0004:000019a4       $pdata$__crtLCMapStringEx  000000018006e9a4     LIBCMTD:winapinls.obj
 0004:000019b0       $pdata$__wcsnicmp_ascii    000000018006e9b0     LIBCMTD:winapinls.obj
 0004:000019bc       $pdata$__onexitinit        000000018006e9bc     LIBCMTD:onexit.obj
 0004:000019c8       $pdata$_onexit             000000018006e9c8     LIBCMTD:onexit.obj
 0004:000019d4       $pdata$_onexit_nolock      000000018006e9d4     LIBCMTD:onexit.obj
 0004:000019e0       $pdata$atexit              000000018006e9e0     LIBCMTD:onexit.obj
 0004:000019ec       $pdata$_ftbuf              000000018006e9ec     LIBCMTD:_sftbuf.obj
 0004:000019f8       $pdata$_stbuf              000000018006e9f8     LIBCMTD:_sftbuf.obj
 0004:00001a04       $pdata$_freebuf            000000018006ea04     LIBCMTD:_freebuf.obj
 0004:00001a10       $pdata$_woutput_l          000000018006ea10     LIBCMTD:woutput.obj
 0004:00001a1c       $pdata$get_int64_arg       000000018006ea1c     LIBCMTD:woutput.obj
 0004:00001a28       $pdata$get_int_arg         000000018006ea28     LIBCMTD:woutput.obj
 0004:00001a34       $pdata$write_char          000000018006ea34     LIBCMTD:woutput.obj
 0004:00001a34       $pdata$write_char          000000018006ea34     LIBCMTD:woutput.obj
 0004:00001a40       $pdata$write_multi_char    000000018006ea40     LIBCMTD:woutput.obj
 0004:00001a40       $pdata$write_multi_char    000000018006ea40     LIBCMTD:woutput.obj
 0004:00001a4c       $pdata$write_string        000000018006ea4c     LIBCMTD:woutput.obj
 0004:00001a4c       $pdata$write_string        000000018006ea4c     LIBCMTD:woutput.obj
 0004:00001a58       $pdata$_flsbuf             000000018006ea58     LIBCMTD:_flsbuf.obj
 0004:00001a64       $pdata$_woutput_s_l        000000018006ea64     LIBCMTD:woutputs.obj
 0004:00001a7c       $pdata$_isdigit_l          000000018006ea7c     LIBCMTD:_ctype.obj
 0004:00001a88       $pdata$isdigit             000000018006ea88     LIBCMTD:_ctype.obj
 0004:00001a94       $pdata$_tolower_l          000000018006ea94     LIBCMTD:tolower.obj
 0004:00001aa0       $pdata$tolower             000000018006eaa0     LIBCMTD:tolower.obj
 0004:00001aac       $pdata$strcpy_s            000000018006eaac     LIBCMTD:strcpy_s.obj
 0004:00001ab8       $pdata$strrchr             000000018006eab8     LIBCMTD:strrchr.obj
 0004:00001ac4       $pdata$_fptostr            000000018006eac4     LIBCMTD:_fptostr.obj
 0004:00001ad0       $pdata$__crt_atoflt_l      000000018006ead0     LIBCMTD:atodbl.obj
 0004:00001adc       $pdata$_atodbl_l           000000018006eadc     LIBCMTD:atodbl.obj
 0004:00001ae8       $pdata$_atoflt_l           000000018006eae8     LIBCMTD:atodbl.obj
 0004:00001af4       $pdata$__dtold             000000018006eaf4     LIBCMTD:cfout.obj
 0004:00001b00       $pdata$_fltout2            000000018006eb00     LIBCMTD:cfout.obj
 0004:00001b0c       $pdata$_fptrap             000000018006eb0c     LIBCMTD:crt0fp.obj
 0004:00001b18       $pdata$?x_ismbbtype_l@@YAHPEAUlocaleinfo_struct@@IHH@Z 000000018006eb18     LIBCMTD:ismbbyte.obj
 0004:00001b24       $pdata$_ismbblead          000000018006eb24     LIBCMTD:ismbbyte.obj
 0004:00001b30       $pdata$strcat_s            000000018006eb30     LIBCMTD:strcat_s.obj
 0004:00001b3c       $pdata$_itoa_s             000000018006eb3c     LIBCMTD:xtoas.obj
 0004:00001b48       $pdata$xtoa_s              000000018006eb48     LIBCMTD:xtoas.obj
 0004:00001b54       $pdata$_mbstowcs_l_helper  000000018006eb54     LIBCMTD:mbstowcs.obj
 0004:00001b60       $pdata$_mbstowcs_s_l       000000018006eb60     LIBCMTD:mbstowcs.obj
 0004:00001b6c       $pdata$mbstowcs_s          000000018006eb6c     LIBCMTD:mbstowcs.obj
 0004:00001b78       $pdata$?wcsncnt@@YA_KPEB_W_K@Z 000000018006eb78     LIBCMTD:wcstombs.obj
 0004:00001b84       $pdata$_wcstombs_l_helper  000000018006eb84     LIBCMTD:wcstombs.obj
 0004:00001b90       $pdata$_wcstombs_s_l       000000018006eb90     LIBCMTD:wcstombs.obj
 0004:00001b9c       $pdata$wcstombs_s          000000018006eb9c     LIBCMTD:wcstombs.obj
 0004:00001ba8       $pdata$_vsnprintf_helper   000000018006eba8     LIBCMTD:vsnprnc.obj
 0004:00001bb4       $pdata$_vsnprintf_s        000000018006ebb4     LIBCMTD:vsnprnc.obj
 0004:00001bc0       $pdata$_vsnprintf_s_l      000000018006ebc0     LIBCMTD:vsnprnc.obj
 0004:00001bcc       $pdata$_vsprintf_s_l       000000018006ebcc     LIBCMTD:vsnprnc.obj
 0004:00001bd8       $pdata$__GSHandlerCheck_SEH 000000018006ebd8     LIBCMTD:gshandlerseh.obj
 0004:00001be4       $pdata$_fclose_nolock      000000018006ebe4     LIBCMTD:fclose.obj
 0004:00001bf0       $pdata$fclose              000000018006ebf0     LIBCMTD:fclose.obj
 0004:00001bfc       $pdata$_mbtowc_l           000000018006ebfc     LIBCMTD:mbtowc.obj
 0004:00001c08       $pdata$mbtowc              000000018006ec08     LIBCMTD:mbtowc.obj
 0004:00001c14       $pdata$_putwch_nolock      000000018006ec14     LIBCMTD:putwch.obj
 0004:00001c20       $pdata$get_short_arg       000000018006ec20     LIBCMTD:output.obj
 0004:00001c2c       $pdata$??3@YAXPEAX@Z       000000018006ec2c     LIBCMTD:dbgdel.obj
 0004:00001c44       $pdata$?_ValidateExecute@@YAHP6A_JXZ@Z 000000018006ec44     LIBCMTD:validate.obj
 0004:00001c50       $pdata$?_ValidateRead@@YAHPEBXI@Z 000000018006ec50     LIBCMTD:validate.obj
 0004:00001c50       $pdata$?_ValidateWrite@@YAHPEAXI@Z 000000018006ec50     LIBCMTD:validate.obj
 0004:00001c68       $pdata$??1type_info@@UEAA@XZ 000000018006ec68     LIBCMTD:typinfo.obj
 0004:00001c74       $pdata$??8type_info@@QEBA_NAEBV0@@Z 000000018006ec74     LIBCMTD:typinfo.obj
 0004:00001c80       $pdata$??_Gtype_info@@UEAAPEAXI@Z 000000018006ec80     LIBCMTD:typinfo.obj
 0004:00001c8c       $pdata$??0exception@std@@QEAA@AEBQEBD@Z 000000018006ec8c     LIBCMTD:stdexcpt.obj
 0004:00001c98       $pdata$??0exception@std@@QEAA@AEBV01@@Z 000000018006ec98     LIBCMTD:stdexcpt.obj
 0004:00001ca4       $pdata$??1exception@std@@UEAA@XZ 000000018006eca4     LIBCMTD:stdexcpt.obj
 0004:00001cb0       $pdata$??4exception@std@@QEAAAEAV01@AEBV01@@Z 000000018006ecb0     LIBCMTD:stdexcpt.obj
 0004:00001cbc       $pdata$??_Gexception@std@@UEAAPEAXI@Z 000000018006ecbc     LIBCMTD:stdexcpt.obj
 0004:00001cc8       $pdata$?_Copy_str@exception@std@@AEAAXPEBD@Z 000000018006ecc8     LIBCMTD:stdexcpt.obj
 0004:00001cd4       $pdata$?_Tidy@exception@std@@AEAAXXZ 000000018006ecd4     LIBCMTD:stdexcpt.obj
 0004:00001ce0       $pdata$?what@exception@std@@UEBAPEBDXZ 000000018006ece0     LIBCMTD:stdexcpt.obj
 0004:00001cec       $pdata$_CxxThrowException  000000018006ecec     LIBCMTD:throw.obj
 0004:00001cf8       $pdata$_get_printf_count_output 000000018006ecf8     LIBCMTD:printf.obj
 0004:00001d04       $pdata$_fputwc_nolock      000000018006ed04     LIBCMTD:fputwc.obj
 0004:00001d10       $pdata$_output_s_l         000000018006ed10     LIBCMTD:outputs.obj
 0004:00001d1c       $pdata$write_char          000000018006ed1c     LIBCMTD:outputs.obj
 0004:00001d28       $pdata$write_multi_char    000000018006ed28     LIBCMTD:outputs.obj
 0004:00001d34       $pdata$write_string        000000018006ed34     LIBCMTD:outputs.obj
 0004:00001d40       $pdata$_CopyMan            000000018006ed40     LIBCMTD:intrncvt.obj
 0004:00001d4c       $pdata$_FillZeroMan        000000018006ed4c     LIBCMTD:intrncvt.obj
 0004:00001d58       $pdata$_IncMan             000000018006ed58     LIBCMTD:intrncvt.obj
 0004:00001d64       $pdata$_IsZeroMan          000000018006ed64     LIBCMTD:intrncvt.obj
 0004:00001d70       $pdata$_RoundMan           000000018006ed70     LIBCMTD:intrncvt.obj
 0004:00001d7c       $pdata$_ShrMan             000000018006ed7c     LIBCMTD:intrncvt.obj
 0004:00001d88       $pdata$_ZeroTail           000000018006ed88     LIBCMTD:intrncvt.obj
 0004:00001d94       $pdata$__addl              000000018006ed94     LIBCMTD:intrncvt.obj
 0004:00001da0       $pdata$_ld12cvt            000000018006eda0     LIBCMTD:intrncvt.obj
 0004:00001dac       $pdata$_ld12tod            000000018006edac     LIBCMTD:intrncvt.obj
 0004:00001db8       $pdata$_ld12tof            000000018006edb8     LIBCMTD:intrncvt.obj
 0004:00001dc4       $pdata$__ld12mul           000000018006edc4     LIBCMTD:strgtold.obj
 0004:00001dd0       $pdata$__multtenpow12      000000018006edd0     LIBCMTD:strgtold.obj
 0004:00001ddc       $pdata$__shl_12            000000018006eddc     LIBCMTD:strgtold.obj
 0004:00001de8       $pdata$__shr_12            000000018006ede8     LIBCMTD:strgtold.obj
 0004:00001df4       $pdata$__strgtold12_l      000000018006edf4     LIBCMTD:strgtold.obj
 0004:00001e00       $pdata$$I10_OUTPUT         000000018006ee00     LIBCMTD:x10fout.obj
 0004:00001e0c       $pdata$__add_12            000000018006ee0c     LIBCMTD:x10fout.obj
 0004:00001e18       $pdata$_close              000000018006ee18     LIBCMTD:close.obj
 0004:00001e24       $pdata$_close_nolock       000000018006ee24     LIBCMTD:close.obj
 0004:00001e30       $pdata$__termconout        000000018006ee30     LIBCMTD:initcon.obj
 0004:00001e3c       $pdata$__initconout        000000018006ee3c     LIBCMTD:initcon.obj
 0004:00001e48       $pdata$_wctomb_s_l         000000018006ee48     LIBCMTD:wctomb.obj
 0004:00001e54       $pdata$wctomb_s            000000018006ee54     LIBCMTD:wctomb.obj
 0004:00001e60       $pdata$?_Type_info_dtor@type_info@@CAXPEAV1@@Z 000000018006ee60     LIBCMTD:typname.obj
 0004:00001e6c       $pdata$_flswbuf            000000018006ee6c     LIBCMTD:_flswbuf.obj
 0004:00001e78       $pdata$__mtold12           000000018006ee78     LIBCMTD:mantold.obj
 0004:00001e84       $pdata$fread_s$fin$0       000000018006ee84     LIBCMTD:fread.obj
 0004:00001e90       $pdata$fseek$fin$0         000000018006ee90     LIBCMTD:fseek.obj
 0004:00001e9c       $pdata$?dtor$0@?0??strtoxl@@YAKPEAUlocaleinfo_struct@@PEBDPEAPEBDHH@Z@4HA 000000018006ee9c     LIBCMTD:strtol.obj
 0004:00001ea8       $pdata$_CRT_INIT$fin$0     000000018006eea8     LIBCMTD:dllcrt0.obj
 0004:00001eb4       $pdata$__DllMainCRTStartup$filt$0 000000018006eeb4     LIBCMTD:dllcrt0.obj
 0004:00001ec0       $pdata$fflush$fin$0        000000018006eec0     LIBCMTD:fflush.obj
 0004:00001ecc       $pdata$flsall$fin$0        000000018006eecc     LIBCMTD:fflush.obj
 0004:00001ed8       $pdata$flsall$fin$1        000000018006eed8     LIBCMTD:fflush.obj
 0004:00001ee4       $pdata$_ctrlfp$filt$0      000000018006eee4     LIBCMTD:fpctrl.obj
 0004:00001ef0       $pdata$?filt$0@?0??__crtIsBadReadPtr@@YAHPEBX_K@Z@4HA 000000018006eef0     LIBCMTD:dbgheap.obj
 0004:00001ef0       $pdata$?filt$0@?0??terminate@@YAXXZ@4HA 000000018006eef0     LIBCMTD:dbgheap.obj
 0004:00001ef0       $pdata$__BuildCatchObject$filt$0 000000018006eef0     LIBCMTD:dbgheap.obj
 0004:00001ef0       $pdata$?filt$0@?0??_inconsistency@@YAXXZ@4HA 000000018006eef0     LIBCMTD:dbgheap.obj
 0004:00001ef0       $pdata$__BuildCatchObjectHelper$filt$0 000000018006eef0     LIBCMTD:dbgheap.obj
 0004:00001efc       $pdata$_CrtCheckMemory$fin$0 000000018006eefc     LIBCMTD:dbgheap.obj
 0004:00001f08       $pdata$_heap_alloc_dbg_impl$fin$0 000000018006ef08     LIBCMTD:dbgheap.obj
 0004:00001f08       $pdata$_CrtMemCheckpoint$fin$0 000000018006ef08     LIBCMTD:dbgheap.obj
 0004:00001f08       $pdata$?fin$0@?0??_CrtMemDumpAllObjectsSince_stat@@YAXPEBU_CrtMemState@@PEAUlocaleinfo_struct@@@Z@4HA 000000018006ef08     LIBCMTD:dbgheap.obj
 0004:00001f14       $pdata$_free_dbg$fin$0     000000018006ef14     LIBCMTD:dbgheap.obj
 0004:00001f20       $pdata$_realloc_dbg$fin$0  000000018006ef20     LIBCMTD:dbgheap.obj
 0004:00001f20       $pdata$_CrtSetDbgFlag$fin$0 000000018006ef20     LIBCMTD:dbgheap.obj
 0004:00001f20       $pdata$_msize_dbg$fin$0    000000018006ef20     LIBCMTD:dbgheap.obj
 0004:00001f20       $pdata$?fin$0@?0???3@YAXPEAX@Z@4HA 000000018006ef20     LIBCMTD:dbgheap.obj
 0004:00001f2c       $pdata$?dtor$0@?0??getSystemCP@@YAHH@Z@4HA 000000018006ef2c     LIBCMTD:mbctype.obj
 0004:00001f38       $pdata$__updatetmbcinfo$fin$0 000000018006ef38     LIBCMTD:mbctype.obj
 0004:00001f38       $pdata$_setmbcp$fin$0      000000018006ef38     LIBCMTD:mbctype.obj
 0004:00001f44       $pdata$_freefls$fin$0      000000018006ef44     LIBCMTD:tidtable.obj
 0004:00001f44       $pdata$_initptd$fin$0      000000018006ef44     LIBCMTD:tidtable.obj
 0004:00001f50       $pdata$_initptd$fin$1      000000018006ef50     LIBCMTD:tidtable.obj
 0004:00001f50       $pdata$_freefls$fin$1      000000018006ef50     LIBCMTD:tidtable.obj
 0004:00001f5c       $pdata$_CallSETranslator$filt$0 000000018006ef5c     LIBCMTD:trnsctrl.obj
 0004:00001f68       $pdata$_locterm$fin$0      000000018006ef68     LIBCMTD:wsetloca.obj
 0004:00001f68       $pdata$__updatetlocinfo$fin$0 000000018006ef68     LIBCMTD:wsetloca.obj
 0004:00001f74       $pdata$doexit$fin$0        000000018006ef74     LIBCMTD:crt0dat.obj
 0004:00001f80       $pdata$fwprintf$fin$0      000000018006ef80     LIBCMTD:fwprintf.obj
 0004:00001f8c       $pdata$raise$fin$0         000000018006ef8c     LIBCMTD:winsig.obj
 0004:00001f98       $pdata$_ioinit$fin$0       000000018006ef98     LIBCMTD:ioinit.obj
 0004:00001fa4       $pdata$__lock_fhandle$fin$0 000000018006efa4     LIBCMTD:mlock.obj
 0004:00001fa4       $pdata$_mtinitlocknum$fin$0 000000018006efa4     LIBCMTD:mlock.obj
 0004:00001fb0       $pdata$_VCrtDbgReportA$fin$0 000000018006efb0     LIBCMTD:dbgrptt.obj
 0004:00001fbc       $pdata$_VCrtDbgReportA$fin$1 000000018006efbc     LIBCMTD:dbgrptt.obj
 0004:00001fc8       $pdata$_VCrtDbgReportW$fin$0 000000018006efc8     LIBCMTD:dbgrptt.obj
 0004:00001fd4       $pdata$_VCrtDbgReportW$fin$1 000000018006efd4     LIBCMTD:dbgrptt.obj
 0004:00001fe0       $pdata$_fcloseall$fin$0    000000018006efe0     LIBCMTD:closeall.obj
 0004:00001fec       $pdata$_close$fin$0        000000018006efec     LIBCMTD:lseeki64.obj
 0004:00001fec       $pdata$_lseeki64$fin$0     000000018006efec     LIBCMTD:lseeki64.obj
 0004:00001fec       $pdata$_commit$fin$0       000000018006efec     LIBCMTD:lseeki64.obj
 0004:00001fec       $pdata$_write$fin$0        000000018006efec     LIBCMTD:lseeki64.obj
 0004:00001fec       $pdata$_lseek$fin$0        000000018006efec     LIBCMTD:lseeki64.obj
 0004:00001fec       $pdata$_read$fin$0         000000018006efec     LIBCMTD:lseeki64.obj
 0004:00001ff8       $pdata$_IsNonwritableInCurrentImage$filt$0 000000018006eff8     LIBCMTD:pesect.obj
 0004:00002004       $pdata$__CxxCallCatchBlock$filt$0 000000018006f004     LIBCMTD:frame.obj
 0004:00002010       $pdata$__CxxCallCatchBlock$fin$1 000000018006f010     LIBCMTD:frame.obj
 0004:0000201c       $pdata$__DestructExceptionObject$filt$0 000000018006f01c     LIBCMTD:frame.obj
 0004:00002028       $pdata$__FrameUnwindToState$filt$0 000000018006f028     LIBCMTD:frame.obj
 0004:00002034       $pdata$__FrameUnwindToState$fin$1 000000018006f034     LIBCMTD:frame.obj
 0004:00002040       $pdata$_onexit$fin$0       000000018006f040     LIBCMTD:onexit.obj
 0004:0000204c       $pdata$?dtor$0@?0??x_ismbbtype_l@@YAHPEAUlocaleinfo_struct@@IHH@Z@4HA 000000018006f04c     LIBCMTD:ismbbyte.obj
 0004:00002058       $pdata$setvbuf$fin$0       000000018006f058     LIBCMTD:fclose.obj
 0004:00002058       $pdata$fclose$fin$0        000000018006f058     LIBCMTD:fclose.obj
 0004:00002064       $pdata$?fin$0@?0??_Type_info_dtor@type_info@@CAXPEAV1@@Z@4HA 000000018006f064     LIBCMTD:typname.obj
