 dolphin

 Timestamp is 58a2abab (Tue Feb 14 10:03:07 2017)

 Preferred load address is 0000000180000000

 Start         Length     Name                   Class
 0001:00000000 000502acH .text$mn                CODE
 0001:000502b0 000006abH .text$x                 CODE
 0002:00000000 00000248H .idata$5                DATA
 0002:00000248 00000008H .CRT$XCA                DATA
 0002:00000250 00000008H .CRT$XCZ                DATA
 0002:00000258 00000008H .CRT$XIA                DATA
 0002:00000260 00000028H .CRT$XIC                DATA
 0002:00000288 00000008H .CRT$XIZ                DATA
 0002:00000290 00000008H .CRT$XPA                DATA
 0002:00000298 00000010H .CRT$XPX                DATA
 0002:000002a8 00000008H .CRT$XPXA               DATA
 0002:000002b0 00000008H .CRT$XPZ                DATA
 0002:000002b8 00000008H .CRT$XTA                DATA
 0002:000002c0 00000008H .CRT$XTZ                DATA
 0002:000002d0 0000fc60H .rdata                  DATA
 0002:0000ff30 00000070H .rdata$debug            DATA
 0002:0000ffa0 0000016cH .rdata$r                DATA
 0002:00010110 00000008H .rtc$IAA                DATA
 0002:00010118 00000008H .rtc$IZZ                DATA
 0002:00010120 00000008H .rtc$TAA                DATA
 0002:00010128 00000008H .rtc$TZZ                DATA
 0002:00010130 000015c8H .xdata                  DATA
 0002:000116f8 00000084H .xdata$x                DATA
 0002:00011780 00000070H .edata                  DATA
 0002:000117f0 00000014H .idata$2                DATA
 0002:00011804 00000014H .idata$3                DATA
 0002:00011818 00000248H .idata$4                DATA
 0002:00011a60 00000556H .idata$6                DATA
 0003:00000000 00005ce8H .data                   DATA
 0003:00005ce8 00000070H .data$r                 DATA
 0003:00005d60 00002668H .bss                    DATA
 0004:00000000 00002040H .pdata                  DATA

  Address         Publics by Value              Rva+Base               Lib:Object

 0000:00000000       ___safe_se_handler_count   0000000000000000     <absolute>
 0000:00000000       ___safe_se_handler_table   0000000000000000     <absolute>
 0000:00000000       __guard_fids_table         0000000000000000     <absolute>
 0000:00000000       __guard_flags              0000000000000000     <absolute>
 0000:00000000       __guard_fids_count         0000000000000000     <absolute>
 0000:00000000       __ImageBase                0000000180000000     <linker-defined>
 0001:00000910       ?GameUpdateAndRenderStub@@YAXPEAUgame_memory@@PEAUgame_input@@PEAUgame_offscreen_buffer@@PEAUgame_sound_output_buffer@@@Z 0000000180001910 f   dolphin.obj
 0001:00000930       ?GameGetSoundSamplesStub@@YAXPEAUgame_memory@@PEAUgame_sound_output_buffer@@@Z 0000000180001930 f   dolphin.obj
 0001:000143b0       ?stbi__tga_read_rgb16@@YAXPEAUstbi__context@@PEAE@Z 00000001800153b0 f   dolphin.obj
 0001:00019170       GameUpdateAndRender        000000018001a170 f   dolphin.obj
 0001:0001a530       GameGetSoundSamples        000000018001b530 f   dolphin.obj
 0001:0001a590       ??D@YA?ATgdVec2@@MT0@@Z    000000018001b590 f i dolphin.obj
 0001:0001a5e0       ??D@YA?ATgdVec2@@T0@M@Z    000000018001b5e0 f i dolphin.obj
 0001:0001a630       ??D@YA?ATgdVec3@@T0@M@Z    000000018001b630 f i dolphin.obj
 0001:0001a6d0       ??D@YA?AUvolume_v2@@MU0@@Z 000000018001b6d0 f i dolphin.obj
 0001:0001a730       ??G@YA?ATgdVec3@@T0@0@Z    000000018001b730 f i dolphin.obj
 0001:0001a7e0       ??H@YA?ATgdVec2@@T0@0@Z    000000018001b7e0 f i dolphin.obj
 0001:0001a830       ??H@YA?ATgdVec3@@T0@0@Z    000000018001b830 f i dolphin.obj
 0001:0001a8e0       ??X@YAAEATgdVec3@@AEAT0@M@Z 000000018001b8e0 f i dolphin.obj
 0001:0001a980       ?AtomicCompareExchangeUInt32@@YAIPECIII@Z 000000018001b980 f i dolphin.obj
 0001:0001a9c0       ?BeginTemporaryMemory@@YA?AUtemporary_memory@@PEAUmemory_arena@@@Z 000000018001b9c0 f i dolphin.obj
 0001:0001aa20       ?EndTemporaryMemory@@YAXUtemporary_memory@@@Z 000000018001ba20 f i dolphin.obj
 0001:0001aa90       ?GetAlignmentOffset@@YA_KPEAUmemory_arena@@_K@Z 000000018001ba90 f i dolphin.obj
 0001:0001ab10       ?GetBestMatchBitmapFrom@@YA?AUbitmap_id@@PEAUgame_assets@@W4asset_type_id@@PEAUasset_vector@@2@Z 000000018001bb10 f i dolphin.obj
 0001:0001ab50       ?GetBitmap@@YAPEAUloaded_bitmap@@PEAUgame_assets@@Ubitmap_id@@@Z 000000018001bb50 f i dolphin.obj
 0001:0001ab80       ?GetBitmapDim@@YA?AUbitmap_dimension@@PEAUrender_group@@PEAUloaded_bitmap@@MTgdVec3@@M@Z 000000018001bb80 f i dolphin.obj
 0001:0001ad70       ?GetChunkData@@YAPEAXUriff_iterator@@@Z 000000018001bd70 f i dolphin.obj
 0001:0001ada0       ?GetChunkDataSize@@YAIUriff_iterator@@@Z 000000018001bda0 f i dolphin.obj
 0001:0001add0       ?GetFirstBitmapFrom@@YA?AUbitmap_id@@PEAUgame_assets@@W4asset_type_id@@@Z 000000018001bdd0 f i dolphin.obj
 0001:0001add0       ?GetFirstSoundFrom@@YA?AUsound_id@@PEAUgame_assets@@W4asset_type_id@@@Z 000000018001bdd0 f i dolphin.obj
 0001:0001ae00       ?GetSound@@YAPEAUloaded_sound@@PEAUgame_assets@@Usound_id@@@Z 000000018001be00 f i dolphin.obj
 0001:0001ae30       ?GetSoundInfo@@YAPEAUasset_sound_info@@PEAUgame_assets@@Usound_id@@@Z 000000018001be30 f i dolphin.obj
 0001:0001ae80       ?GetType@@YAIUriff_iterator@@@Z 000000018001be80 f i dolphin.obj
 0001:0001aeb0       ?InitializeMemoryArena@@YAXPEAUmemory_arena@@_KPEAX@Z 000000018001beb0 f i dolphin.obj
 0001:0001aef0       ?IsValid@@YAHUriff_iterator@@@Z 000000018001bef0 f i dolphin.obj
 0001:0001af30       ?IsValid@@YAHUsound_id@@@Z 000000018001bf30 f i dolphin.obj
 0001:0001af60       ?Linear1ToSRGB255@@YA?ATgdVec4@@T1@@Z 000000018001bf60 f i dolphin.obj
 0001:0001b030       ?NextChunk@@YA?AUriff_iterator@@U1@@Z 000000018001c030 f i dolphin.obj
 0001:0001b0a0       ?ParseChunkAt@@YA?AUriff_iterator@@PEAX0@Z 000000018001c0a0 f i dolphin.obj
 0001:0001b0f0       ?PrefetchSound@@YAXPEAUgame_assets@@Usound_id@@@Z 000000018001c0f0 f i dolphin.obj
 0001:0001b110       ?PushBitmap@@YAXPEAUrender_group@@PEAUloaded_bitmap@@MTgdVec3@@TgdVec4@@M@Z 000000018001c110 f i dolphin.obj
 0001:0001b340       ?PushBitmap@@YAXPEAUrender_group@@Ubitmap_id@@MTgdVec3@@TgdVec4@@M@Z 000000018001c340 f i dolphin.obj
 0001:0001b410       ?PushClear@@YAXPEAUrender_group@@TgdVec4@@@Z 000000018001c410 f i dolphin.obj
 0001:0001b460       ?PushRectangle@@YAXPEAUrender_group@@TgdVec3@@TgdVec2@@TgdVec4@@@Z 000000018001c460 f i dolphin.obj
 0001:0001b510       ?PushRectangleOutline@@YAXPEAUrender_group@@TgdVec3@@TgdVec2@@TgdVec4@@M@Z 000000018001c510 f i dolphin.obj
 0001:0001b9c0       ?PushRenderElement_@@YAPEAXPEAUrender_group@@IW4render_group_entry_type@@@Z 000000018001c9c0 f i dolphin.obj
 0001:0001ba60       ?PushSize_@@YAPEAXPEAUmemory_arena@@_K1@Z 000000018001ca60 f i dolphin.obj
 0001:0001bb20       ?PushString@@YAPEADPEAUmemory_arena@@PEAD@Z 000000018001cb20 f i dolphin.obj
 0001:0001bbd0       ?RenderRectangle@@YAXPEAUloaded_bitmap@@TgdVec2@@1TgdVec4@@UgdRect2i@@@Z 000000018001cbd0 f i dolphin.obj
 0001:0001bf00       ?RenderRectangleQuickly@@YAXPEAUloaded_bitmap@@TgdVec2@@110TgdVec4@@UgdRect2i@@@Z 000000018001cf00 f i dolphin.obj
 0001:0001e580       ?RoundReal32ToInt32@@YAHM@Z 000000018001f580 f i dolphin.obj
 0001:0001e5b0       ?RoundReal32ToUInt32@@YAIM@Z 000000018001f5b0 f i dolphin.obj
 0001:0001e5e0       ?SRGB255ToLinear1@@YA?ATgdVec4@@T1@@Z 000000018001f5e0 f i dolphin.obj
 0001:0001e6d0       ?SafeRatio0@@YAMMM@Z       000000018001f6d0 f i dolphin.obj
 0001:0001e710       ?SafeRatioN@@YAMMMM@Z      000000018001f710 f i dolphin.obj
 0001:0001e760       ?SubArena@@YAXPEAUmemory_arena@@0_K1@Z 000000018001f760 f i dolphin.obj
 0001:0001e7c0       ?ldexp@@YAMMH@Z            000000018001f7c0 f i dolphin.obj
 0001:0001e7f0       ?pow@@YAMMM@Z              000000018001f7f0 f i dolphin.obj
 0001:0001e820       ?volume_v2_init@@YA?AUvolume_v2@@MM@Z 000000018001f820 f i dolphin.obj
 0001:0001e880       ?volume_v2_mulf@@YA?AUvolume_v2@@U1@M@Z 000000018001f880 f i dolphin.obj
 0001:0001e8e0       ldexpf                     000000018001f8e0 f i dolphin.obj
 0001:0001e910       feof                       000000018001f910 f   LIBCMTD:feoferr.obj
 0001:0001e9d0       _fread_nolock_s            000000018001f9d0 f   LIBCMTD:fread.obj
 0001:0001f320       fread                      0000000180020320 f   LIBCMTD:fread.obj
 0001:0001f370       fread_s                    0000000180020370 f   LIBCMTD:fread.obj
 0001:0001f4c0       _fseek_nolock              00000001800204c0 f   LIBCMTD:fseek.obj
 0001:0001f5e0       fseek                      00000001800205e0 f   LIBCMTD:fseek.obj
 0001:0001f790       ldexp                      0000000180020790 f   LIBCMTD:ldexp.obj
 0001:0001fa90       roundf                     0000000180020a90 f   LIBCMTD:roundf.obj
 0001:0001fb20       free                       0000000180020b20 f   LIBCMTD:dbgfree.obj
 0001:0001fb40       malloc                     0000000180020b40 f   LIBCMTD:dbgmalloc.obj
 0001:0001fb80       realloc                    0000000180020b80 f   LIBCMTD:dbgrealloc.obj
 0001:0001fbc0       ??0_LocaleUpdate@@QEAA@PEAUlocaleinfo_struct@@@Z 0000000180020bc0 f i LIBCMTD:strtol.obj
 0001:0001fd00       ??1_LocaleUpdate@@QEAA@XZ  0000000180020d00 f i LIBCMTD:strtol.obj
 0001:0001fd40       ?GetLocaleT@_LocaleUpdate@@QEAAPEAUlocaleinfo_struct@@XZ 0000000180020d40 f i LIBCMTD:strtol.obj
 0001:00020440       strtol                     0000000180021440 f   LIBCMTD:strtol.obj
 0001:000204c0       strncmp                    00000001800214c0 f   LIBCMTD:strncmp.obj
 0001:00020540       _invoke_watson_if_error    0000000180021540 f i LIBCMTD:wassert.obj
 0001:00020590       _wassert                   0000000180021590 f   LIBCMTD:wassert.obj
 0001:00021470       __GSHandlerCheck           0000000180022470 f   LIBCMTD:gshandler.obj
 0001:000214b0       __GSHandlerCheckCommon     00000001800224b0 f   LIBCMTD:gshandler.obj
 0001:000215c0       __chkstk                   00000001800225c0 f   LIBCMTD:chkstk.obj
 0001:000215c0       _alloca_probe              00000001800225c0 f   LIBCMTD:chkstk.obj
 0001:00021620       __security_check_cookie    0000000180022620 f   LIBCMTD:amdsecgs.obj
 0001:00021640       cosf                       0000000180022640 f   LIBCMTD:cosf.obj
 0001:00021b40       powf                       0000000180022b40 f   LIBCMTD:powf.obj
 0001:000226d0       sinf                       00000001800236d0 f   LIBCMTD:sinf.obj
 0001:00022da0       sqrtf                      0000000180023da0 f   LIBCMTD:sqrtf.obj
 0001:00022f20       _fpmath                    0000000180023f20 f   LIBCMTD:fpinit.obj
 0001:00022f40       _cfltcvt_init              0000000180023f40 f   LIBCMTD:fpinit.obj
 0001:00023050       _CRT_INIT                  0000000180024050 f   LIBCMTD:dllcrt0.obj
 0001:00023270       _DllMainCRTStartup         0000000180024270 f   LIBCMTD:dllcrt0.obj
 0001:00023410       __DllXcptFilter            0000000180024410 f   LIBCMTD:dllcrt0.obj
 0001:00023460       _call_reportfault          0000000180024460 f   LIBCMTD:invarg.obj
 0001:00023590       _initp_misc_invarg         0000000180024590 f   LIBCMTD:invarg.obj
 0001:000235b0       _invalid_parameter         00000001800245b0 f   LIBCMTD:invarg.obj
 0001:00023640       _invoke_watson             0000000180024640 f   LIBCMTD:invarg.obj
 0001:000236a0       _CrtDbgReportW             00000001800246a0 f   LIBCMTD:dbgrptw.obj
 0001:00023720       _CrtDbgReportWV            0000000180024720 f i LIBCMTD:dbgrptw.obj
 0001:00023780       __crtMessageWindowW        0000000180024780 f   LIBCMTD:dbgrptw.obj
 0001:00023e00       _invoke_watson_if_oneof    0000000180024e00 f i LIBCMTD:dbgrptw.obj
 0001:00023e70       __doserrno                 0000000180024e70 f   LIBCMTD:dosmap.obj
 0001:00023ea0       _dosmaperr                 0000000180024ea0 f   LIBCMTD:dosmap.obj
 0001:00023ed0       _errno                     0000000180024ed0 f   LIBCMTD:dosmap.obj
 0001:00023f00       _get_errno_from_oserr      0000000180024f00 f   LIBCMTD:dosmap.obj
 0001:00023f90       _filbuf                    0000000180024f90 f   LIBCMTD:_filbuf.obj
 0001:000242b0       _fileno                    00000001800252b0 f   LIBCMTD:fileno.obj
 0001:00024370       __initstdio                0000000180025370 f   LIBCMTD:_file.obj
 0001:00024470       __endstdio                 0000000180025470 f   LIBCMTD:_file.obj
 0001:000244b0       __iob_func                 00000001800254b0 f   LIBCMTD:_file.obj
 0001:000244c0       _lock_file                 00000001800254c0 f   LIBCMTD:_file.obj
 0001:00024550       _lock_file2                0000000180025550 f   LIBCMTD:_file.obj
 0001:000245a0       _unlock_file               00000001800255a0 f   LIBCMTD:_file.obj
 0001:00024630       _unlock_file2              0000000180025630 f   LIBCMTD:_file.obj
 0001:00024680       memcpy_s                   0000000180025680 f   LIBCMTD:memcpy_s.obj
 0001:00024900       memset                     0000000180025900 f   LIBCMTD:memset.obj
 0001:00024b30       _read                      0000000180025b30 f   LIBCMTD:read.obj
 0001:00024e90       _read_nolock               0000000180025e90 f   LIBCMTD:read.obj
 0001:000269f0       __C_specific_handler       00000001800279f0 f   LIBCMTD:chandler.obj
 0001:00026e10       _ftell_nolock              0000000180027e10 f   LIBCMTD:ftell.obj
 0001:000274d0       _lseek                     00000001800284d0 f   LIBCMTD:lseek.obj
 0001:00027770       _lseek_nolock              0000000180028770 f   LIBCMTD:lseek.obj
 0001:00027900       _fflush_nolock             0000000180028900 f   LIBCMTD:fflush.obj
 0001:00027980       _flush                     0000000180028980 f   LIBCMTD:fflush.obj
 0001:00027a70       _flushall                  0000000180028a70 f   LIBCMTD:fflush.obj
 0001:00027a90       fflush                     0000000180028a90 f   LIBCMTD:fflush.obj
 0001:00027c50       _copysign                  0000000180028c50 f   LIBCMTD:_copysign.obj
 0001:00027ce0       _decomp                    0000000180028ce0 f   LIBCMTD:util.obj
 0001:00027e30       _set_exp                   0000000180028e30 f   LIBCMTD:util.obj
 0001:00027e80       _sptype                    0000000180028e80 f   LIBCMTD:util.obj
 0001:00027f00       _errcode                   0000000180028f00 f   LIBCMTD:fpexcept.obj
 0001:00027f80       _except2                   0000000180028f80 f   LIBCMTD:fpexcept.obj
 0001:00028140       _handle_exc                0000000180029140 f   LIBCMTD:fpexcept.obj
 0001:000285a0       _handle_qnan2              00000001800295a0 f   LIBCMTD:fpexcept.obj
 0001:00028630       _raise_exc                 0000000180029630 f   LIBCMTD:fpexcept.obj
 0001:00028690       _raise_exc_ex              0000000180029690 f   LIBCMTD:fpexcept.obj
 0001:00028d10       _raise_excf                0000000180029d10 f   LIBCMTD:fpexcept.obj
 0001:00028d70       _set_errno_from_matherr    0000000180029d70 f   LIBCMTD:fpexcept.obj
 0001:00028dc0       _umatherr                  0000000180029dc0 f   LIBCMTD:fpexcept.obj
 0001:00028e90       _clrfp                     0000000180029e90 f   LIBCMTD:fpctrl.obj
 0001:00028ec0       _ctrlfp                    0000000180029ec0 f   LIBCMTD:fpctrl.obj
 0001:00028f70       _set_statfp                0000000180029f70 f   LIBCMTD:fpctrl.obj
 0001:00028fb0       _statfp                    0000000180029fb0 f   LIBCMTD:fpctrl.obj
 0001:00028fe0       _fd_int                    0000000180029fe0 f   LIBCMTD:_test.obj
 0001:00029740       _CrtCheckMemory            000000018002a740 f   LIBCMTD:dbgheap.obj
 0001:00029ce0       _CrtDumpMemoryLeaks        000000018002ace0 f   LIBCMTD:dbgheap.obj
 0001:00029da0       _CrtGetCheckCount          000000018002ada0 f   LIBCMTD:dbgheap.obj
 0001:00029db0       _CrtIsValidHeapPointer     000000018002adb0 f   LIBCMTD:dbgheap.obj
 0001:00029e10       _CrtIsValidPointer         000000018002ae10 f   LIBCMTD:dbgheap.obj
 0001:00029e50       _CrtMemCheckpoint          000000018002ae50 f   LIBCMTD:dbgheap.obj
 0001:0002a0e0       _CrtMemDumpAllObjectsSince 000000018002b0e0 f   LIBCMTD:dbgheap.obj
 0001:0002a130       _CrtSetCheckCount          000000018002b130 f   LIBCMTD:dbgheap.obj
 0001:0002a150       _CrtSetDbgFlag             000000018002b150 f   LIBCMTD:dbgheap.obj
 0001:0002a290       _CrtSetDumpClient          000000018002b290 f   LIBCMTD:dbgheap.obj
 0001:0002a2c0       _calloc_dbg                000000018002b2c0 f   LIBCMTD:dbgheap.obj
 0001:0002a340       _calloc_dbg_impl           000000018002b340 f   LIBCMTD:dbgheap.obj
 0001:0002a3f0       _free_dbg                  000000018002b3f0 f   LIBCMTD:dbgheap.obj
 0001:0002a430       _free_dbg_nolock           000000018002b430 f   LIBCMTD:dbgheap.obj
 0001:0002afc0       _malloc_dbg                000000018002bfc0 f   LIBCMTD:dbgheap.obj
 0001:0002b010       _msize_dbg                 000000018002c010 f   LIBCMTD:dbgheap.obj
 0001:0002b260       _nh_malloc_dbg             000000018002c260 f   LIBCMTD:dbgheap.obj
 0001:0002b5f0       _realloc_dbg               000000018002c5f0 f   LIBCMTD:dbgheap.obj
 0001:0002bf60       __addlocaleref             000000018002cf60 f   LIBCMTD:localref.obj
 0001:0002c0b0       __freetlocinfo             000000018002d0b0 f   LIBCMTD:localref.obj
 0001:0002c460       __removelocaleref          000000018002d460 f   LIBCMTD:localref.obj
 0001:0002c5c0       __updatetlocinfo           000000018002d5c0 f   LIBCMTD:localref.obj
 0001:0002c660       _updatetlocinfoEx_nolock   000000018002d660 f   LIBCMTD:localref.obj
 0001:0002c700       __initmbctable             000000018002d700 f   LIBCMTD:mbctype.obj
 0001:0002cd90       __updatetmbcinfo           000000018002dd90 f   LIBCMTD:mbctype.obj
 0001:0002cea0       _setmbcp                   000000018002dea0 f   LIBCMTD:mbctype.obj
 0001:0002d190       _setmbcp_nolock            000000018002e190 f   LIBCMTD:mbctype.obj
 0001:0002d5e0       _chvalidator               000000018002e5e0 f   LIBCMTD:isctype.obj
 0001:0002d650       _chvalidator_l             000000018002e650 f   LIBCMTD:isctype.obj
 0001:0002d760       _isctype_l                 000000018002e760 f   LIBCMTD:isctype.obj
 0001:0002d940       _freefls                   000000018002e940 f   LIBCMTD:tidtable.obj
 0001:0002db50       _freeptd                   000000018002eb50 f   LIBCMTD:tidtable.obj
 0001:0002dba0       _getptd                    000000018002eba0 f   LIBCMTD:tidtable.obj
 0001:0002dbd0       _getptd_noexit             000000018002ebd0 f   LIBCMTD:tidtable.obj
 0001:0002dca0       _initptd                   000000018002eca0 f   LIBCMTD:tidtable.obj
 0001:0002ddd0       _mtinit                    000000018002edd0 f   LIBCMTD:tidtable.obj
 0001:0002de90       _mtterm                    000000018002ee90 f   LIBCMTD:tidtable.obj
 0001:0002df50       ?_GetEstablisherFrame@@YAPEA_KPEA_KPEAU_xDISPATCHER_CONTEXT@@PEBU_s_FuncInfo@@0@Z 000000018002ef50 f   LIBCMTD:trnsctrl.obj
 0001:0002e0c0       ?_GetRangeOfTrysToCheck@@YAPEBU_s_TryBlockMapEntry@@PEA_KPEBU_s_FuncInfo@@HHPEAI2PEAU_xDISPATCHER_CONTEXT@@@Z 000000018002f0c0 f   LIBCMTD:trnsctrl.obj
 0001:0002e2e0       ?__FrameUnwindToEmptyState@@YAXPEA_KPEAU_xDISPATCHER_CONTEXT@@PEBU_s_FuncInfo@@@Z 000000018002f2e0 f   LIBCMTD:trnsctrl.obj
 0001:0002e380       ?__SehTransFilter@@YAHPEAU_EXCEPTION_POINTERS@@PEAUEHExceptionRecord@@PEA_KPEAU_CONTEXT@@PEAU_xDISPATCHER_CONTEXT@@PEBU_s_FuncInfo@@PEAH@Z 000000018002f380 f   LIBCMTD:trnsctrl.obj
 0001:0002e440       _CallSETranslator          000000018002f440 f   LIBCMTD:trnsctrl.obj
 0001:0002e4c0       _CreateFrameInfo           000000018002f4c0 f   LIBCMTD:trnsctrl.obj
 0001:0002e540       _FindAndUnlinkFrame        000000018002f540 f   LIBCMTD:trnsctrl.obj
 0001:0002e5d0       _GetImageBase              000000018002f5d0 f   LIBCMTD:trnsctrl.obj
 0001:0002e5f0       _GetThrowImageBase         000000018002f5f0 f   LIBCMTD:trnsctrl.obj
 0001:0002e610       _IsExceptionObjectToBeDestroyed 000000018002f610 f   LIBCMTD:trnsctrl.obj
 0001:0002e670       _SetImageBase              000000018002f670 f   LIBCMTD:trnsctrl.obj
 0001:0002e690       _SetThrowImageBase         000000018002f690 f   LIBCMTD:trnsctrl.obj
 0001:0002e6b0       _UnwindNestedFrames        000000018002f6b0 f   LIBCMTD:trnsctrl.obj
 0001:0002e820       __CxxFrameHandler3         000000018002f820 f   LIBCMTD:trnsctrl.obj
 0001:0002e8e0       _locterm                   000000018002f8e0 f   LIBCMTD:wsetloca.obj
 0001:0002e930       __raise_securityfailure    000000018002f930 f   LIBCMTD:gs_report.obj
 0001:0002e980       __report_gsfailure         000000018002f980 f   LIBCMTD:gs_report.obj
 0001:0002ea60       __report_rangecheckfailure 000000018002fa60 f   LIBCMTD:gs_report.obj
 0001:0002ea80       __report_securityfailure   000000018002fa80 f   LIBCMTD:gs_report.obj
 0001:0002eb20       wcscat_s                   000000018002fb20 f   LIBCMTD:wcscat_s.obj
 0001:0002f150       wcscpy_s                   0000000180030150 f   LIBCMTD:wcscpy_s.obj
 0001:0002f600       wcslen                     0000000180030600 f   LIBCMTD:wcslen.obj
 0001:0002f650       wcsncat_s                  0000000180030650 f   LIBCMTD:wcsncat_s.obj
 0001:0002fde0       __crtCorExitProcess        0000000180030de0 f   LIBCMTD:crt0dat.obj
 0001:0002fe30       __crtExitProcess           0000000180030e30 f   LIBCMTD:crt0dat.obj
 0001:0002fe50       __freeCrtMemory            0000000180030e50 f   LIBCMTD:crt0dat.obj
 0001:00030080       _amsg_exit                 0000000180031080 f   LIBCMTD:crt0dat.obj
 0001:000300b0       _cexit                     00000001800310b0 f   LIBCMTD:crt0dat.obj
 0001:000300d0       _cinit                     00000001800310d0 f   LIBCMTD:crt0dat.obj
 0001:00030180       _exit                      0000000180031180 f   LIBCMTD:crt0dat.obj
 0001:000301a0       _init_pointers             00000001800311a0 f   LIBCMTD:crt0dat.obj
 0001:00030250       _initterm_e                0000000180031250 f   LIBCMTD:crt0dat.obj
 0001:000302b0       _lockexit                  00000001800312b0 f   LIBCMTD:crt0dat.obj
 0001:000302d0       _unlockexit                00000001800312d0 f   LIBCMTD:crt0dat.obj
 0001:00030500       abort                      0000000180031500 f   LIBCMTD:abort.obj
 0001:00030590       _set_error_mode            0000000180031590 f   LIBCMTD:errmode.obj
 0001:000306a0       _itow_s                    00000001800316a0 f   LIBCMTD:xtows.obj
 0001:00030cf0       setvbuf                    0000000180031cf0 f   LIBCMTD:setvbuf.obj
 0001:000310a0       fwprintf                   00000001800320a0 f   LIBCMTD:fwprintf.obj
 0001:00031280       _vsnwprintf_s              0000000180032280 f   LIBCMTD:vswprnc.obj
 0001:000312d0       _vsnwprintf_s_l            00000001800322d0 f   LIBCMTD:vswprnc.obj
 0001:00031880       _vswprintf_c_l             0000000180032880 f   LIBCMTD:vswprnc.obj
 0001:000318f0       _vswprintf_helper          00000001800328f0 f   LIBCMTD:vswprnc.obj
 0001:00031c40       __get_sigabrt              0000000180032c40 f   LIBCMTD:winsig.obj
 0001:00031c60       _initp_misc_winsig         0000000180032c60 f   LIBCMTD:winsig.obj
 0001:00031ca0       raise                      0000000180032ca0 f   LIBCMTD:winsig.obj
 0001:00032110       __crtMessageBoxW           0000000180033110 f   LIBCMTD:crtmboxw.obj
 0001:00032580       __crtMessageBoxWaitThreadW 0000000180033580 f   LIBCMTD:crtmboxw.obj
 0001:000325d0       _FF_MSGBANNER              00000001800335d0 f   LIBCMTD:crt0msg.obj
 0001:00032620       _GET_RTERRMSG              0000000180033620 f   LIBCMTD:crt0msg.obj
 0001:00032680       _NMSG_WRITE                0000000180033680 f   LIBCMTD:crt0msg.obj
 0001:00032ab0       __remainder_piby2d2f_forAsm 0000000180033ab0 f   LIBCMTD:remainder_piby2f_forAsm.obj
 0001:00032c00       __remainder_piby2_fma3     0000000180033c00 f   LIBCMTD:remainder_piby2_forFMA3.obj
 0001:00032df0       __remainder_piby2_fma3_bdl 0000000180033df0 f   LIBCMTD:remainder_piby2_forFMA3.obj
 0001:00032e70       _cosf_special              0000000180033e70 f   LIBCMTD:sincos_special.obj
 0001:00032ea0       _sincosf_special           0000000180033ea0 f   LIBCMTD:sincos_special.obj
 0001:000330a0       _sinf_special              00000001800340a0 f   LIBCMTD:sincos_special.obj
 0001:000330d0       __fma3_lib_init            00000001800340d0 f   LIBCMTD:fma3_available.obj
 0001:00033150       _powf_special              0000000180034150 f   LIBCMTD:pow_special.obj
 0001:00033450       __remainder_piby2d2f_forC  0000000180034450 f   LIBCMTD:remainder_piby2f_forC.obj
 0001:000337b0       _handle_errorf             00000001800347b0 f   LIBCMTD:libm_error.obj
 0001:00033930       ?strrchr@@YAPEADPEADH@Z    0000000180034930 f i LIBCMTD:cvt.obj
 0001:00033950       _cfltcvt                   0000000180034950 f   LIBCMTD:cvt.obj
 0001:000339a0       _cfltcvt_l                 00000001800349a0 f   LIBCMTD:cvt.obj
 0001:00033ac0       _cftoa_l                   0000000180034ac0 f   LIBCMTD:cvt.obj
 0001:000345c0       _cftoe                     00000001800355c0 f   LIBCMTD:cvt.obj
 0001:00034be0       _cftoe_l                   0000000180035be0 f   LIBCMTD:cvt.obj
 0001:000352e0       _cftof_l                   00000001800362e0 f   LIBCMTD:cvt.obj
 0001:000355c0       _cftog_l                   00000001800365c0 f   LIBCMTD:cvt.obj
 0001:00035980       _cropzeros                 0000000180036980 f   LIBCMTD:cvt.obj
 0001:000359a0       _cropzeros_l               00000001800369a0 f   LIBCMTD:cvt.obj
 0001:00035b20       _fassign                   0000000180036b20 f   LIBCMTD:cvt.obj
 0001:00035b50       _fassign_l                 0000000180036b50 f   LIBCMTD:cvt.obj
 0001:00035bc0       _forcdecpt                 0000000180036bc0 f   LIBCMTD:cvt.obj
 0001:00035be0       _forcdecpt_l               0000000180036be0 f   LIBCMTD:cvt.obj
 0001:00035ce0       _positive                  0000000180036ce0 f   LIBCMTD:cvt.obj
 0001:00035d70       _initp_misc_cfltcvt_tab    0000000180036d70 f   LIBCMTD:cmiscdat.obj
 0001:00035dc0       _XcptFilter                0000000180036dc0 f   LIBCMTD:winxfltr.obj
 0001:00036060       __CppXcptFilter            0000000180037060 f   LIBCMTD:winxfltr.obj
 0001:00036120       _heap_init                 0000000180037120 f   LIBCMTD:heapinit.obj
 0001:00036150       _heap_term                 0000000180037150 f   LIBCMTD:heapinit.obj
 0001:00036160       _ioinit                    0000000180037160 f   LIBCMTD:ioinit.obj
 0001:00036740       _ioterm                    0000000180037740 f   LIBCMTD:ioinit.obj
 0001:00036820       _set_pgmptr                0000000180037820 f i LIBCMTD:stdargv.obj
 0001:00036840       _setargv                   0000000180037840 f   LIBCMTD:stdargv.obj
 0001:00036ea0       _setenvp                   0000000180037ea0 f   LIBCMTD:stdenvp.obj
 0001:000370b0       __security_init_cookie     00000001800380b0 f   LIBCMTD:gs_support.obj
 0001:000371d0       DllMain                    00000001800381d0 f   LIBCMTD:dllmain.obj
 0001:000371f0       __crtGetEnvironmentStringsA 00000001800381f0 f   LIBCMTD:a_env.obj
 0001:000373d0       __crtCaptureCurrentContext 00000001800383d0 f   LIBCMTD:winapisupp.obj
 0001:00037470       __crtCapturePreviousContext 0000000180038470 f   LIBCMTD:winapisupp.obj
 0001:00037530       __crtFlsAlloc              0000000180038530 f   LIBCMTD:winapisupp.obj
 0001:00037580       __crtFlsFree               0000000180038580 f   LIBCMTD:winapisupp.obj
 0001:000375d0       __crtFlsGetValue           00000001800385d0 f   LIBCMTD:winapisupp.obj
 0001:00037620       __crtFlsSetValue           0000000180038620 f   LIBCMTD:winapisupp.obj
 0001:00037680       __crtInitializeCriticalSectionEx 0000000180038680 f   LIBCMTD:winapisupp.obj
 0001:000376f0       __crtIsPackagedApp         00000001800386f0 f   LIBCMTD:winapisupp.obj
 0001:00037730       __crtLoadWinApiPointers    0000000180038730 f   LIBCMTD:winapisupp.obj
 0001:00037d20       __crtTerminateProcess      0000000180038d20 f   LIBCMTD:winapisupp.obj
 0001:00037d40       __crtUnhandledException    0000000180038d40 f   LIBCMTD:winapisupp.obj
 0001:00037d70       _RTC_Initialize            0000000180038d70 f   LIBCMTD:initsect.obj
 0001:00037db0       _RTC_Terminate             0000000180038db0 f   LIBCMTD:initsect.obj
 0001:00037df0       _CrtDefaultAllocHook       0000000180038df0 f   LIBCMTD:dbghook.obj
 0001:00037e10       __crt_debugger_hook        0000000180038e10 f   LIBCMTD:dbghook.obj
 0001:00037e20       _lock                      0000000180038e20 f   LIBCMTD:mlock.obj
 0001:00037e80       _mtdeletelocks             0000000180038e80 f   LIBCMTD:mlock.obj
 0001:00037fa0       _mtinitlocknum             0000000180038fa0 f   LIBCMTD:mlock.obj
 0001:000380a0       _mtinitlocks               00000001800390a0 f   LIBCMTD:mlock.obj
 0001:00038140       _unlock                    0000000180039140 f   LIBCMTD:mlock.obj
 0001:00038170       _snwprintf_s               0000000180039170 f   LIBCMTD:swprintf.obj
 0001:000381d0       _CrtDbgBreak               00000001800391d0 f   LIBCMTD:dbgrptt.obj
 0001:000381e0       _VCrtDbgReportA            00000001800391e0 f   LIBCMTD:dbgrptt.obj
 0001:00038bb0       _VCrtDbgReportW            0000000180039bb0 f   LIBCMTD:dbgrptt.obj
 0001:000396f0       _getbuf                    000000018003a6f0 f   LIBCMTD:_getbuf.obj
 0001:00039800       _fcloseall                 000000018003a800 f   LIBCMTD:closeall.obj
 0001:00039910       memmove                    000000018003a910 f   LIBCMTD:memcpy.obj
 0001:00039910       memcpy                     000000018003a910 f   LIBCMTD:memcpy.obj
 0001:00039e80       __isa_available_init       000000018003ae80 f   LIBCMTD:cpu_disp.obj
 0001:0003a1c0       _isatty                    000000018003b1c0 f   LIBCMTD:isatty.obj
 0001:0003a2d0       __lock_fhandle             000000018003b2d0 f   LIBCMTD:osfinfo.obj
 0001:0003a3a0       _free_osfhnd               000000018003b3a0 f   LIBCMTD:osfinfo.obj
 0001:0003a4d0       _get_osfhandle             000000018003b4d0 f   LIBCMTD:osfinfo.obj
 0001:0003a6d0       _unlock_fhandle            000000018003b6d0 f   LIBCMTD:osfinfo.obj
 0001:0003a710       _lseeki64                  000000018003b710 f   LIBCMTD:lseeki64.obj
 0001:0003a9c0       _lseeki64_nolock           000000018003b9c0 f   LIBCMTD:lseeki64.obj
 0001:0003aaf0       _local_unwind              000000018003baf0 f   LIBCMTD:jmpuwind.obj
 0001:0003ab20       _NLG_Notify                000000018003bb20 f   LIBCMTD:jmpuwind.obj
 0001:0003ab40       __NLG_Dispatch2            000000018003bb40 f   LIBCMTD:jmpuwind.obj
 0001:0003ab50       __NLG_Return2              000000018003bb50 f   LIBCMTD:jmpuwind.obj
 0001:0003ab60       _FindPESection             000000018003bb60 f   LIBCMTD:pesect.obj
 0001:0003ac10       _IsNonwritableInCurrentImage 000000018003bc10 f   LIBCMTD:pesect.obj
 0001:0003aca0       _ValidateImageBase         000000018003bca0 f   LIBCMTD:pesect.obj
 0001:0003ad20       _commit                    000000018003bd20 f   LIBCMTD:commit.obj
 0001:0003afb0       _write                     000000018003bfb0 f   LIBCMTD:write.obj
 0001:0003b250       _write_nolock              000000018003c250 f   LIBCMTD:write.obj
 0001:0003c390       _matherr                   000000018003d390 f   LIBCMTD:matherr.obj
 0001:0003c3b0       _get_fpsr                  000000018003d3b0 f   LIBCMTD:fpsr.obj
 0001:0003c3c0       _set_fpsr                  000000018003d3c0 f   LIBCMTD:fpsr.obj
 0001:0003c3ca       _fclrf                     000000018003d3ca f   LIBCMTD:fpsr.obj
 0001:0003c3de       _frnd                      000000018003d3de f   LIBCMTD:fpsr.obj
 0001:0003c400       _free_base                 000000018003d400 f   LIBCMTD:free.obj
 0001:0003c460       _realloc_base              000000018003d460 f   LIBCMTD:realloc.obj
 0001:0003c580       _expand_base               000000018003d580 f   LIBCMTD:expand.obj
 0001:0003c760       _CrtDbgReport              000000018003d760 f   LIBCMTD:dbgrpt.obj
 0001:0003c7e0       _CrtDbgReportV             000000018003d7e0 f i LIBCMTD:dbgrpt.obj
 0001:0003c840       __crtMessageWindowA        000000018003d840 f   LIBCMTD:dbgrpt.obj
 0001:0003cec0       _callnewh                  000000018003dec0 f   LIBCMTD:handler.obj
 0001:0003cf00       _initp_heap_handler        000000018003df00 f   LIBCMTD:handler.obj
 0001:0003cf20       _heapchk                   000000018003df20 f   LIBCMTD:heapchk.obj
 0001:0003cf60       _snprintf_s                000000018003df60 f   LIBCMTD:sprintf.obj
 0001:0003cfc0       sprintf_s                  000000018003dfc0 f   LIBCMTD:sprintf.obj
 0001:0003d010       _heap_alloc_base           000000018003e010 f i LIBCMTD:malloc.obj
 0001:0003d080       _malloc_base               000000018003e080 f   LIBCMTD:malloc.obj
 0001:0003d120       __free_lconv_mon           000000018003e120 f   LIBCMTD:initmon.obj
 0001:0003d330       __free_lconv_num           000000018003e330 f   LIBCMTD:initnum.obj
 0001:0003d410       __free_lc_time             000000018003e410 f   LIBCMTD:inittime.obj
 0001:0003e350       _MallocaIsSizeInRange      000000018003f350 f i LIBCMTD:a_map.obj
 0001:0003e390       _MarkAllocaS               000000018003f390 f i LIBCMTD:a_map.obj
 0001:0003e3c0       __crtLCMapStringA          000000018003f3c0 f   LIBCMTD:a_map.obj
 0001:0003e470       _freea                     000000018003f470 f i LIBCMTD:a_map.obj
 0001:0003e6c0       __crtGetStringTypeA        000000018003f6c0 f   LIBCMTD:a_str.obj
 0001:0003e750       _isleadbyte_l              000000018003f750 f i LIBCMTD:_wctype.obj
 0001:0003e7b0       isleadbyte                 000000018003f7b0 f i LIBCMTD:_wctype.obj
 0001:0003e7d0       __DestructExceptionObject  000000018003f7d0 f   LIBCMTD:frame.obj
 0001:0003e8c0       ??0bad_exception@std@@QEAA@AEBV01@@Z 000000018003f8c0 f i LIBCMTD:frame.obj
 0001:0003e900       ??0bad_exception@std@@QEAA@PEBD@Z 000000018003f900 f i LIBCMTD:frame.obj
 0001:0003e940       ??1bad_exception@std@@UEAA@XZ 000000018003f940 f i LIBCMTD:frame.obj
 0001:0003e970       ??_Ebad_exception@std@@UEAAPEAXI@Z 000000018003f970 f i LIBCMTD:frame.obj
 0001:0003e970       ??_Gbad_exception@std@@UEAAPEAXI@Z 000000018003f970 f i LIBCMTD:frame.obj
 0001:0003f940       __AdjustPointer            0000000180040940 f   LIBCMTD:frame.obj
 0001:0003f9c0       __BuildCatchObject         00000001800409c0 f   LIBCMTD:frame.obj
 0001:0003fb00       __BuildCatchObjectHelper   0000000180040b00 f   LIBCMTD:frame.obj
 0001:0003ff30       __CxxCallCatchBlock        0000000180040f30 f   LIBCMTD:frame.obj
 0001:000401a0       __FrameUnwindFilter        00000001800411a0 f   LIBCMTD:frame.obj
 0001:00040230       __FrameUnwindToState       0000000180041230 f   LIBCMTD:frame.obj
 0001:00040490       __InternalCxxFrameHandler  0000000180041490 f   LIBCMTD:frame.obj
 0001:000408b0       __TypeMatch                00000001800418b0 f   LIBCMTD:frame.obj
 0001:00040aa0       ?__GetCurrentState@@YAHPEA_KPEAU_xDISPATCHER_CONTEXT@@PEBU_s_FuncInfo@@@Z 0000000180041aa0 f   LIBCMTD:ehstate.obj
 0001:00040b00       ?__GetUnwindTryBlock@@YAHPEA_KPEAU_xDISPATCHER_CONTEXT@@PEBU_s_FuncInfo@@@Z 0000000180041b00 f   LIBCMTD:ehstate.obj
 0001:00040b50       ?__SetState@@YAXPEA_KPEAU_xDISPATCHER_CONTEXT@@PEBU_s_FuncInfo@@H@Z 0000000180041b50 f   LIBCMTD:ehstate.obj
 0001:00040b80       ?__SetUnwindTryBlock@@YAXPEA_KPEAU_xDISPATCHER_CONTEXT@@PEBU_s_FuncInfo@@H@Z 0000000180041b80 f   LIBCMTD:ehstate.obj
 0001:00040bf0       ?__StateFromControlPc@@YAHPEBU_s_FuncInfo@@PEAU_xDISPATCHER_CONTEXT@@@Z 0000000180041bf0 f   LIBCMTD:ehstate.obj
 0001:00040c20       ?__StateFromIp@@YAHPEBU_s_FuncInfo@@PEAU_xDISPATCHER_CONTEXT@@_J@Z 0000000180041c20 f   LIBCMTD:ehstate.obj
 0001:00040d00       ?_inconsistency@@YAXXZ     0000000180041d00 f   LIBCMTD:hooks.obj
 0001:00040d30       ?terminate@@YAXXZ          0000000180041d30 f   LIBCMTD:hooks.obj
 0001:00040d60       _initp_eh_hooks            0000000180041d60 f   LIBCMTD:hooks.obj
 0001:00040da0       memcmp                     0000000180041da0 f   LIBCMTD:memcmp.obj
 0001:00040e70       wcsncpy_s                  0000000180041e70 f   LIBCMTD:wcsncpy_s.obj
 0001:00041510       GetTableIndexFromLocaleName 0000000180042510 f   LIBCMTD:winapinls.obj
 0001:000415c0       __crtDownlevelLocaleNameToLCID 00000001800425c0 f   LIBCMTD:winapinls.obj
 0001:00041620       __crtLCMapStringEx         0000000180042620 f   LIBCMTD:winapinls.obj
 0001:00041700       __wcsnicmp_ascii           0000000180042700 f   LIBCMTD:winapinls.obj
 0001:00041810       __onexitinit               0000000180042810 f   LIBCMTD:onexit.obj
 0001:00041880       _onexit                    0000000180042880 f   LIBCMTD:onexit.obj
 0001:00041a90       atexit                     0000000180042a90 f   LIBCMTD:onexit.obj
 0001:00041ad0       _initp_misc_purevirt       0000000180042ad0 f   LIBCMTD:inithelp.obj
 0001:00041af0       _initp_misc_rand_s         0000000180042af0 f   LIBCMTD:rand_s.obj
 0001:00041b10       _ftbuf                     0000000180042b10 f   LIBCMTD:_sftbuf.obj
 0001:00041bd0       _stbuf                     0000000180042bd0 f   LIBCMTD:_sftbuf.obj
 0001:00041db0       _freebuf                   0000000180042db0 f   LIBCMTD:_freebuf.obj
 0001:00041e70       _woutput_l                 0000000180042e70 f   LIBCMTD:woutput.obj
 0001:000433e0       get_int64_arg              00000001800443e0 f i LIBCMTD:woutput.obj
 0001:00043450       get_int_arg                0000000180044450 f i LIBCMTD:woutput.obj
 0001:00043590       _flsbuf                    0000000180044590 f   LIBCMTD:_flsbuf.obj
 0001:00043930       _woutput_s_l               0000000180044930 f   LIBCMTD:woutputs.obj
 0001:00045150       strlen                     0000000180046150 f   LIBCMTD:strlen.obj
 0001:00045200       _isdigit_l                 0000000180046200 f i LIBCMTD:_ctype.obj
 0001:000452a0       isdigit                    00000001800462a0 f i LIBCMTD:_ctype.obj
 0001:000452e0       _tolower_l                 00000001800462e0 f   LIBCMTD:tolower.obj
 0001:00045640       tolower                    0000000180046640 f   LIBCMTD:tolower.obj
 0001:00045690       strcpy_s                   0000000180046690 f   LIBCMTD:strcpy_s.obj
 0001:00045b30       strrchr                    0000000180046b30 f   LIBCMTD:strrchr.obj
 0001:00045f50       _fptostr                   0000000180046f50 f   LIBCMTD:_fptostr.obj
 0001:000463b0       __crt_atoflt_l             00000001800473b0 f   LIBCMTD:atodbl.obj
 0001:00046550       _atodbl_l                  0000000180047550 f   LIBCMTD:atodbl.obj
 0001:000466d0       _atoflt_l                  00000001800476d0 f   LIBCMTD:atodbl.obj
 0001:00046700       __dtold                    0000000180047700 f   LIBCMTD:cfout.obj
 0001:000468b0       _fltout2                   00000001800478b0 f   LIBCMTD:cfout.obj
 0001:000469c0       _fptrap                    00000001800479c0 f   LIBCMTD:crt0fp.obj
 0001:00046ab0       _ismbblead                 0000000180047ab0 f   LIBCMTD:ismbbyte.obj
 0001:00046ae0       strcat_s                   0000000180047ae0 f   LIBCMTD:strcat_s.obj
 0001:000470f0       _itoa_s                    00000001800480f0 f   LIBCMTD:xtoas.obj
 0001:00047720       _mbstowcs_l_helper         0000000180048720 f   LIBCMTD:mbstowcs.obj
 0001:00047c90       _mbstowcs_s_l              0000000180048c90 f   LIBCMTD:mbstowcs.obj
 0001:00048220       mbstowcs_s                 0000000180049220 f   LIBCMTD:mbstowcs.obj
 0001:00048300       _wcstombs_l_helper         0000000180049300 f   LIBCMTD:wcstombs.obj
 0001:00048b10       _wcstombs_s_l              0000000180049b10 f   LIBCMTD:wcstombs.obj
 0001:00049010       wcstombs_s                 000000018004a010 f   LIBCMTD:wcstombs.obj
 0001:00049060       _vsnprintf_helper          000000018004a060 f   LIBCMTD:vsnprnc.obj
 0001:00049340       _vsnprintf_s               000000018004a340 f   LIBCMTD:vsnprnc.obj
 0001:00049390       _vsnprintf_s_l             000000018004a390 f   LIBCMTD:vsnprnc.obj
 0001:00049930       _vsprintf_s_l              000000018004a930 f   LIBCMTD:vsnprnc.obj
 0001:00049cc0       __GSHandlerCheck_SEH       000000018004acc0 f   LIBCMTD:gshandlerseh.obj
 0001:00049d80       _fclose_nolock             000000018004ad80 f   LIBCMTD:fclose.obj
 0001:00049ed0       fclose                     000000018004aed0 f   LIBCMTD:fclose.obj
 0001:00049fd0       _mbtowc_l                  000000018004afd0 f   LIBCMTD:mbtowc.obj
 0001:0004a310       mbtowc                     000000018004b310 f   LIBCMTD:mbtowc.obj
 0001:0004a340       _putwch_nolock             000000018004b340 f   LIBCMTD:putwch.obj
 0001:0004a3b0       get_short_arg              000000018004b3b0 f i LIBCMTD:output.obj
 0001:0004a420       ??3@YAXPEAX@Z              000000018004b420 f   LIBCMTD:dbgdel.obj
 0001:0004a500       strcmp                     000000018004b500 f   LIBCMTD:strcmp.obj
 0001:0004a570       ?_ValidateExecute@@YAHP6A_JXZ@Z 000000018004b570 f   LIBCMTD:validate.obj
 0001:0004a5a0       ?_ValidateWrite@@YAHPEAXI@Z 000000018004b5a0 f   LIBCMTD:validate.obj
 0001:0004a5a0       ?_ValidateRead@@YAHPEBXI@Z 000000018004b5a0 f   LIBCMTD:validate.obj
 0001:0004a5e0       _CallSettingFrame          000000018004b5e0 f   LIBCMTD:handlers.obj
 0001:0004a620       _GetNextInstrOffset        000000018004b620 f   LIBCMTD:handlers.obj
 0001:0004a630       ??1type_info@@UEAA@XZ      000000018004b630 f   LIBCMTD:typinfo.obj
 0001:0004a660       ??8type_info@@QEBA_NAEBV0@@Z 000000018004b660 f   LIBCMTD:typinfo.obj
 0001:0004a6b0       ??_Gtype_info@@UEAAPEAXI@Z 000000018004b6b0 f i LIBCMTD:typinfo.obj
 0001:0004a6b0       ??_Etype_info@@UEAAPEAXI@Z 000000018004b6b0 f i LIBCMTD:typinfo.obj
 0001:0004a6f0       ??0exception@std@@QEAA@AEBQEBD@Z 000000018004b6f0 f   LIBCMTD:stdexcpt.obj
 0001:0004a740       ??0exception@std@@QEAA@AEBV01@@Z 000000018004b740 f   LIBCMTD:stdexcpt.obj
 0001:0004a790       ??1exception@std@@UEAA@XZ  000000018004b790 f   LIBCMTD:stdexcpt.obj
 0001:0004a7c0       ??4exception@std@@QEAAAEAV01@AEBV01@@Z 000000018004b7c0 f   LIBCMTD:stdexcpt.obj
 0001:0004a830       ??_Gexception@std@@UEAAPEAXI@Z 000000018004b830 f i LIBCMTD:stdexcpt.obj
 0001:0004a830       ??_Eexception@std@@UEAAPEAXI@Z 000000018004b830 f i LIBCMTD:stdexcpt.obj
 0001:0004a870       ?_Copy_str@exception@std@@AEAAXPEBD@Z 000000018004b870 f   LIBCMTD:stdexcpt.obj
 0001:0004a8e0       ?_Tidy@exception@std@@AEAAXXZ 000000018004b8e0 f   LIBCMTD:stdexcpt.obj
 0001:0004a920       ?what@exception@std@@UEBAPEBDXZ 000000018004b920 f   LIBCMTD:stdexcpt.obj
 0001:0004a960       _CxxThrowException         000000018004b960 f   LIBCMTD:throw.obj
 0001:0004aa80       _get_printf_count_output   000000018004ba80 f   LIBCMTD:printf.obj
 0001:0004aab0       _fputwc_nolock             000000018004bab0 f   LIBCMTD:fputwc.obj
 0001:0004af10       _output_s_l                000000018004bf10 f   LIBCMTD:outputs.obj
 0001:0004caf0       _CopyMan                   000000018004daf0 f i LIBCMTD:intrncvt.obj
 0001:0004cb60       _FillZeroMan               000000018004db60 f i LIBCMTD:intrncvt.obj
 0001:0004cba0       _IncMan                    000000018004dba0 f i LIBCMTD:intrncvt.obj
 0001:0004cc80       _IsZeroMan                 000000018004dc80 f i LIBCMTD:intrncvt.obj
 0001:0004ccc0       _RoundMan                  000000018004dcc0 f i LIBCMTD:intrncvt.obj
 0001:0004cdd0       _ShrMan                    000000018004ddd0 f i LIBCMTD:intrncvt.obj
 0001:0004cf10       _ZeroTail                  000000018004df10 f i LIBCMTD:intrncvt.obj
 0001:0004cfc0       __addl                     000000018004dfc0 f i LIBCMTD:intrncvt.obj
 0001:0004d020       _ld12cvt                   000000018004e020 f i LIBCMTD:intrncvt.obj
 0001:0004d390       _ld12tod                   000000018004e390 f   LIBCMTD:intrncvt.obj
 0001:0004d3c0       _ld12tof                   000000018004e3c0 f   LIBCMTD:intrncvt.obj
 0001:0004d3f0       __ld12mul                  000000018004e3f0 f i LIBCMTD:strgtold.obj
 0001:0004d960       __multtenpow12             000000018004e960 f i LIBCMTD:strgtold.obj
 0001:0004da90       __shl_12                   000000018004ea90 f i LIBCMTD:strgtold.obj
 0001:0004db30       __shr_12                   000000018004eb30 f i LIBCMTD:strgtold.obj
 0001:0004dbd0       __strgtold12_l             000000018004ebd0 f   LIBCMTD:strgtold.obj
 0001:0004e9b0       $I10_OUTPUT                000000018004f9b0 f   LIBCMTD:x10fout.obj
 0001:0004f270       __add_12                   0000000180050270 f i LIBCMTD:x10fout.obj
 0001:0004f350       _close                     0000000180050350 f   LIBCMTD:close.obj
 0001:0004f5d0       _close_nolock              00000001800505d0 f   LIBCMTD:close.obj
 0001:0004f6e0       __termconout               00000001800506e0 f   LIBCMTD:initcon.obj
 0001:0004f710       __initconout               0000000180050710 f   LIBCMTD:initcon.obj
 0001:0004f760       _wctomb_s_l                0000000180050760 f   LIBCMTD:wctomb.obj
 0001:0004fc00       wctomb_s                   0000000180050c00 f   LIBCMTD:wctomb.obj
 0001:0004fc50       ?_Type_info_dtor@type_info@@CAXPEAV1@@Z 0000000180050c50 f   LIBCMTD:typname.obj
 0001:0004fd60       _flswbuf                   0000000180050d60 f   LIBCMTD:_flswbuf.obj
 0001:00050110       __mtold12                  0000000180051110 f   LIBCMTD:mantold.obj
 0001:000502a0       IsProcessorFeaturePresent  00000001800512a0 f   kernel32:KERNEL32.dll
 0001:000502a6       RtlUnwindEx                00000001800512a6 f   kernel32:KERNEL32.dll
 0002:00000000       __imp_GetStdHandle         0000000180052000     kernel32:KERNEL32.dll
 0002:00000008       __imp_GetFileType          0000000180052008     kernel32:KERNEL32.dll
 0002:00000010       __imp_GetModuleFileNameW   0000000180052010     kernel32:KERNEL32.dll
 0002:00000018       __imp_GetModuleHandleExW   0000000180052018     kernel32:KERNEL32.dll
 0002:00000020       __imp_WriteConsoleW        0000000180052020     kernel32:KERNEL32.dll
 0002:00000028       __imp_GetCommandLineA      0000000180052028     kernel32:KERNEL32.dll
 0002:00000030       __imp_GetCurrentThreadId   0000000180052030     kernel32:KERNEL32.dll
 0002:00000038       __imp_IsDebuggerPresent    0000000180052038     kernel32:KERNEL32.dll
 0002:00000040       __imp_EncodePointer        0000000180052040     kernel32:KERNEL32.dll
 0002:00000048       __imp_DecodePointer        0000000180052048     kernel32:KERNEL32.dll
 0002:00000050       __imp_IsProcessorFeaturePresent 0000000180052050     kernel32:KERNEL32.dll
 0002:00000058       __imp_EnterCriticalSection 0000000180052058     kernel32:KERNEL32.dll
 0002:00000060       __imp_LeaveCriticalSection 0000000180052060     kernel32:KERNEL32.dll
 0002:00000068       __imp_ReadFile             0000000180052068     kernel32:KERNEL32.dll
 0002:00000070       __imp_GetLastError         0000000180052070     kernel32:KERNEL32.dll
 0002:00000078       __imp_MultiByteToWideChar  0000000180052078     kernel32:KERNEL32.dll
 0002:00000080       __imp_GetConsoleMode       0000000180052080     kernel32:KERNEL32.dll
 0002:00000088       __imp_ReadConsoleW         0000000180052088     kernel32:KERNEL32.dll
 0002:00000090       __imp_RtlUnwindEx          0000000180052090     kernel32:KERNEL32.dll
 0002:00000098       __imp_SetFilePointerEx     0000000180052098     kernel32:KERNEL32.dll
 0002:000000a0       __imp_RaiseException       00000001800520a0     kernel32:KERNEL32.dll
 0002:000000a8       __imp_HeapSize             00000001800520a8     kernel32:KERNEL32.dll
 0002:000000b0       __imp_HeapValidate         00000001800520b0     kernel32:KERNEL32.dll
 0002:000000b8       __imp_GetSystemInfo        00000001800520b8     kernel32:KERNEL32.dll
 0002:000000c0       __imp_IsValidCodePage      00000001800520c0     kernel32:KERNEL32.dll
 0002:000000c8       __imp_GetACP               00000001800520c8     kernel32:KERNEL32.dll
 0002:000000d0       __imp_GetOEMCP             00000001800520d0     kernel32:KERNEL32.dll
 0002:000000d8       __imp_GetCPInfo            00000001800520d8     kernel32:KERNEL32.dll
 0002:000000e0       __imp_SetLastError         00000001800520e0     kernel32:KERNEL32.dll
 0002:000000e8       __imp_RtlLookupFunctionEntry 00000001800520e8     kernel32:KERNEL32.dll
 0002:000000f0       __imp_ExitProcess          00000001800520f0     kernel32:KERNEL32.dll
 0002:000000f8       __imp_GetProcAddress       00000001800520f8     kernel32:KERNEL32.dll
 0002:00000100       __imp_WideCharToMultiByte  0000000180052100     kernel32:KERNEL32.dll
 0002:00000108       __imp_OutputDebugStringW   0000000180052108     kernel32:KERNEL32.dll
 0002:00000110       __imp_WaitForSingleObjectEx 0000000180052110     kernel32:KERNEL32.dll
 0002:00000118       __imp_CreateThread         0000000180052118     kernel32:KERNEL32.dll
 0002:00000120       __imp_LoadLibraryExW       0000000180052120     kernel32:KERNEL32.dll
 0002:00000128       __imp_WriteFile            0000000180052128     kernel32:KERNEL32.dll
 0002:00000130       __imp_GetProcessHeap       0000000180052130     kernel32:KERNEL32.dll
 0002:00000138       __imp_DeleteCriticalSection 0000000180052138     kernel32:KERNEL32.dll
 0002:00000140       __imp_GetStartupInfoW      0000000180052140     kernel32:KERNEL32.dll
 0002:00000148       __imp_GetModuleFileNameA   0000000180052148     kernel32:KERNEL32.dll
 0002:00000150       __imp_QueryPerformanceCounter 0000000180052150     kernel32:KERNEL32.dll
 0002:00000158       __imp_GetCurrentProcessId  0000000180052158     kernel32:KERNEL32.dll
 0002:00000160       __imp_GetSystemTimeAsFileTime 0000000180052160     kernel32:KERNEL32.dll
 0002:00000168       __imp_GetEnvironmentStringsW 0000000180052168     kernel32:KERNEL32.dll
 0002:00000170       __imp_FreeEnvironmentStringsW 0000000180052170     kernel32:KERNEL32.dll
 0002:00000178       __imp_RtlCaptureContext    0000000180052178     kernel32:KERNEL32.dll
 0002:00000180       __imp_RtlVirtualUnwind     0000000180052180     kernel32:KERNEL32.dll
 0002:00000188       __imp_UnhandledExceptionFilter 0000000180052188     kernel32:KERNEL32.dll
 0002:00000190       __imp_SetUnhandledExceptionFilter 0000000180052190     kernel32:KERNEL32.dll
 0002:00000198       __imp_InitializeCriticalSectionAndSpinCount 0000000180052198     kernel32:KERNEL32.dll
 0002:000001a0       __imp_GetCurrentProcess    00000001800521a0     kernel32:KERNEL32.dll
 0002:000001a8       __imp_TerminateProcess     00000001800521a8     kernel32:KERNEL32.dll
 0002:000001b0       __imp_TlsAlloc             00000001800521b0     kernel32:KERNEL32.dll
 0002:000001b8       __imp_TlsGetValue          00000001800521b8     kernel32:KERNEL32.dll
 0002:000001c0       __imp_TlsSetValue          00000001800521c0     kernel32:KERNEL32.dll
 0002:000001c8       __imp_TlsFree              00000001800521c8     kernel32:KERNEL32.dll
 0002:000001d0       __imp_GetModuleHandleW     00000001800521d0     kernel32:KERNEL32.dll
 0002:000001d8       __imp_OutputDebugStringA   00000001800521d8     kernel32:KERNEL32.dll
 0002:000001e0       __imp_SetStdHandle         00000001800521e0     kernel32:KERNEL32.dll
 0002:000001e8       __imp_FlushFileBuffers     00000001800521e8     kernel32:KERNEL32.dll
 0002:000001f0       __imp_GetConsoleCP         00000001800521f0     kernel32:KERNEL32.dll
 0002:000001f8       __imp_HeapFree             00000001800521f8     kernel32:KERNEL32.dll
 0002:00000200       __imp_HeapReAlloc          0000000180052200     kernel32:KERNEL32.dll
 0002:00000208       __imp_HeapQueryInformation 0000000180052208     kernel32:KERNEL32.dll
 0002:00000210       __imp_HeapAlloc            0000000180052210     kernel32:KERNEL32.dll
 0002:00000218       __imp_GetStringTypeW       0000000180052218     kernel32:KERNEL32.dll
 0002:00000220       __imp_RtlPcToFileHeader    0000000180052220     kernel32:KERNEL32.dll
 0002:00000228       __imp_LCMapStringW         0000000180052228     kernel32:KERNEL32.dll
 0002:00000230       __imp_CloseHandle          0000000180052230     kernel32:KERNEL32.dll
 0002:00000238       __imp_CreateFileW          0000000180052238     kernel32:KERNEL32.dll
 0002:00000240       \177KERNEL32_NULL_THUNK_DATA 0000000180052240     kernel32:KERNEL32.dll
 0002:00000248       __xc_a                     0000000180052248     LIBCMTD:crt0init.obj
 0002:00000250       __xc_z                     0000000180052250     LIBCMTD:crt0init.obj
 0002:00000258       __xi_a                     0000000180052258     LIBCMTD:crt0init.obj
 0002:00000288       __xi_z                     0000000180052288     LIBCMTD:crt0init.obj
 0002:00000290       __xp_a                     0000000180052290     LIBCMTD:crt0init.obj
 0002:000002b0       __xp_z                     00000001800522b0     LIBCMTD:crt0init.obj
 0002:000002b8       __xt_a                     00000001800522b8     LIBCMTD:crt0init.obj
 0002:000002c0       __xt_z                     00000001800522c0     LIBCMTD:crt0init.obj
 0002:00001f98       ??_C@_0BD@NBFNAMCM@Invalid?5code?5path?$CB?$AA@ 0000000180053f98     dolphin.obj
 0002:00001fac       __real@00000000            0000000180053fac     dolphin.obj
 0002:00001fb0       __real@3b808081            0000000180053fb0     dolphin.obj
 0002:00001fb4       __real@3dcccccd            0000000180053fb4     dolphin.obj
 0002:00001fb8       __real@3e207141            0000000180053fb8     dolphin.obj
 0002:00001fbc       __real@3ecccccd            0000000180053fbc     dolphin.obj
 0002:00001fc0       __real@3f000000            0000000180053fc0     dolphin.obj
 0002:00001fc4       __real@3f19999a            0000000180053fc4     dolphin.obj
 0002:00001fc8       __real@3f800000            0000000180053fc8     dolphin.obj
 0002:00001fcc       __real@3fc90fdb            0000000180053fcc     dolphin.obj
 0002:00001fd0       __real@40000000            0000000180053fd0     dolphin.obj
 0002:00001fd4       __real@40400000            0000000180053fd4     dolphin.obj
 0002:00001fd8       __real@40490fdb            0000000180053fd8     dolphin.obj
 0002:00001fdc       __real@40800000            0000000180053fdc     dolphin.obj
 0002:00001fe0       __real@4096cbe4            0000000180053fe0     dolphin.obj
 0002:00001fe4       __real@40c90fdb            0000000180053fe4     dolphin.obj
 0002:00001fe8       __real@41200000            0000000180053fe8     dolphin.obj
 0002:00001fec       __real@42200000            0000000180053fec     dolphin.obj
 0002:00001ff0       __real@42c80000            0000000180053ff0     dolphin.obj
 0002:00001ff4       __real@43160000            0000000180053ff4     dolphin.obj
 0002:00001ff8       __real@43480000            0000000180053ff8     dolphin.obj
 0002:00001ffc       __real@437f0000            0000000180053ffc     dolphin.obj
 0002:00002000       __real@43960000            0000000180054000     dolphin.obj
 0002:00002004       __real@43c80000            0000000180054004     dolphin.obj
 0002:00002008       __real@49742400            0000000180054008     dolphin.obj
 0002:0000200c       __real@7f7fffff            000000018005400c     dolphin.obj
 0002:00002010       __xmm@00000000000000000000000000000000 0000000180054010     dolphin.obj
 0002:00002020       __xmm@000000ff000000ff000000ff000000ff 0000000180054020     dolphin.obj
 0002:00002030       __xmm@00000200000002000000020000000200 0000000180054030     dolphin.obj
 0002:00002040       __xmm@00080008000800080008000800080008 0000000180054040     dolphin.obj
 0002:00002050       __xmm@00ff00ff00ff00ff00ff00ff00ff00ff 0000000180054050     dolphin.obj
 0002:00002060       __xmm@01010000010100000101000001010000 0000000180054060     dolphin.obj
 0002:00002070       __xmm@08a914e808a914e808a914e808a914e8 0000000180054070     dolphin.obj
 0002:00002080       __xmm@11c8e09e11c8e09e11c8e09e11c8e09e 0000000180054080     dolphin.obj
 0002:00002090       __xmm@11c8f9c311c8f9c311c8f9c311c8f9c3 0000000180054090     dolphin.obj
 0002:000020a0       __xmm@12d0046b12d0046b12d0046b12d0046b 00000001800540a0     dolphin.obj
 0002:000020b0       __xmm@166f166f166f166f166f166f166f166f 00000001800540b0     dolphin.obj
 0002:000020c0       __xmm@1c5a1c5a1c5a1c5a1c5a1c5a1c5a1c5a 00000001800540c0     dolphin.obj
 0002:000020d0       __xmm@3b8080813b8080813b8080813b808081 00000001800540d0     dolphin.obj
 0002:000020e0       __xmm@3f0000003f0000003f0000003f000000 00000001800540e0     dolphin.obj
 0002:000020f0       __xmm@3f7fbe773f7fbe773f7fbe773f7fbe77 00000001800540f0     dolphin.obj
 0002:00002100       __xmm@3f8000003f8000003f8000003f800000 0000000180054100     dolphin.obj
 0002:00002110       __xmm@437f0000437f0000437f0000437f0000 0000000180054110     dolphin.obj
 0002:00002120       __xmm@80000000800000008000000080000000 0000000180054120     dolphin.obj
 0002:00002130       __xmm@80808080808080808080808080808080 0000000180054130     dolphin.obj
 0002:00002140       __xmm@e09ee565e09ee565e09ee565e09ee565 0000000180054140     dolphin.obj
 0002:00002150       __xmm@e9cf12d0e9cf12d0e9cf12d0e9cf12d0 0000000180054150     dolphin.obj
 0002:00002160       __xmm@eb1a08a9eb1a08a9eb1a08a9eb1a08a9 0000000180054160     dolphin.obj
 0002:00002170       __xmm@f493f493f493f493f493f493f493f493 0000000180054170     dolphin.obj
 0002:00002180       __xmm@f9c31a9df9c31a9df9c31a9df9c31a9d 0000000180054180     dolphin.obj
 0002:00002190       __xmm@fa7efa7efa7efa7efa7efa7efa7efa7e 0000000180054190     dolphin.obj
 0002:000021a0       ??_C@_1CC@FADMNIL@?$AA?$CI?$AAs?$AAt?$AAr?$AAe?$AAa?$AAm?$AA?5?$AA?$CB?$AA?$DN?$AA?5?$AAN?$AAU?$AAL?$AAL?$AA?$CJ?$AA?$AA@ 00000001800541a0     LIBCMTD:feoferr.obj
 0002:000021c4       ??_C@_15GANGMFKL@?$AA?$CF?$AAs?$AA?$AA@ 00000001800541c4     LIBCMTD:feoferr.obj
 0002:000021d0       ??_C@_1FC@KMCLOOLI@?$AAf?$AA?3?$AA?2?$AAd?$AAd?$AA?2?$AAv?$AAc?$AAt?$AAo?$AAo?$AAl?$AAs?$AA?2?$AAc?$AAr?$AAt?$AA?2?$AAc?$AAr?$AAt?$AAw?$AA3?$AA2?$AA?2?$AAs?$AAt?$AAd?$AAi?$AAo?$AA?2?$AAf@ 00000001800541d0     LIBCMTD:feoferr.obj
 0002:00002228       ??_C@_19LPGIFIDB@?$AAf?$AAe?$AAo?$AAf?$AA?$AA@ 0000000180054228     LIBCMTD:feoferr.obj
 0002:00002240       ??_C@_1EO@KDKHJMND@?$AAf?$AA?3?$AA?2?$AAd?$AAd?$AA?2?$AAv?$AAc?$AAt?$AAo?$AAo?$AAl?$AAs?$AA?2?$AAc?$AAr?$AAt?$AA?2?$AAc?$AAr?$AAt?$AAw?$AA3?$AA2?$AA?2?$AAs?$AAt?$AAd?$AAi?$AAo?$AA?2?$AAf@ 0000000180054240     LIBCMTD:fread.obj
 0002:00002290       ??_C@_1BA@CMLCEIGG@?$AAf?$AAr?$AAe?$AAa?$AAd?$AA_?$AAs?$AA?$AA@ 0000000180054290     LIBCMTD:fread.obj
 0002:000022a0       ??_C@_1CC@CGFEEBMC@?$AA?$CI?$AAb?$AAu?$AAf?$AAf?$AAe?$AAr?$AA?5?$AA?$CB?$AA?$DN?$AA?5?$AAN?$AAU?$AAL?$AAL?$AA?$CJ?$AA?$AA@ 00000001800542a0     LIBCMTD:fread.obj
 0002:000022c8       ??_C@_1CA@IDPOGFL@?$AA_?$AAf?$AAr?$AAe?$AAa?$AAd?$AA_?$AAn?$AAo?$AAl?$AAo?$AAc?$AAk?$AA_?$AAs?$AA?$AA@ 00000001800542c8     LIBCMTD:fread.obj
 0002:000022f0       ??_C@_1EA@FAMECDND@?$AAn?$AAu?$AAm?$AA?5?$AA?$DM?$AA?$DN?$AA?5?$AA?$CI?$AAS?$AAI?$AAZ?$AAE?$AA_?$AAM?$AAA?$AAX?$AA?5?$AA?1?$AA?5?$AAe?$AAl?$AAe?$AAm?$AAe?$AAn?$AAt?$AAS?$AAi?$AAz?$AAe?$AA?$CJ?$AA?$AA@ 00000001800542f0     LIBCMTD:fread.obj
 0002:00002330       ??_C@_1LG@DCNDJCHK@?$AA?$CI?$AA?$CC?$AAI?$AAn?$AAc?$AAo?$AAn?$AAs?$AAi?$AAs?$AAt?$AAe?$AAn?$AAt?$AA?5?$AAS?$AAt?$AAr?$AAe?$AAa?$AAm?$AA?5?$AAC?$AAo?$AAu?$AAn?$AAt?$AA?4?$AA?5?$AAF?$AAl?$AAu@ 0000000180054330     LIBCMTD:fread.obj
 0002:000023e8       ??_C@_1DA@DKEFLDMG@?$AA?$CI?$AA?$CC?$AAb?$AAu?$AAf?$AAf?$AAe?$AAr?$AA?5?$AAt?$AAo?$AAo?$AA?5?$AAs?$AAm?$AAa?$AAl?$AAl?$AA?$CC?$AA?0?$AA?5?$AA0?$AA?$CJ?$AA?$AA@ 00000001800543e8     LIBCMTD:fread.obj
 0002:00002420       ??_C@_1EO@OOGDMPHD@?$AAf?$AA?3?$AA?2?$AAd?$AAd?$AA?2?$AAv?$AAc?$AAt?$AAo?$AAo?$AAl?$AAs?$AA?2?$AAc?$AAr?$AAt?$AA?2?$AAc?$AAr?$AAt?$AAw?$AA3?$AA2?$AA?2?$AAs?$AAt?$AAd?$AAi?$AAo?$AA?2?$AAf@ 0000000180054420     LIBCMTD:fseek.obj
 0002:00002470       ??_C@_1M@HCCOIONH@?$AAf?$AAs?$AAe?$AAe?$AAk?$AA?$AA@ 0000000180054470     LIBCMTD:fseek.obj
 0002:00002480       ??_C@_1IO@PMHBOLJK@?$AA?$CI?$AA?$CI?$AAw?$AAh?$AAe?$AAn?$AAc?$AAe?$AA?5?$AA?$DN?$AA?$DN?$AA?5?$AAS?$AAE?$AAE?$AAK?$AA_?$AAS?$AAE?$AAT?$AA?$CJ?$AA?5?$AA?$HM?$AA?$HM?$AA?5?$AA?$CI?$AAw?$AAh?$AAe?$AAn?$AAc?$AAe@ 0000000180054480     LIBCMTD:fseek.obj
 0002:00002510       __real@0000000000000000    0000000180054510     LIBCMTD:ldexp.obj
 0002:00002518       __real@3ff0000000000000    0000000180054518     LIBCMTD:ldexp.obj
 0002:00002548       ??_C@_1BK@LAOAACLJ@?$AAn?$AAp?$AAt?$AAr?$AA?5?$AA?$CB?$AA?$DN?$AA?5?$AAN?$AAU?$AAL?$AAL?$AA?$AA@ 0000000180054548     LIBCMTD:strtol.obj
 0002:00002570       ??_C@_1FE@OOICPOFH@?$AAf?$AA?3?$AA?2?$AAd?$AAd?$AA?2?$AAv?$AAc?$AAt?$AAo?$AAo?$AAl?$AAs?$AA?2?$AAc?$AAr?$AAt?$AA?2?$AAc?$AAr?$AAt?$AAw?$AA3?$AA2?$AA?2?$AAc?$AAo?$AAn?$AAv?$AAe?$AAr?$AAt@ 0000000180054570     LIBCMTD:strtol.obj
 0002:000025c8       ??_C@_1BA@LOLAMAJG@?$AAs?$AAt?$AAr?$AAt?$AAo?$AAx?$AAl?$AA?$AA@ 00000001800545c8     LIBCMTD:strtol.obj
 0002:000025e0       ??_C@_1FE@CEHLKAHD@?$AAi?$AAb?$AAa?$AAs?$AAe?$AA?5?$AA?$DN?$AA?$DN?$AA?5?$AA0?$AA?5?$AA?$HM?$AA?$HM?$AA?5?$AA?$CI?$AA2?$AA?5?$AA?$DM?$AA?$DN?$AA?5?$AAi?$AAb?$AAa?$AAs?$AAe?$AA?5?$AA?$CG?$AA?$CG?$AA?5?$AAi?$AAb?$AAa@ 00000001800545e0     LIBCMTD:strtol.obj
 0002:00002638       ??_C@_17LGKOMLJ@?$AA?4?$AA?4?$AA?4?$AA?$AA@ 0000000180054638     LIBCMTD:wassert.obj
 0002:00002640       ??_C@_13LBAGMAIH@?$AA?6?$AA?$AA@ 0000000180054640     LIBCMTD:wassert.obj
 0002:00002644       ??_C@_15IABLJNFO@?$AA?6?$AA?6?$AA?$AA@ 0000000180054644     LIBCMTD:wassert.obj
 0002:00002650       ??_C@_1EO@DPPHNOPL@?$AAf?$AA?3?$AA?2?$AAd?$AAd?$AA?2?$AAv?$AAc?$AAt?$AAo?$AAo?$AAl?$AAs?$AA?2?$AAc?$AAr?$AAt?$AA?2?$AAc?$AAr?$AAt?$AAw?$AA3?$AA2?$AA?2?$AAm?$AAi?$AAs?$AAc?$AA?2?$AAa?$AAs@ 0000000180054650     LIBCMTD:wassert.obj
 0002:000026a0       ??_C@_1BC@LNOOMFNA@?$AA_?$AAw?$AAa?$AAs?$AAs?$AAe?$AAr?$AAt?$AA?$AA@ 00000001800546a0     LIBCMTD:wassert.obj
 0002:000026c0       ??_C@_1GM@PANFFKAD@?$AAw?$AAc?$AAs?$AAc?$AAp?$AAy?$AA_?$AAs?$AA?$CI?$AA?5?$AAa?$AAs?$AAs?$AAe?$AAr?$AAt?$AAb?$AAu?$AAf?$AA?0?$AA?5?$AA?$CI?$AA6?$AA4?$AA?5?$AA?$CK?$AA?5?$AA9?$AA?$CJ?$AA?0?$AA?5?$AAL@ 00000001800546c0     LIBCMTD:wassert.obj
 0002:00002730       ??_C@_1CE@OJBNHDMO@?$AAA?$AAs?$AAs?$AAe?$AAr?$AAt?$AAi?$AAo?$AAn?$AA?5?$AAf?$AAa?$AAi?$AAl?$AAe?$AAd?$AA?$CB?$AA?$AA@ 0000000180054730     LIBCMTD:wassert.obj
 0002:00002760       ??_C@_1FI@OJONHFCN@?$AAw?$AAc?$AAs?$AAc?$AAa?$AAt?$AA_?$AAs?$AA?$CI?$AA?5?$AAa?$AAs?$AAs?$AAe?$AAr?$AAt?$AAb?$AAu?$AAf?$AA?0?$AA?5?$AA?$CI?$AA6?$AA4?$AA?5?$AA?$CK?$AA?5?$AA9?$AA?$CJ?$AA?0?$AA?5?$AAd@ 0000000180054760     LIBCMTD:wassert.obj
 0002:000027c0       ??_C@_1FM@JONFCKBO@?$AAw?$AAc?$AAs?$AAc?$AAa?$AAt?$AA_?$AAs?$AA?$CI?$AA?5?$AAa?$AAs?$AAs?$AAe?$AAr?$AAt?$AAb?$AAu?$AAf?$AA?0?$AA?5?$AA?$CI?$AA6?$AA4?$AA?5?$AA?$CK?$AA?5?$AA9?$AA?$CJ?$AA?0?$AA?5?$AAL@ 00000001800547c0     LIBCMTD:wassert.obj
 0002:00002820       ??_C@_1BE@PHKBBGE@?$AAP?$AAr?$AAo?$AAg?$AAr?$AAa?$AAm?$AA?3?$AA?5?$AA?$AA@ 0000000180054820     LIBCMTD:wassert.obj
 0002:00002840       ??_C@_1HA@EPFCONEE@?$AAw?$AAc?$AAs?$AAc?$AAp?$AAy?$AA_?$AAs?$AA?$CI?$AA?5?$AAp?$AAr?$AAo?$AAg?$AAn?$AAa?$AAm?$AAe?$AA?0?$AA?5?$AA2?$AA6?$AA0?$AA?5?$AA?$CL?$AA?5?$AA1?$AA?0?$AA?5?$AAL?$AA?$CC?$AA?$DM@ 0000000180054840     LIBCMTD:wassert.obj
 0002:000028b0       ??_C@_1CO@EAEJAADC@?$AA?$DM?$AAp?$AAr?$AAo?$AAg?$AAr?$AAa?$AAm?$AA?5?$AAn?$AAa?$AAm?$AAe?$AA?5?$AAu?$AAn?$AAk?$AAn?$AAo?$AAw?$AAn?$AA?$DO?$AA?$AA@ 00000001800548b0     LIBCMTD:wassert.obj
 0002:000028e0       ??_C@_1LK@LGFOFOMH@?$AAm?$AAe?$AAm?$AAc?$AAp?$AAy?$AA_?$AAs?$AA?$CI?$AAp?$AAc?$AAh?$AA?0?$AA?5?$AAs?$AAi?$AAz?$AAe?$AAo?$AAf?$AA?$CI?$AAT?$AAC?$AAH?$AAA?$AAR?$AA?$CJ?$AA?5?$AA?$CK?$AA?5?$AA?$CI?$AA?$CI@ 00000001800548e0     LIBCMTD:wassert.obj
 0002:000029a0       ??_C@_1EK@BFAHOLDO@?$AAw?$AAc?$AAs?$AAc?$AAa?$AAt?$AA_?$AAs?$AA?$CI?$AA?5?$AAa?$AAs?$AAs?$AAe?$AAr?$AAt?$AAb?$AAu?$AAf?$AA?0?$AA?5?$AA?$CI?$AA6?$AA4?$AA?5?$AA?$CK?$AA?5?$AA9?$AA?$CJ?$AA?0?$AA?5?$AAp@ 00000001800549a0     LIBCMTD:wassert.obj
 0002:000029f0       ??_C@_1FC@GNPGDADJ@?$AAw?$AAc?$AAs?$AAc?$AAa?$AAt?$AA_?$AAs?$AA?$CI?$AA?5?$AAa?$AAs?$AAs?$AAe?$AAr?$AAt?$AAb?$AAu?$AAf?$AA?0?$AA?5?$AA?$CI?$AA6?$AA4?$AA?5?$AA?$CK?$AA?5?$AA9?$AA?$CJ?$AA?0?$AA?5?$AAn@ 00000001800549f0     LIBCMTD:wassert.obj
 0002:00002a50       ??_C@_1FG@NHACFNEK@?$AAw?$AAc?$AAs?$AAc?$AAa?$AAt?$AA_?$AAs?$AA?$CI?$AA?5?$AAa?$AAs?$AAs?$AAe?$AAr?$AAt?$AAb?$AAu?$AAf?$AA?0?$AA?5?$AA?$CI?$AA6?$AA4?$AA?5?$AA?$CK?$AA?5?$AA9?$AA?$CJ?$AA?0?$AA?5?$AAL@ 0000000180054a50     LIBCMTD:wassert.obj
 0002:00002aa8       ??_C@_1O@HEMHKNDC@?$AAF?$AAi?$AAl?$AAe?$AA?3?$AA?5?$AA?$AA@ 0000000180054aa8     LIBCMTD:wassert.obj
 0002:00002ac0       ??_C@_1GG@PKOIFPHI@?$AAw?$AAc?$AAs?$AAn?$AAc?$AAa?$AAt?$AA_?$AAs?$AA?$CI?$AA?5?$AAa?$AAs?$AAs?$AAe?$AAr?$AAt?$AAb?$AAu?$AAf?$AA?0?$AA?5?$AA?$CI?$AA6?$AA4?$AA?5?$AA?$CK?$AA?5?$AA9?$AA?$CJ?$AA?0?$AA?5@ 0000000180054ac0     LIBCMTD:wassert.obj
 0002:00002b30       ??_C@_1FG@PLMFGJFG@?$AAw?$AAc?$AAs?$AAc?$AAa?$AAt?$AA_?$AAs?$AA?$CI?$AA?5?$AAa?$AAs?$AAs?$AAe?$AAr?$AAt?$AAb?$AAu?$AAf?$AA?0?$AA?5?$AA?$CI?$AA6?$AA4?$AA?5?$AA?$CK?$AA?5?$AA9?$AA?$CJ?$AA?0?$AA?5?$AAd@ 0000000180054b30     LIBCMTD:wassert.obj
 0002:00002b90       ??_C@_1FO@HPHMICDB@?$AAw?$AAc?$AAs?$AAc?$AAa?$AAt?$AA_?$AAs?$AA?$CI?$AA?5?$AAa?$AAs?$AAs?$AAe?$AAr?$AAt?$AAb?$AAu?$AAf?$AA?0?$AA?5?$AA?$CI?$AA6?$AA4?$AA?5?$AA?$CK?$AA?5?$AA9?$AA?$CJ?$AA?0?$AA?5?$AAp@ 0000000180054b90     LIBCMTD:wassert.obj
 0002:00002bf0       ??_C@_1GO@KNIHEHNA@?$AAw?$AAc?$AAs?$AAn?$AAc?$AAa?$AAt?$AA_?$AAs?$AA?$CI?$AA?5?$AAa?$AAs?$AAs?$AAe?$AAr?$AAt?$AAb?$AAu?$AAf?$AA?0?$AA?5?$AA?$CI?$AA6?$AA4?$AA?5?$AA?$CK?$AA?5?$AA9?$AA?$CJ?$AA?0?$AA?5@ 0000000180054bf0     LIBCMTD:wassert.obj
 0002:00002c60       ??_C@_1HG@FHHFPPED@?$AAw?$AAc?$AAs?$AAn?$AAc?$AAa?$AAt?$AA_?$AAs?$AA?$CI?$AA?5?$AAa?$AAs?$AAs?$AAe?$AAr?$AAt?$AAb?$AAu?$AAf?$AA?0?$AA?5?$AA?$CI?$AA6?$AA4?$AA?5?$AA?$CK?$AA?5?$AA9?$AA?$CJ?$AA?0?$AA?5@ 0000000180054c60     LIBCMTD:wassert.obj
 0002:00002ce0       ??_C@_1IC@JGCGJJHO@?$AAw?$AAc?$AAs?$AAc?$AAa?$AAt?$AA_?$AAs?$AA?$CI?$AA?5?$AAa?$AAs?$AAs?$AAe?$AAr?$AAt?$AAb?$AAu?$AAf?$AA?0?$AA?5?$AA?$CI?$AA6?$AA4?$AA?5?$AA?$CK?$AA?5?$AA9?$AA?$CJ?$AA?0?$AA?5?$AAp@ 0000000180054ce0     LIBCMTD:wassert.obj
 0002:00002d70       ??_C@_1FE@NDOBOCBD@?$AAw?$AAc?$AAs?$AAc?$AAa?$AAt?$AA_?$AAs?$AA?$CI?$AA?5?$AAa?$AAs?$AAs?$AAe?$AAr?$AAt?$AAb?$AAu?$AAf?$AA?0?$AA?5?$AA?$CI?$AA6?$AA4?$AA?5?$AA?$CK?$AA?5?$AA9?$AA?$CJ?$AA?0?$AA?5?$AAf@ 0000000180054d70     LIBCMTD:wassert.obj
 0002:00002dd0       ??_C@_1FG@HLHNIBH@?$AAw?$AAc?$AAs?$AAc?$AAa?$AAt?$AA_?$AAs?$AA?$CI?$AA?5?$AAa?$AAs?$AAs?$AAe?$AAr?$AAt?$AAb?$AAu?$AAf?$AA?0?$AA?5?$AA?$CI?$AA6?$AA4?$AA?5?$AA?$CK?$AA?5?$AA9?$AA?$CJ?$AA?0?$AA?5?$AAL@ 0000000180054dd0     LIBCMTD:wassert.obj
 0002:00002e28       ??_C@_1O@KCAFKHJE@?$AAL?$AAi?$AAn?$AAe?$AA?3?$AA?5?$AA?$AA@ 0000000180054e28     LIBCMTD:wassert.obj
 0002:00002e40       ??_C@_1KG@NJJPHNOK@?$AA_?$AAi?$AAt?$AAo?$AAw?$AA_?$AAs?$AA?$CI?$AA?5?$AAl?$AAi?$AAn?$AAe?$AAn?$AAo?$AA?0?$AA?5?$AAa?$AAs?$AAs?$AAe?$AAr?$AAt?$AAb?$AAu?$AAf?$AA?5?$AA?$CL?$AA?5?$AAw?$AAc?$AAs@ 0000000180054e40     LIBCMTD:wassert.obj
 0002:00002ef0       ??_C@_1GC@CFDADAM@?$AAw?$AAc?$AAs?$AAc?$AAa?$AAt?$AA_?$AAs?$AA?$CI?$AA?5?$AAa?$AAs?$AAs?$AAe?$AAr?$AAt?$AAb?$AAu?$AAf?$AA?0?$AA?5?$AA?$CI?$AA6?$AA4?$AA?5?$AA?$CK?$AA?5?$AA9?$AA?$CJ?$AA?0?$AA?5?$AAL@ 0000000180054ef0     LIBCMTD:wassert.obj
 0002:00002f58       ??_C@_1BK@PEDCIPMA@?$AAE?$AAx?$AAp?$AAr?$AAe?$AAs?$AAs?$AAi?$AAo?$AAn?$AA?3?$AA?5?$AA?$AA@ 0000000180054f58     LIBCMTD:wassert.obj
 0002:00002f80       ??_C@_1CHM@HIHGOMKE@?$AAw?$AAc?$AAs?$AAn?$AAc?$AAa?$AAt?$AA_?$AAs?$AA?$CI?$AA?5?$AAa?$AAs?$AAs?$AAe?$AAr?$AAt?$AAb?$AAu?$AAf?$AA?0?$AA?5?$AA?$CI?$AA6?$AA4?$AA?5?$AA?$CK?$AA?5?$AA9?$AA?$CJ?$AA?0?$AA?5@ 0000000180054f80     LIBCMTD:wassert.obj
 0002:00003200       ??_C@_1EM@DAMJKKKC@?$AAw?$AAc?$AAs?$AAc?$AAa?$AAt?$AA_?$AAs?$AA?$CI?$AA?5?$AAa?$AAs?$AAs?$AAe?$AAr?$AAt?$AAb?$AAu?$AAf?$AA?0?$AA?5?$AA?$CI?$AA6?$AA4?$AA?5?$AA?$CK?$AA?5?$AA9?$AA?$CJ?$AA?0?$AA?5?$AAe@ 0000000180055200     LIBCMTD:wassert.obj
 0002:00003250       ??_C@_1BCO@GAGHDLIF@?$AAw?$AAc?$AAs?$AAc?$AAa?$AAt?$AA_?$AAs?$AA?$CI?$AAa?$AAs?$AAs?$AAe?$AAr?$AAt?$AAb?$AAu?$AAf?$AA?0?$AA?5?$AA?$CI?$AA6?$AA4?$AA?5?$AA?$CK?$AA?5?$AA9?$AA?$CJ?$AA?0?$AA?5?$AAL?$AA?$CC@ 0000000180055250     LIBCMTD:wassert.obj
 0002:00003380       ??_C@_1OA@EGMLFBHJ@?$AAF?$AAo?$AAr?$AA?5?$AAi?$AAn?$AAf?$AAo?$AAr?$AAm?$AAa?$AAt?$AAi?$AAo?$AAn?$AA?5?$AAo?$AAn?$AA?5?$AAh?$AAo?$AAw?$AA?5?$AAy?$AAo?$AAu?$AAr?$AA?5?$AAp?$AAr?$AAo?$AAg@ 0000000180055380     LIBCMTD:wassert.obj
 0002:00003460       ??_C@_1FG@IFIHHMNM@?$AAw?$AAc?$AAs?$AAc?$AAa?$AAt?$AA_?$AAs?$AA?$CI?$AAa?$AAs?$AAs?$AAe?$AAr?$AAt?$AAb?$AAu?$AAf?$AA?0?$AA?5?$AA?$CI?$AA6?$AA4?$AA?5?$AA?$CK?$AA?5?$AA9?$AA?$CJ?$AA?0?$AA?5?$AAd?$AAb@ 0000000180055460     LIBCMTD:wassert.obj
 0002:000034c0       ??_C@_1LO@CHAFGADE@?$AAw?$AAc?$AAs?$AAc?$AAa?$AAt?$AA_?$AAs?$AA?$CI?$AAa?$AAs?$AAs?$AAe?$AAr?$AAt?$AAb?$AAu?$AAf?$AA?0?$AA?5?$AA?$CI?$AA6?$AA4?$AA?5?$AA?$CK?$AA?5?$AA9?$AA?$CJ?$AA?0?$AA?5?$AAL?$AA?$CC@ 00000001800554c0     LIBCMTD:wassert.obj
 0002:00003580       ??_C@_1HK@POCJMFGK@?$AA?$CI?$AAP?$AAr?$AAe?$AAs?$AAs?$AA?5?$AAR?$AAe?$AAt?$AAr?$AAy?$AA?5?$AAt?$AAo?$AA?5?$AAd?$AAe?$AAb?$AAu?$AAg?$AA?5?$AAt?$AAh?$AAe?$AA?5?$AAa?$AAp?$AAp?$AAl?$AAi?$AAc@ 0000000180055580     LIBCMTD:wassert.obj
 0002:00003600       ??_C@_1EK@MBDPDCGA@?$AAM?$AAi?$AAc?$AAr?$AAo?$AAs?$AAo?$AAf?$AAt?$AA?5?$AAV?$AAi?$AAs?$AAu?$AAa?$AAl?$AA?5?$AAC?$AA?$CL?$AA?$CL?$AA?5?$AAR?$AAu?$AAn?$AAt?$AAi?$AAm?$AAe?$AA?5?$AAL?$AAi?$AAb@ 0000000180055600     LIBCMTD:wassert.obj
 0002:00004150       ??_C@_05KGFAIMPG@sqrtf?$AA@ 0000000180056150     LIBCMTD:sqrtf.obj
 0002:00004158       _FPinit                    0000000180056158     LIBCMTD:fpinit.obj
 0002:00004160       _pRawDllMain               0000000180056160     LIBCMTD:dllcrt0.obj
 0002:00004160       _pDefaultRawDllMain        0000000180056160     LIBCMTD:dllcrt0.obj
 0002:00004168       ??_C@_0CL@OOIKPIHN@f?3?2dd?2vctools?2crt?2crtw32?2startup@ 0000000180056168     LIBCMTD:dllcrt0.obj
 0002:000041b0       ??_C@_1BA@GLMCNLEM@?$AAW?$AAa?$AAr?$AAn?$AAi?$AAn?$AAg?$AA?$AA@ 00000001800561b0     LIBCMTD:dbgrptw.obj
 0002:000041c0       ??_C@_1M@ILHOPKA@?$AAE?$AAr?$AAr?$AAo?$AAr?$AA?$AA@ 00000001800561c0     LIBCMTD:dbgrptw.obj
 0002:000041d0       ??_C@_1CC@CGHMNGDG@?$AAA?$AAs?$AAs?$AAe?$AAr?$AAt?$AAi?$AAo?$AAn?$AA?5?$AAF?$AAa?$AAi?$AAl?$AAe?$AAd?$AA?$AA@ 00000001800561d0     LIBCMTD:dbgrptw.obj
 0002:00004200       ??_C@_1EO@JACJHHCK@?$AAf?$AA?3?$AA?2?$AAd?$AAd?$AA?2?$AAv?$AAc?$AAt?$AAo?$AAo?$AAl?$AAs?$AA?2?$AAc?$AAr?$AAt?$AA?2?$AAc?$AAr?$AAt?$AAw?$AA3?$AA2?$AA?2?$AAm?$AAi?$AAs?$AAc?$AA?2?$AAd?$AAb@ 0000000180056200     LIBCMTD:dbgrptw.obj
 0002:00004250       ??_C@_1CI@PGJIFDEK@?$AA_?$AA_?$AAc?$AAr?$AAt?$AAM?$AAe?$AAs?$AAs?$AAa?$AAg?$AAe?$AAW?$AAi?$AAn?$AAd?$AAo?$AAw?$AAW?$AA?$AA@ 0000000180056250     LIBCMTD:dbgrptw.obj
 0002:00004280       ??_C@_1GI@DEDNNLCI@?$AAw?$AAc?$AAs?$AAc?$AAp?$AAy?$AA_?$AAs?$AA?$CI?$AAs?$AAz?$AAE?$AAx?$AAe?$AAN?$AAa?$AAm?$AAe?$AA?0?$AA?5?$AA2?$AA6?$AA0?$AA?0?$AA?5?$AAL?$AA?$CC?$AA?$DM?$AAp?$AAr?$AAo?$AAg@ 0000000180056280     LIBCMTD:dbgrptw.obj
 0002:000042f0       ??_C@_1NO@LECLLHOL@?$AAm?$AAe?$AAm?$AAc?$AAp?$AAy?$AA_?$AAs?$AA?$CI?$AAs?$AAz?$AAS?$AAh?$AAo?$AAr?$AAt?$AAP?$AAr?$AAo?$AAg?$AAN?$AAa?$AAm?$AAe?$AA?0?$AA?5?$AAs?$AAi?$AAz?$AAe?$AAo?$AAf@ 00000001800562f0     LIBCMTD:dbgrptw.obj
 0002:000043d0       ??_C@_1OG@PMPPFHAF@?$AA?6?$AA?6?$AAF?$AAo?$AAr?$AA?5?$AAi?$AAn?$AAf?$AAo?$AAr?$AAm?$AAa?$AAt?$AAi?$AAo?$AAn?$AA?5?$AAo?$AAn?$AA?5?$AAh?$AAo?$AAw?$AA?5?$AAy?$AAo?$AAu?$AAr?$AA?5?$AAp?$AAr@ 00000001800563d0     LIBCMTD:dbgrptw.obj
 0002:000044b8       ??_C@_11LOCGONAA@?$AA?$AA@ 00000001800564b8     LIBCMTD:dbgrptw.obj
 0002:000044c0       ??_C@_1BA@GLLGCPCK@?$AA?6?$AAL?$AAi?$AAn?$AAe?$AA?3?$AA?5?$AA?$AA@ 00000001800564c0     LIBCMTD:dbgrptw.obj
 0002:000044d0       ??_C@_1BA@LNHECFIM@?$AA?6?$AAF?$AAi?$AAl?$AAe?$AA?3?$AA?5?$AA?$AA@ 00000001800564d0     LIBCMTD:dbgrptw.obj
 0002:000044e0       ??_C@_1BE@CGCJKGHI@?$AA?6?$AAM?$AAo?$AAd?$AAu?$AAl?$AAe?$AA?3?$AA?5?$AA?$AA@ 00000001800564e0     LIBCMTD:dbgrptw.obj
 0002:00004500       ??_C@_1KM@HNMIBKJH@?$AAD?$AAe?$AAb?$AAu?$AAg?$AA?5?$AA?$CF?$AAs?$AA?$CB?$AA?6?$AA?6?$AAP?$AAr?$AAo?$AAg?$AAr?$AAa?$AAm?$AA?3?$AA?5?$AA?$CF?$AAs?$AA?$CF?$AAs?$AA?$CF?$AAs?$AA?$CF?$AAs?$AA?$CF?$AAs?$AA?$CF?$AAs@ 0000000180056500     LIBCMTD:dbgrptw.obj
 0002:000045b0       ??_C@_1BI@KALLJECN@?$AA?$CI?$AA?$CK?$AA_?$AAe?$AAr?$AAr?$AAn?$AAo?$AA?$CI?$AA?$CJ?$AA?$CJ?$AA?$AA@ 00000001800565b0     LIBCMTD:dbgrptw.obj
 0002:000045d0       ??_C@_1JI@EACPGHID@?$AAw?$AAc?$AAs?$AAc?$AAp?$AAy?$AA_?$AAs?$AA?$CI?$AAs?$AAz?$AAO?$AAu?$AAt?$AAM?$AAe?$AAs?$AAs?$AAa?$AAg?$AAe?$AA?0?$AA?5?$AA4?$AA0?$AA9?$AA6?$AA?0?$AA?5?$AAL?$AA?$CC?$AA_@ 00000001800565d0     LIBCMTD:dbgrptw.obj
 0002:00004670       ??_C@_1FG@BBOLDHGF@?$AA_?$AAC?$AAr?$AAt?$AAD?$AAb?$AAg?$AAR?$AAe?$AAp?$AAo?$AAr?$AAt?$AA?3?$AA?5?$AAS?$AAt?$AAr?$AAi?$AAn?$AAg?$AA?5?$AAt?$AAo?$AAo?$AA?5?$AAl?$AAo?$AAn?$AAg?$AA?5?$AAo@ 0000000180056670     LIBCMTD:dbgrptw.obj
 0002:000046c8       ??_C@_1BI@MFCLPIBM@?$AAs?$AAt?$AAr?$AA?5?$AA?$CB?$AA?$DN?$AA?5?$AAN?$AAU?$AAL?$AAL?$AA?$AA@ 00000001800566c8     LIBCMTD:_filbuf.obj
 0002:000046e0       ??_C@_1FC@KLDIFLFI@?$AAf?$AA?3?$AA?2?$AAd?$AAd?$AA?2?$AAv?$AAc?$AAt?$AAo?$AAo?$AAl?$AAs?$AA?2?$AAc?$AAr?$AAt?$AA?2?$AAc?$AAr?$AAt?$AAw?$AA3?$AA2?$AA?2?$AAs?$AAt?$AAd?$AAi?$AAo?$AA?2?$AA_@ 00000001800566e0     LIBCMTD:_filbuf.obj
 0002:00004738       ??_C@_1BA@IIKEPOGH@?$AA_?$AAf?$AAi?$AAl?$AAb?$AAu?$AAf?$AA?$AA@ 0000000180056738     LIBCMTD:_filbuf.obj
 0002:00004750       ??_C@_1FA@CKEACION@?$AAf?$AA?3?$AA?2?$AAd?$AAd?$AA?2?$AAv?$AAc?$AAt?$AAo?$AAo?$AAl?$AAs?$AA?2?$AAc?$AAr?$AAt?$AA?2?$AAc?$AAr?$AAt?$AAw?$AA3?$AA2?$AA?2?$AAs?$AAt?$AAd?$AAi?$AAo?$AA?2?$AAf@ 0000000180056750     LIBCMTD:fileno.obj
 0002:000047a0       ??_C@_1BA@JGHIEKKM@?$AA_?$AAf?$AAi?$AAl?$AAe?$AAn?$AAo?$AA?$AA@ 00000001800567a0     LIBCMTD:fileno.obj
 0002:000047b0       ??_C@_0CH@FPHLCLAF@f?3?2dd?2vctools?2crt?2crtw32?2stdio?2_@ 00000001800567b0     LIBCMTD:_file.obj
 0002:000047d8       ??_C@_1BI@GKKCBDMD@?$AAd?$AAs?$AAt?$AA?5?$AA?$CB?$AA?$DN?$AA?5?$AAN?$AAU?$AAL?$AAL?$AA?$AA@ 00000001800567d8     LIBCMTD:memcpy_s.obj
 0002:000047f0       ??_C@_1FG@COJCEIPE@?$AAf?$AA?3?$AA?2?$AAd?$AAd?$AA?2?$AAv?$AAc?$AAt?$AAo?$AAo?$AAl?$AAs?$AA?2?$AAc?$AAr?$AAt?$AA?2?$AAc?$AAr?$AAt?$AAw?$AA3?$AA2?$AA?2?$AAs?$AAt?$AAr?$AAi?$AAn?$AAg?$AA?2@ 00000001800567f0     LIBCMTD:memcpy_s.obj
 0002:00004848       ??_C@_1BC@GKHDJMGB@?$AAm?$AAe?$AAm?$AAc?$AAp?$AAy?$AA_?$AAs?$AA?$AA@ 0000000180056848     LIBCMTD:memcpy_s.obj
 0002:00004860       ??_C@_1BI@DCHLDCPP@?$AAs?$AAr?$AAc?$AA?5?$AA?$CB?$AA?$DN?$AA?5?$AAN?$AAU?$AAL?$AAL?$AA?$AA@ 0000000180056860     LIBCMTD:memcpy_s.obj
 0002:00004878       ??_C@_1CK@DDKKOLAN@?$AAs?$AAi?$AAz?$AAe?$AAI?$AAn?$AAB?$AAy?$AAt?$AAe?$AAs?$AA?5?$AA?$DO?$AA?$DN?$AA?5?$AAc?$AAo?$AAu?$AAn?$AAt?$AA?$AA@ 0000000180056878     LIBCMTD:memcpy_s.obj
 0002:000048b0       ??_C@_1FO@LPCLHKGE@?$AA?$CI?$AAf?$AAh?$AA?5?$AA?$DO?$AA?$DN?$AA?5?$AA0?$AA?5?$AA?$CG?$AA?$CG?$AA?5?$AA?$CI?$AAu?$AAn?$AAs?$AAi?$AAg?$AAn?$AAe?$AAd?$AA?$CJ?$AAf?$AAh?$AA?5?$AA?$DM?$AA?5?$AA?$CI?$AAu?$AAn?$AAs?$AAi@ 00000001800568b0     LIBCMTD:read.obj
 0002:00004910       ??_C@_1EM@BALFJBIJ@?$AAf?$AA?3?$AA?2?$AAd?$AAd?$AA?2?$AAv?$AAc?$AAt?$AAo?$AAo?$AAl?$AAs?$AA?2?$AAc?$AAr?$AAt?$AA?2?$AAc?$AAr?$AAt?$AAw?$AA3?$AA2?$AA?2?$AAl?$AAo?$AAw?$AAi?$AAo?$AA?2?$AAr@ 0000000180056910     LIBCMTD:read.obj
 0002:00004960       ??_C@_1M@NHJOLLDM@?$AA_?$AAr?$AAe?$AAa?$AAd?$AA?$AA@ 0000000180056960     LIBCMTD:read.obj
 0002:00004970       ??_C@_1CM@OKGMMMDH@?$AA?$CI?$AA_?$AAo?$AAs?$AAf?$AAi?$AAl?$AAe?$AA?$CI?$AAf?$AAh?$AA?$CJ?$AA?5?$AA?$CG?$AA?5?$AAF?$AAO?$AAP?$AAE?$AAN?$AA?$CJ?$AA?$AA@ 0000000180056970     LIBCMTD:read.obj
 0002:000049a0       ??_C@_1CC@HBLPFNKH@?$AA?$CI?$AAc?$AAn?$AAt?$AA?5?$AA?$DM?$AA?$DN?$AA?5?$AAI?$AAN?$AAT?$AA_?$AAM?$AAA?$AAX?$AA?$CJ?$AA?$AA@ 00000001800569a0     LIBCMTD:read.obj
 0002:000049d0       ??_C@_1JE@ECKHFIFP@?$AA?$CI?$AA?$CC?$AAI?$AAn?$AAv?$AAa?$AAl?$AAi?$AAd?$AA?5?$AAf?$AAi?$AAl?$AAe?$AA?5?$AAd?$AAe?$AAs?$AAc?$AAr?$AAi?$AAp?$AAt?$AAo?$AAr?$AA?4?$AA?5?$AAF?$AAi?$AAl?$AAe?$AA?5@ 00000001800569d0     LIBCMTD:read.obj
 0002:00004a68       ??_C@_1BK@JJBHNDKJ@?$AA_?$AAr?$AAe?$AAa?$AAd?$AA_?$AAn?$AAo?$AAl?$AAo?$AAc?$AAk?$AA?$AA@ 0000000180056a68     LIBCMTD:read.obj
 0002:00004a88       ??_C@_1CG@OHLJHGGK@?$AA?$CI?$AAi?$AAn?$AAp?$AAu?$AAt?$AAb?$AAu?$AAf?$AA?5?$AA?$CB?$AA?$DN?$AA?5?$AAN?$AAU?$AAL?$AAL?$AA?$CJ?$AA?$AA@ 0000000180056a88     LIBCMTD:read.obj
 0002:00004ab0       ??_C@_1CC@EEOLPHGO@?$AA?$CI?$AA?$CI?$AAc?$AAn?$AAt?$AA?5?$AA?$CG?$AA?5?$AA1?$AA?$CJ?$AA?5?$AA?$DN?$AA?$DN?$AA?5?$AA0?$AA?$CJ?$AA?$AA@ 0000000180056ab0     LIBCMTD:read.obj
 0002:00004ad8       ??_C@_0CG@JHNDLPLJ@f?3?2dd?2vctools?2crt?2crtw32?2lowio?2r@ 0000000180056ad8     LIBCMTD:read.obj
 0002:00004b00       ??_C@_1EO@HNHOEHGA@?$AAf?$AA?3?$AA?2?$AAd?$AAd?$AA?2?$AAv?$AAc?$AAt?$AAo?$AAo?$AAl?$AAs?$AA?2?$AAc?$AAr?$AAt?$AA?2?$AAc?$AAr?$AAt?$AAw?$AA3?$AA2?$AA?2?$AAs?$AAt?$AAd?$AAi?$AAo?$AA?2?$AAf@ 0000000180056b00     LIBCMTD:ftell.obj
 0002:00004b50       ??_C@_1BM@JMKHIAHP@?$AA?$CI?$AAs?$AAt?$AAr?$AA?5?$AA?$CB?$AA?$DN?$AA?5?$AAN?$AAU?$AAL?$AAL?$AA?$CJ?$AA?$AA@ 0000000180056b50     LIBCMTD:ftell.obj
 0002:00004b70       ??_C@_1BM@EPIDANEK@?$AA_?$AAf?$AAt?$AAe?$AAl?$AAl?$AA_?$AAn?$AAo?$AAl?$AAo?$AAc?$AAk?$AA?$AA@ 0000000180056b70     LIBCMTD:ftell.obj
 0002:00004b90       ??_C@_1EO@CCHAPCBN@?$AAf?$AA?3?$AA?2?$AAd?$AAd?$AA?2?$AAv?$AAc?$AAt?$AAo?$AAo?$AAl?$AAs?$AA?2?$AAc?$AAr?$AAt?$AA?2?$AAc?$AAr?$AAt?$AAw?$AA3?$AA2?$AA?2?$AAl?$AAo?$AAw?$AAi?$AAo?$AA?2?$AAl@ 0000000180056b90     LIBCMTD:lseek.obj
 0002:00004be0       ??_C@_1O@EDOIKGHF@?$AA_?$AAl?$AAs?$AAe?$AAe?$AAk?$AA?$AA@ 0000000180056be0     LIBCMTD:lseek.obj
 0002:00004bf0       ??_C@_1DM@LMLOLGJ@?$AA?$CI?$AA?$CC?$AAI?$AAn?$AAv?$AAa?$AAl?$AAi?$AAd?$AA?5?$AAf?$AAi?$AAl?$AAe?$AA?5?$AAd?$AAe?$AAs?$AAc?$AAr?$AAi?$AAp?$AAt?$AAo?$AAr?$AA?$CC?$AA?0?$AA0?$AA?$CJ?$AA?$AA@ 0000000180056bf0     LIBCMTD:lseek.obj
 0002:00004c2c       ??_C@_03KHJOGHMM@exp?$AA@  0000000180056c2c     LIBCMTD:fpexcept.obj
 0002:00004c30       ??_C@_03JGHBODFD@pow?$AA@  0000000180056c30     LIBCMTD:fpexcept.obj
 0002:00004c34       ??_C@_03MGHMBJCF@log?$AA@  0000000180056c34     LIBCMTD:fpexcept.obj
 0002:00004c38       ??_C@_05HGHHAHAP@log10?$AA@ 0000000180056c38     LIBCMTD:fpexcept.obj
 0002:00004c40       ??_C@_04COOMCNPB@sinh?$AA@ 0000000180056c40     LIBCMTD:fpexcept.obj
 0002:00004c48       ??_C@_04HPJJNFIM@cosh?$AA@ 0000000180056c48     LIBCMTD:fpexcept.obj
 0002:00004c50       ??_C@_04FJHINJAO@tanh?$AA@ 0000000180056c50     LIBCMTD:fpexcept.obj
 0002:00004c58       ??_C@_04FIHNOPOL@asin?$AA@ 0000000180056c58     LIBCMTD:fpexcept.obj
 0002:00004c60       ??_C@_04PDIFKINK@acos?$AA@ 0000000180056c60     LIBCMTD:fpexcept.obj
 0002:00004c68       ??_C@_04MLLJIGOK@atan?$AA@ 0000000180056c68     LIBCMTD:fpexcept.obj
 0002:00004c70       ??_C@_05KNGEOGJB@atan2?$AA@ 0000000180056c70     LIBCMTD:fpexcept.obj
 0002:00004c78       ??_C@_04EIAKFFMI@sqrt?$AA@ 0000000180056c78     LIBCMTD:fpexcept.obj
 0002:00004c80       ??_C@_03BLEJJJBH@sin?$AA@  0000000180056c80     LIBCMTD:fpexcept.obj
 0002:00004c84       ??_C@_03LALBNOCG@cos?$AA@  0000000180056c84     LIBCMTD:fpexcept.obj
 0002:00004c88       ??_C@_03IIINPABG@tan?$AA@  0000000180056c88     LIBCMTD:fpexcept.obj
 0002:00004c8c       ??_C@_04GFPJNGEK@ceil?$AA@ 0000000180056c8c     LIBCMTD:fpexcept.obj
 0002:00004c94       ??_C@_05PBJFFIGL@floor?$AA@ 0000000180056c94     LIBCMTD:fpexcept.obj
 0002:00004c9c       ??_C@_04ODHECPBC@fabs?$AA@ 0000000180056c9c     LIBCMTD:fpexcept.obj
 0002:00004ca4       ??_C@_04EHEDPDJG@modf?$AA@ 0000000180056ca4     LIBCMTD:fpexcept.obj
 0002:00004cac       ??_C@_05CEJMAHNP@ldexp?$AA@ 0000000180056cac     LIBCMTD:fpexcept.obj
 0002:00004cb4       ??_C@_05KBKMEMPO@_cabs?$AA@ 0000000180056cb4     LIBCMTD:fpexcept.obj
 0002:00004cbc       ??_C@_06MEIMCGCF@_hypot?$AA@ 0000000180056cbc     LIBCMTD:fpexcept.obj
[...]
 0004:0000177c       $pdata$__free_lc_time      000000018006e77c     LIBCMTD:inittime.obj
 0004:00001788       $pdata$?__crtLCMapStringA_stat@@YAHPEAUlocaleinfo_struct@@PEB_WKPEBDHPEADHHH@Z 000000018006e788     LIBCMTD:a_map.obj
 0004:00001794       $pdata$?strncnt@@YAHPEBDH@Z 000000018006e794     LIBCMTD:a_map.obj
 0004:000017a0       $pdata$_MallocaIsSizeInRange 000000018006e7a0     LIBCMTD:a_map.obj
 0004:000017ac       $pdata$__crtLCMapStringA   000000018006e7ac     LIBCMTD:a_map.obj
 0004:000017b8       $pdata$_freea              000000018006e7b8     LIBCMTD:a_map.obj
 0004:000017c4       $pdata$?__crtGetStringTypeA_stat@@YAHPEAUlocaleinfo_struct@@KPEBDHPEAGHH@Z 000000018006e7c4     LIBCMTD:a_str.obj
 0004:000017d0       $pdata$__crtGetStringTypeA 000000018006e7d0     LIBCMTD:a_str.obj
 0004:000017dc       $pdata$_isleadbyte_l       000000018006e7dc     LIBCMTD:_wctype.obj
 0004:000017e8       $pdata$isleadbyte          000000018006e7e8     LIBCMTD:_wctype.obj
 0004:000017f4       $pdata$__DestructExceptionObject 000000018006e7f4     LIBCMTD:frame.obj
 0004:00001800       $pdata$??0bad_exception@std@@QEAA@AEBV01@@Z 000000018006e800     LIBCMTD:frame.obj
 0004:0000180c       $pdata$??0bad_exception@std@@QEAA@PEBD@Z 000000018006e80c     LIBCMTD:frame.obj
 0004:00001818       $pdata$??1bad_exception@std@@UEAA@XZ 000000018006e818     LIBCMTD:frame.obj
 0004:00001824       $pdata$??_Gbad_exception@std@@UEAAPEAXI@Z 000000018006e824     LIBCMTD:frame.obj
 0004:00001830       $pdata$?CatchIt@@YAXPEAUEHExceptionRecord@@PEA_KPEAU_CONTEXT@@PEAU_xDISPATCHER_CONTEXT@@PEBU_s_FuncInfo@@PEBU_s_HandlerType@@PEBU_s_CatchableType@@PEBU_s_TryBlockMapEntry@@H1EE@Z 000000018006e830     LIBCMTD:frame.obj
 0004:0000183c       $pdata$?ExFilterRethrow@@YAHPEAU_EXCEPTION_POINTERS@@PEAUEHExceptionRecord@@PEAH@Z 000000018006e83c     LIBCMTD:frame.obj
 0004:00001848       $pdata$?FindHandler@@YAXPEAUEHExceptionRecord@@PEA_KPEAU_CONTEXT@@PEAU_xDISPATCHER_CONTEXT@@PEBU_s_FuncInfo@@EH1@Z 000000018006e848     LIBCMTD:frame.obj
 0004:00001854       $pdata$?FindHandlerForForeignException@@YAXPEAUEHExceptionRecord@@PEA_KPEAU_CONTEXT@@PEAU_xDISPATCHER_CONTEXT@@PEBU_s_FuncInfo@@HH1@Z 000000018006e854     LIBCMTD:frame.obj
 0004:00001860       $pdata$?IsInExceptionSpec@@YAEPEAUEHExceptionRecord@@PEBU_s_ESTypeList@@@Z 000000018006e860     LIBCMTD:frame.obj
 0004:0000186c       $pdata$?Is_bad_exception_allowed@@YAEPEBU_s_ESTypeList@@@Z 000000018006e86c     LIBCMTD:frame.obj
 0004:00001878       $pdata$?__RethrowException@@YAXPEAUEHExceptionRecord@@@Z 000000018006e878     LIBCMTD:frame.obj
 0004:00001884       $pdata$__AdjustPointer     000000018006e884     LIBCMTD:frame.obj
 0004:00001890       $pdata$__BuildCatchObject  000000018006e890     LIBCMTD:frame.obj
 0004:0000189c       $pdata$__BuildCatchObjectHelper 000000018006e89c     LIBCMTD:frame.obj
 0004:000018a8       $pdata$__CxxCallCatchBlock 000000018006e8a8     LIBCMTD:frame.obj
 0004:000018b4       $pdata$__FrameUnwindFilter 000000018006e8b4     LIBCMTD:frame.obj
 0004:000018c0       $pdata$__FrameUnwindToState 000000018006e8c0     LIBCMTD:frame.obj
 0004:000018cc       $pdata$__InternalCxxFrameHandler 000000018006e8cc     LIBCMTD:frame.obj
 0004:000018d8       $pdata$__TypeMatch         000000018006e8d8     LIBCMTD:frame.obj
 0004:000018e4       $pdata$?__GetCurrentState@@YAHPEA_KPEAU_xDISPATCHER_CONTEXT@@PEBU_s_FuncInfo@@@Z 000000018006e8e4     LIBCMTD:ehstate.obj
 0004:000018f0       $pdata$?__GetUnwindTryBlock@@YAHPEA_KPEAU_xDISPATCHER_CONTEXT@@PEBU_s_FuncInfo@@@Z 000000018006e8f0     LIBCMTD:ehstate.obj
 0004:000018fc       $pdata$?__SetUnwindTryBlock@@YAXPEA_KPEAU_xDISPATCHER_CONTEXT@@PEBU_s_FuncInfo@@H@Z 000000018006e8fc     LIBCMTD:ehstate.obj
 0004:00001908       $pdata$?__StateFromControlPc@@YAHPEBU_s_FuncInfo@@PEAU_xDISPATCHER_CONTEXT@@@Z 000000018006e908     LIBCMTD:ehstate.obj
 0004:00001914       $pdata$?__StateFromIp@@YAHPEBU_s_FuncInfo@@PEAU_xDISPATCHER_CONTEXT@@_J@Z 000000018006e914     LIBCMTD:ehstate.obj
 0004:00001920       $pdata$?_inconsistency@@YAXXZ 000000018006e920     LIBCMTD:hooks.obj
 0004:0000192c       $pdata$?terminate@@YAXXZ   000000018006e92c     LIBCMTD:hooks.obj
 0004:00001938       $pdata$_initp_eh_hooks     000000018006e938     LIBCMTD:hooks.obj
 0004:00001950       $pdata$wcsncpy_s           000000018006e950     LIBCMTD:wcsncpy_s.obj
 0004:0000195c       $pdata$GetTableIndexFromLocaleName 000000018006e95c     LIBCMTD:winapinls.obj
 0004:00001968       $pdata$__crtDownlevelLocaleNameToLCID 000000018006e968     LIBCMTD:winapinls.obj
 0004:00001974       $pdata$__crtLCMapStringEx  000000018006e974     LIBCMTD:winapinls.obj
 0004:00001980       $pdata$__wcsnicmp_ascii    000000018006e980     LIBCMTD:winapinls.obj
 0004:0000198c       $pdata$__onexitinit        000000018006e98c     LIBCMTD:onexit.obj
 0004:00001998       $pdata$_onexit             000000018006e998     LIBCMTD:onexit.obj
 0004:000019a4       $pdata$_onexit_nolock      000000018006e9a4     LIBCMTD:onexit.obj
 0004:000019b0       $pdata$atexit              000000018006e9b0     LIBCMTD:onexit.obj
 0004:000019bc       $pdata$_ftbuf              000000018006e9bc     LIBCMTD:_sftbuf.obj
 0004:000019c8       $pdata$_stbuf              000000018006e9c8     LIBCMTD:_sftbuf.obj
 0004:000019d4       $pdata$_freebuf            000000018006e9d4     LIBCMTD:_freebuf.obj
 0004:000019e0       $pdata$_woutput_l          000000018006e9e0     LIBCMTD:woutput.obj
 0004:000019ec       $pdata$get_int64_arg       000000018006e9ec     LIBCMTD:woutput.obj
 0004:000019f8       $pdata$get_int_arg         000000018006e9f8     LIBCMTD:woutput.obj
 0004:00001a04       $pdata$write_char          000000018006ea04     LIBCMTD:woutput.obj
 0004:00001a04       $pdata$write_char          000000018006ea04     LIBCMTD:woutput.obj
 0004:00001a10       $pdata$write_multi_char    000000018006ea10     LIBCMTD:woutput.obj
 0004:00001a10       $pdata$write_multi_char    000000018006ea10     LIBCMTD:woutput.obj
 0004:00001a1c       $pdata$_flsbuf             000000018006ea1c     LIBCMTD:_flsbuf.obj
 0004:00001a28       $pdata$_woutput_s_l        000000018006ea28     LIBCMTD:woutputs.obj
 0004:00001a34       $pdata$write_string        000000018006ea34     LIBCMTD:woutputs.obj
 0004:00001a34       $pdata$write_string        000000018006ea34     LIBCMTD:woutputs.obj
 0004:00001a4c       $pdata$_isdigit_l          000000018006ea4c     LIBCMTD:_ctype.obj
 0004:00001a58       $pdata$isdigit             000000018006ea58     LIBCMTD:_ctype.obj
 0004:00001a64       $pdata$_tolower_l          000000018006ea64     LIBCMTD:tolower.obj
 0004:00001a70       $pdata$tolower             000000018006ea70     LIBCMTD:tolower.obj
 0004:00001a7c       $pdata$strcpy_s            000000018006ea7c     LIBCMTD:strcpy_s.obj
 0004:00001a88       $pdata$strrchr             000000018006ea88     LIBCMTD:strrchr.obj
 0004:00001a94       $pdata$_fptostr            000000018006ea94     LIBCMTD:_fptostr.obj
 0004:00001aa0       $pdata$__crt_atoflt_l      000000018006eaa0     LIBCMTD:atodbl.obj
 0004:00001aac       $pdata$_atodbl_l           000000018006eaac     LIBCMTD:atodbl.obj
 0004:00001ab8       $pdata$_atoflt_l           000000018006eab8     LIBCMTD:atodbl.obj
 0004:00001ac4       $pdata$__dtold             000000018006eac4     LIBCMTD:cfout.obj
 0004:00001ad0       $pdata$_fltout2            000000018006ead0     LIBCMTD:cfout.obj
 0004:00001adc       $pdata$_fptrap             000000018006eadc     LIBCMTD:crt0fp.obj
 0004:00001ae8       $pdata$?x_ismbbtype_l@@YAHPEAUlocaleinfo_struct@@IHH@Z 000000018006eae8     LIBCMTD:ismbbyte.obj
 0004:00001af4       $pdata$_ismbblead          000000018006eaf4     LIBCMTD:ismbbyte.obj
 0004:00001b00       $pdata$strcat_s            000000018006eb00     LIBCMTD:strcat_s.obj
 0004:00001b0c       $pdata$_itoa_s             000000018006eb0c     LIBCMTD:xtoas.obj
 0004:00001b18       $pdata$xtoa_s              000000018006eb18     LIBCMTD:xtoas.obj
 0004:00001b24       $pdata$_mbstowcs_l_helper  000000018006eb24     LIBCMTD:mbstowcs.obj
 0004:00001b30       $pdata$_mbstowcs_s_l       000000018006eb30     LIBCMTD:mbstowcs.obj
 0004:00001b3c       $pdata$mbstowcs_s          000000018006eb3c     LIBCMTD:mbstowcs.obj
 0004:00001b48       $pdata$?wcsncnt@@YA_KPEB_W_K@Z 000000018006eb48     LIBCMTD:wcstombs.obj
 0004:00001b54       $pdata$_wcstombs_l_helper  000000018006eb54     LIBCMTD:wcstombs.obj
 0004:00001b60       $pdata$_wcstombs_s_l       000000018006eb60     LIBCMTD:wcstombs.obj
 0004:00001b6c       $pdata$wcstombs_s          000000018006eb6c     LIBCMTD:wcstombs.obj
 0004:00001b78       $pdata$_vsnprintf_helper   000000018006eb78     LIBCMTD:vsnprnc.obj
 0004:00001b84       $pdata$_vsnprintf_s        000000018006eb84     LIBCMTD:vsnprnc.obj
 0004:00001b90       $pdata$_vsnprintf_s_l      000000018006eb90     LIBCMTD:vsnprnc.obj
 0004:00001b9c       $pdata$_vsprintf_s_l       000000018006eb9c     LIBCMTD:vsnprnc.obj
 0004:00001ba8       $pdata$__GSHandlerCheck_SEH 000000018006eba8     LIBCMTD:gshandlerseh.obj
 0004:00001bb4       $pdata$_fclose_nolock      000000018006ebb4     LIBCMTD:fclose.obj
 0004:00001bc0       $pdata$fclose              000000018006ebc0     LIBCMTD:fclose.obj
 0004:00001bcc       $pdata$_mbtowc_l           000000018006ebcc     LIBCMTD:mbtowc.obj
 0004:00001bd8       $pdata$mbtowc              000000018006ebd8     LIBCMTD:mbtowc.obj
 0004:00001be4       $pdata$_putwch_nolock      000000018006ebe4     LIBCMTD:putwch.obj
 0004:00001bf0       $pdata$get_short_arg       000000018006ebf0     LIBCMTD:output.obj
 0004:00001bfc       $pdata$??3@YAXPEAX@Z       000000018006ebfc     LIBCMTD:dbgdel.obj
 0004:00001c14       $pdata$?_ValidateExecute@@YAHP6A_JXZ@Z 000000018006ec14     LIBCMTD:validate.obj
 0004:00001c20       $pdata$?_ValidateWrite@@YAHPEAXI@Z 000000018006ec20     LIBCMTD:validate.obj
 0004:00001c20       $pdata$?_ValidateRead@@YAHPEBXI@Z 000000018006ec20     LIBCMTD:validate.obj
 0004:00001c38       $pdata$??1type_info@@UEAA@XZ 000000018006ec38     LIBCMTD:typinfo.obj
 0004:00001c44       $pdata$??8type_info@@QEBA_NAEBV0@@Z 000000018006ec44     LIBCMTD:typinfo.obj
 0004:00001c50       $pdata$??_Gtype_info@@UEAAPEAXI@Z 000000018006ec50     LIBCMTD:typinfo.obj
 0004:00001c5c       $pdata$??0exception@std@@QEAA@AEBQEBD@Z 000000018006ec5c     LIBCMTD:stdexcpt.obj
 0004:00001c68       $pdata$??0exception@std@@QEAA@AEBV01@@Z 000000018006ec68     LIBCMTD:stdexcpt.obj
 0004:00001c74       $pdata$??1exception@std@@UEAA@XZ 000000018006ec74     LIBCMTD:stdexcpt.obj
 0004:00001c80       $pdata$??4exception@std@@QEAAAEAV01@AEBV01@@Z 000000018006ec80     LIBCMTD:stdexcpt.obj
 0004:00001c8c       $pdata$??_Gexception@std@@UEAAPEAXI@Z 000000018006ec8c     LIBCMTD:stdexcpt.obj
 0004:00001c98       $pdata$?_Copy_str@exception@std@@AEAAXPEBD@Z 000000018006ec98     LIBCMTD:stdexcpt.obj
 0004:00001ca4       $pdata$?_Tidy@exception@std@@AEAAXXZ 000000018006eca4     LIBCMTD:stdexcpt.obj
 0004:00001cb0       $pdata$?what@exception@std@@UEBAPEBDXZ 000000018006ecb0     LIBCMTD:stdexcpt.obj
 0004:00001cbc       $pdata$_CxxThrowException  000000018006ecbc     LIBCMTD:throw.obj
 0004:00001cc8       $pdata$_get_printf_count_output 000000018006ecc8     LIBCMTD:printf.obj
 0004:00001cd4       $pdata$_fputwc_nolock      000000018006ecd4     LIBCMTD:fputwc.obj
 0004:00001ce0       $pdata$_output_s_l         000000018006ece0     LIBCMTD:outputs.obj
 0004:00001cec       $pdata$write_char          000000018006ecec     LIBCMTD:outputs.obj
 0004:00001cf8       $pdata$write_multi_char    000000018006ecf8     LIBCMTD:outputs.obj
 0004:00001d04       $pdata$write_string        000000018006ed04     LIBCMTD:outputs.obj
 0004:00001d10       $pdata$_CopyMan            000000018006ed10     LIBCMTD:intrncvt.obj
 0004:00001d1c       $pdata$_FillZeroMan        000000018006ed1c     LIBCMTD:intrncvt.obj
 0004:00001d28       $pdata$_IncMan             000000018006ed28     LIBCMTD:intrncvt.obj
 0004:00001d34       $pdata$_IsZeroMan          000000018006ed34     LIBCMTD:intrncvt.obj
 0004:00001d40       $pdata$_RoundMan           000000018006ed40     LIBCMTD:intrncvt.obj
 0004:00001d4c       $pdata$_ShrMan             000000018006ed4c     LIBCMTD:intrncvt.obj
 0004:00001d58       $pdata$_ZeroTail           000000018006ed58     LIBCMTD:intrncvt.obj
 0004:00001d64       $pdata$__addl              000000018006ed64     LIBCMTD:intrncvt.obj
 0004:00001d70       $pdata$_ld12cvt            000000018006ed70     LIBCMTD:intrncvt.obj
 0004:00001d7c       $pdata$_ld12tod            000000018006ed7c     LIBCMTD:intrncvt.obj
 0004:00001d88       $pdata$_ld12tof            000000018006ed88     LIBCMTD:intrncvt.obj
 0004:00001d94       $pdata$__ld12mul           000000018006ed94     LIBCMTD:strgtold.obj
 0004:00001da0       $pdata$__multtenpow12      000000018006eda0     LIBCMTD:strgtold.obj
 0004:00001dac       $pdata$__shl_12            000000018006edac     LIBCMTD:strgtold.obj
 0004:00001db8       $pdata$__shr_12            000000018006edb8     LIBCMTD:strgtold.obj
 0004:00001dc4       $pdata$__strgtold12_l      000000018006edc4     LIBCMTD:strgtold.obj
 0004:00001dd0       $pdata$$I10_OUTPUT         000000018006edd0     LIBCMTD:x10fout.obj
 0004:00001ddc       $pdata$__add_12            000000018006eddc     LIBCMTD:x10fout.obj
 0004:00001de8       $pdata$_close              000000018006ede8     LIBCMTD:close.obj
 0004:00001df4       $pdata$_close_nolock       000000018006edf4     LIBCMTD:close.obj
 0004:00001e00       $pdata$__termconout        000000018006ee00     LIBCMTD:initcon.obj
 0004:00001e0c       $pdata$__initconout        000000018006ee0c     LIBCMTD:initcon.obj
 0004:00001e18       $pdata$_wctomb_s_l         000000018006ee18     LIBCMTD:wctomb.obj
 0004:00001e24       $pdata$wctomb_s            000000018006ee24     LIBCMTD:wctomb.obj
 0004:00001e30       $pdata$?_Type_info_dtor@type_info@@CAXPEAV1@@Z 000000018006ee30     LIBCMTD:typname.obj
 0004:00001e3c       $pdata$_flswbuf            000000018006ee3c     LIBCMTD:_flswbuf.obj
 0004:00001e48       $pdata$__mtold12           000000018006ee48     LIBCMTD:mantold.obj
 0004:00001e54       $pdata$fread_s$fin$0       000000018006ee54     LIBCMTD:fread.obj
 0004:00001e60       $pdata$fseek$fin$0         000000018006ee60     LIBCMTD:fseek.obj
 0004:00001e6c       $pdata$?dtor$0@?0??strtoxl@@YAKPEAUlocaleinfo_struct@@PEBDPEAPEBDHH@Z@4HA 000000018006ee6c     LIBCMTD:strtol.obj
 0004:00001e78       $pdata$_CRT_INIT$fin$0     000000018006ee78     LIBCMTD:dllcrt0.obj
 0004:00001e84       $pdata$__DllMainCRTStartup$filt$0 000000018006ee84     LIBCMTD:dllcrt0.obj
 0004:00001e90       $pdata$_commit$fin$0       000000018006ee90     LIBCMTD:lseek.obj
 0004:00001e90       $pdata$_write$fin$0        000000018006ee90     LIBCMTD:lseek.obj
 0004:00001e90       $pdata$_read$fin$0         000000018006ee90     LIBCMTD:lseek.obj
 0004:00001e90       $pdata$_lseeki64$fin$0     000000018006ee90     LIBCMTD:lseek.obj
 0004:00001e90       $pdata$_close$fin$0        000000018006ee90     LIBCMTD:lseek.obj
 0004:00001e90       $pdata$_lseek$fin$0        000000018006ee90     LIBCMTD:lseek.obj
 0004:00001e9c       $pdata$fflush$fin$0        000000018006ee9c     LIBCMTD:fflush.obj
 0004:00001ea8       $pdata$flsall$fin$0        000000018006eea8     LIBCMTD:fflush.obj
 0004:00001eb4       $pdata$flsall$fin$1        000000018006eeb4     LIBCMTD:fflush.obj
 0004:00001ec0       $pdata$_ctrlfp$filt$0      000000018006eec0     LIBCMTD:fpctrl.obj
 0004:00001ecc       $pdata$_CrtCheckMemory$fin$0 000000018006eecc     LIBCMTD:dbgheap.obj
 0004:00001ed8       $pdata$?fin$0@?0??_CrtMemDumpAllObjectsSince_stat@@YAXPEBU_CrtMemState@@PEAUlocaleinfo_struct@@@Z@4HA 000000018006eed8     LIBCMTD:dbgheap.obj
 0004:00001ed8       $pdata$_CrtMemCheckpoint$fin$0 000000018006eed8     LIBCMTD:dbgheap.obj
 0004:00001ed8       $pdata$_heap_alloc_dbg_impl$fin$0 000000018006eed8     LIBCMTD:dbgheap.obj
 0004:00001ee4       $pdata$_free_dbg$fin$0     000000018006eee4     LIBCMTD:dbgheap.obj
 0004:00001ef0       $pdata$_realloc_dbg$fin$0  000000018006eef0     LIBCMTD:dbgheap.obj
 0004:00001ef0       $pdata$?fin$0@?0???3@YAXPEAX@Z@4HA 000000018006eef0     LIBCMTD:dbgheap.obj
 0004:00001ef0       $pdata$_msize_dbg$fin$0    000000018006eef0     LIBCMTD:dbgheap.obj
 0004:00001ef0       $pdata$_CrtSetDbgFlag$fin$0 000000018006eef0     LIBCMTD:dbgheap.obj
 0004:00001efc       $pdata$?dtor$0@?0??getSystemCP@@YAHH@Z@4HA 000000018006eefc     LIBCMTD:mbctype.obj
 0004:00001f08       $pdata$__updatetmbcinfo$fin$0 000000018006ef08     LIBCMTD:mbctype.obj
 0004:00001f08       $pdata$_setmbcp$fin$0      000000018006ef08     LIBCMTD:mbctype.obj
 0004:00001f14       $pdata$_initptd$fin$0      000000018006ef14     LIBCMTD:tidtable.obj
 0004:00001f14       $pdata$_freefls$fin$0      000000018006ef14     LIBCMTD:tidtable.obj
 0004:00001f20       $pdata$_freefls$fin$1      000000018006ef20     LIBCMTD:tidtable.obj
 0004:00001f20       $pdata$_initptd$fin$1      000000018006ef20     LIBCMTD:tidtable.obj
 0004:00001f2c       $pdata$_CallSETranslator$filt$0 000000018006ef2c     LIBCMTD:trnsctrl.obj
 0004:00001f38       $pdata$__updatetlocinfo$fin$0 000000018006ef38     LIBCMTD:wsetloca.obj
 0004:00001f38       $pdata$_locterm$fin$0      000000018006ef38     LIBCMTD:wsetloca.obj
 0004:00001f44       $pdata$doexit$fin$0        000000018006ef44     LIBCMTD:crt0dat.obj
 0004:00001f50       $pdata$fwprintf$fin$0      000000018006ef50     LIBCMTD:fwprintf.obj
 0004:00001f5c       $pdata$raise$fin$0         000000018006ef5c     LIBCMTD:winsig.obj
 0004:00001f68       $pdata$_ioinit$fin$0       000000018006ef68     LIBCMTD:ioinit.obj
 0004:00001f74       $pdata$_VCrtDbgReportA$fin$0 000000018006ef74     LIBCMTD:dbgrptt.obj
 0004:00001f80       $pdata$_VCrtDbgReportA$fin$1 000000018006ef80     LIBCMTD:dbgrptt.obj
 0004:00001f8c       $pdata$_VCrtDbgReportW$fin$0 000000018006ef8c     LIBCMTD:dbgrptt.obj
 0004:00001f98       $pdata$_VCrtDbgReportW$fin$1 000000018006ef98     LIBCMTD:dbgrptt.obj
 0004:00001fa4       $pdata$_fcloseall$fin$0    000000018006efa4     LIBCMTD:closeall.obj
 0004:00001fb0       $pdata$_mtinitlocknum$fin$0 000000018006efb0     LIBCMTD:osfinfo.obj
 0004:00001fb0       $pdata$__lock_fhandle$fin$0 000000018006efb0     LIBCMTD:osfinfo.obj
 0004:00001fbc       $pdata$_IsNonwritableInCurrentImage$filt$0 000000018006efbc     LIBCMTD:pesect.obj
 0004:00001fc8       $pdata$__BuildCatchObjectHelper$filt$0 000000018006efc8     LIBCMTD:frame.obj
 0004:00001fc8       $pdata$__BuildCatchObject$filt$0 000000018006efc8     LIBCMTD:frame.obj
 0004:00001fc8       $pdata$?filt$0@?0??terminate@@YAXXZ@4HA 000000018006efc8     LIBCMTD:frame.obj
 0004:00001fc8       $pdata$?filt$0@?0??_inconsistency@@YAXXZ@4HA 000000018006efc8     LIBCMTD:frame.obj
 0004:00001fc8       $pdata$?filt$0@?0??__crtIsBadReadPtr@@YAHPEBX_K@Z@4HA 000000018006efc8     LIBCMTD:frame.obj
 0004:00001fd4       $pdata$__CxxCallCatchBlock$filt$0 000000018006efd4     LIBCMTD:frame.obj
 0004:00001fe0       $pdata$__CxxCallCatchBlock$fin$1 000000018006efe0     LIBCMTD:frame.obj
 0004:00001fec       $pdata$__DestructExceptionObject$filt$0 000000018006efec     LIBCMTD:frame.obj
 0004:00001ff8       $pdata$__FrameUnwindToState$filt$0 000000018006eff8     LIBCMTD:frame.obj
 0004:00002004       $pdata$__FrameUnwindToState$fin$1 000000018006f004     LIBCMTD:frame.obj
 0004:00002010       $pdata$_onexit$fin$0       000000018006f010     LIBCMTD:onexit.obj
 0004:0000201c       $pdata$?dtor$0@?0??x_ismbbtype_l@@YAHPEAUlocaleinfo_struct@@IHH@Z@4HA 000000018006f01c     LIBCMTD:ismbbyte.obj
 0004:00002028       $pdata$setvbuf$fin$0       000000018006f028     LIBCMTD:fclose.obj
 0004:00002028       $pdata$fclose$fin$0        000000018006f028     LIBCMTD:fclose.obj
 0004:00002034       $pdata$?fin$0@?0??_Type_info_dtor@type_info@@CAXPEAV1@@Z@4HA 000000018006f034     LIBCMTD:typname.obj
