 dolphin

 Timestamp is 589ca819 (Thu Feb 09 20:34:17 2017)

 Preferred load address is 0000000180000000

 Start         Length     Name                   Class
 0001:00000000 0004f56cH .text$mn                CODE
 0001:0004f570 000006abH .text$x                 CODE
 0002:00000000 00000248H .idata$5                DATA
 0002:00000248 00000008H .CRT$XCA                DATA
 0002:00000250 00000008H .CRT$XCZ                DATA
 0002:00000258 00000008H .CRT$XIA                DATA
 0002:00000260 00000028H .CRT$XIC                DATA
 0002:00000288 00000008H .CRT$XIZ                DATA
 0002:00000290 00000008H .CRT$XPA                DATA
 0002:00000298 00000010H .CRT$XPX                DATA
 0002:000002a8 00000008H .CRT$XPXA               DATA
 0002:000002b0 00000008H .CRT$XPZ                DATA
 0002:000002b8 00000008H .CRT$XTA                DATA
 0002:000002c0 00000008H .CRT$XTZ                DATA
 0002:000002d0 0000fc60H .rdata                  DATA
 0002:0000ff30 00000070H .rdata$debug            DATA
 0002:0000ffa0 0000016cH .rdata$r                DATA
 0002:00010110 00000008H .rtc$IAA                DATA
 0002:00010118 00000008H .rtc$IZZ                DATA
 0002:00010120 00000008H .rtc$TAA                DATA
 0002:00010128 00000008H .rtc$TZZ                DATA
 0002:00010130 00001588H .xdata                  DATA
 0002:000116b8 00000084H .xdata$x                DATA
 0002:00011740 00000070H .edata                  DATA
 0002:000117b0 00000014H .idata$2                DATA
 0002:000117c4 00000014H .idata$3                DATA
 0002:000117d8 00000248H .idata$4                DATA
 0002:00011a20 00000556H .idata$6                DATA
 0003:00000000 00005ce8H .data                   DATA
 0003:00005ce8 00000070H .data$r                 DATA
 0003:00005d60 00002668H .bss                    DATA
 0004:00000000 00002010H .pdata                  DATA

  Address         Publics by Value              Rva+Base               Lib:Object

 0000:00000000       ___safe_se_handler_count   0000000000000000     <absolute>
 0000:00000000       ___safe_se_handler_table   0000000000000000     <absolute>
 0000:00000000       __guard_fids_table         0000000000000000     <absolute>
 0000:00000000       __guard_flags              0000000000000000     <absolute>
 0000:00000000       __guard_fids_count         0000000000000000     <absolute>
 0000:00000000       __ImageBase                0000000180000000     <linker-defined>
 0001:00000910       ?GameUpdateAndRenderStub@@YAXPEAUgame_memory@@PEAUgame_input@@PEAUgame_offscreen_buffer@@PEAUgame_sound_output_buffer@@@Z 0000000180001910 f   dolphin.obj
 0001:00000930       ?GameGetSoundSamplesStub@@YAXPEAUgame_memory@@PEAUgame_sound_output_buffer@@@Z 0000000180001930 f   dolphin.obj
 0001:000143b0       ?stbi__tga_read_rgb16@@YAXPEAUstbi__context@@PEAE@Z 00000001800153b0 f   dolphin.obj
 0001:00018640       GameUpdateAndRender        0000000180019640 f   dolphin.obj
 0001:000199c0       GameGetSoundSamples        000000018001a9c0 f   dolphin.obj
 0001:00019a20       ??D@YA?ATgdVec2@@MT0@@Z    000000018001aa20 f i dolphin.obj
 0001:00019a70       ??D@YA?ATgdVec2@@T0@M@Z    000000018001aa70 f i dolphin.obj
 0001:00019ac0       ??D@YA?ATgdVec3@@T0@M@Z    000000018001aac0 f i dolphin.obj
 0001:00019b60       ??G@YA?ATgdVec3@@T0@0@Z    000000018001ab60 f i dolphin.obj
 0001:00019c10       ??H@YA?ATgdVec2@@T0@0@Z    000000018001ac10 f i dolphin.obj
 0001:00019c60       ??H@YA?ATgdVec3@@T0@0@Z    000000018001ac60 f i dolphin.obj
 0001:00019d10       ??X@YAAEATgdVec3@@AEAT0@M@Z 000000018001ad10 f i dolphin.obj
 0001:00019db0       ?AtomicCompareExchangeUInt32@@YAIPECIII@Z 000000018001adb0 f i dolphin.obj
 0001:00019df0       ?BeginTemporaryMemory@@YA?AUtemporary_memory@@PEAUmemory_arena@@@Z 000000018001adf0 f i dolphin.obj
 0001:00019e50       ?EndTemporaryMemory@@YAXUtemporary_memory@@@Z 000000018001ae50 f i dolphin.obj
 0001:00019ec0       ?GetAlignmentOffset@@YA_KPEAUmemory_arena@@_K@Z 000000018001aec0 f i dolphin.obj
 0001:00019f40       ?GetBestMatchBitmapFrom@@YA?AUbitmap_id@@PEAUgame_assets@@W4asset_type_id@@PEAUasset_vector@@2@Z 000000018001af40 f i dolphin.obj
 0001:00019f80       ?GetBitmap@@YAPEAUloaded_bitmap@@PEAUgame_assets@@Ubitmap_id@@@Z 000000018001af80 f i dolphin.obj
 0001:00019fb0       ?GetBitmapDim@@YA?AUbitmap_dimension@@PEAUrender_group@@PEAUloaded_bitmap@@MTgdVec3@@M@Z 000000018001afb0 f i dolphin.obj
 0001:0001a1a0       ?GetChunkData@@YAPEAXUriff_iterator@@@Z 000000018001b1a0 f i dolphin.obj
 0001:0001a1d0       ?GetChunkDataSize@@YAIUriff_iterator@@@Z 000000018001b1d0 f i dolphin.obj
 0001:0001a200       ?GetFirstSoundFrom@@YA?AUsound_id@@PEAUgame_assets@@W4asset_type_id@@@Z 000000018001b200 f i dolphin.obj
 0001:0001a200       ?GetFirstBitmapFrom@@YA?AUbitmap_id@@PEAUgame_assets@@W4asset_type_id@@@Z 000000018001b200 f i dolphin.obj
 0001:0001a230       ?GetSound@@YAPEAUloaded_sound@@PEAUgame_assets@@Usound_id@@@Z 000000018001b230 f i dolphin.obj
 0001:0001a260       ?GetSoundInfo@@YAPEAUasset_sound_info@@PEAUgame_assets@@Usound_id@@@Z 000000018001b260 f i dolphin.obj
 0001:0001a2b0       ?GetType@@YAIUriff_iterator@@@Z 000000018001b2b0 f i dolphin.obj
 0001:0001a2e0       ?InitializeMemoryArena@@YAXPEAUmemory_arena@@_KPEAX@Z 000000018001b2e0 f i dolphin.obj
 0001:0001a320       ?IsValid@@YAHUriff_iterator@@@Z 000000018001b320 f i dolphin.obj
 0001:0001a360       ?IsValid@@YAHUsound_id@@@Z 000000018001b360 f i dolphin.obj
 0001:0001a390       ?Linear1ToSRGB255@@YA?ATgdVec4@@T1@@Z 000000018001b390 f i dolphin.obj
 0001:0001a460       ?NextChunk@@YA?AUriff_iterator@@U1@@Z 000000018001b460 f i dolphin.obj
 0001:0001a4d0       ?ParseChunkAt@@YA?AUriff_iterator@@PEAX0@Z 000000018001b4d0 f i dolphin.obj
 0001:0001a520       ?PrefetchSound@@YAXPEAUgame_assets@@Usound_id@@@Z 000000018001b520 f i dolphin.obj
 0001:0001a540       ?PushBitmap@@YAXPEAUrender_group@@PEAUloaded_bitmap@@MTgdVec3@@TgdVec4@@M@Z 000000018001b540 f i dolphin.obj
 0001:0001a770       ?PushBitmap@@YAXPEAUrender_group@@Ubitmap_id@@MTgdVec3@@TgdVec4@@M@Z 000000018001b770 f i dolphin.obj
 0001:0001a840       ?PushClear@@YAXPEAUrender_group@@TgdVec4@@@Z 000000018001b840 f i dolphin.obj
 0001:0001a890       ?PushRectangle@@YAXPEAUrender_group@@TgdVec3@@TgdVec2@@TgdVec4@@@Z 000000018001b890 f i dolphin.obj
 0001:0001a940       ?PushRectangleOutline@@YAXPEAUrender_group@@TgdVec3@@TgdVec2@@TgdVec4@@M@Z 000000018001b940 f i dolphin.obj
 0001:0001adf0       ?PushRenderElement_@@YAPEAXPEAUrender_group@@IW4render_group_entry_type@@@Z 000000018001bdf0 f i dolphin.obj
 0001:0001ae90       ?PushSize_@@YAPEAXPEAUmemory_arena@@_K1@Z 000000018001be90 f i dolphin.obj
 0001:0001af50       ?RenderRectangle@@YAXPEAUloaded_bitmap@@TgdVec2@@1TgdVec4@@UgdRect2i@@@Z 000000018001bf50 f i dolphin.obj
 0001:0001b280       ?RenderRectangleQuickly@@YAXPEAUloaded_bitmap@@TgdVec2@@110TgdVec4@@UgdRect2i@@@Z 000000018001c280 f i dolphin.obj
 0001:0001d900       ?RoundReal32ToInt32@@YAHM@Z 000000018001e900 f i dolphin.obj
 0001:0001d930       ?RoundReal32ToUInt32@@YAIM@Z 000000018001e930 f i dolphin.obj
 0001:0001d960       ?SRGB255ToLinear1@@YA?ATgdVec4@@T1@@Z 000000018001e960 f i dolphin.obj
 0001:0001da50       ?SafeRatio0@@YAMMM@Z       000000018001ea50 f i dolphin.obj
 0001:0001da90       ?SafeRatioN@@YAMMMM@Z      000000018001ea90 f i dolphin.obj
 0001:0001dae0       ?SubArena@@YAXPEAUmemory_arena@@0_K1@Z 000000018001eae0 f i dolphin.obj
 0001:0001db40       ?ldexp@@YAMMH@Z            000000018001eb40 f i dolphin.obj
 0001:0001db70       ?pow@@YAMMM@Z              000000018001eb70 f i dolphin.obj
 0001:0001dba0       ldexpf                     000000018001eba0 f i dolphin.obj
 0001:0001dbd0       feof                       000000018001ebd0 f   LIBCMTD:feoferr.obj
 0001:0001dc90       _fread_nolock_s            000000018001ec90 f   LIBCMTD:fread.obj
 0001:0001e5e0       fread                      000000018001f5e0 f   LIBCMTD:fread.obj
 0001:0001e630       fread_s                    000000018001f630 f   LIBCMTD:fread.obj
 0001:0001e780       _fseek_nolock              000000018001f780 f   LIBCMTD:fseek.obj
 0001:0001e8a0       fseek                      000000018001f8a0 f   LIBCMTD:fseek.obj
 0001:0001ea50       ldexp                      000000018001fa50 f   LIBCMTD:ldexp.obj
 0001:0001ed50       roundf                     000000018001fd50 f   LIBCMTD:roundf.obj
 0001:0001ede0       free                       000000018001fde0 f   LIBCMTD:dbgfree.obj
 0001:0001ee00       malloc                     000000018001fe00 f   LIBCMTD:dbgmalloc.obj
 0001:0001ee40       realloc                    000000018001fe40 f   LIBCMTD:dbgrealloc.obj
 0001:0001ee80       ??0_LocaleUpdate@@QEAA@PEAUlocaleinfo_struct@@@Z 000000018001fe80 f i LIBCMTD:strtol.obj
 0001:0001efc0       ??1_LocaleUpdate@@QEAA@XZ  000000018001ffc0 f i LIBCMTD:strtol.obj
 0001:0001f000       ?GetLocaleT@_LocaleUpdate@@QEAAPEAUlocaleinfo_struct@@XZ 0000000180020000 f i LIBCMTD:strtol.obj
 0001:0001f700       strtol                     0000000180020700 f   LIBCMTD:strtol.obj
 0001:0001f780       strncmp                    0000000180020780 f   LIBCMTD:strncmp.obj
 0001:0001f800       _invoke_watson_if_error    0000000180020800 f i LIBCMTD:wassert.obj
 0001:0001f850       _wassert                   0000000180020850 f   LIBCMTD:wassert.obj
 0001:00020730       __GSHandlerCheck           0000000180021730 f   LIBCMTD:gshandler.obj
 0001:00020770       __GSHandlerCheckCommon     0000000180021770 f   LIBCMTD:gshandler.obj
 0001:00020880       __chkstk                   0000000180021880 f   LIBCMTD:chkstk.obj
 0001:00020880       _alloca_probe              0000000180021880 f   LIBCMTD:chkstk.obj
 0001:000208e0       __security_check_cookie    00000001800218e0 f   LIBCMTD:amdsecgs.obj
 0001:00020900       cosf                       0000000180021900 f   LIBCMTD:cosf.obj
 0001:00020e00       powf                       0000000180021e00 f   LIBCMTD:powf.obj
 0001:00021990       sinf                       0000000180022990 f   LIBCMTD:sinf.obj
 0001:00022060       sqrtf                      0000000180023060 f   LIBCMTD:sqrtf.obj
 0001:000221e0       _fpmath                    00000001800231e0 f   LIBCMTD:fpinit.obj
 0001:00022200       _cfltcvt_init              0000000180023200 f   LIBCMTD:fpinit.obj
 0001:00022310       _CRT_INIT                  0000000180023310 f   LIBCMTD:dllcrt0.obj
 0001:00022530       _DllMainCRTStartup         0000000180023530 f   LIBCMTD:dllcrt0.obj
 0001:000226d0       __DllXcptFilter            00000001800236d0 f   LIBCMTD:dllcrt0.obj
 0001:00022720       _call_reportfault          0000000180023720 f   LIBCMTD:invarg.obj
 0001:00022850       _initp_misc_invarg         0000000180023850 f   LIBCMTD:invarg.obj
 0001:00022870       _invalid_parameter         0000000180023870 f   LIBCMTD:invarg.obj
 0001:00022900       _invoke_watson             0000000180023900 f   LIBCMTD:invarg.obj
 0001:00022960       _CrtDbgReportW             0000000180023960 f   LIBCMTD:dbgrptw.obj
 0001:000229e0       _CrtDbgReportWV            00000001800239e0 f i LIBCMTD:dbgrptw.obj
 0001:00022a40       __crtMessageWindowW        0000000180023a40 f   LIBCMTD:dbgrptw.obj
 0001:000230c0       _invoke_watson_if_oneof    00000001800240c0 f i LIBCMTD:dbgrptw.obj
 0001:00023130       __doserrno                 0000000180024130 f   LIBCMTD:dosmap.obj
 0001:00023160       _dosmaperr                 0000000180024160 f   LIBCMTD:dosmap.obj
 0001:00023190       _errno                     0000000180024190 f   LIBCMTD:dosmap.obj
 0001:000231c0       _get_errno_from_oserr      00000001800241c0 f   LIBCMTD:dosmap.obj
 0001:00023250       _filbuf                    0000000180024250 f   LIBCMTD:_filbuf.obj
 0001:00023570       _fileno                    0000000180024570 f   LIBCMTD:fileno.obj
 0001:00023630       __initstdio                0000000180024630 f   LIBCMTD:_file.obj
 0001:00023730       __endstdio                 0000000180024730 f   LIBCMTD:_file.obj
 0001:00023770       __iob_func                 0000000180024770 f   LIBCMTD:_file.obj
 0001:00023780       _lock_file                 0000000180024780 f   LIBCMTD:_file.obj
 0001:00023810       _lock_file2                0000000180024810 f   LIBCMTD:_file.obj
 0001:00023860       _unlock_file               0000000180024860 f   LIBCMTD:_file.obj
 0001:000238f0       _unlock_file2              00000001800248f0 f   LIBCMTD:_file.obj
 0001:00023940       memcpy_s                   0000000180024940 f   LIBCMTD:memcpy_s.obj
 0001:00023bc0       memset                     0000000180024bc0 f   LIBCMTD:memset.obj
 0001:00023df0       _read                      0000000180024df0 f   LIBCMTD:read.obj
 0001:00024150       _read_nolock               0000000180025150 f   LIBCMTD:read.obj
 0001:00025cb0       __C_specific_handler       0000000180026cb0 f   LIBCMTD:chandler.obj
 0001:000260d0       _ftell_nolock              00000001800270d0 f   LIBCMTD:ftell.obj
 0001:00026790       _lseek                     0000000180027790 f   LIBCMTD:lseek.obj
 0001:00026a30       _lseek_nolock              0000000180027a30 f   LIBCMTD:lseek.obj
 0001:00026bc0       _fflush_nolock             0000000180027bc0 f   LIBCMTD:fflush.obj
 0001:00026c40       _flush                     0000000180027c40 f   LIBCMTD:fflush.obj
 0001:00026d30       _flushall                  0000000180027d30 f   LIBCMTD:fflush.obj
 0001:00026d50       fflush                     0000000180027d50 f   LIBCMTD:fflush.obj
 0001:00026f10       _copysign                  0000000180027f10 f   LIBCMTD:_copysign.obj
 0001:00026fa0       _decomp                    0000000180027fa0 f   LIBCMTD:util.obj
 0001:000270f0       _set_exp                   00000001800280f0 f   LIBCMTD:util.obj
 0001:00027140       _sptype                    0000000180028140 f   LIBCMTD:util.obj
 0001:000271c0       _errcode                   00000001800281c0 f   LIBCMTD:fpexcept.obj
 0001:00027240       _except2                   0000000180028240 f   LIBCMTD:fpexcept.obj
 0001:00027400       _handle_exc                0000000180028400 f   LIBCMTD:fpexcept.obj
 0001:00027860       _handle_qnan2              0000000180028860 f   LIBCMTD:fpexcept.obj
 0001:000278f0       _raise_exc                 00000001800288f0 f   LIBCMTD:fpexcept.obj
 0001:00027950       _raise_exc_ex              0000000180028950 f   LIBCMTD:fpexcept.obj
 0001:00027fd0       _raise_excf                0000000180028fd0 f   LIBCMTD:fpexcept.obj
 0001:00028030       _set_errno_from_matherr    0000000180029030 f   LIBCMTD:fpexcept.obj
 0001:00028080       _umatherr                  0000000180029080 f   LIBCMTD:fpexcept.obj
 0001:00028150       _clrfp                     0000000180029150 f   LIBCMTD:fpctrl.obj
 0001:00028180       _ctrlfp                    0000000180029180 f   LIBCMTD:fpctrl.obj
 0001:00028230       _set_statfp                0000000180029230 f   LIBCMTD:fpctrl.obj
 0001:00028270       _statfp                    0000000180029270 f   LIBCMTD:fpctrl.obj
 0001:000282a0       _fd_int                    00000001800292a0 f   LIBCMTD:_test.obj
 0001:00028a00       _CrtCheckMemory            0000000180029a00 f   LIBCMTD:dbgheap.obj
 0001:00028fa0       _CrtDumpMemoryLeaks        0000000180029fa0 f   LIBCMTD:dbgheap.obj
 0001:00029060       _CrtGetCheckCount          000000018002a060 f   LIBCMTD:dbgheap.obj
 0001:00029070       _CrtIsValidHeapPointer     000000018002a070 f   LIBCMTD:dbgheap.obj
 0001:000290d0       _CrtIsValidPointer         000000018002a0d0 f   LIBCMTD:dbgheap.obj
 0001:00029110       _CrtMemCheckpoint          000000018002a110 f   LIBCMTD:dbgheap.obj
 0001:000293a0       _CrtMemDumpAllObjectsSince 000000018002a3a0 f   LIBCMTD:dbgheap.obj
 0001:000293f0       _CrtSetCheckCount          000000018002a3f0 f   LIBCMTD:dbgheap.obj
 0001:00029410       _CrtSetDbgFlag             000000018002a410 f   LIBCMTD:dbgheap.obj
 0001:00029550       _CrtSetDumpClient          000000018002a550 f   LIBCMTD:dbgheap.obj
 0001:00029580       _calloc_dbg                000000018002a580 f   LIBCMTD:dbgheap.obj
 0001:00029600       _calloc_dbg_impl           000000018002a600 f   LIBCMTD:dbgheap.obj
 0001:000296b0       _free_dbg                  000000018002a6b0 f   LIBCMTD:dbgheap.obj
 0001:000296f0       _free_dbg_nolock           000000018002a6f0 f   LIBCMTD:dbgheap.obj
 0001:0002a280       _malloc_dbg                000000018002b280 f   LIBCMTD:dbgheap.obj
 0001:0002a2d0       _msize_dbg                 000000018002b2d0 f   LIBCMTD:dbgheap.obj
 0001:0002a520       _nh_malloc_dbg             000000018002b520 f   LIBCMTD:dbgheap.obj
 0001:0002a8b0       _realloc_dbg               000000018002b8b0 f   LIBCMTD:dbgheap.obj
 0001:0002b220       __addlocaleref             000000018002c220 f   LIBCMTD:localref.obj
 0001:0002b370       __freetlocinfo             000000018002c370 f   LIBCMTD:localref.obj
 0001:0002b720       __removelocaleref          000000018002c720 f   LIBCMTD:localref.obj
 0001:0002b880       __updatetlocinfo           000000018002c880 f   LIBCMTD:localref.obj
 0001:0002b920       _updatetlocinfoEx_nolock   000000018002c920 f   LIBCMTD:localref.obj
 0001:0002b9c0       __initmbctable             000000018002c9c0 f   LIBCMTD:mbctype.obj
 0001:0002c050       __updatetmbcinfo           000000018002d050 f   LIBCMTD:mbctype.obj
 0001:0002c160       _setmbcp                   000000018002d160 f   LIBCMTD:mbctype.obj
 0001:0002c450       _setmbcp_nolock            000000018002d450 f   LIBCMTD:mbctype.obj
 0001:0002c8a0       _chvalidator               000000018002d8a0 f   LIBCMTD:isctype.obj
 0001:0002c910       _chvalidator_l             000000018002d910 f   LIBCMTD:isctype.obj
 0001:0002ca20       _isctype_l                 000000018002da20 f   LIBCMTD:isctype.obj
 0001:0002cc00       _freefls                   000000018002dc00 f   LIBCMTD:tidtable.obj
 0001:0002ce10       _freeptd                   000000018002de10 f   LIBCMTD:tidtable.obj
 0001:0002ce60       _getptd                    000000018002de60 f   LIBCMTD:tidtable.obj
 0001:0002ce90       _getptd_noexit             000000018002de90 f   LIBCMTD:tidtable.obj
 0001:0002cf60       _initptd                   000000018002df60 f   LIBCMTD:tidtable.obj
 0001:0002d090       _mtinit                    000000018002e090 f   LIBCMTD:tidtable.obj
 0001:0002d150       _mtterm                    000000018002e150 f   LIBCMTD:tidtable.obj
 0001:0002d210       ?_GetEstablisherFrame@@YAPEA_KPEA_KPEAU_xDISPATCHER_CONTEXT@@PEBU_s_FuncInfo@@0@Z 000000018002e210 f   LIBCMTD:trnsctrl.obj
 0001:0002d380       ?_GetRangeOfTrysToCheck@@YAPEBU_s_TryBlockMapEntry@@PEA_KPEBU_s_FuncInfo@@HHPEAI2PEAU_xDISPATCHER_CONTEXT@@@Z 000000018002e380 f   LIBCMTD:trnsctrl.obj
 0001:0002d5a0       ?__FrameUnwindToEmptyState@@YAXPEA_KPEAU_xDISPATCHER_CONTEXT@@PEBU_s_FuncInfo@@@Z 000000018002e5a0 f   LIBCMTD:trnsctrl.obj
 0001:0002d640       ?__SehTransFilter@@YAHPEAU_EXCEPTION_POINTERS@@PEAUEHExceptionRecord@@PEA_KPEAU_CONTEXT@@PEAU_xDISPATCHER_CONTEXT@@PEBU_s_FuncInfo@@PEAH@Z 000000018002e640 f   LIBCMTD:trnsctrl.obj
 0001:0002d700       _CallSETranslator          000000018002e700 f   LIBCMTD:trnsctrl.obj
 0001:0002d780       _CreateFrameInfo           000000018002e780 f   LIBCMTD:trnsctrl.obj
 0001:0002d800       _FindAndUnlinkFrame        000000018002e800 f   LIBCMTD:trnsctrl.obj
 0001:0002d890       _GetImageBase              000000018002e890 f   LIBCMTD:trnsctrl.obj
 0001:0002d8b0       _GetThrowImageBase         000000018002e8b0 f   LIBCMTD:trnsctrl.obj
 0001:0002d8d0       _IsExceptionObjectToBeDestroyed 000000018002e8d0 f   LIBCMTD:trnsctrl.obj
 0001:0002d930       _SetImageBase              000000018002e930 f   LIBCMTD:trnsctrl.obj
 0001:0002d950       _SetThrowImageBase         000000018002e950 f   LIBCMTD:trnsctrl.obj
 0001:0002d970       _UnwindNestedFrames        000000018002e970 f   LIBCMTD:trnsctrl.obj
 0001:0002dae0       __CxxFrameHandler3         000000018002eae0 f   LIBCMTD:trnsctrl.obj
 0001:0002dba0       _locterm                   000000018002eba0 f   LIBCMTD:wsetloca.obj
 0001:0002dbf0       __raise_securityfailure    000000018002ebf0 f   LIBCMTD:gs_report.obj
 0001:0002dc40       __report_gsfailure         000000018002ec40 f   LIBCMTD:gs_report.obj
 0001:0002dd20       __report_rangecheckfailure 000000018002ed20 f   LIBCMTD:gs_report.obj
 0001:0002dd40       __report_securityfailure   000000018002ed40 f   LIBCMTD:gs_report.obj
 0001:0002dde0       wcscat_s                   000000018002ede0 f   LIBCMTD:wcscat_s.obj
 0001:0002e410       wcscpy_s                   000000018002f410 f   LIBCMTD:wcscpy_s.obj
 0001:0002e8c0       wcslen                     000000018002f8c0 f   LIBCMTD:wcslen.obj
 0001:0002e910       wcsncat_s                  000000018002f910 f   LIBCMTD:wcsncat_s.obj
 0001:0002f0a0       __crtCorExitProcess        00000001800300a0 f   LIBCMTD:crt0dat.obj
 0001:0002f0f0       __crtExitProcess           00000001800300f0 f   LIBCMTD:crt0dat.obj
 0001:0002f110       __freeCrtMemory            0000000180030110 f   LIBCMTD:crt0dat.obj
 0001:0002f340       _amsg_exit                 0000000180030340 f   LIBCMTD:crt0dat.obj
 0001:0002f370       _cexit                     0000000180030370 f   LIBCMTD:crt0dat.obj
 0001:0002f390       _cinit                     0000000180030390 f   LIBCMTD:crt0dat.obj
 0001:0002f440       _exit                      0000000180030440 f   LIBCMTD:crt0dat.obj
 0001:0002f460       _init_pointers             0000000180030460 f   LIBCMTD:crt0dat.obj
 0001:0002f510       _initterm_e                0000000180030510 f   LIBCMTD:crt0dat.obj
 0001:0002f570       _lockexit                  0000000180030570 f   LIBCMTD:crt0dat.obj
 0001:0002f590       _unlockexit                0000000180030590 f   LIBCMTD:crt0dat.obj
 0001:0002f7c0       abort                      00000001800307c0 f   LIBCMTD:abort.obj
 0001:0002f850       _set_error_mode            0000000180030850 f   LIBCMTD:errmode.obj
 0001:0002f960       _itow_s                    0000000180030960 f   LIBCMTD:xtows.obj
 0001:0002ffb0       setvbuf                    0000000180030fb0 f   LIBCMTD:setvbuf.obj
 0001:00030360       fwprintf                   0000000180031360 f   LIBCMTD:fwprintf.obj
 0001:00030540       _vsnwprintf_s              0000000180031540 f   LIBCMTD:vswprnc.obj
 0001:00030590       _vsnwprintf_s_l            0000000180031590 f   LIBCMTD:vswprnc.obj
 0001:00030b40       _vswprintf_c_l             0000000180031b40 f   LIBCMTD:vswprnc.obj
 0001:00030bb0       _vswprintf_helper          0000000180031bb0 f   LIBCMTD:vswprnc.obj
 0001:00030f00       __get_sigabrt              0000000180031f00 f   LIBCMTD:winsig.obj
 0001:00030f20       _initp_misc_winsig         0000000180031f20 f   LIBCMTD:winsig.obj
 0001:00030f60       raise                      0000000180031f60 f   LIBCMTD:winsig.obj
 0001:000313d0       __crtMessageBoxW           00000001800323d0 f   LIBCMTD:crtmboxw.obj
 0001:00031840       __crtMessageBoxWaitThreadW 0000000180032840 f   LIBCMTD:crtmboxw.obj
 0001:00031890       _FF_MSGBANNER              0000000180032890 f   LIBCMTD:crt0msg.obj
 0001:000318e0       _GET_RTERRMSG              00000001800328e0 f   LIBCMTD:crt0msg.obj
 0001:00031940       _NMSG_WRITE                0000000180032940 f   LIBCMTD:crt0msg.obj
 0001:00031d70       __remainder_piby2d2f_forAsm 0000000180032d70 f   LIBCMTD:remainder_piby2f_forAsm.obj
 0001:00031ec0       __remainder_piby2_fma3     0000000180032ec0 f   LIBCMTD:remainder_piby2_forFMA3.obj
 0001:000320b0       __remainder_piby2_fma3_bdl 00000001800330b0 f   LIBCMTD:remainder_piby2_forFMA3.obj
 0001:00032130       _cosf_special              0000000180033130 f   LIBCMTD:sincos_special.obj
 0001:00032160       _sincosf_special           0000000180033160 f   LIBCMTD:sincos_special.obj
 0001:00032360       _sinf_special              0000000180033360 f   LIBCMTD:sincos_special.obj
 0001:00032390       __fma3_lib_init            0000000180033390 f   LIBCMTD:fma3_available.obj
 0001:00032410       _powf_special              0000000180033410 f   LIBCMTD:pow_special.obj
 0001:00032710       __remainder_piby2d2f_forC  0000000180033710 f   LIBCMTD:remainder_piby2f_forC.obj
 0001:00032a70       _handle_errorf             0000000180033a70 f   LIBCMTD:libm_error.obj
 0001:00032bf0       ?strrchr@@YAPEADPEADH@Z    0000000180033bf0 f i LIBCMTD:cvt.obj
 0001:00032c10       _cfltcvt                   0000000180033c10 f   LIBCMTD:cvt.obj
 0001:00032c60       _cfltcvt_l                 0000000180033c60 f   LIBCMTD:cvt.obj
 0001:00032d80       _cftoa_l                   0000000180033d80 f   LIBCMTD:cvt.obj
 0001:00033880       _cftoe                     0000000180034880 f   LIBCMTD:cvt.obj
 0001:00033ea0       _cftoe_l                   0000000180034ea0 f   LIBCMTD:cvt.obj
 0001:000345a0       _cftof_l                   00000001800355a0 f   LIBCMTD:cvt.obj
 0001:00034880       _cftog_l                   0000000180035880 f   LIBCMTD:cvt.obj
 0001:00034c40       _cropzeros                 0000000180035c40 f   LIBCMTD:cvt.obj
 0001:00034c60       _cropzeros_l               0000000180035c60 f   LIBCMTD:cvt.obj
 0001:00034de0       _fassign                   0000000180035de0 f   LIBCMTD:cvt.obj
 0001:00034e10       _fassign_l                 0000000180035e10 f   LIBCMTD:cvt.obj
 0001:00034e80       _forcdecpt                 0000000180035e80 f   LIBCMTD:cvt.obj
 0001:00034ea0       _forcdecpt_l               0000000180035ea0 f   LIBCMTD:cvt.obj
 0001:00034fa0       _positive                  0000000180035fa0 f   LIBCMTD:cvt.obj
 0001:00035030       _initp_misc_cfltcvt_tab    0000000180036030 f   LIBCMTD:cmiscdat.obj
 0001:00035080       _XcptFilter                0000000180036080 f   LIBCMTD:winxfltr.obj
 0001:00035320       __CppXcptFilter            0000000180036320 f   LIBCMTD:winxfltr.obj
 0001:000353e0       _heap_init                 00000001800363e0 f   LIBCMTD:heapinit.obj
 0001:00035410       _heap_term                 0000000180036410 f   LIBCMTD:heapinit.obj
 0001:00035420       _ioinit                    0000000180036420 f   LIBCMTD:ioinit.obj
 0001:00035a00       _ioterm                    0000000180036a00 f   LIBCMTD:ioinit.obj
 0001:00035ae0       _set_pgmptr                0000000180036ae0 f i LIBCMTD:stdargv.obj
 0001:00035b00       _setargv                   0000000180036b00 f   LIBCMTD:stdargv.obj
 0001:00036160       _setenvp                   0000000180037160 f   LIBCMTD:stdenvp.obj
 0001:00036370       __security_init_cookie     0000000180037370 f   LIBCMTD:gs_support.obj
 0001:00036490       DllMain                    0000000180037490 f   LIBCMTD:dllmain.obj
 0001:000364b0       __crtGetEnvironmentStringsA 00000001800374b0 f   LIBCMTD:a_env.obj
 0001:00036690       __crtCaptureCurrentContext 0000000180037690 f   LIBCMTD:winapisupp.obj
 0001:00036730       __crtCapturePreviousContext 0000000180037730 f   LIBCMTD:winapisupp.obj
 0001:000367f0       __crtFlsAlloc              00000001800377f0 f   LIBCMTD:winapisupp.obj
 0001:00036840       __crtFlsFree               0000000180037840 f   LIBCMTD:winapisupp.obj
 0001:00036890       __crtFlsGetValue           0000000180037890 f   LIBCMTD:winapisupp.obj
 0001:000368e0       __crtFlsSetValue           00000001800378e0 f   LIBCMTD:winapisupp.obj
 0001:00036940       __crtInitializeCriticalSectionEx 0000000180037940 f   LIBCMTD:winapisupp.obj
 0001:000369b0       __crtIsPackagedApp         00000001800379b0 f   LIBCMTD:winapisupp.obj
 0001:000369f0       __crtLoadWinApiPointers    00000001800379f0 f   LIBCMTD:winapisupp.obj
 0001:00036fe0       __crtTerminateProcess      0000000180037fe0 f   LIBCMTD:winapisupp.obj
 0001:00037000       __crtUnhandledException    0000000180038000 f   LIBCMTD:winapisupp.obj
 0001:00037030       _RTC_Initialize            0000000180038030 f   LIBCMTD:initsect.obj
 0001:00037070       _RTC_Terminate             0000000180038070 f   LIBCMTD:initsect.obj
 0001:000370b0       _CrtDefaultAllocHook       00000001800380b0 f   LIBCMTD:dbghook.obj
 0001:000370d0       __crt_debugger_hook        00000001800380d0 f   LIBCMTD:dbghook.obj
 0001:000370e0       _lock                      00000001800380e0 f   LIBCMTD:mlock.obj
 0001:00037140       _mtdeletelocks             0000000180038140 f   LIBCMTD:mlock.obj
 0001:00037260       _mtinitlocknum             0000000180038260 f   LIBCMTD:mlock.obj
 0001:00037360       _mtinitlocks               0000000180038360 f   LIBCMTD:mlock.obj
 0001:00037400       _unlock                    0000000180038400 f   LIBCMTD:mlock.obj
 0001:00037430       _snwprintf_s               0000000180038430 f   LIBCMTD:swprintf.obj
 0001:00037490       _CrtDbgBreak               0000000180038490 f   LIBCMTD:dbgrptt.obj
 0001:000374a0       _VCrtDbgReportA            00000001800384a0 f   LIBCMTD:dbgrptt.obj
 0001:00037e70       _VCrtDbgReportW            0000000180038e70 f   LIBCMTD:dbgrptt.obj
 0001:000389b0       _getbuf                    00000001800399b0 f   LIBCMTD:_getbuf.obj
 0001:00038ac0       _fcloseall                 0000000180039ac0 f   LIBCMTD:closeall.obj
 0001:00038bd0       memcpy                     0000000180039bd0 f   LIBCMTD:memcpy.obj
 0001:00038bd0       memmove                    0000000180039bd0 f   LIBCMTD:memcpy.obj
 0001:00039140       __isa_available_init       000000018003a140 f   LIBCMTD:cpu_disp.obj
 0001:00039480       _isatty                    000000018003a480 f   LIBCMTD:isatty.obj
 0001:00039590       __lock_fhandle             000000018003a590 f   LIBCMTD:osfinfo.obj
 0001:00039660       _free_osfhnd               000000018003a660 f   LIBCMTD:osfinfo.obj
 0001:00039790       _get_osfhandle             000000018003a790 f   LIBCMTD:osfinfo.obj
 0001:00039990       _unlock_fhandle            000000018003a990 f   LIBCMTD:osfinfo.obj
 0001:000399d0       _lseeki64                  000000018003a9d0 f   LIBCMTD:lseeki64.obj
 0001:00039c80       _lseeki64_nolock           000000018003ac80 f   LIBCMTD:lseeki64.obj
 0001:00039db0       _local_unwind              000000018003adb0 f   LIBCMTD:jmpuwind.obj
 0001:00039de0       _NLG_Notify                000000018003ade0 f   LIBCMTD:jmpuwind.obj
 0001:00039e00       __NLG_Dispatch2            000000018003ae00 f   LIBCMTD:jmpuwind.obj
 0001:00039e10       __NLG_Return2              000000018003ae10 f   LIBCMTD:jmpuwind.obj
 0001:00039e20       _FindPESection             000000018003ae20 f   LIBCMTD:pesect.obj
 0001:00039ed0       _IsNonwritableInCurrentImage 000000018003aed0 f   LIBCMTD:pesect.obj
 0001:00039f60       _ValidateImageBase         000000018003af60 f   LIBCMTD:pesect.obj
 0001:00039fe0       _commit                    000000018003afe0 f   LIBCMTD:commit.obj
 0001:0003a270       _write                     000000018003b270 f   LIBCMTD:write.obj
 0001:0003a510       _write_nolock              000000018003b510 f   LIBCMTD:write.obj
 0001:0003b650       _matherr                   000000018003c650 f   LIBCMTD:matherr.obj
 0001:0003b670       _get_fpsr                  000000018003c670 f   LIBCMTD:fpsr.obj
 0001:0003b680       _set_fpsr                  000000018003c680 f   LIBCMTD:fpsr.obj
 0001:0003b68a       _fclrf                     000000018003c68a f   LIBCMTD:fpsr.obj
 0001:0003b69e       _frnd                      000000018003c69e f   LIBCMTD:fpsr.obj
 0001:0003b6c0       _free_base                 000000018003c6c0 f   LIBCMTD:free.obj
 0001:0003b720       _realloc_base              000000018003c720 f   LIBCMTD:realloc.obj
 0001:0003b840       _expand_base               000000018003c840 f   LIBCMTD:expand.obj
 0001:0003ba20       _CrtDbgReport              000000018003ca20 f   LIBCMTD:dbgrpt.obj
 0001:0003baa0       _CrtDbgReportV             000000018003caa0 f i LIBCMTD:dbgrpt.obj
 0001:0003bb00       __crtMessageWindowA        000000018003cb00 f   LIBCMTD:dbgrpt.obj
 0001:0003c180       _callnewh                  000000018003d180 f   LIBCMTD:handler.obj
 0001:0003c1c0       _initp_heap_handler        000000018003d1c0 f   LIBCMTD:handler.obj
 0001:0003c1e0       _heapchk                   000000018003d1e0 f   LIBCMTD:heapchk.obj
 0001:0003c220       _snprintf_s                000000018003d220 f   LIBCMTD:sprintf.obj
 0001:0003c280       sprintf_s                  000000018003d280 f   LIBCMTD:sprintf.obj
 0001:0003c2d0       _heap_alloc_base           000000018003d2d0 f i LIBCMTD:malloc.obj
 0001:0003c340       _malloc_base               000000018003d340 f   LIBCMTD:malloc.obj
 0001:0003c3e0       __free_lconv_mon           000000018003d3e0 f   LIBCMTD:initmon.obj
 0001:0003c5f0       __free_lconv_num           000000018003d5f0 f   LIBCMTD:initnum.obj
 0001:0003c6d0       __free_lc_time             000000018003d6d0 f   LIBCMTD:inittime.obj
 0001:0003d610       _MallocaIsSizeInRange      000000018003e610 f i LIBCMTD:a_map.obj
 0001:0003d650       _MarkAllocaS               000000018003e650 f i LIBCMTD:a_map.obj
 0001:0003d680       __crtLCMapStringA          000000018003e680 f   LIBCMTD:a_map.obj
 0001:0003d730       _freea                     000000018003e730 f i LIBCMTD:a_map.obj
 0001:0003d980       __crtGetStringTypeA        000000018003e980 f   LIBCMTD:a_str.obj
 0001:0003da10       _isleadbyte_l              000000018003ea10 f i LIBCMTD:_wctype.obj
 0001:0003da70       isleadbyte                 000000018003ea70 f i LIBCMTD:_wctype.obj
 0001:0003da90       __DestructExceptionObject  000000018003ea90 f   LIBCMTD:frame.obj
 0001:0003db80       ??0bad_exception@std@@QEAA@AEBV01@@Z 000000018003eb80 f i LIBCMTD:frame.obj
 0001:0003dbc0       ??0bad_exception@std@@QEAA@PEBD@Z 000000018003ebc0 f i LIBCMTD:frame.obj
 0001:0003dc00       ??1bad_exception@std@@UEAA@XZ 000000018003ec00 f i LIBCMTD:frame.obj
 0001:0003dc30       ??_Ebad_exception@std@@UEAAPEAXI@Z 000000018003ec30 f i LIBCMTD:frame.obj
 0001:0003dc30       ??_Gbad_exception@std@@UEAAPEAXI@Z 000000018003ec30 f i LIBCMTD:frame.obj
 0001:0003ec00       __AdjustPointer            000000018003fc00 f   LIBCMTD:frame.obj
 0001:0003ec80       __BuildCatchObject         000000018003fc80 f   LIBCMTD:frame.obj
 0001:0003edc0       __BuildCatchObjectHelper   000000018003fdc0 f   LIBCMTD:frame.obj
 0001:0003f1f0       __CxxCallCatchBlock        00000001800401f0 f   LIBCMTD:frame.obj
 0001:0003f460       __FrameUnwindFilter        0000000180040460 f   LIBCMTD:frame.obj
 0001:0003f4f0       __FrameUnwindToState       00000001800404f0 f   LIBCMTD:frame.obj
 0001:0003f750       __InternalCxxFrameHandler  0000000180040750 f   LIBCMTD:frame.obj
 0001:0003fb70       __TypeMatch                0000000180040b70 f   LIBCMTD:frame.obj
 0001:0003fd60       ?__GetCurrentState@@YAHPEA_KPEAU_xDISPATCHER_CONTEXT@@PEBU_s_FuncInfo@@@Z 0000000180040d60 f   LIBCMTD:ehstate.obj
 0001:0003fdc0       ?__GetUnwindTryBlock@@YAHPEA_KPEAU_xDISPATCHER_CONTEXT@@PEBU_s_FuncInfo@@@Z 0000000180040dc0 f   LIBCMTD:ehstate.obj
 0001:0003fe10       ?__SetState@@YAXPEA_KPEAU_xDISPATCHER_CONTEXT@@PEBU_s_FuncInfo@@H@Z 0000000180040e10 f   LIBCMTD:ehstate.obj
 0001:0003fe40       ?__SetUnwindTryBlock@@YAXPEA_KPEAU_xDISPATCHER_CONTEXT@@PEBU_s_FuncInfo@@H@Z 0000000180040e40 f   LIBCMTD:ehstate.obj
 0001:0003feb0       ?__StateFromControlPc@@YAHPEBU_s_FuncInfo@@PEAU_xDISPATCHER_CONTEXT@@@Z 0000000180040eb0 f   LIBCMTD:ehstate.obj
 0001:0003fee0       ?__StateFromIp@@YAHPEBU_s_FuncInfo@@PEAU_xDISPATCHER_CONTEXT@@_J@Z 0000000180040ee0 f   LIBCMTD:ehstate.obj
 0001:0003ffc0       ?_inconsistency@@YAXXZ     0000000180040fc0 f   LIBCMTD:hooks.obj
 0001:0003fff0       ?terminate@@YAXXZ          0000000180040ff0 f   LIBCMTD:hooks.obj
 0001:00040020       _initp_eh_hooks            0000000180041020 f   LIBCMTD:hooks.obj
 0001:00040060       memcmp                     0000000180041060 f   LIBCMTD:memcmp.obj
 0001:00040130       wcsncpy_s                  0000000180041130 f   LIBCMTD:wcsncpy_s.obj
 0001:000407d0       GetTableIndexFromLocaleName 00000001800417d0 f   LIBCMTD:winapinls.obj
 0001:00040880       __crtDownlevelLocaleNameToLCID 0000000180041880 f   LIBCMTD:winapinls.obj
 0001:000408e0       __crtLCMapStringEx         00000001800418e0 f   LIBCMTD:winapinls.obj
 0001:000409c0       __wcsnicmp_ascii           00000001800419c0 f   LIBCMTD:winapinls.obj
 0001:00040ad0       __onexitinit               0000000180041ad0 f   LIBCMTD:onexit.obj
 0001:00040b40       _onexit                    0000000180041b40 f   LIBCMTD:onexit.obj
 0001:00040d50       atexit                     0000000180041d50 f   LIBCMTD:onexit.obj
 0001:00040d90       _initp_misc_purevirt       0000000180041d90 f   LIBCMTD:inithelp.obj
 0001:00040db0       _initp_misc_rand_s         0000000180041db0 f   LIBCMTD:rand_s.obj
 0001:00040dd0       _ftbuf                     0000000180041dd0 f   LIBCMTD:_sftbuf.obj
 0001:00040e90       _stbuf                     0000000180041e90 f   LIBCMTD:_sftbuf.obj
 0001:00041070       _freebuf                   0000000180042070 f   LIBCMTD:_freebuf.obj
 0001:00041130       _woutput_l                 0000000180042130 f   LIBCMTD:woutput.obj
 0001:000426a0       get_int64_arg              00000001800436a0 f i LIBCMTD:woutput.obj
 0001:00042710       get_int_arg                0000000180043710 f i LIBCMTD:woutput.obj
 0001:00042940       _flsbuf                    0000000180043940 f   LIBCMTD:_flsbuf.obj
 0001:00042ce0       _woutput_s_l               0000000180043ce0 f   LIBCMTD:woutputs.obj
 0001:00044410       strlen                     0000000180045410 f   LIBCMTD:strlen.obj
 0001:000444c0       _isdigit_l                 00000001800454c0 f i LIBCMTD:_ctype.obj
 0001:00044560       isdigit                    0000000180045560 f i LIBCMTD:_ctype.obj
 0001:000445a0       _tolower_l                 00000001800455a0 f   LIBCMTD:tolower.obj
 0001:00044900       tolower                    0000000180045900 f   LIBCMTD:tolower.obj
 0001:00044950       strcpy_s                   0000000180045950 f   LIBCMTD:strcpy_s.obj
 0001:00044df0       strrchr                    0000000180045df0 f   LIBCMTD:strrchr.obj
 0001:00045210       _fptostr                   0000000180046210 f   LIBCMTD:_fptostr.obj
 0001:00045670       __crt_atoflt_l             0000000180046670 f   LIBCMTD:atodbl.obj
 0001:00045810       _atodbl_l                  0000000180046810 f   LIBCMTD:atodbl.obj
 0001:00045990       _atoflt_l                  0000000180046990 f   LIBCMTD:atodbl.obj
 0001:000459c0       __dtold                    00000001800469c0 f   LIBCMTD:cfout.obj
 0001:00045b70       _fltout2                   0000000180046b70 f   LIBCMTD:cfout.obj
 0001:00045c80       _fptrap                    0000000180046c80 f   LIBCMTD:crt0fp.obj
 0001:00045d70       _ismbblead                 0000000180046d70 f   LIBCMTD:ismbbyte.obj
 0001:00045da0       strcat_s                   0000000180046da0 f   LIBCMTD:strcat_s.obj
 0001:000463b0       _itoa_s                    00000001800473b0 f   LIBCMTD:xtoas.obj
 0001:000469e0       _mbstowcs_l_helper         00000001800479e0 f   LIBCMTD:mbstowcs.obj
 0001:00046f50       _mbstowcs_s_l              0000000180047f50 f   LIBCMTD:mbstowcs.obj
 0001:000474e0       mbstowcs_s                 00000001800484e0 f   LIBCMTD:mbstowcs.obj
 0001:000475c0       _wcstombs_l_helper         00000001800485c0 f   LIBCMTD:wcstombs.obj
 0001:00047dd0       _wcstombs_s_l              0000000180048dd0 f   LIBCMTD:wcstombs.obj
 0001:000482d0       wcstombs_s                 00000001800492d0 f   LIBCMTD:wcstombs.obj
 0001:00048320       _vsnprintf_helper          0000000180049320 f   LIBCMTD:vsnprnc.obj
 0001:00048600       _vsnprintf_s               0000000180049600 f   LIBCMTD:vsnprnc.obj
 0001:00048650       _vsnprintf_s_l             0000000180049650 f   LIBCMTD:vsnprnc.obj
 0001:00048bf0       _vsprintf_s_l              0000000180049bf0 f   LIBCMTD:vsnprnc.obj
 0001:00048f80       __GSHandlerCheck_SEH       0000000180049f80 f   LIBCMTD:gshandlerseh.obj
 0001:00049040       _fclose_nolock             000000018004a040 f   LIBCMTD:fclose.obj
 0001:00049190       fclose                     000000018004a190 f   LIBCMTD:fclose.obj
 0001:00049290       _mbtowc_l                  000000018004a290 f   LIBCMTD:mbtowc.obj
 0001:000495d0       mbtowc                     000000018004a5d0 f   LIBCMTD:mbtowc.obj
 0001:00049600       _putwch_nolock             000000018004a600 f   LIBCMTD:putwch.obj
 0001:00049670       get_short_arg              000000018004a670 f i LIBCMTD:output.obj
 0001:000496e0       ??3@YAXPEAX@Z              000000018004a6e0 f   LIBCMTD:dbgdel.obj
 0001:000497c0       strcmp                     000000018004a7c0 f   LIBCMTD:strcmp.obj
 0001:00049830       ?_ValidateExecute@@YAHP6A_JXZ@Z 000000018004a830 f   LIBCMTD:validate.obj
 0001:00049860       ?_ValidateWrite@@YAHPEAXI@Z 000000018004a860 f   LIBCMTD:validate.obj
 0001:00049860       ?_ValidateRead@@YAHPEBXI@Z 000000018004a860 f   LIBCMTD:validate.obj
 0001:000498a0       _CallSettingFrame          000000018004a8a0 f   LIBCMTD:handlers.obj
 0001:000498e0       _GetNextInstrOffset        000000018004a8e0 f   LIBCMTD:handlers.obj
 0001:000498f0       ??1type_info@@UEAA@XZ      000000018004a8f0 f   LIBCMTD:typinfo.obj
 0001:00049920       ??8type_info@@QEBA_NAEBV0@@Z 000000018004a920 f   LIBCMTD:typinfo.obj
 0001:00049970       ??_Etype_info@@UEAAPEAXI@Z 000000018004a970 f i LIBCMTD:typinfo.obj
 0001:00049970       ??_Gtype_info@@UEAAPEAXI@Z 000000018004a970 f i LIBCMTD:typinfo.obj
 0001:000499b0       ??0exception@std@@QEAA@AEBQEBD@Z 000000018004a9b0 f   LIBCMTD:stdexcpt.obj
 0001:00049a00       ??0exception@std@@QEAA@AEBV01@@Z 000000018004aa00 f   LIBCMTD:stdexcpt.obj
 0001:00049a50       ??1exception@std@@UEAA@XZ  000000018004aa50 f   LIBCMTD:stdexcpt.obj
 0001:00049a80       ??4exception@std@@QEAAAEAV01@AEBV01@@Z 000000018004aa80 f   LIBCMTD:stdexcpt.obj
 0001:00049af0       ??_Eexception@std@@UEAAPEAXI@Z 000000018004aaf0 f i LIBCMTD:stdexcpt.obj
 0001:00049af0       ??_Gexception@std@@UEAAPEAXI@Z 000000018004aaf0 f i LIBCMTD:stdexcpt.obj
 0001:00049b30       ?_Copy_str@exception@std@@AEAAXPEBD@Z 000000018004ab30 f   LIBCMTD:stdexcpt.obj
 0001:00049ba0       ?_Tidy@exception@std@@AEAAXXZ 000000018004aba0 f   LIBCMTD:stdexcpt.obj
 0001:00049be0       ?what@exception@std@@UEBAPEBDXZ 000000018004abe0 f   LIBCMTD:stdexcpt.obj
 0001:00049c20       _CxxThrowException         000000018004ac20 f   LIBCMTD:throw.obj
 0001:00049d40       _get_printf_count_output   000000018004ad40 f   LIBCMTD:printf.obj
 0001:00049d70       _fputwc_nolock             000000018004ad70 f   LIBCMTD:fputwc.obj
 0001:0004a1d0       _output_s_l                000000018004b1d0 f   LIBCMTD:outputs.obj
 0001:0004bdb0       _CopyMan                   000000018004cdb0 f i LIBCMTD:intrncvt.obj
 0001:0004be20       _FillZeroMan               000000018004ce20 f i LIBCMTD:intrncvt.obj
 0001:0004be60       _IncMan                    000000018004ce60 f i LIBCMTD:intrncvt.obj
 0001:0004bf40       _IsZeroMan                 000000018004cf40 f i LIBCMTD:intrncvt.obj
 0001:0004bf80       _RoundMan                  000000018004cf80 f i LIBCMTD:intrncvt.obj
 0001:0004c090       _ShrMan                    000000018004d090 f i LIBCMTD:intrncvt.obj
 0001:0004c1d0       _ZeroTail                  000000018004d1d0 f i LIBCMTD:intrncvt.obj
 0001:0004c280       __addl                     000000018004d280 f i LIBCMTD:intrncvt.obj
 0001:0004c2e0       _ld12cvt                   000000018004d2e0 f i LIBCMTD:intrncvt.obj
 0001:0004c650       _ld12tod                   000000018004d650 f   LIBCMTD:intrncvt.obj
 0001:0004c680       _ld12tof                   000000018004d680 f   LIBCMTD:intrncvt.obj
 0001:0004c6b0       __ld12mul                  000000018004d6b0 f i LIBCMTD:strgtold.obj
 0001:0004cc20       __multtenpow12             000000018004dc20 f i LIBCMTD:strgtold.obj
 0001:0004cd50       __shl_12                   000000018004dd50 f i LIBCMTD:strgtold.obj
 0001:0004cdf0       __shr_12                   000000018004ddf0 f i LIBCMTD:strgtold.obj
 0001:0004ce90       __strgtold12_l             000000018004de90 f   LIBCMTD:strgtold.obj
 0001:0004dc70       $I10_OUTPUT                000000018004ec70 f   LIBCMTD:x10fout.obj
 0001:0004e530       __add_12                   000000018004f530 f i LIBCMTD:x10fout.obj
 0001:0004e610       _close                     000000018004f610 f   LIBCMTD:close.obj
 0001:0004e890       _close_nolock              000000018004f890 f   LIBCMTD:close.obj
 0001:0004e9a0       __termconout               000000018004f9a0 f   LIBCMTD:initcon.obj
 0001:0004e9d0       __initconout               000000018004f9d0 f   LIBCMTD:initcon.obj
 0001:0004ea20       _wctomb_s_l                000000018004fa20 f   LIBCMTD:wctomb.obj
 0001:0004eec0       wctomb_s                   000000018004fec0 f   LIBCMTD:wctomb.obj
 0001:0004ef10       ?_Type_info_dtor@type_info@@CAXPEAV1@@Z 000000018004ff10 f   LIBCMTD:typname.obj
 0001:0004f020       _flswbuf                   0000000180050020 f   LIBCMTD:_flswbuf.obj
 0001:0004f3d0       __mtold12                  00000001800503d0 f   LIBCMTD:mantold.obj
 0001:0004f560       IsProcessorFeaturePresent  0000000180050560 f   kernel32:KERNEL32.dll
 0001:0004f566       RtlUnwindEx                0000000180050566 f   kernel32:KERNEL32.dll
 0002:00000000       __imp_GetStdHandle         0000000180051000     kernel32:KERNEL32.dll
 0002:00000008       __imp_GetFileType          0000000180051008     kernel32:KERNEL32.dll
 0002:00000010       __imp_GetModuleFileNameW   0000000180051010     kernel32:KERNEL32.dll
 0002:00000018       __imp_GetModuleHandleExW   0000000180051018     kernel32:KERNEL32.dll
 0002:00000020       __imp_WriteConsoleW        0000000180051020     kernel32:KERNEL32.dll
 0002:00000028       __imp_GetCommandLineA      0000000180051028     kernel32:KERNEL32.dll
 0002:00000030       __imp_GetCurrentThreadId   0000000180051030     kernel32:KERNEL32.dll
 0002:00000038       __imp_IsDebuggerPresent    0000000180051038     kernel32:KERNEL32.dll
 0002:00000040       __imp_EncodePointer        0000000180051040     kernel32:KERNEL32.dll
 0002:00000048       __imp_DecodePointer        0000000180051048     kernel32:KERNEL32.dll
 0002:00000050       __imp_IsProcessorFeaturePresent 0000000180051050     kernel32:KERNEL32.dll
 0002:00000058       __imp_EnterCriticalSection 0000000180051058     kernel32:KERNEL32.dll
 0002:00000060       __imp_LeaveCriticalSection 0000000180051060     kernel32:KERNEL32.dll
 0002:00000068       __imp_ReadFile             0000000180051068     kernel32:KERNEL32.dll
 0002:00000070       __imp_GetLastError         0000000180051070     kernel32:KERNEL32.dll
 0002:00000078       __imp_MultiByteToWideChar  0000000180051078     kernel32:KERNEL32.dll
 0002:00000080       __imp_GetConsoleMode       0000000180051080     kernel32:KERNEL32.dll
 0002:00000088       __imp_ReadConsoleW         0000000180051088     kernel32:KERNEL32.dll
 0002:00000090       __imp_RtlUnwindEx          0000000180051090     kernel32:KERNEL32.dll
 0002:00000098       __imp_SetFilePointerEx     0000000180051098     kernel32:KERNEL32.dll
 0002:000000a0       __imp_RaiseException       00000001800510a0     kernel32:KERNEL32.dll
 0002:000000a8       __imp_HeapSize             00000001800510a8     kernel32:KERNEL32.dll
 0002:000000b0       __imp_HeapValidate         00000001800510b0     kernel32:KERNEL32.dll
 0002:000000b8       __imp_GetSystemInfo        00000001800510b8     kernel32:KERNEL32.dll
 0002:000000c0       __imp_IsValidCodePage      00000001800510c0     kernel32:KERNEL32.dll
 0002:000000c8       __imp_GetACP               00000001800510c8     kernel32:KERNEL32.dll
 0002:000000d0       __imp_GetOEMCP             00000001800510d0     kernel32:KERNEL32.dll
 0002:000000d8       __imp_GetCPInfo            00000001800510d8     kernel32:KERNEL32.dll
 0002:000000e0       __imp_SetLastError         00000001800510e0     kernel32:KERNEL32.dll
 0002:000000e8       __imp_RtlLookupFunctionEntry 00000001800510e8     kernel32:KERNEL32.dll
 0002:000000f0       __imp_ExitProcess          00000001800510f0     kernel32:KERNEL32.dll
 0002:000000f8       __imp_GetProcAddress       00000001800510f8     kernel32:KERNEL32.dll
 0002:00000100       __imp_WideCharToMultiByte  0000000180051100     kernel32:KERNEL32.dll
 0002:00000108       __imp_OutputDebugStringW   0000000180051108     kernel32:KERNEL32.dll
 0002:00000110       __imp_WaitForSingleObjectEx 0000000180051110     kernel32:KERNEL32.dll
 0002:00000118       __imp_CreateThread         0000000180051118     kernel32:KERNEL32.dll
 0002:00000120       __imp_LoadLibraryExW       0000000180051120     kernel32:KERNEL32.dll
 0002:00000128       __imp_WriteFile            0000000180051128     kernel32:KERNEL32.dll
 0002:00000130       __imp_GetProcessHeap       0000000180051130     kernel32:KERNEL32.dll
 0002:00000138       __imp_DeleteCriticalSection 0000000180051138     kernel32:KERNEL32.dll
 0002:00000140       __imp_GetStartupInfoW      0000000180051140     kernel32:KERNEL32.dll
 0002:00000148       __imp_GetModuleFileNameA   0000000180051148     kernel32:KERNEL32.dll
 0002:00000150       __imp_QueryPerformanceCounter 0000000180051150     kernel32:KERNEL32.dll
 0002:00000158       __imp_GetCurrentProcessId  0000000180051158     kernel32:KERNEL32.dll
 0002:00000160       __imp_GetSystemTimeAsFileTime 0000000180051160     kernel32:KERNEL32.dll
 0002:00000168       __imp_GetEnvironmentStringsW 0000000180051168     kernel32:KERNEL32.dll
 0002:00000170       __imp_FreeEnvironmentStringsW 0000000180051170     kernel32:KERNEL32.dll
 0002:00000178       __imp_RtlCaptureContext    0000000180051178     kernel32:KERNEL32.dll
 0002:00000180       __imp_RtlVirtualUnwind     0000000180051180     kernel32:KERNEL32.dll
 0002:00000188       __imp_UnhandledExceptionFilter 0000000180051188     kernel32:KERNEL32.dll
 0002:00000190       __imp_SetUnhandledExceptionFilter 0000000180051190     kernel32:KERNEL32.dll
 0002:00000198       __imp_InitializeCriticalSectionAndSpinCount 0000000180051198     kernel32:KERNEL32.dll
 0002:000001a0       __imp_GetCurrentProcess    00000001800511a0     kernel32:KERNEL32.dll
 0002:000001a8       __imp_TerminateProcess     00000001800511a8     kernel32:KERNEL32.dll
 0002:000001b0       __imp_TlsAlloc             00000001800511b0     kernel32:KERNEL32.dll
 0002:000001b8       __imp_TlsGetValue          00000001800511b8     kernel32:KERNEL32.dll
 0002:000001c0       __imp_TlsSetValue          00000001800511c0     kernel32:KERNEL32.dll
 0002:000001c8       __imp_TlsFree              00000001800511c8     kernel32:KERNEL32.dll
 0002:000001d0       __imp_GetModuleHandleW     00000001800511d0     kernel32:KERNEL32.dll
 0002:000001d8       __imp_OutputDebugStringA   00000001800511d8     kernel32:KERNEL32.dll
 0002:000001e0       __imp_SetStdHandle         00000001800511e0     kernel32:KERNEL32.dll
 0002:000001e8       __imp_FlushFileBuffers     00000001800511e8     kernel32:KERNEL32.dll
 0002:000001f0       __imp_GetConsoleCP         00000001800511f0     kernel32:KERNEL32.dll
 0002:000001f8       __imp_HeapFree             00000001800511f8     kernel32:KERNEL32.dll
 0002:00000200       __imp_HeapReAlloc          0000000180051200     kernel32:KERNEL32.dll
 0002:00000208       __imp_HeapQueryInformation 0000000180051208     kernel32:KERNEL32.dll
 0002:00000210       __imp_HeapAlloc            0000000180051210     kernel32:KERNEL32.dll
 0002:00000218       __imp_GetStringTypeW       0000000180051218     kernel32:KERNEL32.dll
 0002:00000220       __imp_RtlPcToFileHeader    0000000180051220     kernel32:KERNEL32.dll
 0002:00000228       __imp_LCMapStringW         0000000180051228     kernel32:KERNEL32.dll
 0002:00000230       __imp_CloseHandle          0000000180051230     kernel32:KERNEL32.dll
 0002:00000238       __imp_CreateFileW          0000000180051238     kernel32:KERNEL32.dll
 0002:00000240       \177KERNEL32_NULL_THUNK_DATA 0000000180051240     kernel32:KERNEL32.dll
 0002:00000248       __xc_a                     0000000180051248     LIBCMTD:crt0init.obj
 0002:00000250       __xc_z                     0000000180051250     LIBCMTD:crt0init.obj
 0002:00000258       __xi_a                     0000000180051258     LIBCMTD:crt0init.obj
 0002:00000288       __xi_z                     0000000180051288     LIBCMTD:crt0init.obj
 0002:00000290       __xp_a                     0000000180051290     LIBCMTD:crt0init.obj
 0002:000002b0       __xp_z                     00000001800512b0     LIBCMTD:crt0init.obj
 0002:000002b8       __xt_a                     00000001800512b8     LIBCMTD:crt0init.obj
 0002:000002c0       __xt_z                     00000001800512c0     LIBCMTD:crt0init.obj
 0002:00001f98       ??_C@_0BD@NBFNAMCM@Invalid?5code?5path?$CB?$AA@ 0000000180052f98     dolphin.obj
 0002:00001fac       __real@00000000            0000000180052fac     dolphin.obj
 0002:00001fb0       __real@3b808081            0000000180052fb0     dolphin.obj
 0002:00001fb4       __real@3dcccccd            0000000180052fb4     dolphin.obj
 0002:00001fb8       __real@3e207141            0000000180052fb8     dolphin.obj
 0002:00001fbc       __real@3ecccccd            0000000180052fbc     dolphin.obj
 0002:00001fc0       __real@3f000000            0000000180052fc0     dolphin.obj
 0002:00001fc4       __real@3f19999a            0000000180052fc4     dolphin.obj
 0002:00001fc8       __real@3f800000            0000000180052fc8     dolphin.obj
 0002:00001fcc       __real@3fc90fdb            0000000180052fcc     dolphin.obj
 0002:00001fd0       __real@40000000            0000000180052fd0     dolphin.obj
 0002:00001fd4       __real@40400000            0000000180052fd4     dolphin.obj
 0002:00001fd8       __real@40490fdb            0000000180052fd8     dolphin.obj
 0002:00001fdc       __real@40800000            0000000180052fdc     dolphin.obj
 0002:00001fe0       __real@4096cbe4            0000000180052fe0     dolphin.obj
 0002:00001fe4       __real@40c90fdb            0000000180052fe4     dolphin.obj
 0002:00001fe8       __real@41200000            0000000180052fe8     dolphin.obj
 0002:00001fec       __real@42200000            0000000180052fec     dolphin.obj
 0002:00001ff0       __real@42c80000            0000000180052ff0     dolphin.obj
 0002:00001ff4       __real@43160000            0000000180052ff4     dolphin.obj
 0002:00001ff8       __real@43480000            0000000180052ff8     dolphin.obj
 0002:00001ffc       __real@437f0000            0000000180052ffc     dolphin.obj
 0002:00002000       __real@43960000            0000000180053000     dolphin.obj
 0002:00002004       __real@43c80000            0000000180053004     dolphin.obj
 0002:00002008       __real@49742400            0000000180053008     dolphin.obj
 0002:0000200c       __real@7f7fffff            000000018005300c     dolphin.obj
 0002:00002010       __xmm@00000000000000000000000000000000 0000000180053010     dolphin.obj
 0002:00002020       __xmm@000000ff000000ff000000ff000000ff 0000000180053020     dolphin.obj
 0002:00002030       __xmm@00000200000002000000020000000200 0000000180053030     dolphin.obj
 0002:00002040       __xmm@00080008000800080008000800080008 0000000180053040     dolphin.obj
 0002:00002050       __xmm@00ff00ff00ff00ff00ff00ff00ff00ff 0000000180053050     dolphin.obj
 0002:00002060       __xmm@01010000010100000101000001010000 0000000180053060     dolphin.obj
 0002:00002070       __xmm@08a914e808a914e808a914e808a914e8 0000000180053070     dolphin.obj
 0002:00002080       __xmm@11c8e09e11c8e09e11c8e09e11c8e09e 0000000180053080     dolphin.obj
 0002:00002090       __xmm@11c8f9c311c8f9c311c8f9c311c8f9c3 0000000180053090     dolphin.obj
 0002:000020a0       __xmm@12d0046b12d0046b12d0046b12d0046b 00000001800530a0     dolphin.obj
 0002:000020b0       __xmm@166f166f166f166f166f166f166f166f 00000001800530b0     dolphin.obj
 0002:000020c0       __xmm@1c5a1c5a1c5a1c5a1c5a1c5a1c5a1c5a 00000001800530c0     dolphin.obj
 0002:000020d0       __xmm@3b8080813b8080813b8080813b808081 00000001800530d0     dolphin.obj
 0002:000020e0       __xmm@3f0000003f0000003f0000003f000000 00000001800530e0     dolphin.obj
 0002:000020f0       __xmm@3f7fbe773f7fbe773f7fbe773f7fbe77 00000001800530f0     dolphin.obj
 0002:00002100       __xmm@3f8000003f8000003f8000003f800000 0000000180053100     dolphin.obj
 0002:00002110       __xmm@437f0000437f0000437f0000437f0000 0000000180053110     dolphin.obj
 0002:00002120       __xmm@80000000800000008000000080000000 0000000180053120     dolphin.obj
 0002:00002130       __xmm@80808080808080808080808080808080 0000000180053130     dolphin.obj
 0002:00002140       __xmm@e09ee565e09ee565e09ee565e09ee565 0000000180053140     dolphin.obj
 0002:00002150       __xmm@e9cf12d0e9cf12d0e9cf12d0e9cf12d0 0000000180053150     dolphin.obj
 0002:00002160       __xmm@eb1a08a9eb1a08a9eb1a08a9eb1a08a9 0000000180053160     dolphin.obj
 0002:00002170       __xmm@f493f493f493f493f493f493f493f493 0000000180053170     dolphin.obj
 0002:00002180       __xmm@f9c31a9df9c31a9df9c31a9df9c31a9d 0000000180053180     dolphin.obj
 0002:00002190       __xmm@fa7efa7efa7efa7efa7efa7efa7efa7e 0000000180053190     dolphin.obj
 0002:000021a0       ??_C@_1CC@FADMNIL@?$AA?$CI?$AAs?$AAt?$AAr?$AAe?$AAa?$AAm?$AA?5?$AA?$CB?$AA?$DN?$AA?5?$AAN?$AAU?$AAL?$AAL?$AA?$CJ?$AA?$AA@ 00000001800531a0     LIBCMTD:feoferr.obj
 0002:000021c4       ??_C@_15GANGMFKL@?$AA?$CF?$AAs?$AA?$AA@ 00000001800531c4     LIBCMTD:feoferr.obj
 0002:000021d0       ??_C@_1FC@KMCLOOLI@?$AAf?$AA?3?$AA?2?$AAd?$AAd?$AA?2?$AAv?$AAc?$AAt?$AAo?$AAo?$AAl?$AAs?$AA?2?$AAc?$AAr?$AAt?$AA?2?$AAc?$AAr?$AAt?$AAw?$AA3?$AA2?$AA?2?$AAs?$AAt?$AAd?$AAi?$AAo?$AA?2?$AAf@ 00000001800531d0     LIBCMTD:feoferr.obj
 0002:00002228       ??_C@_19LPGIFIDB@?$AAf?$AAe?$AAo?$AAf?$AA?$AA@ 0000000180053228     LIBCMTD:feoferr.obj
 0002:00002240       ??_C@_1EO@KDKHJMND@?$AAf?$AA?3?$AA?2?$AAd?$AAd?$AA?2?$AAv?$AAc?$AAt?$AAo?$AAo?$AAl?$AAs?$AA?2?$AAc?$AAr?$AAt?$AA?2?$AAc?$AAr?$AAt?$AAw?$AA3?$AA2?$AA?2?$AAs?$AAt?$AAd?$AAi?$AAo?$AA?2?$AAf@ 0000000180053240     LIBCMTD:fread.obj
 0002:00002290       ??_C@_1BA@CMLCEIGG@?$AAf?$AAr?$AAe?$AAa?$AAd?$AA_?$AAs?$AA?$AA@ 0000000180053290     LIBCMTD:fread.obj
 0002:000022a0       ??_C@_1CC@CGFEEBMC@?$AA?$CI?$AAb?$AAu?$AAf?$AAf?$AAe?$AAr?$AA?5?$AA?$CB?$AA?$DN?$AA?5?$AAN?$AAU?$AAL?$AAL?$AA?$CJ?$AA?$AA@ 00000001800532a0     LIBCMTD:fread.obj
 0002:000022c8       ??_C@_1CA@IDPOGFL@?$AA_?$AAf?$AAr?$AAe?$AAa?$AAd?$AA_?$AAn?$AAo?$AAl?$AAo?$AAc?$AAk?$AA_?$AAs?$AA?$AA@ 00000001800532c8     LIBCMTD:fread.obj
 0002:000022f0       ??_C@_1EA@FAMECDND@?$AAn?$AAu?$AAm?$AA?5?$AA?$DM?$AA?$DN?$AA?5?$AA?$CI?$AAS?$AAI?$AAZ?$AAE?$AA_?$AAM?$AAA?$AAX?$AA?5?$AA?1?$AA?5?$AAe?$AAl?$AAe?$AAm?$AAe?$AAn?$AAt?$AAS?$AAi?$AAz?$AAe?$AA?$CJ?$AA?$AA@ 00000001800532f0     LIBCMTD:fread.obj
 0002:00002330       ??_C@_1LG@DCNDJCHK@?$AA?$CI?$AA?$CC?$AAI?$AAn?$AAc?$AAo?$AAn?$AAs?$AAi?$AAs?$AAt?$AAe?$AAn?$AAt?$AA?5?$AAS?$AAt?$AAr?$AAe?$AAa?$AAm?$AA?5?$AAC?$AAo?$AAu?$AAn?$AAt?$AA?4?$AA?5?$AAF?$AAl?$AAu@ 0000000180053330     LIBCMTD:fread.obj
 0002:000023e8       ??_C@_1DA@DKEFLDMG@?$AA?$CI?$AA?$CC?$AAb?$AAu?$AAf?$AAf?$AAe?$AAr?$AA?5?$AAt?$AAo?$AAo?$AA?5?$AAs?$AAm?$AAa?$AAl?$AAl?$AA?$CC?$AA?0?$AA?5?$AA0?$AA?$CJ?$AA?$AA@ 00000001800533e8     LIBCMTD:fread.obj
 0002:00002420       ??_C@_1EO@OOGDMPHD@?$AAf?$AA?3?$AA?2?$AAd?$AAd?$AA?2?$AAv?$AAc?$AAt?$AAo?$AAo?$AAl?$AAs?$AA?2?$AAc?$AAr?$AAt?$AA?2?$AAc?$AAr?$AAt?$AAw?$AA3?$AA2?$AA?2?$AAs?$AAt?$AAd?$AAi?$AAo?$AA?2?$AAf@ 0000000180053420     LIBCMTD:fseek.obj
 0002:00002470       ??_C@_1M@HCCOIONH@?$AAf?$AAs?$AAe?$AAe?$AAk?$AA?$AA@ 0000000180053470     LIBCMTD:fseek.obj
 0002:00002480       ??_C@_1IO@PMHBOLJK@?$AA?$CI?$AA?$CI?$AAw?$AAh?$AAe?$AAn?$AAc?$AAe?$AA?5?$AA?$DN?$AA?$DN?$AA?5?$AAS?$AAE?$AAE?$AAK?$AA_?$AAS?$AAE?$AAT?$AA?$CJ?$AA?5?$AA?$HM?$AA?$HM?$AA?5?$AA?$CI?$AAw?$AAh?$AAe?$AAn?$AAc?$AAe@ 0000000180053480     LIBCMTD:fseek.obj
 0002:00002510       __real@0000000000000000    0000000180053510     LIBCMTD:ldexp.obj
 0002:00002518       __real@3ff0000000000000    0000000180053518     LIBCMTD:ldexp.obj
 0002:00002548       ??_C@_1BK@LAOAACLJ@?$AAn?$AAp?$AAt?$AAr?$AA?5?$AA?$CB?$AA?$DN?$AA?5?$AAN?$AAU?$AAL?$AAL?$AA?$AA@ 0000000180053548     LIBCMTD:strtol.obj
 0002:00002570       ??_C@_1FE@OOICPOFH@?$AAf?$AA?3?$AA?2?$AAd?$AAd?$AA?2?$AAv?$AAc?$AAt?$AAo?$AAo?$AAl?$AAs?$AA?2?$AAc?$AAr?$AAt?$AA?2?$AAc?$AAr?$AAt?$AAw?$AA3?$AA2?$AA?2?$AAc?$AAo?$AAn?$AAv?$AAe?$AAr?$AAt@ 0000000180053570     LIBCMTD:strtol.obj
 0002:000025c8       ??_C@_1BA@LOLAMAJG@?$AAs?$AAt?$AAr?$AAt?$AAo?$AAx?$AAl?$AA?$AA@ 00000001800535c8     LIBCMTD:strtol.obj
 0002:000025e0       ??_C@_1FE@CEHLKAHD@?$AAi?$AAb?$AAa?$AAs?$AAe?$AA?5?$AA?$DN?$AA?$DN?$AA?5?$AA0?$AA?5?$AA?$HM?$AA?$HM?$AA?5?$AA?$CI?$AA2?$AA?5?$AA?$DM?$AA?$DN?$AA?5?$AAi?$AAb?$AAa?$AAs?$AAe?$AA?5?$AA?$CG?$AA?$CG?$AA?5?$AAi?$AAb?$AAa@ 00000001800535e0     LIBCMTD:strtol.obj
 0002:00002638       ??_C@_17LGKOMLJ@?$AA?4?$AA?4?$AA?4?$AA?$AA@ 0000000180053638     LIBCMTD:wassert.obj
 0002:00002640       ??_C@_13LBAGMAIH@?$AA?6?$AA?$AA@ 0000000180053640     LIBCMTD:wassert.obj
 0002:00002644       ??_C@_15IABLJNFO@?$AA?6?$AA?6?$AA?$AA@ 0000000180053644     LIBCMTD:wassert.obj
 0002:00002650       ??_C@_1EO@DPPHNOPL@?$AAf?$AA?3?$AA?2?$AAd?$AAd?$AA?2?$AAv?$AAc?$AAt?$AAo?$AAo?$AAl?$AAs?$AA?2?$AAc?$AAr?$AAt?$AA?2?$AAc?$AAr?$AAt?$AAw?$AA3?$AA2?$AA?2?$AAm?$AAi?$AAs?$AAc?$AA?2?$AAa?$AAs@ 0000000180053650     LIBCMTD:wassert.obj
 0002:000026a0       ??_C@_1BC@LNOOMFNA@?$AA_?$AAw?$AAa?$AAs?$AAs?$AAe?$AAr?$AAt?$AA?$AA@ 00000001800536a0     LIBCMTD:wassert.obj
 0002:000026c0       ??_C@_1GM@PANFFKAD@?$AAw?$AAc?$AAs?$AAc?$AAp?$AAy?$AA_?$AAs?$AA?$CI?$AA?5?$AAa?$AAs?$AAs?$AAe?$AAr?$AAt?$AAb?$AAu?$AAf?$AA?0?$AA?5?$AA?$CI?$AA6?$AA4?$AA?5?$AA?$CK?$AA?5?$AA9?$AA?$CJ?$AA?0?$AA?5?$AAL@ 00000001800536c0     LIBCMTD:wassert.obj
 0002:00002730       ??_C@_1CE@OJBNHDMO@?$AAA?$AAs?$AAs?$AAe?$AAr?$AAt?$AAi?$AAo?$AAn?$AA?5?$AAf?$AAa?$AAi?$AAl?$AAe?$AAd?$AA?$CB?$AA?$AA@ 0000000180053730     LIBCMTD:wassert.obj
 0002:00002760       ??_C@_1FI@OJONHFCN@?$AAw?$AAc?$AAs?$AAc?$AAa?$AAt?$AA_?$AAs?$AA?$CI?$AA?5?$AAa?$AAs?$AAs?$AAe?$AAr?$AAt?$AAb?$AAu?$AAf?$AA?0?$AA?5?$AA?$CI?$AA6?$AA4?$AA?5?$AA?$CK?$AA?5?$AA9?$AA?$CJ?$AA?0?$AA?5?$AAd@ 0000000180053760     LIBCMTD:wassert.obj
 0002:000027c0       ??_C@_1FM@JONFCKBO@?$AAw?$AAc?$AAs?$AAc?$AAa?$AAt?$AA_?$AAs?$AA?$CI?$AA?5?$AAa?$AAs?$AAs?$AAe?$AAr?$AAt?$AAb?$AAu?$AAf?$AA?0?$AA?5?$AA?$CI?$AA6?$AA4?$AA?5?$AA?$CK?$AA?5?$AA9?$AA?$CJ?$AA?0?$AA?5?$AAL@ 00000001800537c0     LIBCMTD:wassert.obj
 0002:00002820       ??_C@_1BE@PHKBBGE@?$AAP?$AAr?$AAo?$AAg?$AAr?$AAa?$AAm?$AA?3?$AA?5?$AA?$AA@ 0000000180053820     LIBCMTD:wassert.obj
 0002:00002840       ??_C@_1HA@EPFCONEE@?$AAw?$AAc?$AAs?$AAc?$AAp?$AAy?$AA_?$AAs?$AA?$CI?$AA?5?$AAp?$AAr?$AAo?$AAg?$AAn?$AAa?$AAm?$AAe?$AA?0?$AA?5?$AA2?$AA6?$AA0?$AA?5?$AA?$CL?$AA?5?$AA1?$AA?0?$AA?5?$AAL?$AA?$CC?$AA?$DM@ 0000000180053840     LIBCMTD:wassert.obj
 0002:000028b0       ??_C@_1CO@EAEJAADC@?$AA?$DM?$AAp?$AAr?$AAo?$AAg?$AAr?$AAa?$AAm?$AA?5?$AAn?$AAa?$AAm?$AAe?$AA?5?$AAu?$AAn?$AAk?$AAn?$AAo?$AAw?$AAn?$AA?$DO?$AA?$AA@ 00000001800538b0     LIBCMTD:wassert.obj
 0002:000028e0       ??_C@_1LK@LGFOFOMH@?$AAm?$AAe?$AAm?$AAc?$AAp?$AAy?$AA_?$AAs?$AA?$CI?$AAp?$AAc?$AAh?$AA?0?$AA?5?$AAs?$AAi?$AAz?$AAe?$AAo?$AAf?$AA?$CI?$AAT?$AAC?$AAH?$AAA?$AAR?$AA?$CJ?$AA?5?$AA?$CK?$AA?5?$AA?$CI?$AA?$CI@ 00000001800538e0     LIBCMTD:wassert.obj
 0002:000029a0       ??_C@_1EK@BFAHOLDO@?$AAw?$AAc?$AAs?$AAc?$AAa?$AAt?$AA_?$AAs?$AA?$CI?$AA?5?$AAa?$AAs?$AAs?$AAe?$AAr?$AAt?$AAb?$AAu?$AAf?$AA?0?$AA?5?$AA?$CI?$AA6?$AA4?$AA?5?$AA?$CK?$AA?5?$AA9?$AA?$CJ?$AA?0?$AA?5?$AAp@ 00000001800539a0     LIBCMTD:wassert.obj
 0002:000029f0       ??_C@_1FC@GNPGDADJ@?$AAw?$AAc?$AAs?$AAc?$AAa?$AAt?$AA_?$AAs?$AA?$CI?$AA?5?$AAa?$AAs?$AAs?$AAe?$AAr?$AAt?$AAb?$AAu?$AAf?$AA?0?$AA?5?$AA?$CI?$AA6?$AA4?$AA?5?$AA?$CK?$AA?5?$AA9?$AA?$CJ?$AA?0?$AA?5?$AAn@ 00000001800539f0     LIBCMTD:wassert.obj
 0002:00002a50       ??_C@_1FG@NHACFNEK@?$AAw?$AAc?$AAs?$AAc?$AAa?$AAt?$AA_?$AAs?$AA?$CI?$AA?5?$AAa?$AAs?$AAs?$AAe?$AAr?$AAt?$AAb?$AAu?$AAf?$AA?0?$AA?5?$AA?$CI?$AA6?$AA4?$AA?5?$AA?$CK?$AA?5?$AA9?$AA?$CJ?$AA?0?$AA?5?$AAL@ 0000000180053a50     LIBCMTD:wassert.obj
 0002:00002aa8       ??_C@_1O@HEMHKNDC@?$AAF?$AAi?$AAl?$AAe?$AA?3?$AA?5?$AA?$AA@ 0000000180053aa8     LIBCMTD:wassert.obj
 0002:00002ac0       ??_C@_1GG@PKOIFPHI@?$AAw?$AAc?$AAs?$AAn?$AAc?$AAa?$AAt?$AA_?$AAs?$AA?$CI?$AA?5?$AAa?$AAs?$AAs?$AAe?$AAr?$AAt?$AAb?$AAu?$AAf?$AA?0?$AA?5?$AA?$CI?$AA6?$AA4?$AA?5?$AA?$CK?$AA?5?$AA9?$AA?$CJ?$AA?0?$AA?5@ 0000000180053ac0     LIBCMTD:wassert.obj
 0002:00002b30       ??_C@_1FG@PLMFGJFG@?$AAw?$AAc?$AAs?$AAc?$AAa?$AAt?$AA_?$AAs?$AA?$CI?$AA?5?$AAa?$AAs?$AAs?$AAe?$AAr?$AAt?$AAb?$AAu?$AAf?$AA?0?$AA?5?$AA?$CI?$AA6?$AA4?$AA?5?$AA?$CK?$AA?5?$AA9?$AA?$CJ?$AA?0?$AA?5?$AAd@ 0000000180053b30     LIBCMTD:wassert.obj
 0002:00002b90       ??_C@_1FO@HPHMICDB@?$AAw?$AAc?$AAs?$AAc?$AAa?$AAt?$AA_?$AAs?$AA?$CI?$AA?5?$AAa?$AAs?$AAs?$AAe?$AAr?$AAt?$AAb?$AAu?$AAf?$AA?0?$AA?5?$AA?$CI?$AA6?$AA4?$AA?5?$AA?$CK?$AA?5?$AA9?$AA?$CJ?$AA?0?$AA?5?$AAp@ 0000000180053b90     LIBCMTD:wassert.obj
 0002:00002bf0       ??_C@_1GO@KNIHEHNA@?$AAw?$AAc?$AAs?$AAn?$AAc?$AAa?$AAt?$AA_?$AAs?$AA?$CI?$AA?5?$AAa?$AAs?$AAs?$AAe?$AAr?$AAt?$AAb?$AAu?$AAf?$AA?0?$AA?5?$AA?$CI?$AA6?$AA4?$AA?5?$AA?$CK?$AA?5?$AA9?$AA?$CJ?$AA?0?$AA?5@ 0000000180053bf0     LIBCMTD:wassert.obj
 0002:00002c60       ??_C@_1HG@FHHFPPED@?$AAw?$AAc?$AAs?$AAn?$AAc?$AAa?$AAt?$AA_?$AAs?$AA?$CI?$AA?5?$AAa?$AAs?$AAs?$AAe?$AAr?$AAt?$AAb?$AAu?$AAf?$AA?0?$AA?5?$AA?$CI?$AA6?$AA4?$AA?5?$AA?$CK?$AA?5?$AA9?$AA?$CJ?$AA?0?$AA?5@ 0000000180053c60     LIBCMTD:wassert.obj
 0002:00002ce0       ??_C@_1IC@JGCGJJHO@?$AAw?$AAc?$AAs?$AAc?$AAa?$AAt?$AA_?$AAs?$AA?$CI?$AA?5?$AAa?$AAs?$AAs?$AAe?$AAr?$AAt?$AAb?$AAu?$AAf?$AA?0?$AA?5?$AA?$CI?$AA6?$AA4?$AA?5?$AA?$CK?$AA?5?$AA9?$AA?$CJ?$AA?0?$AA?5?$AAp@ 0000000180053ce0     LIBCMTD:wassert.obj
 0002:00002d70       ??_C@_1FE@NDOBOCBD@?$AAw?$AAc?$AAs?$AAc?$AAa?$AAt?$AA_?$AAs?$AA?$CI?$AA?5?$AAa?$AAs?$AAs?$AAe?$AAr?$AAt?$AAb?$AAu?$AAf?$AA?0?$AA?5?$AA?$CI?$AA6?$AA4?$AA?5?$AA?$CK?$AA?5?$AA9?$AA?$CJ?$AA?0?$AA?5?$AAf@ 0000000180053d70     LIBCMTD:wassert.obj
 0002:00002dd0       ??_C@_1FG@HLHNIBH@?$AAw?$AAc?$AAs?$AAc?$AAa?$AAt?$AA_?$AAs?$AA?$CI?$AA?5?$AAa?$AAs?$AAs?$AAe?$AAr?$AAt?$AAb?$AAu?$AAf?$AA?0?$AA?5?$AA?$CI?$AA6?$AA4?$AA?5?$AA?$CK?$AA?5?$AA9?$AA?$CJ?$AA?0?$AA?5?$AAL@ 0000000180053dd0     LIBCMTD:wassert.obj
 0002:00002e28       ??_C@_1O@KCAFKHJE@?$AAL?$AAi?$AAn?$AAe?$AA?3?$AA?5?$AA?$AA@ 0000000180053e28     LIBCMTD:wassert.obj
 0002:00002e40       ??_C@_1KG@NJJPHNOK@?$AA_?$AAi?$AAt?$AAo?$AAw?$AA_?$AAs?$AA?$CI?$AA?5?$AAl?$AAi?$AAn?$AAe?$AAn?$AAo?$AA?0?$AA?5?$AAa?$AAs?$AAs?$AAe?$AAr?$AAt?$AAb?$AAu?$AAf?$AA?5?$AA?$CL?$AA?5?$AAw?$AAc?$AAs@ 0000000180053e40     LIBCMTD:wassert.obj
 0002:00002ef0       ??_C@_1GC@CFDADAM@?$AAw?$AAc?$AAs?$AAc?$AAa?$AAt?$AA_?$AAs?$AA?$CI?$AA?5?$AAa?$AAs?$AAs?$AAe?$AAr?$AAt?$AAb?$AAu?$AAf?$AA?0?$AA?5?$AA?$CI?$AA6?$AA4?$AA?5?$AA?$CK?$AA?5?$AA9?$AA?$CJ?$AA?0?$AA?5?$AAL@ 0000000180053ef0     LIBCMTD:wassert.obj
 0002:00002f58       ??_C@_1BK@PEDCIPMA@?$AAE?$AAx?$AAp?$AAr?$AAe?$AAs?$AAs?$AAi?$AAo?$AAn?$AA?3?$AA?5?$AA?$AA@ 0000000180053f58     LIBCMTD:wassert.obj
 0002:00002f80       ??_C@_1CHM@HIHGOMKE@?$AAw?$AAc?$AAs?$AAn?$AAc?$AAa?$AAt?$AA_?$AAs?$AA?$CI?$AA?5?$AAa?$AAs?$AAs?$AAe?$AAr?$AAt?$AAb?$AAu?$AAf?$AA?0?$AA?5?$AA?$CI?$AA6?$AA4?$AA?5?$AA?$CK?$AA?5?$AA9?$AA?$CJ?$AA?0?$AA?5@ 0000000180053f80     LIBCMTD:wassert.obj
 0002:00003200       ??_C@_1EM@DAMJKKKC@?$AAw?$AAc?$AAs?$AAc?$AAa?$AAt?$AA_?$AAs?$AA?$CI?$AA?5?$AAa?$AAs?$AAs?$AAe?$AAr?$AAt?$AAb?$AAu?$AAf?$AA?0?$AA?5?$AA?$CI?$AA6?$AA4?$AA?5?$AA?$CK?$AA?5?$AA9?$AA?$CJ?$AA?0?$AA?5?$AAe@ 0000000180054200     LIBCMTD:wassert.obj
 0002:00003250       ??_C@_1BCO@GAGHDLIF@?$AAw?$AAc?$AAs?$AAc?$AAa?$AAt?$AA_?$AAs?$AA?$CI?$AAa?$AAs?$AAs?$AAe?$AAr?$AAt?$AAb?$AAu?$AAf?$AA?0?$AA?5?$AA?$CI?$AA6?$AA4?$AA?5?$AA?$CK?$AA?5?$AA9?$AA?$CJ?$AA?0?$AA?5?$AAL?$AA?$CC@ 0000000180054250     LIBCMTD:wassert.obj
 0002:00003380       ??_C@_1OA@EGMLFBHJ@?$AAF?$AAo?$AAr?$AA?5?$AAi?$AAn?$AAf?$AAo?$AAr?$AAm?$AAa?$AAt?$AAi?$AAo?$AAn?$AA?5?$AAo?$AAn?$AA?5?$AAh?$AAo?$AAw?$AA?5?$AAy?$AAo?$AAu?$AAr?$AA?5?$AAp?$AAr?$AAo?$AAg@ 0000000180054380     LIBCMTD:wassert.obj
 0002:00003460       ??_C@_1FG@IFIHHMNM@?$AAw?$AAc?$AAs?$AAc?$AAa?$AAt?$AA_?$AAs?$AA?$CI?$AAa?$AAs?$AAs?$AAe?$AAr?$AAt?$AAb?$AAu?$AAf?$AA?0?$AA?5?$AA?$CI?$AA6?$AA4?$AA?5?$AA?$CK?$AA?5?$AA9?$AA?$CJ?$AA?0?$AA?5?$AAd?$AAb@ 0000000180054460     LIBCMTD:wassert.obj
 0002:000034c0       ??_C@_1LO@CHAFGADE@?$AAw?$AAc?$AAs?$AAc?$AAa?$AAt?$AA_?$AAs?$AA?$CI?$AAa?$AAs?$AAs?$AAe?$AAr?$AAt?$AAb?$AAu?$AAf?$AA?0?$AA?5?$AA?$CI?$AA6?$AA4?$AA?5?$AA?$CK?$AA?5?$AA9?$AA?$CJ?$AA?0?$AA?5?$AAL?$AA?$CC@ 00000001800544c0     LIBCMTD:wassert.obj
 0002:00003580       ??_C@_1HK@POCJMFGK@?$AA?$CI?$AAP?$AAr?$AAe?$AAs?$AAs?$AA?5?$AAR?$AAe?$AAt?$AAr?$AAy?$AA?5?$AAt?$AAo?$AA?5?$AAd?$AAe?$AAb?$AAu?$AAg?$AA?5?$AAt?$AAh?$AAe?$AA?5?$AAa?$AAp?$AAp?$AAl?$AAi?$AAc@ 0000000180054580     LIBCMTD:wassert.obj
 0002:00003600       ??_C@_1EK@MBDPDCGA@?$AAM?$AAi?$AAc?$AAr?$AAo?$AAs?$AAo?$AAf?$AAt?$AA?5?$AAV?$AAi?$AAs?$AAu?$AAa?$AAl?$AA?5?$AAC?$AA?$CL?$AA?$CL?$AA?5?$AAR?$AAu?$AAn?$AAt?$AAi?$AAm?$AAe?$AA?5?$AAL?$AAi?$AAb@ 0000000180054600     LIBCMTD:wassert.obj
 0002:00004150       ??_C@_05KGFAIMPG@sqrtf?$AA@ 0000000180055150     LIBCMTD:sqrtf.obj
 0002:00004158       _FPinit                    0000000180055158     LIBCMTD:fpinit.obj
 0002:00004160       _pRawDllMain               0000000180055160     LIBCMTD:dllcrt0.obj
 0002:00004160       _pDefaultRawDllMain        0000000180055160     LIBCMTD:dllcrt0.obj
 0002:00004168       ??_C@_0CL@OOIKPIHN@f?3?2dd?2vctools?2crt?2crtw32?2startup@ 0000000180055168     LIBCMTD:dllcrt0.obj
 0002:000041b0       ??_C@_1BA@GLMCNLEM@?$AAW?$AAa?$AAr?$AAn?$AAi?$AAn?$AAg?$AA?$AA@ 00000001800551b0     LIBCMTD:dbgrptw.obj
 0002:000041c0       ??_C@_1M@ILHOPKA@?$AAE?$AAr?$AAr?$AAo?$AAr?$AA?$AA@ 00000001800551c0     LIBCMTD:dbgrptw.obj
 0002:000041d0       ??_C@_1CC@CGHMNGDG@?$AAA?$AAs?$AAs?$AAe?$AAr?$AAt?$AAi?$AAo?$AAn?$AA?5?$AAF?$AAa?$AAi?$AAl?$AAe?$AAd?$AA?$AA@ 00000001800551d0     LIBCMTD:dbgrptw.obj
 0002:00004200       ??_C@_1EO@JACJHHCK@?$AAf?$AA?3?$AA?2?$AAd?$AAd?$AA?2?$AAv?$AAc?$AAt?$AAo?$AAo?$AAl?$AAs?$AA?2?$AAc?$AAr?$AAt?$AA?2?$AAc?$AAr?$AAt?$AAw?$AA3?$AA2?$AA?2?$AAm?$AAi?$AAs?$AAc?$AA?2?$AAd?$AAb@ 0000000180055200     LIBCMTD:dbgrptw.obj
 0002:00004250       ??_C@_1CI@PGJIFDEK@?$AA_?$AA_?$AAc?$AAr?$AAt?$AAM?$AAe?$AAs?$AAs?$AAa?$AAg?$AAe?$AAW?$AAi?$AAn?$AAd?$AAo?$AAw?$AAW?$AA?$AA@ 0000000180055250     LIBCMTD:dbgrptw.obj
 0002:00004280       ??_C@_1GI@DEDNNLCI@?$AAw?$AAc?$AAs?$AAc?$AAp?$AAy?$AA_?$AAs?$AA?$CI?$AAs?$AAz?$AAE?$AAx?$AAe?$AAN?$AAa?$AAm?$AAe?$AA?0?$AA?5?$AA2?$AA6?$AA0?$AA?0?$AA?5?$AAL?$AA?$CC?$AA?$DM?$AAp?$AAr?$AAo?$AAg@ 0000000180055280     LIBCMTD:dbgrptw.obj
 0002:000042f0       ??_C@_1NO@LECLLHOL@?$AAm?$AAe?$AAm?$AAc?$AAp?$AAy?$AA_?$AAs?$AA?$CI?$AAs?$AAz?$AAS?$AAh?$AAo?$AAr?$AAt?$AAP?$AAr?$AAo?$AAg?$AAN?$AAa?$AAm?$AAe?$AA?0?$AA?5?$AAs?$AAi?$AAz?$AAe?$AAo?$AAf@ 00000001800552f0     LIBCMTD:dbgrptw.obj
 0002:000043d0       ??_C@_1OG@PMPPFHAF@?$AA?6?$AA?6?$AAF?$AAo?$AAr?$AA?5?$AAi?$AAn?$AAf?$AAo?$AAr?$AAm?$AAa?$AAt?$AAi?$AAo?$AAn?$AA?5?$AAo?$AAn?$AA?5?$AAh?$AAo?$AAw?$AA?5?$AAy?$AAo?$AAu?$AAr?$AA?5?$AAp?$AAr@ 00000001800553d0     LIBCMTD:dbgrptw.obj
 0002:000044b8       ??_C@_11LOCGONAA@?$AA?$AA@ 00000001800554b8     LIBCMTD:dbgrptw.obj
 0002:000044c0       ??_C@_1BA@GLLGCPCK@?$AA?6?$AAL?$AAi?$AAn?$AAe?$AA?3?$AA?5?$AA?$AA@ 00000001800554c0     LIBCMTD:dbgrptw.obj
 0002:000044d0       ??_C@_1BA@LNHECFIM@?$AA?6?$AAF?$AAi?$AAl?$AAe?$AA?3?$AA?5?$AA?$AA@ 00000001800554d0     LIBCMTD:dbgrptw.obj
 0002:000044e0       ??_C@_1BE@CGCJKGHI@?$AA?6?$AAM?$AAo?$AAd?$AAu?$AAl?$AAe?$AA?3?$AA?5?$AA?$AA@ 00000001800554e0     LIBCMTD:dbgrptw.obj
 0002:00004500       ??_C@_1KM@HNMIBKJH@?$AAD?$AAe?$AAb?$AAu?$AAg?$AA?5?$AA?$CF?$AAs?$AA?$CB?$AA?6?$AA?6?$AAP?$AAr?$AAo?$AAg?$AAr?$AAa?$AAm?$AA?3?$AA?5?$AA?$CF?$AAs?$AA?$CF?$AAs?$AA?$CF?$AAs?$AA?$CF?$AAs?$AA?$CF?$AAs?$AA?$CF?$AAs@ 0000000180055500     LIBCMTD:dbgrptw.obj
 0002:000045b0       ??_C@_1BI@KALLJECN@?$AA?$CI?$AA?$CK?$AA_?$AAe?$AAr?$AAr?$AAn?$AAo?$AA?$CI?$AA?$CJ?$AA?$CJ?$AA?$AA@ 00000001800555b0     LIBCMTD:dbgrptw.obj
 0002:000045d0       ??_C@_1JI@EACPGHID@?$AAw?$AAc?$AAs?$AAc?$AAp?$AAy?$AA_?$AAs?$AA?$CI?$AAs?$AAz?$AAO?$AAu?$AAt?$AAM?$AAe?$AAs?$AAs?$AAa?$AAg?$AAe?$AA?0?$AA?5?$AA4?$AA0?$AA9?$AA6?$AA?0?$AA?5?$AAL?$AA?$CC?$AA_@ 00000001800555d0     LIBCMTD:dbgrptw.obj
 0002:00004670       ??_C@_1FG@BBOLDHGF@?$AA_?$AAC?$AAr?$AAt?$AAD?$AAb?$AAg?$AAR?$AAe?$AAp?$AAo?$AAr?$AAt?$AA?3?$AA?5?$AAS?$AAt?$AAr?$AAi?$AAn?$AAg?$AA?5?$AAt?$AAo?$AAo?$AA?5?$AAl?$AAo?$AAn?$AAg?$AA?5?$AAo@ 0000000180055670     LIBCMTD:dbgrptw.obj
 0002:000046c8       ??_C@_1BI@MFCLPIBM@?$AAs?$AAt?$AAr?$AA?5?$AA?$CB?$AA?$DN?$AA?5?$AAN?$AAU?$AAL?$AAL?$AA?$AA@ 00000001800556c8     LIBCMTD:_filbuf.obj
 0002:000046e0       ??_C@_1FC@KLDIFLFI@?$AAf?$AA?3?$AA?2?$AAd?$AAd?$AA?2?$AAv?$AAc?$AAt?$AAo?$AAo?$AAl?$AAs?$AA?2?$AAc?$AAr?$AAt?$AA?2?$AAc?$AAr?$AAt?$AAw?$AA3?$AA2?$AA?2?$AAs?$AAt?$AAd?$AAi?$AAo?$AA?2?$AA_@ 00000001800556e0     LIBCMTD:_filbuf.obj
 0002:00004738       ??_C@_1BA@IIKEPOGH@?$AA_?$AAf?$AAi?$AAl?$AAb?$AAu?$AAf?$AA?$AA@ 0000000180055738     LIBCMTD:_filbuf.obj
 0002:00004750       ??_C@_1FA@CKEACION@?$AAf?$AA?3?$AA?2?$AAd?$AAd?$AA?2?$AAv?$AAc?$AAt?$AAo?$AAo?$AAl?$AAs?$AA?2?$AAc?$AAr?$AAt?$AA?2?$AAc?$AAr?$AAt?$AAw?$AA3?$AA2?$AA?2?$AAs?$AAt?$AAd?$AAi?$AAo?$AA?2?$AAf@ 0000000180055750     LIBCMTD:fileno.obj
 0002:000047a0       ??_C@_1BA@JGHIEKKM@?$AA_?$AAf?$AAi?$AAl?$AAe?$AAn?$AAo?$AA?$AA@ 00000001800557a0     LIBCMTD:fileno.obj
 0002:000047b0       ??_C@_0CH@FPHLCLAF@f?3?2dd?2vctools?2crt?2crtw32?2stdio?2_@ 00000001800557b0     LIBCMTD:_file.obj
 0002:000047d8       ??_C@_1BI@GKKCBDMD@?$AAd?$AAs?$AAt?$AA?5?$AA?$CB?$AA?$DN?$AA?5?$AAN?$AAU?$AAL?$AAL?$AA?$AA@ 00000001800557d8     LIBCMTD:memcpy_s.obj
 0002:000047f0       ??_C@_1FG@COJCEIPE@?$AAf?$AA?3?$AA?2?$AAd?$AAd?$AA?2?$AAv?$AAc?$AAt?$AAo?$AAo?$AAl?$AAs?$AA?2?$AAc?$AAr?$AAt?$AA?2?$AAc?$AAr?$AAt?$AAw?$AA3?$AA2?$AA?2?$AAs?$AAt?$AAr?$AAi?$AAn?$AAg?$AA?2@ 00000001800557f0     LIBCMTD:memcpy_s.obj
 0002:00004848       ??_C@_1BC@GKHDJMGB@?$AAm?$AAe?$AAm?$AAc?$AAp?$AAy?$AA_?$AAs?$AA?$AA@ 0000000180055848     LIBCMTD:memcpy_s.obj
 0002:00004860       ??_C@_1BI@DCHLDCPP@?$AAs?$AAr?$AAc?$AA?5?$AA?$CB?$AA?$DN?$AA?5?$AAN?$AAU?$AAL?$AAL?$AA?$AA@ 0000000180055860     LIBCMTD:memcpy_s.obj
 0002:00004878       ??_C@_1CK@DDKKOLAN@?$AAs?$AAi?$AAz?$AAe?$AAI?$AAn?$AAB?$AAy?$AAt?$AAe?$AAs?$AA?5?$AA?$DO?$AA?$DN?$AA?5?$AAc?$AAo?$AAu?$AAn?$AAt?$AA?$AA@ 0000000180055878     LIBCMTD:memcpy_s.obj
 0002:000048b0       ??_C@_1FO@LPCLHKGE@?$AA?$CI?$AAf?$AAh?$AA?5?$AA?$DO?$AA?$DN?$AA?5?$AA0?$AA?5?$AA?$CG?$AA?$CG?$AA?5?$AA?$CI?$AAu?$AAn?$AAs?$AAi?$AAg?$AAn?$AAe?$AAd?$AA?$CJ?$AAf?$AAh?$AA?5?$AA?$DM?$AA?5?$AA?$CI?$AAu?$AAn?$AAs?$AAi@ 00000001800558b0     LIBCMTD:read.obj
 0002:00004910       ??_C@_1EM@BALFJBIJ@?$AAf?$AA?3?$AA?2?$AAd?$AAd?$AA?2?$AAv?$AAc?$AAt?$AAo?$AAo?$AAl?$AAs?$AA?2?$AAc?$AAr?$AAt?$AA?2?$AAc?$AAr?$AAt?$AAw?$AA3?$AA2?$AA?2?$AAl?$AAo?$AAw?$AAi?$AAo?$AA?2?$AAr@ 0000000180055910     LIBCMTD:read.obj
 0002:00004960       ??_C@_1M@NHJOLLDM@?$AA_?$AAr?$AAe?$AAa?$AAd?$AA?$AA@ 0000000180055960     LIBCMTD:read.obj
 0002:00004970       ??_C@_1CM@OKGMMMDH@?$AA?$CI?$AA_?$AAo?$AAs?$AAf?$AAi?$AAl?$AAe?$AA?$CI?$AAf?$AAh?$AA?$CJ?$AA?5?$AA?$CG?$AA?5?$AAF?$AAO?$AAP?$AAE?$AAN?$AA?$CJ?$AA?$AA@ 0000000180055970     LIBCMTD:read.obj
 0002:000049a0       ??_C@_1CC@HBLPFNKH@?$AA?$CI?$AAc?$AAn?$AAt?$AA?5?$AA?$DM?$AA?$DN?$AA?5?$AAI?$AAN?$AAT?$AA_?$AAM?$AAA?$AAX?$AA?$CJ?$AA?$AA@ 00000001800559a0     LIBCMTD:read.obj
 0002:000049d0       ??_C@_1JE@ECKHFIFP@?$AA?$CI?$AA?$CC?$AAI?$AAn?$AAv?$AAa?$AAl?$AAi?$AAd?$AA?5?$AAf?$AAi?$AAl?$AAe?$AA?5?$AAd?$AAe?$AAs?$AAc?$AAr?$AAi?$AAp?$AAt?$AAo?$AAr?$AA?4?$AA?5?$AAF?$AAi?$AAl?$AAe?$AA?5@ 00000001800559d0     LIBCMTD:read.obj
 0002:00004a68       ??_C@_1BK@JJBHNDKJ@?$AA_?$AAr?$AAe?$AAa?$AAd?$AA_?$AAn?$AAo?$AAl?$AAo?$AAc?$AAk?$AA?$AA@ 0000000180055a68     LIBCMTD:read.obj
 0002:00004a88       ??_C@_1CG@OHLJHGGK@?$AA?$CI?$AAi?$AAn?$AAp?$AAu?$AAt?$AAb?$AAu?$AAf?$AA?5?$AA?$CB?$AA?$DN?$AA?5?$AAN?$AAU?$AAL?$AAL?$AA?$CJ?$AA?$AA@ 0000000180055a88     LIBCMTD:read.obj
 0002:00004ab0       ??_C@_1CC@EEOLPHGO@?$AA?$CI?$AA?$CI?$AAc?$AAn?$AAt?$AA?5?$AA?$CG?$AA?5?$AA1?$AA?$CJ?$AA?5?$AA?$DN?$AA?$DN?$AA?5?$AA0?$AA?$CJ?$AA?$AA@ 0000000180055ab0     LIBCMTD:read.obj
 0002:00004ad8       ??_C@_0CG@JHNDLPLJ@f?3?2dd?2vctools?2crt?2crtw32?2lowio?2r@ 0000000180055ad8     LIBCMTD:read.obj
 0002:00004b00       ??_C@_1EO@HNHOEHGA@?$AAf?$AA?3?$AA?2?$AAd?$AAd?$AA?2?$AAv?$AAc?$AAt?$AAo?$AAo?$AAl?$AAs?$AA?2?$AAc?$AAr?$AAt?$AA?2?$AAc?$AAr?$AAt?$AAw?$AA3?$AA2?$AA?2?$AAs?$AAt?$AAd?$AAi?$AAo?$AA?2?$AAf@ 0000000180055b00     LIBCMTD:ftell.obj
 0002:00004b50       ??_C@_1BM@JMKHIAHP@?$AA?$CI?$AAs?$AAt?$AAr?$AA?5?$AA?$CB?$AA?$DN?$AA?5?$AAN?$AAU?$AAL?$AAL?$AA?$CJ?$AA?$AA@ 0000000180055b50     LIBCMTD:ftell.obj
 0002:00004b70       ??_C@_1BM@EPIDANEK@?$AA_?$AAf?$AAt?$AAe?$AAl?$AAl?$AA_?$AAn?$AAo?$AAl?$AAo?$AAc?$AAk?$AA?$AA@ 0000000180055b70     LIBCMTD:ftell.obj
 0002:00004b90       ??_C@_1EO@CCHAPCBN@?$AAf?$AA?3?$AA?2?$AAd?$AAd?$AA?2?$AAv?$AAc?$AAt?$AAo?$AAo?$AAl?$AAs?$AA?2?$AAc?$AAr?$AAt?$AA?2?$AAc?$AAr?$AAt?$AAw?$AA3?$AA2?$AA?2?$AAl?$AAo?$AAw?$AAi?$AAo?$AA?2?$AAl@ 0000000180055b90     LIBCMTD:lseek.obj
 0002:00004be0       ??_C@_1O@EDOIKGHF@?$AA_?$AAl?$AAs?$AAe?$AAe?$AAk?$AA?$AA@ 0000000180055be0     LIBCMTD:lseek.obj
 0002:00004bf0       ??_C@_1DM@LMLOLGJ@?$AA?$CI?$AA?$CC?$AAI?$AAn?$AAv?$AAa?$AAl?$AAi?$AAd?$AA?5?$AAf?$AAi?$AAl?$AAe?$AA?5?$AAd?$AAe?$AAs?$AAc?$AAr?$AAi?$AAp?$AAt?$AAo?$AAr?$AA?$CC?$AA?0?$AA0?$AA?$CJ?$AA?$AA@ 0000000180055bf0     LIBCMTD:lseek.obj
 0002:00004c2c       ??_C@_03KHJOGHMM@exp?$AA@  0000000180055c2c     LIBCMTD:fpexcept.obj
 0002:00004c30       ??_C@_03JGHBODFD@pow?$AA@  0000000180055c30     LIBCMTD:fpexcept.obj
 0002:00004c34       ??_C@_03MGHMBJCF@log?$AA@  0000000180055c34     LIBCMTD:fpexcept.obj
 0002:00004c38       ??_C@_05HGHHAHAP@log10?$AA@ 0000000180055c38     LIBCMTD:fpexcept.obj
 0002:00004c40       ??_C@_04COOMCNPB@sinh?$AA@ 0000000180055c40     LIBCMTD:fpexcept.obj
 0002:00004c48       ??_C@_04HPJJNFIM@cosh?$AA@ 0000000180055c48     LIBCMTD:fpexcept.obj
 0002:00004c50       ??_C@_04FJHINJAO@tanh?$AA@ 0000000180055c50     LIBCMTD:fpexcept.obj
 0002:00004c58       ??_C@_04FIHNOPOL@asin?$AA@ 0000000180055c58     LIBCMTD:fpexcept.obj
 0002:00004c60       ??_C@_04PDIFKINK@acos?$AA@ 0000000180055c60     LIBCMTD:fpexcept.obj
 0002:00004c68       ??_C@_04MLLJIGOK@atan?$AA@ 0000000180055c68     LIBCMTD:fpexcept.obj
 0002:00004c70       ??_C@_05KNGEOGJB@atan2?$AA@ 0000000180055c70     LIBCMTD:fpexcept.obj
 0002:00004c78       ??_C@_04EIAKFFMI@sqrt?$AA@ 0000000180055c78     LIBCMTD:fpexcept.obj
 0002:00004c80       ??_C@_03BLEJJJBH@sin?$AA@  0000000180055c80     LIBCMTD:fpexcept.obj
 0002:00004c84       ??_C@_03LALBNOCG@cos?$AA@  0000000180055c84     LIBCMTD:fpexcept.obj
 0002:00004c88       ??_C@_03IIINPABG@tan?$AA@  0000000180055c88     LIBCMTD:fpexcept.obj
 0002:00004c8c       ??_C@_04GFPJNGEK@ceil?$AA@ 0000000180055c8c     LIBCMTD:fpexcept.obj
 0002:00004c94       ??_C@_05PBJFFIGL@floor?$AA@ 0000000180055c94     LIBCMTD:fpexcept.obj
 0002:00004c9c       ??_C@_04ODHECPBC@fabs?$AA@ 0000000180055c9c     LIBCMTD:fpexcept.obj
 0002:00004ca4       ??_C@_04EHEDPDJG@modf?$AA@ 0000000180055ca4     LIBCMTD:fpexcept.obj
 0002:00004cac       ??_C@_05CEJMAHNP@ldexp?$AA@ 0000000180055cac     LIBCMTD:fpexcept.obj
 0002:00004cb4       ??_C@_05KBKMEMPO@_cabs?$AA@ 0000000180055cb4     LIBCMTD:fpexcept.obj
 0002:00004cbc       ??_C@_06MEIMCGCF@_hypot?$AA@ 0000000180055cbc     LIBCMTD:fpexcept.obj
 0002:00004cc4       ??_C@_04KEPJIHGP@fmod?$AA@ 0000000180055cc4     LIBCMTD:fpexcept.obj
 0002:00004ccc       ??_C@_05GKKHEGJL@frexp?$AA@ 0000000180055ccc     LIBCMTD:fpexcept.obj
 0002:00004cd4       ??_C@_03MJLDFKDL@_y0?$AA@  0000000180055cd4     LIBCMTD:fpexcept.obj
 0002:00004cd8       ??_C@_03NAKIGLHK@_y1?$AA@  0000000180055cd8     LIBCMTD:fpexcept.obj
[...]
 0004:0000174c       $pdata$__free_lc_time      000000018006d74c     LIBCMTD:inittime.obj
 0004:00001758       $pdata$?__crtLCMapStringA_stat@@YAHPEAUlocaleinfo_struct@@PEB_WKPEBDHPEADHHH@Z 000000018006d758     LIBCMTD:a_map.obj
 0004:00001764       $pdata$?strncnt@@YAHPEBDH@Z 000000018006d764     LIBCMTD:a_map.obj
 0004:00001770       $pdata$_MallocaIsSizeInRange 000000018006d770     LIBCMTD:a_map.obj
 0004:0000177c       $pdata$__crtLCMapStringA   000000018006d77c     LIBCMTD:a_map.obj
 0004:00001788       $pdata$_freea              000000018006d788     LIBCMTD:a_map.obj
 0004:00001794       $pdata$?__crtGetStringTypeA_stat@@YAHPEAUlocaleinfo_struct@@KPEBDHPEAGHH@Z 000000018006d794     LIBCMTD:a_str.obj
 0004:000017a0       $pdata$__crtGetStringTypeA 000000018006d7a0     LIBCMTD:a_str.obj
 0004:000017ac       $pdata$_isleadbyte_l       000000018006d7ac     LIBCMTD:_wctype.obj
 0004:000017b8       $pdata$isleadbyte          000000018006d7b8     LIBCMTD:_wctype.obj
 0004:000017c4       $pdata$__DestructExceptionObject 000000018006d7c4     LIBCMTD:frame.obj
 0004:000017d0       $pdata$??0bad_exception@std@@QEAA@AEBV01@@Z 000000018006d7d0     LIBCMTD:frame.obj
 0004:000017dc       $pdata$??0bad_exception@std@@QEAA@PEBD@Z 000000018006d7dc     LIBCMTD:frame.obj
 0004:000017e8       $pdata$??1bad_exception@std@@UEAA@XZ 000000018006d7e8     LIBCMTD:frame.obj
 0004:000017f4       $pdata$??_Gbad_exception@std@@UEAAPEAXI@Z 000000018006d7f4     LIBCMTD:frame.obj
 0004:00001800       $pdata$?CatchIt@@YAXPEAUEHExceptionRecord@@PEA_KPEAU_CONTEXT@@PEAU_xDISPATCHER_CONTEXT@@PEBU_s_FuncInfo@@PEBU_s_HandlerType@@PEBU_s_CatchableType@@PEBU_s_TryBlockMapEntry@@H1EE@Z 000000018006d800     LIBCMTD:frame.obj
 0004:0000180c       $pdata$?ExFilterRethrow@@YAHPEAU_EXCEPTION_POINTERS@@PEAUEHExceptionRecord@@PEAH@Z 000000018006d80c     LIBCMTD:frame.obj
 0004:00001818       $pdata$?FindHandler@@YAXPEAUEHExceptionRecord@@PEA_KPEAU_CONTEXT@@PEAU_xDISPATCHER_CONTEXT@@PEBU_s_FuncInfo@@EH1@Z 000000018006d818     LIBCMTD:frame.obj
 0004:00001824       $pdata$?FindHandlerForForeignException@@YAXPEAUEHExceptionRecord@@PEA_KPEAU_CONTEXT@@PEAU_xDISPATCHER_CONTEXT@@PEBU_s_FuncInfo@@HH1@Z 000000018006d824     LIBCMTD:frame.obj
 0004:00001830       $pdata$?IsInExceptionSpec@@YAEPEAUEHExceptionRecord@@PEBU_s_ESTypeList@@@Z 000000018006d830     LIBCMTD:frame.obj
 0004:0000183c       $pdata$?Is_bad_exception_allowed@@YAEPEBU_s_ESTypeList@@@Z 000000018006d83c     LIBCMTD:frame.obj
 0004:00001848       $pdata$?__RethrowException@@YAXPEAUEHExceptionRecord@@@Z 000000018006d848     LIBCMTD:frame.obj
 0004:00001854       $pdata$__AdjustPointer     000000018006d854     LIBCMTD:frame.obj
 0004:00001860       $pdata$__BuildCatchObject  000000018006d860     LIBCMTD:frame.obj
 0004:0000186c       $pdata$__BuildCatchObjectHelper 000000018006d86c     LIBCMTD:frame.obj
 0004:00001878       $pdata$__CxxCallCatchBlock 000000018006d878     LIBCMTD:frame.obj
 0004:00001884       $pdata$__FrameUnwindFilter 000000018006d884     LIBCMTD:frame.obj
 0004:00001890       $pdata$__FrameUnwindToState 000000018006d890     LIBCMTD:frame.obj
 0004:0000189c       $pdata$__InternalCxxFrameHandler 000000018006d89c     LIBCMTD:frame.obj
 0004:000018a8       $pdata$__TypeMatch         000000018006d8a8     LIBCMTD:frame.obj
 0004:000018b4       $pdata$?__GetCurrentState@@YAHPEA_KPEAU_xDISPATCHER_CONTEXT@@PEBU_s_FuncInfo@@@Z 000000018006d8b4     LIBCMTD:ehstate.obj
 0004:000018c0       $pdata$?__GetUnwindTryBlock@@YAHPEA_KPEAU_xDISPATCHER_CONTEXT@@PEBU_s_FuncInfo@@@Z 000000018006d8c0     LIBCMTD:ehstate.obj
 0004:000018cc       $pdata$?__SetUnwindTryBlock@@YAXPEA_KPEAU_xDISPATCHER_CONTEXT@@PEBU_s_FuncInfo@@H@Z 000000018006d8cc     LIBCMTD:ehstate.obj
 0004:000018d8       $pdata$?__StateFromControlPc@@YAHPEBU_s_FuncInfo@@PEAU_xDISPATCHER_CONTEXT@@@Z 000000018006d8d8     LIBCMTD:ehstate.obj
 0004:000018e4       $pdata$?__StateFromIp@@YAHPEBU_s_FuncInfo@@PEAU_xDISPATCHER_CONTEXT@@_J@Z 000000018006d8e4     LIBCMTD:ehstate.obj
 0004:000018f0       $pdata$?_inconsistency@@YAXXZ 000000018006d8f0     LIBCMTD:hooks.obj
 0004:000018fc       $pdata$?terminate@@YAXXZ   000000018006d8fc     LIBCMTD:hooks.obj
 0004:00001908       $pdata$_initp_eh_hooks     000000018006d908     LIBCMTD:hooks.obj
 0004:00001920       $pdata$wcsncpy_s           000000018006d920     LIBCMTD:wcsncpy_s.obj
 0004:0000192c       $pdata$GetTableIndexFromLocaleName 000000018006d92c     LIBCMTD:winapinls.obj
 0004:00001938       $pdata$__crtDownlevelLocaleNameToLCID 000000018006d938     LIBCMTD:winapinls.obj
 0004:00001944       $pdata$__crtLCMapStringEx  000000018006d944     LIBCMTD:winapinls.obj
 0004:00001950       $pdata$__wcsnicmp_ascii    000000018006d950     LIBCMTD:winapinls.obj
 0004:0000195c       $pdata$__onexitinit        000000018006d95c     LIBCMTD:onexit.obj
 0004:00001968       $pdata$_onexit             000000018006d968     LIBCMTD:onexit.obj
 0004:00001974       $pdata$_onexit_nolock      000000018006d974     LIBCMTD:onexit.obj
 0004:00001980       $pdata$atexit              000000018006d980     LIBCMTD:onexit.obj
 0004:0000198c       $pdata$_ftbuf              000000018006d98c     LIBCMTD:_sftbuf.obj
 0004:00001998       $pdata$_stbuf              000000018006d998     LIBCMTD:_sftbuf.obj
 0004:000019a4       $pdata$_freebuf            000000018006d9a4     LIBCMTD:_freebuf.obj
 0004:000019b0       $pdata$_woutput_l          000000018006d9b0     LIBCMTD:woutput.obj
 0004:000019bc       $pdata$get_int64_arg       000000018006d9bc     LIBCMTD:woutput.obj
 0004:000019c8       $pdata$get_int_arg         000000018006d9c8     LIBCMTD:woutput.obj
 0004:000019d4       $pdata$write_char          000000018006d9d4     LIBCMTD:woutput.obj
 0004:000019d4       $pdata$write_char          000000018006d9d4     LIBCMTD:woutput.obj
 0004:000019e0       $pdata$write_multi_char    000000018006d9e0     LIBCMTD:woutput.obj
 0004:000019e0       $pdata$write_multi_char    000000018006d9e0     LIBCMTD:woutput.obj
 0004:000019ec       $pdata$write_string        000000018006d9ec     LIBCMTD:woutput.obj
 0004:000019ec       $pdata$write_string        000000018006d9ec     LIBCMTD:woutput.obj
 0004:000019f8       $pdata$_flsbuf             000000018006d9f8     LIBCMTD:_flsbuf.obj
 0004:00001a04       $pdata$_woutput_s_l        000000018006da04     LIBCMTD:woutputs.obj
 0004:00001a1c       $pdata$_isdigit_l          000000018006da1c     LIBCMTD:_ctype.obj
 0004:00001a28       $pdata$isdigit             000000018006da28     LIBCMTD:_ctype.obj
 0004:00001a34       $pdata$_tolower_l          000000018006da34     LIBCMTD:tolower.obj
 0004:00001a40       $pdata$tolower             000000018006da40     LIBCMTD:tolower.obj
 0004:00001a4c       $pdata$strcpy_s            000000018006da4c     LIBCMTD:strcpy_s.obj
 0004:00001a58       $pdata$strrchr             000000018006da58     LIBCMTD:strrchr.obj
 0004:00001a64       $pdata$_fptostr            000000018006da64     LIBCMTD:_fptostr.obj
 0004:00001a70       $pdata$__crt_atoflt_l      000000018006da70     LIBCMTD:atodbl.obj
 0004:00001a7c       $pdata$_atodbl_l           000000018006da7c     LIBCMTD:atodbl.obj
 0004:00001a88       $pdata$_atoflt_l           000000018006da88     LIBCMTD:atodbl.obj
 0004:00001a94       $pdata$__dtold             000000018006da94     LIBCMTD:cfout.obj
 0004:00001aa0       $pdata$_fltout2            000000018006daa0     LIBCMTD:cfout.obj
 0004:00001aac       $pdata$_fptrap             000000018006daac     LIBCMTD:crt0fp.obj
 0004:00001ab8       $pdata$?x_ismbbtype_l@@YAHPEAUlocaleinfo_struct@@IHH@Z 000000018006dab8     LIBCMTD:ismbbyte.obj
 0004:00001ac4       $pdata$_ismbblead          000000018006dac4     LIBCMTD:ismbbyte.obj
 0004:00001ad0       $pdata$strcat_s            000000018006dad0     LIBCMTD:strcat_s.obj
 0004:00001adc       $pdata$_itoa_s             000000018006dadc     LIBCMTD:xtoas.obj
 0004:00001ae8       $pdata$xtoa_s              000000018006dae8     LIBCMTD:xtoas.obj
 0004:00001af4       $pdata$_mbstowcs_l_helper  000000018006daf4     LIBCMTD:mbstowcs.obj
 0004:00001b00       $pdata$_mbstowcs_s_l       000000018006db00     LIBCMTD:mbstowcs.obj
 0004:00001b0c       $pdata$mbstowcs_s          000000018006db0c     LIBCMTD:mbstowcs.obj
 0004:00001b18       $pdata$?wcsncnt@@YA_KPEB_W_K@Z 000000018006db18     LIBCMTD:wcstombs.obj
 0004:00001b24       $pdata$_wcstombs_l_helper  000000018006db24     LIBCMTD:wcstombs.obj
 0004:00001b30       $pdata$_wcstombs_s_l       000000018006db30     LIBCMTD:wcstombs.obj
 0004:00001b3c       $pdata$wcstombs_s          000000018006db3c     LIBCMTD:wcstombs.obj
 0004:00001b48       $pdata$_vsnprintf_helper   000000018006db48     LIBCMTD:vsnprnc.obj
 0004:00001b54       $pdata$_vsnprintf_s        000000018006db54     LIBCMTD:vsnprnc.obj
 0004:00001b60       $pdata$_vsnprintf_s_l      000000018006db60     LIBCMTD:vsnprnc.obj
 0004:00001b6c       $pdata$_vsprintf_s_l       000000018006db6c     LIBCMTD:vsnprnc.obj
 0004:00001b78       $pdata$__GSHandlerCheck_SEH 000000018006db78     LIBCMTD:gshandlerseh.obj
 0004:00001b84       $pdata$_fclose_nolock      000000018006db84     LIBCMTD:fclose.obj
 0004:00001b90       $pdata$fclose              000000018006db90     LIBCMTD:fclose.obj
 0004:00001b9c       $pdata$_mbtowc_l           000000018006db9c     LIBCMTD:mbtowc.obj
 0004:00001ba8       $pdata$mbtowc              000000018006dba8     LIBCMTD:mbtowc.obj
 0004:00001bb4       $pdata$_putwch_nolock      000000018006dbb4     LIBCMTD:putwch.obj
 0004:00001bc0       $pdata$get_short_arg       000000018006dbc0     LIBCMTD:output.obj
 0004:00001bcc       $pdata$??3@YAXPEAX@Z       000000018006dbcc     LIBCMTD:dbgdel.obj
 0004:00001be4       $pdata$?_ValidateExecute@@YAHP6A_JXZ@Z 000000018006dbe4     LIBCMTD:validate.obj
 0004:00001bf0       $pdata$?_ValidateWrite@@YAHPEAXI@Z 000000018006dbf0     LIBCMTD:validate.obj
 0004:00001bf0       $pdata$?_ValidateRead@@YAHPEBXI@Z 000000018006dbf0     LIBCMTD:validate.obj
 0004:00001c08       $pdata$??1type_info@@UEAA@XZ 000000018006dc08     LIBCMTD:typinfo.obj
 0004:00001c14       $pdata$??8type_info@@QEBA_NAEBV0@@Z 000000018006dc14     LIBCMTD:typinfo.obj
 0004:00001c20       $pdata$??_Gtype_info@@UEAAPEAXI@Z 000000018006dc20     LIBCMTD:typinfo.obj
 0004:00001c2c       $pdata$??0exception@std@@QEAA@AEBQEBD@Z 000000018006dc2c     LIBCMTD:stdexcpt.obj
 0004:00001c38       $pdata$??0exception@std@@QEAA@AEBV01@@Z 000000018006dc38     LIBCMTD:stdexcpt.obj
 0004:00001c44       $pdata$??1exception@std@@UEAA@XZ 000000018006dc44     LIBCMTD:stdexcpt.obj
 0004:00001c50       $pdata$??4exception@std@@QEAAAEAV01@AEBV01@@Z 000000018006dc50     LIBCMTD:stdexcpt.obj
 0004:00001c5c       $pdata$??_Gexception@std@@UEAAPEAXI@Z 000000018006dc5c     LIBCMTD:stdexcpt.obj
 0004:00001c68       $pdata$?_Copy_str@exception@std@@AEAAXPEBD@Z 000000018006dc68     LIBCMTD:stdexcpt.obj
 0004:00001c74       $pdata$?_Tidy@exception@std@@AEAAXXZ 000000018006dc74     LIBCMTD:stdexcpt.obj
 0004:00001c80       $pdata$?what@exception@std@@UEBAPEBDXZ 000000018006dc80     LIBCMTD:stdexcpt.obj
 0004:00001c8c       $pdata$_CxxThrowException  000000018006dc8c     LIBCMTD:throw.obj
 0004:00001c98       $pdata$_get_printf_count_output 000000018006dc98     LIBCMTD:printf.obj
 0004:00001ca4       $pdata$_fputwc_nolock      000000018006dca4     LIBCMTD:fputwc.obj
 0004:00001cb0       $pdata$_output_s_l         000000018006dcb0     LIBCMTD:outputs.obj
 0004:00001cbc       $pdata$write_char          000000018006dcbc     LIBCMTD:outputs.obj
 0004:00001cc8       $pdata$write_multi_char    000000018006dcc8     LIBCMTD:outputs.obj
 0004:00001cd4       $pdata$write_string        000000018006dcd4     LIBCMTD:outputs.obj
 0004:00001ce0       $pdata$_CopyMan            000000018006dce0     LIBCMTD:intrncvt.obj
 0004:00001cec       $pdata$_FillZeroMan        000000018006dcec     LIBCMTD:intrncvt.obj
 0004:00001cf8       $pdata$_IncMan             000000018006dcf8     LIBCMTD:intrncvt.obj
 0004:00001d04       $pdata$_IsZeroMan          000000018006dd04     LIBCMTD:intrncvt.obj
 0004:00001d10       $pdata$_RoundMan           000000018006dd10     LIBCMTD:intrncvt.obj
 0004:00001d1c       $pdata$_ShrMan             000000018006dd1c     LIBCMTD:intrncvt.obj
 0004:00001d28       $pdata$_ZeroTail           000000018006dd28     LIBCMTD:intrncvt.obj
 0004:00001d34       $pdata$__addl              000000018006dd34     LIBCMTD:intrncvt.obj
 0004:00001d40       $pdata$_ld12cvt            000000018006dd40     LIBCMTD:intrncvt.obj
 0004:00001d4c       $pdata$_ld12tod            000000018006dd4c     LIBCMTD:intrncvt.obj
 0004:00001d58       $pdata$_ld12tof            000000018006dd58     LIBCMTD:intrncvt.obj
 0004:00001d64       $pdata$__ld12mul           000000018006dd64     LIBCMTD:strgtold.obj
 0004:00001d70       $pdata$__multtenpow12      000000018006dd70     LIBCMTD:strgtold.obj
 0004:00001d7c       $pdata$__shl_12            000000018006dd7c     LIBCMTD:strgtold.obj
 0004:00001d88       $pdata$__shr_12            000000018006dd88     LIBCMTD:strgtold.obj
 0004:00001d94       $pdata$__strgtold12_l      000000018006dd94     LIBCMTD:strgtold.obj
 0004:00001da0       $pdata$$I10_OUTPUT         000000018006dda0     LIBCMTD:x10fout.obj
 0004:00001dac       $pdata$__add_12            000000018006ddac     LIBCMTD:x10fout.obj
 0004:00001db8       $pdata$_close              000000018006ddb8     LIBCMTD:close.obj
 0004:00001dc4       $pdata$_close_nolock       000000018006ddc4     LIBCMTD:close.obj
 0004:00001dd0       $pdata$__termconout        000000018006ddd0     LIBCMTD:initcon.obj
 0004:00001ddc       $pdata$__initconout        000000018006dddc     LIBCMTD:initcon.obj
 0004:00001de8       $pdata$_wctomb_s_l         000000018006dde8     LIBCMTD:wctomb.obj
 0004:00001df4       $pdata$wctomb_s            000000018006ddf4     LIBCMTD:wctomb.obj
 0004:00001e00       $pdata$?_Type_info_dtor@type_info@@CAXPEAV1@@Z 000000018006de00     LIBCMTD:typname.obj
 0004:00001e0c       $pdata$_flswbuf            000000018006de0c     LIBCMTD:_flswbuf.obj
 0004:00001e18       $pdata$__mtold12           000000018006de18     LIBCMTD:mantold.obj
 0004:00001e24       $pdata$fread_s$fin$0       000000018006de24     LIBCMTD:fread.obj
 0004:00001e30       $pdata$fseek$fin$0         000000018006de30     LIBCMTD:fseek.obj
 0004:00001e3c       $pdata$?dtor$0@?0??strtoxl@@YAKPEAUlocaleinfo_struct@@PEBDPEAPEBDHH@Z@4HA 000000018006de3c     LIBCMTD:strtol.obj
 0004:00001e48       $pdata$_CRT_INIT$fin$0     000000018006de48     LIBCMTD:dllcrt0.obj
 0004:00001e54       $pdata$__DllMainCRTStartup$filt$0 000000018006de54     LIBCMTD:dllcrt0.obj
 0004:00001e60       $pdata$fflush$fin$0        000000018006de60     LIBCMTD:fflush.obj
 0004:00001e6c       $pdata$flsall$fin$0        000000018006de6c     LIBCMTD:fflush.obj
 0004:00001e78       $pdata$flsall$fin$1        000000018006de78     LIBCMTD:fflush.obj
 0004:00001e84       $pdata$_ctrlfp$filt$0      000000018006de84     LIBCMTD:fpctrl.obj
 0004:00001e90       $pdata$_CrtCheckMemory$fin$0 000000018006de90     LIBCMTD:dbgheap.obj
 0004:00001e9c       $pdata$_free_dbg$fin$0     000000018006de9c     LIBCMTD:dbgheap.obj
 0004:00001ea8       $pdata$_heap_alloc_dbg_impl$fin$0 000000018006dea8     LIBCMTD:dbgheap.obj
 0004:00001ea8       $pdata$?fin$0@?0??_CrtMemDumpAllObjectsSince_stat@@YAXPEBU_CrtMemState@@PEAUlocaleinfo_struct@@@Z@4HA 000000018006dea8     LIBCMTD:dbgheap.obj
 0004:00001ea8       $pdata$_CrtMemCheckpoint$fin$0 000000018006dea8     LIBCMTD:dbgheap.obj
 0004:00001eb4       $pdata$?fin$0@?0???3@YAXPEAX@Z@4HA 000000018006deb4     LIBCMTD:dbgheap.obj
 0004:00001eb4       $pdata$_CrtSetDbgFlag$fin$0 000000018006deb4     LIBCMTD:dbgheap.obj
 0004:00001eb4       $pdata$_realloc_dbg$fin$0  000000018006deb4     LIBCMTD:dbgheap.obj
 0004:00001eb4       $pdata$_msize_dbg$fin$0    000000018006deb4     LIBCMTD:dbgheap.obj
 0004:00001ec0       $pdata$?dtor$0@?0??getSystemCP@@YAHH@Z@4HA 000000018006dec0     LIBCMTD:mbctype.obj
 0004:00001ecc       $pdata$_setmbcp$fin$0      000000018006decc     LIBCMTD:mbctype.obj
 0004:00001ecc       $pdata$__updatetmbcinfo$fin$0 000000018006decc     LIBCMTD:mbctype.obj
 0004:00001ed8       $pdata$_freefls$fin$0      000000018006ded8     LIBCMTD:tidtable.obj
 0004:00001ed8       $pdata$_initptd$fin$0      000000018006ded8     LIBCMTD:tidtable.obj
 0004:00001ee4       $pdata$_freefls$fin$1      000000018006dee4     LIBCMTD:tidtable.obj
 0004:00001ee4       $pdata$_initptd$fin$1      000000018006dee4     LIBCMTD:tidtable.obj
 0004:00001ef0       $pdata$_CallSETranslator$filt$0 000000018006def0     LIBCMTD:trnsctrl.obj
 0004:00001efc       $pdata$_locterm$fin$0      000000018006defc     LIBCMTD:wsetloca.obj
 0004:00001efc       $pdata$__updatetlocinfo$fin$0 000000018006defc     LIBCMTD:wsetloca.obj
 0004:00001f08       $pdata$doexit$fin$0        000000018006df08     LIBCMTD:crt0dat.obj
 0004:00001f14       $pdata$setvbuf$fin$0       000000018006df14     LIBCMTD:setvbuf.obj
 0004:00001f14       $pdata$fclose$fin$0        000000018006df14     LIBCMTD:setvbuf.obj
 0004:00001f20       $pdata$fwprintf$fin$0      000000018006df20     LIBCMTD:fwprintf.obj
 0004:00001f2c       $pdata$raise$fin$0         000000018006df2c     LIBCMTD:winsig.obj
 0004:00001f38       $pdata$_ioinit$fin$0       000000018006df38     LIBCMTD:ioinit.obj
 0004:00001f44       $pdata$__lock_fhandle$fin$0 000000018006df44     LIBCMTD:mlock.obj
 0004:00001f44       $pdata$_mtinitlocknum$fin$0 000000018006df44     LIBCMTD:mlock.obj
 0004:00001f50       $pdata$_VCrtDbgReportA$fin$0 000000018006df50     LIBCMTD:dbgrptt.obj
 0004:00001f5c       $pdata$_VCrtDbgReportA$fin$1 000000018006df5c     LIBCMTD:dbgrptt.obj
 0004:00001f68       $pdata$_VCrtDbgReportW$fin$0 000000018006df68     LIBCMTD:dbgrptt.obj
 0004:00001f74       $pdata$_VCrtDbgReportW$fin$1 000000018006df74     LIBCMTD:dbgrptt.obj
 0004:00001f80       $pdata$_fcloseall$fin$0    000000018006df80     LIBCMTD:closeall.obj
 0004:00001f8c       $pdata$_IsNonwritableInCurrentImage$filt$0 000000018006df8c     LIBCMTD:pesect.obj
 0004:00001f98       $pdata$_lseeki64$fin$0     000000018006df98     LIBCMTD:write.obj
 0004:00001f98       $pdata$_commit$fin$0       000000018006df98     LIBCMTD:write.obj
 0004:00001f98       $pdata$_close$fin$0        000000018006df98     LIBCMTD:write.obj
 0004:00001f98       $pdata$_read$fin$0         000000018006df98     LIBCMTD:write.obj
 0004:00001f98       $pdata$_lseek$fin$0        000000018006df98     LIBCMTD:write.obj
 0004:00001f98       $pdata$_write$fin$0        000000018006df98     LIBCMTD:write.obj
 0004:00001fa4       $pdata$__BuildCatchObjectHelper$filt$0 000000018006dfa4     LIBCMTD:frame.obj
 0004:00001fa4       $pdata$?filt$0@?0??__crtIsBadReadPtr@@YAHPEBX_K@Z@4HA 000000018006dfa4     LIBCMTD:frame.obj
 0004:00001fa4       $pdata$?filt$0@?0??terminate@@YAXXZ@4HA 000000018006dfa4     LIBCMTD:frame.obj
 0004:00001fa4       $pdata$?filt$0@?0??_inconsistency@@YAXXZ@4HA 000000018006dfa4     LIBCMTD:frame.obj
 0004:00001fa4       $pdata$__BuildCatchObject$filt$0 000000018006dfa4     LIBCMTD:frame.obj
 0004:00001fb0       $pdata$__CxxCallCatchBlock$filt$0 000000018006dfb0     LIBCMTD:frame.obj
 0004:00001fbc       $pdata$__CxxCallCatchBlock$fin$1 000000018006dfbc     LIBCMTD:frame.obj
 0004:00001fc8       $pdata$__DestructExceptionObject$filt$0 000000018006dfc8     LIBCMTD:frame.obj
 0004:00001fd4       $pdata$__FrameUnwindToState$filt$0 000000018006dfd4     LIBCMTD:frame.obj
 0004:00001fe0       $pdata$__FrameUnwindToState$fin$1 000000018006dfe0     LIBCMTD:frame.obj
 0004:00001fec       $pdata$_onexit$fin$0       000000018006dfec     LIBCMTD:onexit.obj
 0004:00001ff8       $pdata$?dtor$0@?0??x_ismbbtype_l@@YAHPEAUlocaleinfo_struct@@IHH@Z@4HA 000000018006dff8     LIBCMTD:ismbbyte.obj
 0004:00002004       $pdata$?fin$0@?0??_Type_info_dtor@type_info@@CAXPEAV1@@Z@4HA 000000018006e004     LIBCMTD:typname.obj
