 dolphin

 Timestamp is 58ca802f (Thu Mar 16 15:08:15 2017)

 Preferred load address is 0000000180000000

 Start         Length     Name                   Class
 0001:00000000 000316dcH .text$mn                CODE
 0001:000316e0 0000060bH .text$x                 CODE
 0002:00000000 00000238H .idata$5                DATA
 0002:00000238 00000008H .CRT$XCA                DATA
 0002:00000240 00000008H .CRT$XCZ                DATA
 0002:00000248 00000008H .CRT$XIA                DATA
 0002:00000250 00000028H .CRT$XIC                DATA
 0002:00000278 00000008H .CRT$XIZ                DATA
 0002:00000280 00000008H .CRT$XPA                DATA
 0002:00000288 00000010H .CRT$XPX                DATA
 0002:00000298 00000008H .CRT$XPXA               DATA
 0002:000002a0 00000008H .CRT$XPZ                DATA
 0002:000002a8 00000008H .CRT$XTA                DATA
 0002:000002b0 00000008H .CRT$XTZ                DATA
 0002:000002c0 0000b2b0H .rdata                  DATA
 0002:0000b570 00000070H .rdata$debug            DATA
 0002:0000b5e0 0000016cH .rdata$r                DATA
 0002:0000b750 00000008H .rtc$IAA                DATA
 0002:0000b758 00000008H .rtc$IZZ                DATA
 0002:0000b760 00000008H .rtc$TAA                DATA
 0002:0000b768 00000008H .rtc$TZZ                DATA
 0002:0000b770 00000e74H .xdata                  DATA
 0002:0000c5e8 00000084H .xdata$x                DATA
 0002:0000c670 00000070H .edata                  DATA
 0002:0000c6e0 00000014H .idata$2                DATA
 0002:0000c6f4 00000014H .idata$3                DATA
 0002:0000c708 00000238H .idata$4                DATA
 0002:0000c940 0000053aH .idata$6                DATA
 0003:00000000 00005848H .data                   DATA
 0003:00005848 00000070H .data$r                 DATA
 0003:000058c0 00002558H .bss                    DATA
 0004:00000000 000017a0H .pdata                  DATA

  Address         Publics by Value              Rva+Base               Lib:Object

 0000:00000000       __guard_fids_count         0000000000000000     <absolute>
 0000:00000000       ___safe_se_handler_count   0000000000000000     <absolute>
 0000:00000000       ___safe_se_handler_table   0000000000000000     <absolute>
 0000:00000000       __guard_flags              0000000000000000     <absolute>
 0000:00000000       __guard_fids_table         0000000000000000     <absolute>
 0000:00000000       __ImageBase                0000000180000000     <linker-defined>
 0001:00000000       ?Refract@@YA?ATvec2@@T1@0M@Z 0000000180001000 f   dolphin.obj
 0001:00000180       ?Refract@@YA?ATvec3@@T1@0M@Z 0000000180001180 f   dolphin.obj
 0001:00000480       ?AspectRatio@@YAMTvec2@@@Z 0000000180001480 f   dolphin.obj
 0001:000004d0       ?Lerp@@YAMMMM@Z            00000001800014d0 f   dolphin.obj
 0001:00000650       ?GameUpdateAndRenderStub@@YAXPEAUgame_memory@@PEAUgame_input@@PEAUgame_offscreen_buffer@@PEAUgame_sound_output_buffer@@@Z 0000000180001650 f   dolphin.obj
 0001:00000670       ?GameGetSoundSamplesStub@@YAXPEAUgame_memory@@PEAUgame_sound_output_buffer@@@Z 0000000180001670 f   dolphin.obj
 0001:000030e0       GameUpdateAndRender        00000001800040e0 f   dolphin.obj
 0001:00004710       GameGetSoundSamples        0000000180005710 f   dolphin.obj
 0001:00004770       ??D@YA?ATvec2@@MT0@@Z      0000000180005770 f i dolphin.obj
 0001:000047c0       ??D@YA?ATvec2@@T0@M@Z      00000001800057c0 f i dolphin.obj
 0001:00004810       ??D@YA?ATvec3@@MT0@@Z      0000000180005810 f i dolphin.obj
 0001:000048b0       ??D@YA?ATvec3@@T0@M@Z      00000001800058b0 f i dolphin.obj
 0001:00004950       ??D@YA?ATvec4@@T0@M@Z      0000000180005950 f i dolphin.obj
 0001:000049f0       ??D@YA?AUvolume_v2@@MU0@@Z 00000001800059f0 f i dolphin.obj
 0001:00004a50       ??G@YA?ATvec3@@T0@0@Z      0000000180005a50 f i dolphin.obj
 0001:00004b00       ??H@YA?ATvec2@@T0@0@Z      0000000180005b00 f i dolphin.obj
 0001:00004b50       ??H@YA?ATvec3@@T0@0@Z      0000000180005b50 f i dolphin.obj
 0001:00004c00       ??X@YAAEATvec3@@AEAT0@M@Z  0000000180005c00 f i dolphin.obj
 0001:00004ca0       ?Add@@YA?ATvec2@@T1@0@Z    0000000180005ca0 f i dolphin.obj
 0001:00004ce0       ?Add@@YA?ATvec3@@T1@0@Z    0000000180005ce0 f i dolphin.obj
 0001:00004d70       ?AtomicCompareExchangeUInt32@@YAIPECIII@Z 0000000180005d70 f i dolphin.obj
 0001:00004db0       ?BeginTemporaryMemory@@YA?AUtemporary_memory@@PEAUmemory_arena@@@Z 0000000180005db0 f i dolphin.obj
 0001:00004e10       ?Cos@@YAMM@Z               0000000180005e10 f i dolphin.obj
 0001:00004e40       ?Dot@@YAMTvec2@@0@Z        0000000180005e40 f i dolphin.obj
 0001:00004e70       ?Dot@@YAMTvec3@@0@Z        0000000180005e70 f i dolphin.obj
 0001:00004ec0       ?EndTemporaryMemory@@YAXUtemporary_memory@@@Z 0000000180005ec0 f i dolphin.obj
 0001:00004f30       ?GetAlignmentOffset@@YA_KPEAUmemory_arena@@_K@Z 0000000180005f30 f i dolphin.obj
 0001:00004fb0       ?GetBestMatchBitmapFrom@@YA?AUbitmap_id@@PEAUgame_assets@@W4asset_type_id@@PEAUasset_vector@@2@Z 0000000180005fb0 f i dolphin.obj
 0001:00004ff0       ?GetBitmapDim@@YA?AUbitmap_dimension@@PEAUrender_group@@PEAUloaded_bitmap@@MTvec3@@M@Z 0000000180005ff0 f i dolphin.obj
 0001:00005180       ?GetFileHandleFor@@YAPEAUplatform_file_handle@@PEAUgame_assets@@I@Z 0000000180006180 f i dolphin.obj
 0001:000051d0       ?GetFirstSoundFrom@@YA?AUsound_id@@PEAUgame_assets@@W4asset_type_id@@@Z 00000001800061d0 f i dolphin.obj
 0001:000051d0       ?GetFirstBitmapFrom@@YA?AUbitmap_id@@PEAUgame_assets@@W4asset_type_id@@@Z 00000001800061d0 f i dolphin.obj
 0001:00005200       ?GetNextSoundInChain@@YA?AUsound_id@@PEAUgame_assets@@U1@@Z 0000000180006200 f i dolphin.obj
 0001:00005270       ?GetRenderEntityBasisP@@YA?AUentity_basis_p_result@@PEAUrender_group_transform@@Tvec3@@@Z 0000000180006270 f i dolphin.obj
 0001:000055f0       ?GetBitmap@@YAPEAUloaded_bitmap@@PEAUgame_assets@@Ubitmap_id@@@Z 00000001800065f0 f i dolphin.obj
 0001:000055f0       ?GetSound@@YAPEAUloaded_sound@@PEAUgame_assets@@Usound_id@@@Z 00000001800065f0 f i dolphin.obj
 0001:00005660       ?GetSoundInfo@@YAPEAUdda_sound@@PEAUgame_assets@@Usound_id@@@Z 0000000180006660 f i dolphin.obj
 0001:000056b0       ?Hadamard@@YA?ATvec2@@T1@0@Z 00000001800066b0 f i dolphin.obj
 0001:00005720       ?InitializeMemoryArena@@YAXPEAUmemory_arena@@_KPEAX@Z 0000000180006720 f i dolphin.obj
 0001:00005760       ?IsValid@@YAHUsound_id@@@Z 0000000180006760 f i dolphin.obj
 0001:00005790       ?Mul@@YA?ATvec2@@T1@M@Z    0000000180006790 f i dolphin.obj
 0001:000057d0       ?Mul@@YA?ATvec3@@T1@M@Z    00000001800067d0 f i dolphin.obj
 0001:00005850       ?Mul@@YA?ATvec4@@T1@M@Z    0000000180006850 f i dolphin.obj
 0001:000058f0       ?Normalize0@@YA?ATvec2@@T1@@Z 00000001800068f0 f i dolphin.obj
 0001:000059a0       ?PrefetchSound@@YAXPEAUgame_assets@@Usound_id@@@Z 00000001800069a0 f i dolphin.obj
 0001:000059c0       ?PushBitmap@@YAXPEAUrender_group@@PEAUloaded_bitmap@@MTvec3@@Tvec4@@M@Z 00000001800069c0 f i dolphin.obj
 0001:00005ca0       ?PushBitmap@@YAXPEAUrender_group@@Ubitmap_id@@MTvec3@@Tvec4@@M@Z 0000000180006ca0 f i dolphin.obj
 0001:00005d70       ?PushClear@@YAXPEAUrender_group@@Tvec4@@@Z 0000000180006d70 f i dolphin.obj
 0001:00005dc0       ?PushRectangle@@YAXPEAUrender_group@@Tvec3@@Tvec2@@Tvec4@@@Z 0000000180006dc0 f i dolphin.obj
 0001:00005fc0       ?PushRenderElement_@@YAPEAXPEAUrender_group@@IW4render_group_entry_type@@@Z 0000000180006fc0 f i dolphin.obj
 0001:00006060       ?PushSize_@@YAPEAXPEAUmemory_arena@@_K1@Z 0000000180007060 f i dolphin.obj
 0001:00006120       ?RSqrt@@YAMM@Z             0000000180007120 f i dolphin.obj
 0001:00006160       ?RenderRectangle@@YAXPEAUloaded_bitmap@@Tvec2@@1Tvec4@@Urectangle2@@@Z 0000000180007160 f i dolphin.obj
 0001:000064b0       ?RenderRectangleQuickly@@YAXPEAUloaded_bitmap@@Tvec2@@110Tvec4@@Urectangle2@@@Z 00000001800074b0 f i dolphin.obj
 0001:00008b40       ?RoundReal32ToInt32@@YAHM@Z 0000000180009b40 f i dolphin.obj
 0001:00008b70       ?RoundReal32ToUInt32@@YAIM@Z 0000000180009b70 f i dolphin.obj
 0001:00008ba0       ?SetOrthographic@@YAXPEAUrender_group@@HHM@Z 0000000180009ba0 f i dolphin.obj
 0001:00008cd0       ?Sin@@YAMM@Z               0000000180009cd0 f i dolphin.obj
 0001:00008d00       ?SqMagnitude@@YAMTvec2@@@Z 0000000180009d00 f i dolphin.obj
 0001:00008d20       ?Sqrt@@YAMM@Z              0000000180009d20 f i dolphin.obj
 0001:00008d50       ?Sub@@YA?ATvec2@@T1@0@Z    0000000180009d50 f i dolphin.obj
 0001:00008d90       ?Sub@@YA?ATvec3@@T1@0@Z    0000000180009d90 f i dolphin.obj
 0001:00008e20       ?SubArena@@YAXPEAUmemory_arena@@0_K1@Z 0000000180009e20 f i dolphin.obj
 0001:00008e80       ?Vec2@@YA?ATvec2@@M@Z      0000000180009e80 f i dolphin.obj
 0001:00008ed0       ?Vec2@@YA?ATvec2@@MM@Z     0000000180009ed0 f i dolphin.obj
 0001:00008f20       ?Vec3@@YA?ATvec3@@M@Z      0000000180009f20 f i dolphin.obj
 0001:00008f90       ?Vec3@@YA?ATvec3@@MMM@Z    0000000180009f90 f i dolphin.obj
 0001:00009010       ?Vec3@@YA?ATvec3@@Tvec2@@M@Z 000000018000a010 f i dolphin.obj
 0001:00009090       ?Vec4@@YA?ATvec4@@MMMM@Z   000000018000a090 f i dolphin.obj
 0001:00009120       ?ZeroSize@@YAXPEAX_K@Z     000000018000a120 f i dolphin.obj
 0001:00009170       ?volume_v2_init@@YA?AUvolume_v2@@MM@Z 000000018000a170 f i dolphin.obj
 0001:000091d0       ?volume_v2_mulf@@YA?AUvolume_v2@@U1@M@Z 000000018000a1d0 f i dolphin.obj
 0001:00009230       roundf                     000000018000a230 f   LIBCMTD:roundf.obj
 0001:000092c0       __GSHandlerCheck           000000018000a2c0 f   LIBCMTD:gshandler.obj
 0001:00009300       __GSHandlerCheckCommon     000000018000a300 f   LIBCMTD:gshandler.obj
 0001:00009410       _alloca_probe              000000018000a410 f   LIBCMTD:chkstk.obj
 0001:00009410       __chkstk                   000000018000a410 f   LIBCMTD:chkstk.obj
 0001:00009470       __security_check_cookie    000000018000a470 f   LIBCMTD:amdsecgs.obj
 0001:00009490       cosf                       000000018000a490 f   LIBCMTD:cosf.obj
 0001:00009990       sinf                       000000018000a990 f   LIBCMTD:sinf.obj
 0001:0000a060       sqrtf                      000000018000b060 f   LIBCMTD:sqrtf.obj
 0001:0000a1e0       _fpmath                    000000018000b1e0 f   LIBCMTD:fpinit.obj
 0001:0000a200       _cfltcvt_init              000000018000b200 f   LIBCMTD:fpinit.obj
 0001:0000a310       _CRT_INIT                  000000018000b310 f   LIBCMTD:dllcrt0.obj
 0001:0000a530       _DllMainCRTStartup         000000018000b530 f   LIBCMTD:dllcrt0.obj
 0001:0000a6d0       __DllXcptFilter            000000018000b6d0 f   LIBCMTD:dllcrt0.obj
 0001:0000a720       _fd_int                    000000018000b720 f   LIBCMTD:_test.obj
 0001:0000a950       __raise_securityfailure    000000018000b950 f   LIBCMTD:gs_report.obj
 0001:0000a9a0       __report_gsfailure         000000018000b9a0 f   LIBCMTD:gs_report.obj
 0001:0000aa80       __report_rangecheckfailure 000000018000ba80 f   LIBCMTD:gs_report.obj
 0001:0000aaa0       __report_securityfailure   000000018000baa0 f   LIBCMTD:gs_report.obj
 0001:0000ab40       __remainder_piby2d2f_forAsm 000000018000bb40 f   LIBCMTD:remainder_piby2f_forAsm.obj
 0001:0000ac90       __remainder_piby2_fma3     000000018000bc90 f   LIBCMTD:remainder_piby2_forFMA3.obj
 0001:0000ae80       __remainder_piby2_fma3_bdl 000000018000be80 f   LIBCMTD:remainder_piby2_forFMA3.obj
 0001:0000af00       _cosf_special              000000018000bf00 f   LIBCMTD:sincos_special.obj
 0001:0000af30       _sincosf_special           000000018000bf30 f   LIBCMTD:sincos_special.obj
 0001:0000b130       _sinf_special              000000018000c130 f   LIBCMTD:sincos_special.obj
 0001:0000b160       _clrfp                     000000018000c160 f   LIBCMTD:fpctrl.obj
 0001:0000b190       _ctrlfp                    000000018000c190 f   LIBCMTD:fpctrl.obj
 0001:0000b240       _set_statfp                000000018000c240 f   LIBCMTD:fpctrl.obj
 0001:0000b280       _statfp                    000000018000c280 f   LIBCMTD:fpctrl.obj
 0001:0000b2b0       __fma3_lib_init            000000018000c2b0 f   LIBCMTD:fma3_available.obj
 0001:0000b330       __remainder_piby2d2f_forC  000000018000c330 f   LIBCMTD:remainder_piby2f_forC.obj
 0001:0000b690       _handle_errorf             000000018000c690 f   LIBCMTD:libm_error.obj
 0001:0000b810       ??0_LocaleUpdate@@QEAA@PEAUlocaleinfo_struct@@@Z 000000018000c810 f i LIBCMTD:cvt.obj
 0001:0000b950       ??1_LocaleUpdate@@QEAA@XZ  000000018000c950 f i LIBCMTD:cvt.obj
 0001:0000b990       ?GetLocaleT@_LocaleUpdate@@QEAAPEAUlocaleinfo_struct@@XZ 000000018000c990 f i LIBCMTD:cvt.obj
 0001:0000b9a0       ?strrchr@@YAPEADPEADH@Z    000000018000c9a0 f i LIBCMTD:cvt.obj
 0001:0000b9c0       _cfltcvt                   000000018000c9c0 f   LIBCMTD:cvt.obj
 0001:0000ba10       _cfltcvt_l                 000000018000ca10 f   LIBCMTD:cvt.obj
 0001:0000bb30       _cftoa_l                   000000018000cb30 f   LIBCMTD:cvt.obj
 0001:0000c630       _cftoe                     000000018000d630 f   LIBCMTD:cvt.obj
 0001:0000cc50       _cftoe_l                   000000018000dc50 f   LIBCMTD:cvt.obj
 0001:0000d350       _cftof_l                   000000018000e350 f   LIBCMTD:cvt.obj
 0001:0000d630       _cftog_l                   000000018000e630 f   LIBCMTD:cvt.obj
 0001:0000d9f0       _cropzeros                 000000018000e9f0 f   LIBCMTD:cvt.obj
 0001:0000da10       _cropzeros_l               000000018000ea10 f   LIBCMTD:cvt.obj
 0001:0000db90       _fassign                   000000018000eb90 f   LIBCMTD:cvt.obj
 0001:0000dbc0       _fassign_l                 000000018000ebc0 f   LIBCMTD:cvt.obj
 0001:0000dc30       _forcdecpt                 000000018000ec30 f   LIBCMTD:cvt.obj
 0001:0000dc50       _forcdecpt_l               000000018000ec50 f   LIBCMTD:cvt.obj
 0001:0000dd50       _invoke_watson_if_error    000000018000ed50 f i LIBCMTD:cvt.obj
 0001:0000dda0       _positive                  000000018000eda0 f   LIBCMTD:cvt.obj
 0001:0000de30       _initp_misc_cfltcvt_tab    000000018000ee30 f   LIBCMTD:cmiscdat.obj
 0001:0000de80       _XcptFilter                000000018000ee80 f   LIBCMTD:winxfltr.obj
 0001:0000e120       __CppXcptFilter            000000018000f120 f   LIBCMTD:winxfltr.obj
 0001:0000e1e0       _freefls                   000000018000f1e0 f   LIBCMTD:tidtable.obj
 0001:0000e3f0       _freeptd                   000000018000f3f0 f   LIBCMTD:tidtable.obj
 0001:0000e440       _getptd                    000000018000f440 f   LIBCMTD:tidtable.obj
 0001:0000e470       _getptd_noexit             000000018000f470 f   LIBCMTD:tidtable.obj
 0001:0000e540       _initptd                   000000018000f540 f   LIBCMTD:tidtable.obj
 0001:0000e670       _mtinit                    000000018000f670 f   LIBCMTD:tidtable.obj
 0001:0000e730       _mtterm                    000000018000f730 f   LIBCMTD:tidtable.obj
 0001:0000e760       __crtCorExitProcess        000000018000f760 f   LIBCMTD:crt0dat.obj
 0001:0000e7b0       __crtExitProcess           000000018000f7b0 f   LIBCMTD:crt0dat.obj
 0001:0000e7d0       __freeCrtMemory            000000018000f7d0 f   LIBCMTD:crt0dat.obj
 0001:0000ea00       _amsg_exit                 000000018000fa00 f   LIBCMTD:crt0dat.obj
 0001:0000ea30       _cexit                     000000018000fa30 f   LIBCMTD:crt0dat.obj
 0001:0000ea50       _cinit                     000000018000fa50 f   LIBCMTD:crt0dat.obj
 0001:0000eb00       _exit                      000000018000fb00 f   LIBCMTD:crt0dat.obj
 0001:0000eb20       _init_pointers             000000018000fb20 f   LIBCMTD:crt0dat.obj
 0001:0000ebd0       _initterm_e                000000018000fbd0 f   LIBCMTD:crt0dat.obj
 0001:0000ec30       _lockexit                  000000018000fc30 f   LIBCMTD:crt0dat.obj
 0001:0000ec50       _unlockexit                000000018000fc50 f   LIBCMTD:crt0dat.obj
 0001:0000ee80       _heap_init                 000000018000fe80 f   LIBCMTD:heapinit.obj
 0001:0000eeb0       _heap_term                 000000018000feb0 f   LIBCMTD:heapinit.obj
 0001:0000eec0       _ioinit                    000000018000fec0 f   LIBCMTD:ioinit.obj
 0001:0000f4a0       _ioterm                    00000001800104a0 f   LIBCMTD:ioinit.obj
 0001:0000f580       _set_pgmptr                0000000180010580 f i LIBCMTD:stdargv.obj
 0001:0000f5a0       _setargv                   00000001800105a0 f   LIBCMTD:stdargv.obj
 0001:0000fc00       _setenvp                   0000000180010c00 f   LIBCMTD:stdenvp.obj
 0001:00010340       _CrtCheckMemory            0000000180011340 f   LIBCMTD:dbgheap.obj
 0001:000108e0       _CrtDumpMemoryLeaks        00000001800118e0 f   LIBCMTD:dbgheap.obj
 0001:000109a0       _CrtGetCheckCount          00000001800119a0 f   LIBCMTD:dbgheap.obj
 0001:000109b0       _CrtIsValidHeapPointer     00000001800119b0 f   LIBCMTD:dbgheap.obj
 0001:00010a10       _CrtIsValidPointer         0000000180011a10 f   LIBCMTD:dbgheap.obj
 0001:00010a50       _CrtMemCheckpoint          0000000180011a50 f   LIBCMTD:dbgheap.obj
 0001:00010ce0       _CrtMemDumpAllObjectsSince 0000000180011ce0 f   LIBCMTD:dbgheap.obj
 0001:00010d30       _CrtSetCheckCount          0000000180011d30 f   LIBCMTD:dbgheap.obj
 0001:00010d50       _CrtSetDbgFlag             0000000180011d50 f   LIBCMTD:dbgheap.obj
 0001:00010e90       _CrtSetDumpClient          0000000180011e90 f   LIBCMTD:dbgheap.obj
 0001:00010ec0       _calloc_dbg                0000000180011ec0 f   LIBCMTD:dbgheap.obj
 0001:00010f40       _calloc_dbg_impl           0000000180011f40 f   LIBCMTD:dbgheap.obj
 0001:00010ff0       _free_dbg                  0000000180011ff0 f   LIBCMTD:dbgheap.obj
 0001:00011030       _free_dbg_nolock           0000000180012030 f   LIBCMTD:dbgheap.obj
 0001:00011bc0       _invoke_watson_if_oneof    0000000180012bc0 f i LIBCMTD:dbgheap.obj
 0001:00011c30       _malloc_dbg                0000000180012c30 f   LIBCMTD:dbgheap.obj
 0001:00011c80       _msize_dbg                 0000000180012c80 f   LIBCMTD:dbgheap.obj
 0001:00011ed0       _nh_malloc_dbg             0000000180012ed0 f   LIBCMTD:dbgheap.obj
 0001:00012260       _realloc_dbg               0000000180013260 f   LIBCMTD:dbgheap.obj
 0001:00012bd0       __security_init_cookie     0000000180013bd0 f   LIBCMTD:gs_support.obj
 0001:00012cf0       DllMain                    0000000180013cf0 f   LIBCMTD:dllmain.obj
 0001:00012d10       __crtGetEnvironmentStringsA 0000000180013d10 f   LIBCMTD:a_env.obj
 0001:00012ef0       __crtCaptureCurrentContext 0000000180013ef0 f   LIBCMTD:winapisupp.obj
 0001:00012f90       __crtCapturePreviousContext 0000000180013f90 f   LIBCMTD:winapisupp.obj
 0001:00013050       __crtFlsAlloc              0000000180014050 f   LIBCMTD:winapisupp.obj
 0001:000130a0       __crtFlsFree               00000001800140a0 f   LIBCMTD:winapisupp.obj
 0001:000130f0       __crtFlsGetValue           00000001800140f0 f   LIBCMTD:winapisupp.obj
 0001:00013140       __crtFlsSetValue           0000000180014140 f   LIBCMTD:winapisupp.obj
 0001:000131a0       __crtInitializeCriticalSectionEx 00000001800141a0 f   LIBCMTD:winapisupp.obj
 0001:00013210       __crtIsPackagedApp         0000000180014210 f   LIBCMTD:winapisupp.obj
 0001:00013250       __crtLoadWinApiPointers    0000000180014250 f   LIBCMTD:winapisupp.obj
 0001:00013840       __crtTerminateProcess      0000000180014840 f   LIBCMTD:winapisupp.obj
 0001:00013860       __crtUnhandledException    0000000180014860 f   LIBCMTD:winapisupp.obj
 0001:00013890       _RTC_Initialize            0000000180014890 f   LIBCMTD:initsect.obj
 0001:000138d0       _RTC_Terminate             00000001800148d0 f   LIBCMTD:initsect.obj
 0001:00013910       __C_specific_handler       0000000180014910 f   LIBCMTD:chandler.obj
 0001:00013d30       __doserrno                 0000000180014d30 f   LIBCMTD:dosmap.obj
 0001:00013d60       _dosmaperr                 0000000180014d60 f   LIBCMTD:dosmap.obj
 0001:00013d90       _errno                     0000000180014d90 f   LIBCMTD:dosmap.obj
 0001:00013dc0       _get_errno_from_oserr      0000000180014dc0 f   LIBCMTD:dosmap.obj
 0001:00013e50       _CrtDefaultAllocHook       0000000180014e50 f   LIBCMTD:dbghook.obj
 0001:00013e70       __crt_debugger_hook        0000000180014e70 f   LIBCMTD:dbghook.obj
 0001:00013e90       _get_fpsr                  0000000180014e90 f   LIBCMTD:fpsr.obj
 0001:00013ea0       _set_fpsr                  0000000180014ea0 f   LIBCMTD:fpsr.obj
 0001:00013eaa       _fclrf                     0000000180014eaa f   LIBCMTD:fpsr.obj
 0001:00013ebe       _frnd                      0000000180014ebe f   LIBCMTD:fpsr.obj
 0001:00013ee0       _raise_exc_ex              0000000180014ee0 f   LIBCMTD:fpexcept.obj
 0001:00014560       _raise_excf                0000000180015560 f   LIBCMTD:fpexcept.obj
 0001:000145c0       _set_errno_from_matherr    00000001800155c0 f   LIBCMTD:fpexcept.obj
 0001:00014610       _matherr                   0000000180015610 f   LIBCMTD:matherr.obj
 0001:00014620       _call_reportfault          0000000180015620 f   LIBCMTD:invarg.obj
 0001:00014750       _initp_misc_invarg         0000000180015750 f   LIBCMTD:invarg.obj
 0001:00014770       _invalid_parameter         0000000180015770 f   LIBCMTD:invarg.obj
 0001:00014800       _invoke_watson             0000000180015800 f   LIBCMTD:invarg.obj
 0001:00014860       __addlocaleref             0000000180015860 f   LIBCMTD:localref.obj
 0001:000149b0       __freetlocinfo             00000001800159b0 f   LIBCMTD:localref.obj
 0001:00014d60       __removelocaleref          0000000180015d60 f   LIBCMTD:localref.obj
 0001:00014ec0       __updatetlocinfo           0000000180015ec0 f   LIBCMTD:localref.obj
 0001:00014f60       _updatetlocinfoEx_nolock   0000000180015f60 f   LIBCMTD:localref.obj
 0001:00015000       __initmbctable             0000000180016000 f   LIBCMTD:mbctype.obj
 0001:00015690       __updatetmbcinfo           0000000180016690 f   LIBCMTD:mbctype.obj
 0001:000157a0       _setmbcp                   00000001800167a0 f   LIBCMTD:mbctype.obj
 0001:00015a90       _setmbcp_nolock            0000000180016a90 f   LIBCMTD:mbctype.obj
 0001:00015ee0       _isdigit_l                 0000000180016ee0 f i LIBCMTD:_ctype.obj
 0001:00015f80       isdigit                    0000000180016f80 f i LIBCMTD:_ctype.obj
 0001:00015fc0       _tolower_l                 0000000180016fc0 f   LIBCMTD:tolower.obj
 0001:00016320       tolower                    0000000180017320 f   LIBCMTD:tolower.obj
 0001:00016380       memset                     0000000180017380 f   LIBCMTD:memset.obj
 0001:000165b0       strcpy_s                   00000001800175b0 f   LIBCMTD:strcpy_s.obj
 0001:00016a60       strlen                     0000000180017a60 f   LIBCMTD:strlen.obj
 0001:00016b20       memmove                    0000000180017b20 f   LIBCMTD:memcpy.obj
 0001:00016b20       memcpy                     0000000180017b20 f   LIBCMTD:memcpy.obj
 0001:00017090       strrchr                    0000000180018090 f   LIBCMTD:strrchr.obj
 0001:000174b0       _fptostr                   00000001800184b0 f   LIBCMTD:_fptostr.obj
 0001:00017910       __crt_atoflt_l             0000000180018910 f   LIBCMTD:atodbl.obj
 0001:00017ab0       _atodbl_l                  0000000180018ab0 f   LIBCMTD:atodbl.obj
 0001:00017c30       _atoflt_l                  0000000180018c30 f   LIBCMTD:atodbl.obj
 0001:00017c60       __dtold                    0000000180018c60 f   LIBCMTD:cfout.obj
 0001:00017e10       _fltout2                   0000000180018e10 f   LIBCMTD:cfout.obj
 0001:00017f20       _CrtDbgReportW             0000000180018f20 f   LIBCMTD:dbgrptw.obj
 0001:00017fa0       _CrtDbgReportWV            0000000180018fa0 f i LIBCMTD:dbgrptw.obj
 0001:00018000       __crtMessageWindowW        0000000180019000 f   LIBCMTD:dbgrptw.obj
 0001:00018680       _fptrap                    0000000180019680 f   LIBCMTD:crt0fp.obj
 0001:000186a0       _lock                      00000001800196a0 f   LIBCMTD:mlock.obj
 0001:00018700       _mtdeletelocks             0000000180019700 f   LIBCMTD:mlock.obj
 0001:00018820       _mtinitlocknum             0000000180019820 f   LIBCMTD:mlock.obj
 0001:00018920       _mtinitlocks               0000000180019920 f   LIBCMTD:mlock.obj
 0001:000189c0       _unlock                    00000001800199c0 f   LIBCMTD:mlock.obj
 0001:000189f0       _FF_MSGBANNER              00000001800199f0 f   LIBCMTD:crt0msg.obj
 0001:00018a40       _GET_RTERRMSG              0000000180019a40 f   LIBCMTD:crt0msg.obj
 0001:00018aa0       _NMSG_WRITE                0000000180019aa0 f   LIBCMTD:crt0msg.obj
 0001:00018ed0       _FindPESection             0000000180019ed0 f   LIBCMTD:pesect.obj
 0001:00018f80       _IsNonwritableInCurrentImage 0000000180019f80 f   LIBCMTD:pesect.obj
 0001:00019010       _ValidateImageBase         000000018001a010 f   LIBCMTD:pesect.obj
 0001:00019090       __onexitinit               000000018001a090 f   LIBCMTD:onexit.obj
 0001:00019100       _onexit                    000000018001a100 f   LIBCMTD:onexit.obj
 0001:00019310       atexit                     000000018001a310 f   LIBCMTD:onexit.obj
 0001:00019350       ?_inconsistency@@YAXXZ     000000018001a350 f   LIBCMTD:hooks.obj
 0001:00019380       ?terminate@@YAXXZ          000000018001a380 f   LIBCMTD:hooks.obj
 0001:000193b0       _initp_eh_hooks            000000018001a3b0 f   LIBCMTD:hooks.obj
 0001:000193e0       _callnewh                  000000018001a3e0 f   LIBCMTD:handler.obj
 0001:00019420       _initp_heap_handler        000000018001a420 f   LIBCMTD:handler.obj
 0001:00019440       _initp_misc_purevirt       000000018001a440 f   LIBCMTD:inithelp.obj
 0001:00019460       __get_sigabrt              000000018001a460 f   LIBCMTD:winsig.obj
 0001:00019480       _initp_misc_winsig         000000018001a480 f   LIBCMTD:winsig.obj
 0001:000194c0       raise                      000000018001a4c0 f   LIBCMTD:winsig.obj
 0001:00019930       _initp_misc_rand_s         000000018001a930 f   LIBCMTD:rand_s.obj
 0001:00019960       _local_unwind              000000018001a960 f   LIBCMTD:jmpuwind.obj
 0001:00019990       _NLG_Notify                000000018001a990 f   LIBCMTD:jmpuwind.obj
 0001:000199b0       __NLG_Dispatch2            000000018001a9b0 f   LIBCMTD:jmpuwind.obj
 0001:000199c0       __NLG_Return2              000000018001a9c0 f   LIBCMTD:jmpuwind.obj
 0001:000199d0       __initstdio                000000018001a9d0 f   LIBCMTD:_file.obj
 0001:00019ad0       __endstdio                 000000018001aad0 f   LIBCMTD:_file.obj
 0001:00019b10       __iob_func                 000000018001ab10 f   LIBCMTD:_file.obj
 0001:00019b20       _lock_file                 000000018001ab20 f   LIBCMTD:_file.obj
 0001:00019bb0       _lock_file2                000000018001abb0 f   LIBCMTD:_file.obj
 0001:00019c00       _unlock_file               000000018001ac00 f   LIBCMTD:_file.obj
 0001:00019c90       _unlock_file2              000000018001ac90 f   LIBCMTD:_file.obj
 0001:00019db0       _ismbblead                 000000018001adb0 f   LIBCMTD:ismbbyte.obj
 0001:00019de0       _chvalidator               000000018001ade0 f   LIBCMTD:isctype.obj
 0001:00019e50       _chvalidator_l             000000018001ae50 f   LIBCMTD:isctype.obj
 0001:00019f60       _isctype_l                 000000018001af60 f   LIBCMTD:isctype.obj
 0001:0001a140       _free_base                 000000018001b140 f   LIBCMTD:free.obj
 0001:0001a1a0       _realloc_base              000000018001b1a0 f   LIBCMTD:realloc.obj
 0001:0001a2c0       _expand_base               000000018001b2c0 f   LIBCMTD:expand.obj
 0001:0001a4a0       _CrtDbgReport              000000018001b4a0 f   LIBCMTD:dbgrpt.obj
 0001:0001a520       _CrtDbgReportV             000000018001b520 f i LIBCMTD:dbgrpt.obj
 0001:0001a580       __crtMessageWindowA        000000018001b580 f   LIBCMTD:dbgrpt.obj
 0001:0001ac00       _heapchk                   000000018001bc00 f   LIBCMTD:heapchk.obj
 0001:0001ac40       _snprintf_s                000000018001bc40 f   LIBCMTD:sprintf.obj
 0001:0001aca0       sprintf_s                  000000018001bca0 f   LIBCMTD:sprintf.obj
 0001:0001acf0       _heap_alloc_base           000000018001bcf0 f i LIBCMTD:malloc.obj
 0001:0001ad60       _malloc_base               000000018001bd60 f   LIBCMTD:malloc.obj
 0001:0001ae00       __free_lconv_mon           000000018001be00 f   LIBCMTD:initmon.obj
 0001:0001b010       __free_lconv_num           000000018001c010 f   LIBCMTD:initnum.obj
 0001:0001b0f0       __free_lc_time             000000018001c0f0 f   LIBCMTD:inittime.obj
 0001:0001c030       _MallocaIsSizeInRange      000000018001d030 f i LIBCMTD:a_map.obj
 0001:0001c070       _MarkAllocaS               000000018001d070 f i LIBCMTD:a_map.obj
 0001:0001c0a0       __crtLCMapStringA          000000018001d0a0 f   LIBCMTD:a_map.obj
 0001:0001c150       _freea                     000000018001d150 f i LIBCMTD:a_map.obj
 0001:0001c3a0       __crtGetStringTypeA        000000018001d3a0 f   LIBCMTD:a_str.obj
 0001:0001c4c0       ?_GetEstablisherFrame@@YAPEA_KPEA_KPEAU_xDISPATCHER_CONTEXT@@PEBU_s_FuncInfo@@0@Z 000000018001d4c0 f   LIBCMTD:trnsctrl.obj
 0001:0001c630       ?_GetRangeOfTrysToCheck@@YAPEBU_s_TryBlockMapEntry@@PEA_KPEBU_s_FuncInfo@@HHPEAI2PEAU_xDISPATCHER_CONTEXT@@@Z 000000018001d630 f   LIBCMTD:trnsctrl.obj
 0001:0001c850       ?__FrameUnwindToEmptyState@@YAXPEA_KPEAU_xDISPATCHER_CONTEXT@@PEBU_s_FuncInfo@@@Z 000000018001d850 f   LIBCMTD:trnsctrl.obj
 0001:0001c8f0       ?__SehTransFilter@@YAHPEAU_EXCEPTION_POINTERS@@PEAUEHExceptionRecord@@PEA_KPEAU_CONTEXT@@PEAU_xDISPATCHER_CONTEXT@@PEBU_s_FuncInfo@@PEAH@Z 000000018001d8f0 f   LIBCMTD:trnsctrl.obj
 0001:0001c9b0       _CallSETranslator          000000018001d9b0 f   LIBCMTD:trnsctrl.obj
 0001:0001ca30       _CreateFrameInfo           000000018001da30 f   LIBCMTD:trnsctrl.obj
 0001:0001cab0       _FindAndUnlinkFrame        000000018001dab0 f   LIBCMTD:trnsctrl.obj
 0001:0001cb40       _GetImageBase              000000018001db40 f   LIBCMTD:trnsctrl.obj
 0001:0001cb60       _GetThrowImageBase         000000018001db60 f   LIBCMTD:trnsctrl.obj
 0001:0001cb80       _IsExceptionObjectToBeDestroyed 000000018001db80 f   LIBCMTD:trnsctrl.obj
 0001:0001cbe0       _SetImageBase              000000018001dbe0 f   LIBCMTD:trnsctrl.obj
 0001:0001cc00       _SetThrowImageBase         000000018001dc00 f   LIBCMTD:trnsctrl.obj
 0001:0001cc20       _UnwindNestedFrames        000000018001dc20 f   LIBCMTD:trnsctrl.obj
 0001:0001cd90       __CxxFrameHandler3         000000018001dd90 f   LIBCMTD:trnsctrl.obj
 0001:0001ce50       _locterm                   000000018001de50 f   LIBCMTD:wsetloca.obj
 0001:0001cea0       _isleadbyte_l              000000018001dea0 f i LIBCMTD:_wctype.obj
 0001:0001cf00       isleadbyte                 000000018001df00 f i LIBCMTD:_wctype.obj
 0001:0001cf20       __isa_available_init       000000018001df20 f   LIBCMTD:cpu_disp.obj
 0001:0001d260       _CopyMan                   000000018001e260 f i LIBCMTD:intrncvt.obj
 0001:0001d2d0       _FillZeroMan               000000018001e2d0 f i LIBCMTD:intrncvt.obj
 0001:0001d310       _IncMan                    000000018001e310 f i LIBCMTD:intrncvt.obj
 0001:0001d3f0       _IsZeroMan                 000000018001e3f0 f i LIBCMTD:intrncvt.obj
 0001:0001d430       _RoundMan                  000000018001e430 f i LIBCMTD:intrncvt.obj
 0001:0001d540       _ShrMan                    000000018001e540 f i LIBCMTD:intrncvt.obj
 0001:0001d680       _ZeroTail                  000000018001e680 f i LIBCMTD:intrncvt.obj
 0001:0001d730       __addl                     000000018001e730 f i LIBCMTD:intrncvt.obj
 0001:0001d790       _ld12cvt                   000000018001e790 f i LIBCMTD:intrncvt.obj
 0001:0001db00       _ld12tod                   000000018001eb00 f   LIBCMTD:intrncvt.obj
 0001:0001db30       _ld12tof                   000000018001eb30 f   LIBCMTD:intrncvt.obj
 0001:0001db60       __ld12mul                  000000018001eb60 f i LIBCMTD:strgtold.obj
 0001:0001e0d0       __multtenpow12             000000018001f0d0 f i LIBCMTD:strgtold.obj
 0001:0001e200       __shl_12                   000000018001f200 f i LIBCMTD:strgtold.obj
 0001:0001e2a0       __shr_12                   000000018001f2a0 f i LIBCMTD:strgtold.obj
 0001:0001e340       __strgtold12_l             000000018001f340 f   LIBCMTD:strgtold.obj
 0001:0001f120       $I10_OUTPUT                0000000180020120 f   LIBCMTD:x10fout.obj
 0001:0001f9e0       __add_12                   00000001800209e0 f i LIBCMTD:x10fout.obj
 0001:0001fac0       memcpy_s                   0000000180020ac0 f   LIBCMTD:memcpy_s.obj
 0001:0001fd30       wcscpy_s                   0000000180020d30 f   LIBCMTD:wcscpy_s.obj
 0001:000201e0       wcslen                     00000001800211e0 f   LIBCMTD:wcslen.obj
 0001:00020230       _snwprintf_s               0000000180021230 f   LIBCMTD:swprintf.obj
 0001:00020290       __crtMessageBoxW           0000000180021290 f   LIBCMTD:crtmboxw.obj
 0001:00020700       __crtMessageBoxWaitThreadW 0000000180021700 f   LIBCMTD:crtmboxw.obj
 0001:00020750       _CrtDbgBreak               0000000180021750 f   LIBCMTD:dbgrptt.obj
 0001:00020760       _VCrtDbgReportA            0000000180021760 f   LIBCMTD:dbgrptt.obj
 0001:00021130       _VCrtDbgReportW            0000000180022130 f   LIBCMTD:dbgrptt.obj
 0001:00021c70       wcscat_s                   0000000180022c70 f   LIBCMTD:wcscat_s.obj
 0001:000222a0       wcsncpy_s                  00000001800232a0 f   LIBCMTD:wcsncpy_s.obj
 0001:00022940       _set_error_mode            0000000180023940 f   LIBCMTD:errmode.obj
 0001:00022a50       abort                      0000000180023a50 f   LIBCMTD:abort.obj
 0001:00022ae0       GetTableIndexFromLocaleName 0000000180023ae0 f   LIBCMTD:winapinls.obj
 0001:00022b90       __crtDownlevelLocaleNameToLCID 0000000180023b90 f   LIBCMTD:winapinls.obj
 0001:00022bf0       __crtLCMapStringEx         0000000180023bf0 f   LIBCMTD:winapinls.obj
 0001:00022cd0       __wcsnicmp_ascii           0000000180023cd0 f   LIBCMTD:winapinls.obj
 0001:00022de0       _fileno                    0000000180023de0 f   LIBCMTD:fileno.obj
 0001:00022ea0       _isatty                    0000000180023ea0 f   LIBCMTD:isatty.obj
 0001:00022fb0       _fflush_nolock             0000000180023fb0 f   LIBCMTD:fflush.obj
 0001:00023030       _flush                     0000000180024030 f   LIBCMTD:fflush.obj
 0001:00023120       _flushall                  0000000180024120 f   LIBCMTD:fflush.obj
 0001:000232b0       _fcloseall                 00000001800242b0 f   LIBCMTD:closeall.obj
 0001:000233b0       _flsbuf                    00000001800243b0 f   LIBCMTD:_flsbuf.obj
 0001:00023750       _vsnprintf_helper          0000000180024750 f   LIBCMTD:vsnprnc.obj
 0001:00023a30       _vsnprintf_s               0000000180024a30 f   LIBCMTD:vsnprnc.obj
 0001:00023a80       _vsnprintf_s_l             0000000180024a80 f   LIBCMTD:vsnprnc.obj
 0001:00024020       _vsprintf_s_l              0000000180025020 f   LIBCMTD:vsnprnc.obj
 0001:000243b0       get_int64_arg              00000001800253b0 f i LIBCMTD:output.obj
 0001:00024420       get_int_arg                0000000180025420 f i LIBCMTD:output.obj
 0001:00024480       get_short_arg              0000000180025480 f i LIBCMTD:output.obj
 0001:000244f0       free                       00000001800254f0 f   LIBCMTD:dbgfree.obj
 0001:00024510       malloc                     0000000180025510 f   LIBCMTD:dbgmalloc.obj
 0001:00024550       __DestructExceptionObject  0000000180025550 f   LIBCMTD:frame.obj
 0001:00024640       ??0bad_exception@std@@QEAA@AEBV01@@Z 0000000180025640 f i LIBCMTD:frame.obj
 0001:00024680       ??0bad_exception@std@@QEAA@PEBD@Z 0000000180025680 f i LIBCMTD:frame.obj
 0001:000246c0       ??1bad_exception@std@@UEAA@XZ 00000001800256c0 f i LIBCMTD:frame.obj
 0001:000246f0       ??_Ebad_exception@std@@UEAAPEAXI@Z 00000001800256f0 f i LIBCMTD:frame.obj
 0001:000246f0       ??_Gbad_exception@std@@UEAAPEAXI@Z 00000001800256f0 f i LIBCMTD:frame.obj
 0001:000256c0       __AdjustPointer            00000001800266c0 f   LIBCMTD:frame.obj
 0001:00025740       __BuildCatchObject         0000000180026740 f   LIBCMTD:frame.obj
 0001:00025880       __BuildCatchObjectHelper   0000000180026880 f   LIBCMTD:frame.obj
 0001:00025cb0       __CxxCallCatchBlock        0000000180026cb0 f   LIBCMTD:frame.obj
 0001:00025f20       __FrameUnwindFilter        0000000180026f20 f   LIBCMTD:frame.obj
 0001:00025fb0       __FrameUnwindToState       0000000180026fb0 f   LIBCMTD:frame.obj
 0001:00026210       __InternalCxxFrameHandler  0000000180027210 f   LIBCMTD:frame.obj
 0001:00026630       __TypeMatch                0000000180027630 f   LIBCMTD:frame.obj
 0001:00026820       ?__GetCurrentState@@YAHPEA_KPEAU_xDISPATCHER_CONTEXT@@PEBU_s_FuncInfo@@@Z 0000000180027820 f   LIBCMTD:ehstate.obj
 0001:00026880       ?__GetUnwindTryBlock@@YAHPEA_KPEAU_xDISPATCHER_CONTEXT@@PEBU_s_FuncInfo@@@Z 0000000180027880 f   LIBCMTD:ehstate.obj
 0001:000268d0       ?__SetState@@YAXPEA_KPEAU_xDISPATCHER_CONTEXT@@PEBU_s_FuncInfo@@H@Z 00000001800278d0 f   LIBCMTD:ehstate.obj
 0001:00026900       ?__SetUnwindTryBlock@@YAXPEA_KPEAU_xDISPATCHER_CONTEXT@@PEBU_s_FuncInfo@@H@Z 0000000180027900 f   LIBCMTD:ehstate.obj
 0001:00026970       ?__StateFromControlPc@@YAHPEBU_s_FuncInfo@@PEAU_xDISPATCHER_CONTEXT@@@Z 0000000180027970 f   LIBCMTD:ehstate.obj
 0001:000269a0       ?__StateFromIp@@YAHPEBU_s_FuncInfo@@PEAU_xDISPATCHER_CONTEXT@@_J@Z 00000001800279a0 f   LIBCMTD:ehstate.obj
 0001:00026a90       memcmp                     0000000180027a90 f   LIBCMTD:memcmp.obj
 0001:00026b60       __mtold12                  0000000180027b60 f   LIBCMTD:mantold.obj
 0001:00026cf0       _vsnwprintf_s              0000000180027cf0 f   LIBCMTD:vswprnc.obj
 0001:00026d40       _vsnwprintf_s_l            0000000180027d40 f   LIBCMTD:vswprnc.obj
 0001:000272f0       _vswprintf_helper          00000001800282f0 f   LIBCMTD:vswprnc.obj
 0001:00027640       strcat_s                   0000000180028640 f   LIBCMTD:strcat_s.obj
 0001:00027c50       _itoa_s                    0000000180028c50 f   LIBCMTD:xtoas.obj
 0001:00028280       _mbstowcs_l_helper         0000000180029280 f   LIBCMTD:mbstowcs.obj
 0001:000287f0       _mbstowcs_s_l              00000001800297f0 f   LIBCMTD:mbstowcs.obj
 0001:00028d80       mbstowcs_s                 0000000180029d80 f   LIBCMTD:mbstowcs.obj
 0001:00028e60       _wcstombs_l_helper         0000000180029e60 f   LIBCMTD:wcstombs.obj
 0001:00029670       _wcstombs_s_l              000000018002a670 f   LIBCMTD:wcstombs.obj
 0001:00029b70       wcstombs_s                 000000018002ab70 f   LIBCMTD:wcstombs.obj
 0001:00029bc0       _itow_s                    000000018002abc0 f   LIBCMTD:xtows.obj
 0001:0002a210       __GSHandlerCheck_SEH       000000018002b210 f   LIBCMTD:gshandlerseh.obj
 0001:0002a2d0       _commit                    000000018002b2d0 f   LIBCMTD:commit.obj
 0001:0002a560       _write                     000000018002b560 f   LIBCMTD:write.obj
 0001:0002a800       _write_nolock              000000018002b800 f   LIBCMTD:write.obj
 0001:0002b940       _fclose_nolock             000000018002c940 f   LIBCMTD:fclose.obj
 0001:0002ba90       fclose                     000000018002ca90 f   LIBCMTD:fclose.obj
 0001:0002bb90       _lseeki64                  000000018002cb90 f   LIBCMTD:lseeki64.obj
 0001:0002be40       _lseeki64_nolock           000000018002ce40 f   LIBCMTD:lseeki64.obj
 0001:0002bf60       _getbuf                    000000018002cf60 f   LIBCMTD:_getbuf.obj
 0001:0002c070       _output_s_l                000000018002d070 f   LIBCMTD:outputs.obj
 0001:0002dc50       _get_printf_count_output   000000018002ec50 f   LIBCMTD:printf.obj
 0001:0002dc80       _wctomb_s_l                000000018002ec80 f   LIBCMTD:wctomb.obj
 0001:0002e120       wctomb_s                   000000018002f120 f   LIBCMTD:wctomb.obj
 0001:0002e170       ??3@YAXPEAX@Z              000000018002f170 f   LIBCMTD:dbgdel.obj
 0001:0002e250       strcmp                     000000018002f250 f   LIBCMTD:strcmp.obj
 0001:0002e2c0       ?_ValidateExecute@@YAHP6A_JXZ@Z 000000018002f2c0 f   LIBCMTD:validate.obj
 0001:0002e2f0       ?_ValidateRead@@YAHPEBXI@Z 000000018002f2f0 f   LIBCMTD:validate.obj
 0001:0002e2f0       ?_ValidateWrite@@YAHPEAXI@Z 000000018002f2f0 f   LIBCMTD:validate.obj
 0001:0002e330       _CallSettingFrame          000000018002f330 f   LIBCMTD:handlers.obj
 0001:0002e370       _GetNextInstrOffset        000000018002f370 f   LIBCMTD:handlers.obj
 0001:0002e380       ??1type_info@@UEAA@XZ      000000018002f380 f   LIBCMTD:typinfo.obj
 0001:0002e3b0       ??8type_info@@QEBA_NAEBV0@@Z 000000018002f3b0 f   LIBCMTD:typinfo.obj
 0001:0002e400       ??_Etype_info@@UEAAPEAXI@Z 000000018002f400 f i LIBCMTD:typinfo.obj
 0001:0002e400       ??_Gtype_info@@UEAAPEAXI@Z 000000018002f400 f i LIBCMTD:typinfo.obj
 0001:0002e440       ??0exception@std@@QEAA@AEBQEBD@Z 000000018002f440 f   LIBCMTD:stdexcpt.obj
 0001:0002e490       ??0exception@std@@QEAA@AEBV01@@Z 000000018002f490 f   LIBCMTD:stdexcpt.obj
 0001:0002e4e0       ??1exception@std@@UEAA@XZ  000000018002f4e0 f   LIBCMTD:stdexcpt.obj
 0001:0002e510       ??4exception@std@@QEAAAEAV01@AEBV01@@Z 000000018002f510 f   LIBCMTD:stdexcpt.obj
 0001:0002e580       ??_Eexception@std@@UEAAPEAXI@Z 000000018002f580 f i LIBCMTD:stdexcpt.obj
 0001:0002e580       ??_Gexception@std@@UEAAPEAXI@Z 000000018002f580 f i LIBCMTD:stdexcpt.obj
 0001:0002e5c0       ?_Copy_str@exception@std@@AEAAXPEBD@Z 000000018002f5c0 f   LIBCMTD:stdexcpt.obj
 0001:0002e630       ?_Tidy@exception@std@@AEAAXXZ 000000018002f630 f   LIBCMTD:stdexcpt.obj
 0001:0002e670       ?what@exception@std@@UEBAPEBDXZ 000000018002f670 f   LIBCMTD:stdexcpt.obj
 0001:0002e6b0       _CxxThrowException         000000018002f6b0 f   LIBCMTD:throw.obj
 0001:0002e7d0       _woutput_s_l               000000018002f7d0 f   LIBCMTD:woutputs.obj
 0001:000300c0       _fputwc_nolock             00000001800310c0 f   LIBCMTD:fputwc.obj
 0001:00030520       _mbtowc_l                  0000000180031520 f   LIBCMTD:mbtowc.obj
 0001:00030860       mbtowc                     0000000180031860 f   LIBCMTD:mbtowc.obj
 0001:00030890       __lock_fhandle             0000000180031890 f   LIBCMTD:osfinfo.obj
 0001:00030960       _free_osfhnd               0000000180031960 f   LIBCMTD:osfinfo.obj
 0001:00030a90       _get_osfhandle             0000000180031a90 f   LIBCMTD:osfinfo.obj
 0001:00030c90       _unlock_fhandle            0000000180031c90 f   LIBCMTD:osfinfo.obj
 0001:00030cd0       _putwch_nolock             0000000180031cd0 f   LIBCMTD:putwch.obj
 0001:00030d40       _close                     0000000180031d40 f   LIBCMTD:close.obj
 0001:00030fc0       _close_nolock              0000000180031fc0 f   LIBCMTD:close.obj
 0001:000310d0       _freebuf                   00000001800320d0 f   LIBCMTD:_freebuf.obj
 0001:00031190       ?_Type_info_dtor@type_info@@CAXPEAV1@@Z 0000000180032190 f   LIBCMTD:typname.obj
 0001:000312a0       _flswbuf                   00000001800322a0 f   LIBCMTD:_flswbuf.obj
 0001:00031650       __termconout               0000000180032650 f   LIBCMTD:initcon.obj
 0001:00031680       __initconout               0000000180032680 f   LIBCMTD:initcon.obj
 0001:000316d0       IsProcessorFeaturePresent  00000001800326d0 f   kernel32:KERNEL32.dll
 0001:000316d6       RtlUnwindEx                00000001800326d6 f   kernel32:KERNEL32.dll
 0002:00000000       __imp_GetCommandLineA      0000000180033000     kernel32:KERNEL32.dll
 0002:00000008       __imp_GetCurrentThreadId   0000000180033008     kernel32:KERNEL32.dll
 0002:00000010       __imp_IsDebuggerPresent    0000000180033010     kernel32:KERNEL32.dll
 0002:00000018       __imp_IsProcessorFeaturePresent 0000000180033018     kernel32:KERNEL32.dll
 0002:00000020       __imp_EncodePointer        0000000180033020     kernel32:KERNEL32.dll
 0002:00000028       __imp_GetLastError         0000000180033028     kernel32:KERNEL32.dll
 0002:00000030       __imp_SetLastError         0000000180033030     kernel32:KERNEL32.dll
 0002:00000038       __imp_DecodePointer        0000000180033038     kernel32:KERNEL32.dll
 0002:00000040       __imp_ExitProcess          0000000180033040     kernel32:KERNEL32.dll
 0002:00000048       __imp_GetModuleHandleExW   0000000180033048     kernel32:KERNEL32.dll
 0002:00000050       __imp_GetProcAddress       0000000180033050     kernel32:KERNEL32.dll
 0002:00000058       __imp_MultiByteToWideChar  0000000180033058     kernel32:KERNEL32.dll
 0002:00000060       __imp_WideCharToMultiByte  0000000180033060     kernel32:KERNEL32.dll
 0002:00000068       __imp_GetProcessHeap       0000000180033068     kernel32:KERNEL32.dll
 0002:00000070       __imp_GetStdHandle         0000000180033070     kernel32:KERNEL32.dll
 0002:00000078       __imp_GetFileType          0000000180033078     kernel32:KERNEL32.dll
 0002:00000080       __imp_DeleteCriticalSection 0000000180033080     kernel32:KERNEL32.dll
 0002:00000088       __imp_GetStartupInfoW      0000000180033088     kernel32:KERNEL32.dll
 0002:00000090       __imp_GetModuleFileNameA   0000000180033090     kernel32:KERNEL32.dll
 0002:00000098       __imp_HeapSize             0000000180033098     kernel32:KERNEL32.dll
 0002:000000a0       __imp_HeapValidate         00000001800330a0     kernel32:KERNEL32.dll
 0002:000000a8       __imp_GetSystemInfo        00000001800330a8     kernel32:KERNEL32.dll
 0002:000000b0       __imp_QueryPerformanceCounter 00000001800330b0     kernel32:KERNEL32.dll
 0002:000000b8       __imp_GetCurrentProcessId  00000001800330b8     kernel32:KERNEL32.dll
 0002:000000c0       __imp_GetSystemTimeAsFileTime 00000001800330c0     kernel32:KERNEL32.dll
 0002:000000c8       __imp_GetEnvironmentStringsW 00000001800330c8     kernel32:KERNEL32.dll
 0002:000000d0       __imp_FreeEnvironmentStringsW 00000001800330d0     kernel32:KERNEL32.dll
 0002:000000d8       __imp_RtlCaptureContext    00000001800330d8     kernel32:KERNEL32.dll
 0002:000000e0       __imp_RtlLookupFunctionEntry 00000001800330e0     kernel32:KERNEL32.dll
 0002:000000e8       __imp_RtlVirtualUnwind     00000001800330e8     kernel32:KERNEL32.dll
 0002:000000f0       __imp_UnhandledExceptionFilter 00000001800330f0     kernel32:KERNEL32.dll
 0002:000000f8       __imp_SetUnhandledExceptionFilter 00000001800330f8     kernel32:KERNEL32.dll
 0002:00000100       __imp_InitializeCriticalSectionAndSpinCount 0000000180033100     kernel32:KERNEL32.dll
 0002:00000108       __imp_GetCurrentProcess    0000000180033108     kernel32:KERNEL32.dll
 0002:00000110       __imp_TerminateProcess     0000000180033110     kernel32:KERNEL32.dll
 0002:00000118       __imp_TlsAlloc             0000000180033118     kernel32:KERNEL32.dll
 0002:00000120       __imp_TlsGetValue          0000000180033120     kernel32:KERNEL32.dll
 0002:00000128       __imp_TlsSetValue          0000000180033128     kernel32:KERNEL32.dll
 0002:00000130       __imp_TlsFree              0000000180033130     kernel32:KERNEL32.dll
 0002:00000138       __imp_GetModuleHandleW     0000000180033138     kernel32:KERNEL32.dll
 0002:00000140       __imp_RtlUnwindEx          0000000180033140     kernel32:KERNEL32.dll
 0002:00000148       __imp_RaiseException       0000000180033148     kernel32:KERNEL32.dll
 0002:00000150       __imp_IsValidCodePage      0000000180033150     kernel32:KERNEL32.dll
 0002:00000158       __imp_GetACP               0000000180033158     kernel32:KERNEL32.dll
 0002:00000160       __imp_GetOEMCP             0000000180033160     kernel32:KERNEL32.dll
 0002:00000168       __imp_GetCPInfo            0000000180033168     kernel32:KERNEL32.dll
 0002:00000170       __imp_GetModuleFileNameW   0000000180033170     kernel32:KERNEL32.dll
 0002:00000178       __imp_EnterCriticalSection 0000000180033178     kernel32:KERNEL32.dll
 0002:00000180       __imp_LeaveCriticalSection 0000000180033180     kernel32:KERNEL32.dll
 0002:00000188       __imp_WriteFile            0000000180033188     kernel32:KERNEL32.dll
 0002:00000190       __imp_LoadLibraryExW       0000000180033190     kernel32:KERNEL32.dll
 0002:00000198       __imp_HeapFree             0000000180033198     kernel32:KERNEL32.dll
 0002:000001a0       __imp_HeapReAlloc          00000001800331a0     kernel32:KERNEL32.dll
 0002:000001a8       __imp_HeapQueryInformation 00000001800331a8     kernel32:KERNEL32.dll
 0002:000001b0       __imp_HeapAlloc            00000001800331b0     kernel32:KERNEL32.dll
 0002:000001b8       __imp_GetStringTypeW       00000001800331b8     kernel32:KERNEL32.dll
 0002:000001c0       __imp_OutputDebugStringW   00000001800331c0     kernel32:KERNEL32.dll
 0002:000001c8       __imp_WaitForSingleObjectEx 00000001800331c8     kernel32:KERNEL32.dll
 0002:000001d0       __imp_CreateThread         00000001800331d0     kernel32:KERNEL32.dll
 0002:000001d8       __imp_OutputDebugStringA   00000001800331d8     kernel32:KERNEL32.dll
 0002:000001e0       __imp_WriteConsoleW        00000001800331e0     kernel32:KERNEL32.dll
 0002:000001e8       __imp_LCMapStringW         00000001800331e8     kernel32:KERNEL32.dll
 0002:000001f0       __imp_RtlPcToFileHeader    00000001800331f0     kernel32:KERNEL32.dll
 0002:000001f8       __imp_FlushFileBuffers     00000001800331f8     kernel32:KERNEL32.dll
 0002:00000200       __imp_GetConsoleCP         0000000180033200     kernel32:KERNEL32.dll
 0002:00000208       __imp_GetConsoleMode       0000000180033208     kernel32:KERNEL32.dll
 0002:00000210       __imp_SetFilePointerEx     0000000180033210     kernel32:KERNEL32.dll
 0002:00000218       __imp_SetStdHandle         0000000180033218     kernel32:KERNEL32.dll
 0002:00000220       __imp_CloseHandle          0000000180033220     kernel32:KERNEL32.dll
 0002:00000228       __imp_CreateFileW          0000000180033228     kernel32:KERNEL32.dll
 0002:00000230       \177KERNEL32_NULL_THUNK_DATA 0000000180033230     kernel32:KERNEL32.dll
 0002:00000238       __xc_a                     0000000180033238     LIBCMTD:crt0init.obj
 0002:00000240       __xc_z                     0000000180033240     LIBCMTD:crt0init.obj
 0002:00000248       __xi_a                     0000000180033248     LIBCMTD:crt0init.obj
 0002:00000278       __xi_z                     0000000180033278     LIBCMTD:crt0init.obj
 0002:00000280       __xp_a                     0000000180033280     LIBCMTD:crt0init.obj
 0002:000002a0       __xp_z                     00000001800332a0     LIBCMTD:crt0init.obj
 0002:000002a8       __xt_a                     00000001800332a8     LIBCMTD:crt0init.obj
 0002:000002b0       __xt_z                     00000001800332b0     LIBCMTD:crt0init.obj
 0002:00000370       ??_C@_0BD@NBFNAMCM@Invalid?5code?5path?$CB?$AA@ 0000000180033370     dolphin.obj
 0002:00000384       __real@00000000            0000000180033384     dolphin.obj
 0002:00000388       __real@38d1b717            0000000180033388     dolphin.obj
 0002:0000038c       __real@3b808081            000000018003338c     dolphin.obj
 0002:00000390       __real@3ca3d70a            0000000180033390     dolphin.obj
 0002:00000394       __real@3dcccccd            0000000180033394     dolphin.obj
 0002:00000398       __real@3e4ccccd            0000000180033398     dolphin.obj
 0002:0000039c       __real@3ecccccd            000000018003339c     dolphin.obj
 0002:000003a0       __real@3f000000            00000001800333a0     dolphin.obj
 0002:000003a4       __real@3f19999a            00000001800333a4     dolphin.obj
 0002:000003a8       __real@3f228f5c            00000001800333a8     dolphin.obj
 0002:000003ac       __real@3f800000            00000001800333ac     dolphin.obj
 0002:000003b0       __real@3fc90fdb            00000001800333b0     dolphin.obj
 0002:000003b4       __real@40000000            00000001800333b4     dolphin.obj
 0002:000003b8       __real@40400000            00000001800333b8     dolphin.obj
 0002:000003bc       __real@40490fdb            00000001800333bc     dolphin.obj
 0002:000003c0       __real@40800000            00000001800333c0     dolphin.obj
 0002:000003c4       __real@4096cbe4            00000001800333c4     dolphin.obj
 0002:000003c8       __real@40a00000            00000001800333c8     dolphin.obj
 0002:000003cc       __real@40c90fdb            00000001800333cc     dolphin.obj
 0002:000003d0       __real@41000000            00000001800333d0     dolphin.obj
 0002:000003d4       __real@41200000            00000001800333d4     dolphin.obj
 0002:000003d8       __real@437f0000            00000001800333d8     dolphin.obj
 0002:000003dc       __real@43960000            00000001800333dc     dolphin.obj
 0002:000003e0       __real@43c80000            00000001800333e0     dolphin.obj
 0002:000003e4       __real@49742400            00000001800333e4     dolphin.obj
 0002:000003e8       __real@7f7fffff            00000001800333e8     dolphin.obj
 0002:000003f0       __xmm@00000000000000000000000000000000 00000001800333f0     dolphin.obj
 0002:00000400       __xmm@000000ff000000ff000000ff000000ff 0000000180033400     dolphin.obj
 0002:00000410       __xmm@3b8080813b8080813b8080813b808081 0000000180033410     dolphin.obj
 0002:00000420       __xmm@3f0000003f0000003f0000003f000000 0000000180033420     dolphin.obj
 0002:00000430       __xmm@3f7eb8523f7eb8523f7eb8523f7eb852 0000000180033430     dolphin.obj
 0002:00000440       __xmm@3f8000003f8000003f8000003f800000 0000000180033440     dolphin.obj
 0002:00000450       __xmm@437f0000437f0000437f0000437f0000 0000000180033450     dolphin.obj
 0002:00000460       __xmm@80000000800000008000000080000000 0000000180033460     dolphin.obj
 0002:000006a0       ??_C@_05KGFAIMPG@sqrtf?$AA@ 00000001800336a0     LIBCMTD:sqrtf.obj
 0002:000006a8       _FPinit                    00000001800336a8     LIBCMTD:fpinit.obj
 0002:000006b0       _pDefaultRawDllMain        00000001800336b0     LIBCMTD:dllcrt0.obj
 0002:000006b0       _pRawDllMain               00000001800336b0     LIBCMTD:dllcrt0.obj
 0002:000006b8       ??_C@_0CL@OOIKPIHN@f?3?2dd?2vctools?2crt?2crtw32?2startup@ 00000001800336b8     LIBCMTD:dllcrt0.obj
 0002:000008e0       ??_C@_04LAGPAAHP@sinf?$AA@ 00000001800338e0     LIBCMTD:sincos_special.obj
 0002:000008e8       ??_C@_03BLEJJJBH@sin?$AA@  00000001800338e8     LIBCMTD:sincos_special.obj
 0002:000008ec       ??_C@_04OBBKPIAC@cosf?$AA@ 00000001800338ec     LIBCMTD:sincos_special.obj
 0002:000008f4       ??_C@_03LALBNOCG@cos?$AA@  00000001800338f4     LIBCMTD:sincos_special.obj
 0002:000008f8       ??_C@_03IIINPABG@tan?$AA@  00000001800338f8     LIBCMTD:sincos_special.obj
 0002:00000900       __Lcosfarray               0000000180033900     LIBCMTD:Lsincosf_array.obj
 0002:00000930       __Lsinfarray               0000000180033930     LIBCMTD:Lsincosf_array.obj
 0002:00000950       __L_2_by_pi_bits           0000000180033950     LIBCMTD:L2_by_pi_bits.obj
 0002:00000aa0       ??_C@_1BI@ICGGMGLK@?$AAb?$AAu?$AAf?$AA?5?$AA?$CB?$AA?$DN?$AA?5?$AAN?$AAU?$AAL?$AAL?$AA?$AA@ 0000000180033aa0     LIBCMTD:cvt.obj
 0002:00000ab8       ??_C@_15GANGMFKL@?$AA?$CF?$AAs?$AA?$AA@ 0000000180033ab8     LIBCMTD:cvt.obj
 0002:00000ac0       ??_C@_1EG@OHONNKNN@?$AAf?$AA?3?$AA?2?$AAd?$AAd?$AA?2?$AAv?$AAc?$AAt?$AAo?$AAo?$AAl?$AAs?$AA?2?$AAc?$AAr?$AAt?$AA?2?$AAf?$AAp?$AAw?$AA3?$AA2?$AA?2?$AAc?$AAo?$AAn?$AAv?$AA?2?$AAc?$AAv?$AAt@ 0000000180033ac0     LIBCMTD:cvt.obj
 0002:00000b08       ??_C@_1BE@OLBNEILL@?$AA_?$AAc?$AAf?$AAt?$AAo?$AAe?$AA2?$AA_?$AAl?$AA?$AA@ 0000000180033b08     LIBCMTD:cvt.obj
 0002:00000b20       ??_C@_1CA@CBMNPEO@?$AAs?$AAi?$AAz?$AAe?$AAI?$AAn?$AAB?$AAy?$AAt?$AAe?$AAs?$AA?5?$AA?$DO?$AA?5?$AA0?$AA?$AA@ 0000000180033b20     LIBCMTD:cvt.obj
 0002:00000b40       ??_C@_1HE@NACBNDPP@?$AAs?$AAi?$AAz?$AAe?$AAI?$AAn?$AAB?$AAy?$AAt?$AAe?$AAs?$AA?5?$AA?$DO?$AA?5?$AA?$CI?$AAs?$AAi?$AAz?$AAe?$AA_?$AAt?$AA?$CJ?$AA?$CI?$AA3?$AA?5?$AA?$CL?$AA?5?$AA?$CI?$AAn?$AAd?$AAe?$AAc@ 0000000180033b40     LIBCMTD:cvt.obj
 0002:00000bc0       ??_C@_1LE@EOIFGNCJ@?$AAs?$AAt?$AAr?$AAc?$AAp?$AAy?$AA_?$AAs?$AA?$CI?$AAp?$AA?0?$AA?5?$AA?$CI?$AAs?$AAi?$AAz?$AAe?$AAI?$AAn?$AAB?$AAy?$AAt?$AAe?$AAs?$AA?5?$AA?$DN?$AA?$DN?$AA?5?$AA?$CI?$AAs?$AAi?$AAz@ 0000000180033bc0     LIBCMTD:cvt.obj
 0002:00000c74       ??_C@_05KLBDPFGC@e?$CL000?$AA@ 0000000180033c74     LIBCMTD:cvt.obj
 0002:00000c80       ??_C@_1BC@INKAPMHI@?$AA_?$AAc?$AAf?$AAt?$AAo?$AAe?$AA_?$AAl?$AA?$AA@ 0000000180033c80     LIBCMTD:cvt.obj
 0002:00000c98       ??_C@_1BC@JOKPCIC@?$AA_?$AAc?$AAf?$AAt?$AAo?$AAa?$AA_?$AAl?$AA?$AA@ 0000000180033c98     LIBCMTD:cvt.obj
 0002:00000cb0       ??_C@_1FC@IKIMAMJB@?$AAs?$AAi?$AAz?$AAe?$AAI?$AAn?$AAB?$AAy?$AAt?$AAe?$AAs?$AA?5?$AA?$DO?$AA?5?$AA?$CI?$AAs?$AAi?$AAz?$AAe?$AA_?$AAt?$AA?$CJ?$AA?$CI?$AA1?$AA?5?$AA?$CL?$AA?5?$AA4?$AA?5?$AA?$CL?$AA?5?$AAn@ 0000000180033cb0     LIBCMTD:cvt.obj
 0002:00000d08       ??_C@_1BE@CKPDLI@?$AA_?$AAc?$AAf?$AAt?$AAo?$AAf?$AA2?$AA_?$AAl?$AA?$AA@ 0000000180033d08     LIBCMTD:cvt.obj
 0002:00000d20       ??_C@_1BC@DCPPLJL@?$AA_?$AAc?$AAf?$AAt?$AAo?$AAf?$AA_?$AAl?$AA?$AA@ 0000000180033d20     LIBCMTD:cvt.obj
 0002:00000d38       ??_C@_1BC@MPIFPLAF@?$AA_?$AAc?$AAf?$AAt?$AAo?$AAg?$AA_?$AAl?$AA?$AA@ 0000000180033d38     LIBCMTD:cvt.obj
 0002:00000d50       __real@0000000000000000    0000000180033d50     LIBCMTD:cvt.obj
 0002:00000d60       _XcptActTab                0000000180033d60     LIBCMTD:winxfltr.obj
 0002:00000e20       _XcptActTabCount           0000000180033e20     LIBCMTD:winxfltr.obj
 0002:00000e24       _XcptActTabSize            0000000180033e24     LIBCMTD:winxfltr.obj
 0002:00000e28       _First_FPE_Indx            0000000180033e28     LIBCMTD:winxfltr.obj
 0002:00000e2c       _Num_FPE                   0000000180033e2c     LIBCMTD:winxfltr.obj
 0002:00000e30       ??_C@_0CM@KPPOKOAI@f?3?2dd?2vctools?2crt?2crtw32?2startup@ 0000000180033e30     LIBCMTD:tidtable.obj
 0002:00000e60       ??_C@_1BI@BGOHAHKC@?$AAm?$AAs?$AAc?$AAo?$AAr?$AAe?$AAe?$AA?4?$AAd?$AAl?$AAl?$AA?$AA@ 0000000180033e60     LIBCMTD:crt0dat.obj
 0002:00000e78       ??_C@_0P@MIGLKIOC@CorExitProcess?$AA@ 0000000180033e78     LIBCMTD:crt0dat.obj
 0002:00000e88       ??_C@_0CI@BIOGDJKL@f?3?2dd?2vctools?2crt?2crtw32?2lowio?2i@ 0000000180033e88     LIBCMTD:ioinit.obj
 0002:00000eb0       ??_C@_0CL@OBKFGCKK@f?3?2dd?2vctools?2crt?2crtw32?2startup@ 0000000180033eb0     LIBCMTD:stdargv.obj
 0002:00000ee0       ??_C@_0CL@BJBFGFLH@f?3?2dd?2vctools?2crt?2crtw32?2startup@ 0000000180033ee0     LIBCMTD:stdenvp.obj
 0002:00000f10       ??_C@_1FG@MHBLOJIO@?$AAf?$AA?3?$AA?2?$AAd?$AAd?$AA?2?$AAv?$AAc?$AAt?$AAo?$AAo?$AAl?$AAs?$AA?2?$AAc?$AAr?$AAt?$AA?2?$AAc?$AAr?$AAt?$AAw?$AA3?$AA2?$AA?2?$AAs?$AAt?$AAa?$AAr?$AAt?$AAu?$AAp@ 0000000180033f10     LIBCMTD:stdenvp.obj
 0002:00000f68       ??_C@_1BC@GHMCNHHL@?$AA_?$AAs?$AAe?$AAt?$AAe?$AAn?$AAv?$AAp?$AA?$AA@ 0000000180033f68     LIBCMTD:stdenvp.obj
 0002:00000f80       ??_C@_1DE@MMOGFGHF@?$AAs?$AAt?$AAr?$AAc?$AAp?$AAy?$AA_?$AAs?$AA?$CI?$AA?$CK?$AAe?$AAn?$AAv?$AA?0?$AA?5?$AAc?$AAc?$AAh?$AAa?$AAr?$AAs?$AA?0?$AA?5?$AAp?$AA?$CJ?$AA?$AA@ 0000000180033f80     LIBCMTD:stdenvp.obj
 0002:00000fe0       ??_C@_04HJMOFLDF@Free?$AA@ 0000000180033fe0     LIBCMTD:dbgheap.obj
 0002:00000fe8       ??_C@_06EFAGIKOH@Normal?$AA@ 0000000180033fe8     LIBCMTD:dbgheap.obj
 0002:00000ff0       ??_C@_03OGPFLFLO@CRT?$AA@  0000000180033ff0     LIBCMTD:dbgheap.obj
 0002:00000ff4       ??_C@_06KMEJCCGM@Ignore?$AA@ 0000000180033ff4     LIBCMTD:dbgheap.obj
 0002:00000ffc       ??_C@_06PJIGMIJB@Client?$AA@ 0000000180033ffc     LIBCMTD:dbgheap.obj
 0002:00001008       ??_C@_1CE@LJFEPPMP@?$AA_?$AAC?$AAr?$AAt?$AAC?$AAh?$AAe?$AAc?$AAk?$AAM?$AAe?$AAm?$AAo?$AAr?$AAy?$AA?$CI?$AA?$CJ?$AA?$AA@ 0000000180034008     LIBCMTD:dbgheap.obj
 0002:00001030       ??_C@_1FA@JKEKCOIC@?$AAf?$AA?3?$AA?2?$AAd?$AAd?$AA?2?$AAv?$AAc?$AAt?$AAo?$AAo?$AAl?$AAs?$AA?2?$AAc?$AAr?$AAt?$AA?2?$AAc?$AAr?$AAt?$AAw?$AA3?$AA2?$AA?2?$AAm?$AAi?$AAs?$AAc?$AA?2?$AAd?$AAb@ 0000000180034030     LIBCMTD:dbgheap.obj
 0002:00001080       ??_C@_0DF@BBEGIFEK@Client?5hook?5allocation?5failure?5a@ 0000000180034080     LIBCMTD:dbgheap.obj
 0002:000010b8       ??_C@_0CB@CCLOLAHO@Client?5hook?5allocation?5failure?4?6@ 00000001800340b8     LIBCMTD:dbgheap.obj
 0002:000010dc       ??_C@_02DKCKIIND@?$CFs?$AA@ 00000001800340dc     LIBCMTD:dbgheap.obj
 0002:000010e0       ??_C@_0CF@BICKFLAF@Invalid?5allocation?5size?3?5?$CFIu?5byt@ 00000001800340e0     LIBCMTD:dbgheap.obj
 0002:00001108       ??_C@_0DC@JEMAGEKG@Error?3?5memory?5allocation?3?5bad?5me@ 0000000180034108     LIBCMTD:dbgheap.obj
 0002:00001140       ??_C@_0DI@KKJPDPGM@Client?5hook?5re?9allocation?5failur@ 0000000180034140     LIBCMTD:dbgheap.obj
 0002:00001178       ??_C@_0CE@DOFMDOL@Client?5hook?5re?9allocation?5failur@ 0000000180034178     LIBCMTD:dbgheap.obj
 0002:000011a0       ??_C@_0ED@GPCPBAGP@Invalid?5allocation?5size?3?5?$CFIu?5byt@ 00000001800341a0     LIBCMTD:dbgheap.obj
 0002:000011f0       ??_C@_0FA@EFEIGJKG@Error?3?5memory?5allocation?3?5bad?5me@ 00000001800341f0     LIBCMTD:dbgheap.obj
 0002:00001240       ??_C@_0EM@LGFLMAGJ@The?5Block?5at?50x?$CFp?5was?5allocated?5@ 0000000180034240     LIBCMTD:dbgheap.obj
 0002:00001290       ??_C@_1EE@GFOPCECE@?$AA_?$AAC?$AAr?$AAt?$AAI?$AAs?$AAV?$AAa?$AAl?$AAi?$AAd?$AAH?$AAe?$AAa?$AAp?$AAP?$AAo?$AAi?$AAn?$AAt?$AAe?$AAr?$AA?$CI?$AAp?$AAU?$AAs?$AAe?$AAr?$AAD?$AAa?$AAt?$AAa@ 0000000180034290     LIBCMTD:dbgheap.obj
 0002:000012e0       ??_C@_1IK@DCPKDGNH@?$AAp?$AAO?$AAl?$AAd?$AAB?$AAl?$AAo?$AAc?$AAk?$AA?9?$AA?$DO?$AAn?$AAL?$AAi?$AAn?$AAe?$AA?5?$AA?$DN?$AA?$DN?$AA?5?$AAI?$AAG?$AAN?$AAO?$AAR?$AAE?$AA_?$AAL?$AAI?$AAN?$AAE?$AA?5@ 00000001800342e0     LIBCMTD:dbgheap.obj
 0002:00001370       ??_C@_0DA@HFBKENN@Error?3?5possible?5heap?5corruption?5@ 0000000180034370     LIBCMTD:dbgheap.obj
 0002:000013a0       ??_C@_1GE@PCKLOLAO@?$AAf?$AAR?$AAe?$AAa?$AAl?$AAl?$AAo?$AAc?$AA?5?$AA?$HM?$AA?$HM?$AA?5?$AA?$CI?$AA?$CB?$AAf?$AAR?$AAe?$AAa?$AAl?$AAl?$AAo?$AAc?$AA?5?$AA?$CG?$AA?$CG?$AA?5?$AAp?$AAN?$AAe?$AAw?$AAB?$AAl@ 00000001800343a0     LIBCMTD:dbgheap.obj
 0002:00001408       ??_C@_1DC@GEFKNOOL@?$AA_?$AAp?$AAL?$AAa?$AAs?$AAt?$AAB?$AAl?$AAo?$AAc?$AAk?$AA?5?$AA?$DN?$AA?$DN?$AA?5?$AAp?$AAO?$AAl?$AAd?$AAB?$AAl?$AAo?$AAc?$AAk?$AA?$AA@ 0000000180034408     LIBCMTD:dbgheap.obj
 0002:00001440       ??_C@_1DE@KOOKLFBB@?$AA_?$AAp?$AAF?$AAi?$AAr?$AAs?$AAt?$AAB?$AAl?$AAo?$AAc?$AAk?$AA?5?$AA?$DN?$AA?$DN?$AA?5?$AAp?$AAO?$AAl?$AAd?$AAB?$AAl?$AAo?$AAc?$AAk?$AA?$AA@ 0000000180034440     LIBCMTD:dbgheap.obj
 0002:00001478       ??_C@_1CE@CJACEFBA@?$AAp?$AAU?$AAs?$AAe?$AAr?$AAD?$AAa?$AAt?$AAa?$AA?5?$AA?$CB?$AA?$DN?$AA?5?$AAN?$AAU?$AAL?$AAL?$AA?$AA@ 0000000180034478     LIBCMTD:dbgheap.obj
 0002:000014a0       ??_C@_0EJ@HEIBCIMJ@The?5Block?5at?50x?$CFp?5was?5allocated?5@ 00000001800344a0     LIBCMTD:dbgheap.obj
 0002:000014f0       ??_C@_0BL@KEIPLFAC@Client?5hook?5free?5failure?4?6?$AA@ 00000001800344f0     LIBCMTD:dbgheap.obj
 0002:00001510       ??_C@_1EO@LHDAJOCM@?$AA_?$AAB?$AAL?$AAO?$AAC?$AAK?$AA_?$AAT?$AAY?$AAP?$AAE?$AA_?$AAI?$AAS?$AA_?$AAV?$AAA?$AAL?$AAI?$AAD?$AA?$CI?$AAp?$AAH?$AAe?$AAa?$AAd?$AA?9?$AA?$DO?$AAn?$AAB?$AAl?$AAo@ 0000000180034510     LIBCMTD:dbgheap.obj
 0002:00001560       ??_C@_0KI@JGFOHMEB@HEAP?5CORRUPTION?5DETECTED?3?5before@ 0000000180034560     LIBCMTD:dbgheap.obj
 0002:00001610       ??_C@_0IK@PJCGLBOB@HEAP?5CORRUPTION?5DETECTED?3?5before@ 0000000180034610     LIBCMTD:dbgheap.obj
 0002:000016a0       ??_C@_0KE@MBMNHHHN@HEAP?5CORRUPTION?5DETECTED?3?5after?5@ 00000001800346a0     LIBCMTD:dbgheap.obj
 0002:00001750       ??_C@_0IG@LEMBDCJK@HEAP?5CORRUPTION?5DETECTED?3?5after?5@ 0000000180034750     LIBCMTD:dbgheap.obj
 0002:000017e0       ??_C@_1HK@HPCBMDFG@?$AAp?$AAH?$AAe?$AAa?$AAd?$AA?9?$AA?$DO?$AAn?$AAL?$AAi?$AAn?$AAe?$AA?5?$AA?$DN?$AA?$DN?$AA?5?$AAI?$AAG?$AAN?$AAO?$AAR?$AAE?$AA_?$AAL?$AAI?$AAN?$AAE?$AA?5?$AA?$CG?$AA?$CG?$AA?5?$AAp@ 00000001800347e0     LIBCMTD:dbgheap.obj
 0002:00001860       ??_C@_1DM@ODCJIDCP@?$AAp?$AAH?$AAe?$AAa?$AAd?$AA?9?$AA?$DO?$AAn?$AAB?$AAl?$AAo?$AAc?$AAk?$AAU?$AAs?$AAe?$AA?5?$AA?$DN?$AA?$DN?$AA?5?$AAn?$AAB?$AAl?$AAo?$AAc?$AAk?$AAU?$AAs?$AAe?$AA?$AA@ 0000000180034860     LIBCMTD:dbgheap.obj
 0002:000018a0       ??_C@_1CK@DMAGEMBG@?$AA_?$AAp?$AAL?$AAa?$AAs?$AAt?$AAB?$AAl?$AAo?$AAc?$AAk?$AA?5?$AA?$DN?$AA?$DN?$AA?5?$AAp?$AAH?$AAe?$AAa?$AAd?$AA?$AA@ 00000001800348a0     LIBCMTD:dbgheap.obj
 0002:000018d0       ??_C@_1CM@MMAADDMD@?$AA_?$AAp?$AAF?$AAi?$AAr?$AAs?$AAt?$AAB?$AAl?$AAo?$AAc?$AAk?$AA?5?$AA?$DN?$AA?$DN?$AA?5?$AAp?$AAH?$AAe?$AAa?$AAd?$AA?$AA@ 00000001800348d0     LIBCMTD:dbgheap.obj
 0002:00001900       ??_C@_1BG@MBKOGDLD@?$AA_?$AAm?$AAs?$AAi?$AAz?$AAe?$AA_?$AAd?$AAb?$AAg?$AA?$AA@ 0000000180034900     LIBCMTD:dbgheap.obj
 0002:00001918       ??_C@_0CE@MKKHMBMK@_heapchk?5fails?5with?5_HEAPBADBEGI@ 0000000180034918     LIBCMTD:dbgheap.obj
 0002:00001940       ??_C@_0CD@CPKEAPBD@_heapchk?5fails?5with?5_HEAPBADNODE@ 0000000180034940     LIBCMTD:dbgheap.obj
 0002:00001968       ??_C@_0CC@MJGLGBDG@_heapchk?5fails?5with?5_HEAPBADEND?4@ 0000000180034968     LIBCMTD:dbgheap.obj
 0002:00001990       ??_C@_0CC@MFFCHFHO@_heapchk?5fails?5with?5_HEAPBADPTR?4@ 0000000180034990     LIBCMTD:dbgheap.obj
 0002:000019b8       ??_C@_0CL@HNNNMKMJ@_heapchk?5fails?5with?5unknown?5retu@ 00000001800349b8     LIBCMTD:dbgheap.obj
 0002:000019e8       ??_C@_07OHKEFPKJ@DAMAGED?$AA@ 00000001800349e8     LIBCMTD:dbgheap.obj
 0002:000019f0       ??_C@_0KA@IHNJJKPL@HEAP?5CORRUPTION?5DETECTED?3?5on?5top@ 00000001800349f0     LIBCMTD:dbgheap.obj
 0002:00001a90       ??_C@_0IC@BBJIOOJH@HEAP?5CORRUPTION?5DETECTED?3?5on?5top@ 0000000180034a90     LIBCMTD:dbgheap.obj
 0002:00001b20       ??_C@_0EG@DGJMPDBH@?$CFhs?5located?5at?50x?$CFp?5is?5?$CFIu?5bytes@ 0000000180034b20     LIBCMTD:dbgheap.obj
 0002:00001b68       ??_C@_0CI@JMLBEDHJ@?$CFhs?5located?5at?50x?$CFp?5is?5?$CFIu?5bytes@ 0000000180034b68     LIBCMTD:dbgheap.obj
 0002:00001b90       ??_C@_1BHO@NNANJNF@?$AA?$CI?$AAf?$AAN?$AAe?$AAw?$AAB?$AAi?$AAt?$AAs?$AA?$DN?$AA?$DN?$AA_?$AAC?$AAR?$AAT?$AAD?$AAB?$AAG?$AA_?$AAR?$AAE?$AAP?$AAO?$AAR?$AAT?$AA_?$AAF?$AAL?$AAA?$AAG?$AA?$CJ?$AA?5@ 0000000180034b90     LIBCMTD:dbgheap.obj
 0002:00001d10       ??_C@_1BO@GJFDNMNF@?$AA_?$AAC?$AAr?$AAt?$AAS?$AAe?$AAt?$AAD?$AAb?$AAg?$AAF?$AAl?$AAa?$AAg?$AA?$AA@ 0000000180034d10     LIBCMTD:dbgheap.obj
 0002:00001d30       ??_C@_1BM@MIMANDHC@?$AAs?$AAt?$AAa?$AAt?$AAe?$AA?5?$AA?$CB?$AA?$DN?$AA?5?$AAN?$AAU?$AAL?$AAL?$AA?$AA@ 0000000180034d30     LIBCMTD:dbgheap.obj
 0002:00001d50       ??_C@_1CE@NJJKELF@?$AA_?$AAC?$AAr?$AAt?$AAM?$AAe?$AAm?$AAC?$AAh?$AAe?$AAc?$AAk?$AAp?$AAo?$AAi?$AAn?$AAt?$AA?$AA@ 0000000180034d50     LIBCMTD:dbgheap.obj
 0002:00001d78       ??_C@_0DP@LEFMFBOD@Bad?5memory?5block?5found?5at?50x?$CFp?4?6@ 0000000180034d78     LIBCMTD:dbgheap.obj
 0002:00001db8       ??_C@_0CB@EAAIGELO@Bad?5memory?5block?5found?5at?50x?$CFp?4?6@ 0000000180034db8     LIBCMTD:dbgheap.obj
 0002:00001ddc       ??_C@_05MKKEDADM@?$CF?42X?5?$AA@ 0000000180034ddc     LIBCMTD:dbgheap.obj
 0002:00001de8       ??_C@_1CG@LPFIACGM@?$AA_?$AAp?$AAr?$AAi?$AAn?$AAt?$AAM?$AAe?$AAm?$AAB?$AAl?$AAo?$AAc?$AAk?$AAD?$AAa?$AAt?$AAa?$AA?$AA@ 0000000180034de8     LIBCMTD:dbgheap.obj
 0002:00001e10       ??_C@_1BI@KALLJECN@?$AA?$CI?$AA?$CK?$AA_?$AAe?$AAr?$AAr?$AAn?$AAo?$AA?$CI?$AA?$CJ?$AA?$CJ?$AA?$AA@ 0000000180034e10     LIBCMTD:dbgheap.obj
 0002:00001e28       ??_C@_0BA@HJBKCELP@?5Data?3?5?$DM?$CFs?$DO?5?$CFs?6?$AA@ 0000000180034e28     LIBCMTD:dbgheap.obj
 0002:00001e38       ??_C@_0BE@KCIPKCIA@Dumping?5objects?5?9?$DO?6?$AA@ 0000000180034e38     LIBCMTD:dbgheap.obj
 0002:00001e50       ??_C@_0BE@OIEFNFL@?$CDFile?5Error?$CD?$CI?$CFd?$CJ?5?3?5?$AA@ 0000000180034e50     LIBCMTD:dbgheap.obj
 0002:00001e68       ??_C@_0L@JMEFFCCJ@?$CFhs?$CI?$CFd?$CJ?5?3?5?$AA@ 0000000180034e68     LIBCMTD:dbgheap.obj
 0002:00001e74       ??_C@_06PKLGBFGM@?$HL?$CFld?$HN?5?$AA@ 0000000180034e74     LIBCMTD:dbgheap.obj
 0002:00001e80       ??_C@_0DD@GHNAAKBB@client?5block?5at?50x?$CFp?0?5subtype?5?$CFx@ 0000000180034e80     LIBCMTD:dbgheap.obj
 0002:00001eb8       ??_C@_0CH@FAGDDGPN@normal?5block?5at?50x?$CFp?0?5?$CFIu?5bytes?5@ 0000000180034eb8     LIBCMTD:dbgheap.obj
 0002:00001ee0       ??_C@_0DA@MDLBNIBM@crt?5block?5at?50x?$CFp?0?5subtype?5?$CFx?0?5?$CF@ 0000000180034ee0     LIBCMTD:dbgheap.obj
 0002:00001f10       ??_C@_0BH@GFGKJDCO@Object?5dump?5complete?4?6?$AA@ 0000000180034f10     LIBCMTD:dbgheap.obj
 0002:00001f28       ??_C@_0BI@JBFPOEJA@Detected?5memory?5leaks?$CB?6?$AA@ 0000000180034f28     LIBCMTD:dbgheap.obj
 0002:00001f40       ??_C@_0CG@NNNNMKLF@f?3?2dd?2vctools?2crt?2crtw32?2misc?2a_@ 0000000180034f40     LIBCMTD:a_env.obj
 0002:00001f68       ??_C@_1BK@MGMFAEKH@?$AAk?$AAe?$AAr?$AAn?$AAe?$AAl?$AA3?$AA2?$AA?4?$AAd?$AAl?$AAl?$AA?$AA@ 0000000180034f68     LIBCMTD:winapisupp.obj
 0002:00001f88       ??_C@_08KNHFBNJ@FlsAlloc?$AA@ 0000000180034f88     LIBCMTD:winapisupp.obj
 0002:00001f98       ??_C@_07PEJMOBNF@FlsFree?$AA@ 0000000180034f98     LIBCMTD:winapisupp.obj
 0002:00001fa0       ??_C@_0M@GDNOONDI@FlsGetValue?$AA@ 0000000180034fa0     LIBCMTD:winapisupp.obj
 0002:00001fb0       ??_C@_0M@JCPCPOEF@FlsSetValue?$AA@ 0000000180034fb0     LIBCMTD:winapisupp.obj
 0002:00001fc0       ??_C@_0BM@HCFOFFN@InitializeCriticalSectionEx?$AA@ 0000000180034fc0     LIBCMTD:winapisupp.obj
 0002:00001fe0       ??_C@_0P@DLHPPCNH@CreateEventExW?$AA@ 0000000180034fe0     LIBCMTD:winapisupp.obj
 0002:00001ff0       ??_C@_0BD@KIEEOEEH@CreateSemaphoreExW?$AA@ 0000000180034ff0     LIBCMTD:winapisupp.obj
 0002:00002008       ??_C@_0BI@BKLFFAPO@SetThreadStackGuarantee?$AA@ 0000000180035008     LIBCMTD:winapisupp.obj
 0002:00002020       ??_C@_0BG@OGFAJCKC@CreateThreadpoolTimer?$AA@ 0000000180035020     LIBCMTD:winapisupp.obj
 0002:00002038       ??_C@_0BD@LPLEMMDI@SetThreadpoolTimer?$AA@ 0000000180035038     LIBCMTD:winapisupp.obj
 0002:00002050       ??_C@_0CA@FMNJENH@WaitForThreadpoolTimerCallbacks?$AA@ 0000000180035050     LIBCMTD:winapisupp.obj
 0002:00002070       ??_C@_0BF@DCFCCNOC@CloseThreadpoolTimer?$AA@ 0000000180035070     LIBCMTD:winapisupp.obj
 0002:00002088       ??_C@_0BF@FLABGKKM@CreateThreadpoolWait?$AA@ 0000000180035088     LIBCMTD:winapisupp.obj
 0002:000020a0       ??_C@_0BC@MGCOHNA@SetThreadpoolWait?$AA@ 00000001800350a0     LIBCMTD:winapisupp.obj
 0002:000020b8       ??_C@_0BE@OCIOMIMP@CloseThreadpoolWait?$AA@ 00000001800350b8     LIBCMTD:winapisupp.obj
 0002:000020d0       ??_C@_0BJ@LKGHFHBO@FlushProcessWriteBuffers?$AA@ 00000001800350d0     LIBCMTD:winapisupp.obj
 0002:000020f0       ??_C@_0BP@KALKKPMO@FreeLibraryWhenCallbackReturns?$AA@ 00000001800350f0     LIBCMTD:winapisupp.obj
 0002:00002110       ??_C@_0BK@DFNBACLA@GetCurrentProcessorNumber?$AA@ 0000000180035110     LIBCMTD:winapisupp.obj
 0002:00002130       ??_C@_0BP@KHGALBC@GetLogicalProcessorInformation?$AA@ 0000000180035130     LIBCMTD:winapisupp.obj
 0002:00002150       ??_C@_0BE@FKKLLFLM@CreateSymbolicLinkW?$AA@ 0000000180035150     LIBCMTD:winapisupp.obj
 0002:00002168       ??_C@_0BJ@OHNKDLIJ@SetDefaultDllDirectories?$AA@ 0000000180035168     LIBCMTD:winapisupp.obj
 0002:00002188       ??_C@_0BE@LJANKFHF@EnumSystemLocalesEx?$AA@ 0000000180035188     LIBCMTD:winapisupp.obj
 0002:000021a0       ??_C@_0BA@IHGNDAEB@CompareStringEx?$AA@ 00000001800351a0     LIBCMTD:winapisupp.obj
 0002:000021b0       ??_C@_0BA@EPCJIIPD@GetDateFormatEx?$AA@ 00000001800351b0     LIBCMTD:winapisupp.obj
 0002:000021c0       ??_C@_0BA@ONOKGCMP@GetLocaleInfoEx?$AA@ 00000001800351c0     LIBCMTD:winapisupp.obj
 0002:000021d0       ??_C@_0BA@CIJJKCJJ@GetTimeFormatEx?$AA@ 00000001800351d0     LIBCMTD:winapisupp.obj
 0002:000021e0       ??_C@_0BJ@PBCCBIPI@GetUserDefaultLocaleName?$AA@ 00000001800351e0     LIBCMTD:winapisupp.obj
 0002:00002200       ??_C@_0BC@CELBKLLA@IsValidLocaleName?$AA@ 0000000180035200     LIBCMTD:winapisupp.obj
 0002:00002218       ??_C@_0O@KKBNKAPF@LCMapStringEx?$AA@ 0000000180035218     LIBCMTD:winapisupp.obj
 0002:00002228       ??_C@_0BE@JOGNEJCI@GetCurrentPackageId?$AA@ 0000000180035228     LIBCMTD:winapisupp.obj
 0002:00002240       ??_C@_0P@CDHHOHKP@GetTickCount64?$AA@ 0000000180035240     LIBCMTD:winapisupp.obj
 0002:00002250       ??_C@_0BO@KPCLFDJJ@GetFileInformationByHandleExW?$AA@ 0000000180035250     LIBCMTD:winapisupp.obj
 0002:00002270       ??_C@_0BM@MHIDLABK@SetFileInformationByHandleW?$AA@ 0000000180035270     LIBCMTD:winapisupp.obj
 0002:000022a0       ??_C@_03KHJOGHMM@exp?$AA@  00000001800352a0     LIBCMTD:fpexcept.obj
 0002:000022a4       ??_C@_03JGHBODFD@pow?$AA@  00000001800352a4     LIBCMTD:fpexcept.obj
 0002:000022a8       ??_C@_03MGHMBJCF@log?$AA@  00000001800352a8     LIBCMTD:fpexcept.obj
 0002:000022ac       ??_C@_05HGHHAHAP@log10?$AA@ 00000001800352ac     LIBCMTD:fpexcept.obj
 0002:000022b4       ??_C@_04COOMCNPB@sinh?$AA@ 00000001800352b4     LIBCMTD:fpexcept.obj
 0002:000022bc       ??_C@_04HPJJNFIM@cosh?$AA@ 00000001800352bc     LIBCMTD:fpexcept.obj
 0002:000022c4       ??_C@_04FJHINJAO@tanh?$AA@ 00000001800352c4     LIBCMTD:fpexcept.obj
 0002:000022cc       ??_C@_04FIHNOPOL@asin?$AA@ 00000001800352cc     LIBCMTD:fpexcept.obj
 0002:000022d4       ??_C@_04PDIFKINK@acos?$AA@ 00000001800352d4     LIBCMTD:fpexcept.obj
 0002:000022dc       ??_C@_04MLLJIGOK@atan?$AA@ 00000001800352dc     LIBCMTD:fpexcept.obj
 0002:000022e4       ??_C@_05KNGEOGJB@atan2?$AA@ 00000001800352e4     LIBCMTD:fpexcept.obj
 0002:000022ec       ??_C@_04EIAKFFMI@sqrt?$AA@ 00000001800352ec     LIBCMTD:fpexcept.obj
 0002:000022f4       ??_C@_04GFPJNGEK@ceil?$AA@ 00000001800352f4     LIBCMTD:fpexcept.obj
 0002:000022fc       ??_C@_05PBJFFIGL@floor?$AA@ 00000001800352fc     LIBCMTD:fpexcept.obj
 0002:00002304       ??_C@_04ODHECPBC@fabs?$AA@ 0000000180035304     LIBCMTD:fpexcept.obj
 0002:0000230c       ??_C@_04EHEDPDJG@modf?$AA@ 000000018003530c     LIBCMTD:fpexcept.obj
 0002:00002314       ??_C@_05CEJMAHNP@ldexp?$AA@ 0000000180035314     LIBCMTD:fpexcept.obj
 0002:0000231c       ??_C@_05KBKMEMPO@_cabs?$AA@ 000000018003531c     LIBCMTD:fpexcept.obj
 0002:00002324       ??_C@_06MEIMCGCF@_hypot?$AA@ 0000000180035324     LIBCMTD:fpexcept.obj
 0002:0000232c       ??_C@_04KEPJIHGP@fmod?$AA@ 000000018003532c     LIBCMTD:fpexcept.obj
 0002:00002334       ??_C@_05GKKHEGJL@frexp?$AA@ 0000000180035334     LIBCMTD:fpexcept.obj
 0002:0000233c       ??_C@_03MJLDFKDL@_y0?$AA@  000000018003533c     LIBCMTD:fpexcept.obj
 0002:00002340       ??_C@_03NAKIGLHK@_y1?$AA@  0000000180035340     LIBCMTD:fpexcept.obj
 0002:00002344       ??_C@_03ONILCKOB@_yn?$AA@  0000000180035344     LIBCMTD:fpexcept.obj
 0002:00002348       ??_C@_05JGDBENOH@_logb?$AA@ 0000000180035348     LIBCMTD:fpexcept.obj
 0002:00002350       ??_C@_0L@KDOEJCKC@_nextafter?$AA@ 0000000180035350     LIBCMTD:fpexcept.obj
 0002:00002360       ??_C@_1BJK@FEBNHLFF@?$AA?$CI?$AA?$CI?$AAp?$AAt?$AAl?$AAo?$AAc?$AAi?$AA?9?$AA?$DO?$AAl?$AAc?$AA_?$AAc?$AAa?$AAt?$AAe?$AAg?$AAo?$AAr?$AAy?$AA?$FL?$AAc?$AAa?$AAt?$AAe?$AAg?$AAo?$AAr?$AAy?$AA?$FN?$AA?4@ 0000000180035360     LIBCMTD:localref.obj
 0002:00002500       ??_C@_1FC@HINIIGNO@?$AAf?$AA?3?$AA?2?$AAd?$AAd?$AA?2?$AAv?$AAc?$AAt?$AAo?$AAo?$AAl?$AAs?$AA?2?$AAc?$AAr?$AAt?$AA?2?$AAc?$AAr?$AAt?$AAw?$AA3?$AA2?$AA?2?$AAm?$AAi?$AAs?$AAc?$AA?2?$AAl?$AAo@ 0000000180035500     LIBCMTD:localref.obj
 0002:00002578       ??_C@_1M@HPNHIDJI@?$AAj?$AAa?$AA?9?$AAJ?$AAP?$AA?$AA@ 0000000180035578     LIBCMTD:mbctype.obj
 0002:00002588       ??_C@_1M@BIBDDEMK@?$AAz?$AAh?$AA?9?$AAC?$AAN?$AA?$AA@ 0000000180035588     LIBCMTD:mbctype.obj
 0002:00002598       ??_C@_1M@JLOOOEGK@?$AAk?$AAo?$AA?9?$AAK?$AAR?$AA?$AA@ 0000000180035598     LIBCMTD:mbctype.obj
 0002:000025a8       ??_C@_1M@CLNBBOPM@?$AAz?$AAh?$AA?9?$AAT?$AAW?$AA?$AA@ 00000001800355a8     LIBCMTD:mbctype.obj
 0002:000025e0       ??_C@_0CM@BEDCPGGG@f?3?2dd?2vctools?2crt?2crtw32?2mbstrin@ 00000001800355e0     LIBCMTD:mbctype.obj
 0002:00002610       ??_C@_1FC@NCPEPIBI@?$AA?$CI?$AA?$CI?$AA_?$AAD?$AAs?$AAt?$AA?$CJ?$AA?$CJ?$AA?5?$AA?$CB?$AA?$DN?$AA?5?$AAN?$AAU?$AAL?$AAL?$AA?5?$AA?$CG?$AA?$CG?$AA?5?$AA?$CI?$AA?$CI?$AA_?$AAS?$AAi?$AAz?$AAe?$AAI?$AAn?$AAB?$AAy?$AAt@ 0000000180035610     LIBCMTD:strcpy_s.obj
 0002:00002670       ??_C@_1FA@ILDLFIFE@?$AAf?$AA?3?$AA?2?$AAd?$AAd?$AA?2?$AAv?$AAc?$AAt?$AAo?$AAo?$AAl?$AAs?$AA?2?$AAc?$AAr?$AAt?$AA?2?$AAc?$AAr?$AAt?$AAw?$AA3?$AA2?$AA?2?$AAh?$AA?2?$AAt?$AAc?$AAs?$AAc?$AAp@ 0000000180035670     LIBCMTD:strcpy_s.obj
 0002:000026c0       ??_C@_1BC@CFJEPFGF@?$AAs?$AAt?$AAr?$AAc?$AAp?$AAy?$AA_?$AAs?$AA?$AA@ 00000001800356c0     LIBCMTD:strcpy_s.obj
 0002:000026d8       ??_C@_1CG@OFBJMIGJ@?$AA?$CI?$AA?$CI?$AA?$CI?$AA_?$AAS?$AAr?$AAc?$AA?$CJ?$AA?$CJ?$AA?$CJ?$AA?5?$AA?$CB?$AA?$DN?$AA?5?$AAN?$AAU?$AAL?$AAL?$AA?$AA@ 00000001800356d8     LIBCMTD:strcpy_s.obj
 0002:00002700       ??_C@_1CI@HCPHDDLE@?$AAB?$AAu?$AAf?$AAf?$AAe?$AAr?$AA?5?$AAi?$AAs?$AA?5?$AAt?$AAo?$AAo?$AA?5?$AAs?$AAm?$AAa?$AAl?$AAl?$AA?$AA@ 0000000180035700     LIBCMTD:strcpy_s.obj
 0002:00002728       ??_C@_1DM@MADKGDLO@?$AA?$CI?$AAL?$AA?$CC?$AAB?$AAu?$AAf?$AAf?$AAe?$AAr?$AA?5?$AAi?$AAs?$AA?5?$AAt?$AAo?$AAo?$AA?5?$AAs?$AAm?$AAa?$AAl?$AAl?$AA?$CC?$AA?5?$AA?$CG?$AA?$CG?$AA?5?$AA0?$AA?$CJ?$AA?$AA@ 0000000180035728     LIBCMTD:strcpy_s.obj
 0002:00002770       ??_C@_1FI@JBLIKEIM@?$AAf?$AA?3?$AA?2?$AAd?$AAd?$AA?2?$AAv?$AAc?$AAt?$AAo?$AAo?$AAl?$AAs?$AA?2?$AAc?$AAr?$AAt?$AA?2?$AAc?$AAr?$AAt?$AAw?$AA3?$AA2?$AA?2?$AAc?$AAo?$AAn?$AAv?$AAe?$AAr?$AAt@ 0000000180035770     LIBCMTD:_fptostr.obj
 0002:000027c8       ??_C@_1BC@OPALLEB@?$AA_?$AAf?$AAp?$AAt?$AAo?$AAs?$AAt?$AAr?$AA?$AA@ 00000001800357c8     LIBCMTD:_fptostr.obj
 0002:000027e0       ??_C@_1GM@CEDLGDDI@?$AAs?$AAi?$AAz?$AAe?$AAI?$AAn?$AAB?$AAy?$AAt?$AAe?$AAs?$AA?5?$AA?$DO?$AA?5?$AA?$CI?$AAs?$AAi?$AAz?$AAe?$AA_?$AAt?$AA?$CJ?$AA?$CI?$AA?$CI?$AAd?$AAi?$AAg?$AAi?$AAt?$AAs?$AA?5?$AA?$DO@ 00000001800357e0     LIBCMTD:_fptostr.obj
 0002:00002850       ??_C@_1BK@CLIEHFDF@?$AAp?$AAf?$AAl?$AAt?$AA?5?$AA?$CB?$AA?$DN?$AA?5?$AAN?$AAU?$AAL?$AAL?$AA?$AA@ 0000000180035850     LIBCMTD:_fptostr.obj
 0002:00002870       ??_C@_1EK@LJBJCHGA@?$AAf?$AA?3?$AA?2?$AAd?$AAd?$AA?2?$AAv?$AAc?$AAt?$AAo?$AAo?$AAl?$AAs?$AA?2?$AAc?$AAr?$AAt?$AA?2?$AAf?$AAp?$AAw?$AA3?$AA2?$AA?2?$AAc?$AAo?$AAn?$AAv?$AA?2?$AAc?$AAf?$AAo@ 0000000180035870     LIBCMTD:cfout.obj
 0002:000028c0       ??_C@_1BC@BPMMEHLK@?$AA_?$AAf?$AAl?$AAt?$AAo?$AAu?$AAt?$AA2?$AA?$AA@ 00000001800358c0     LIBCMTD:cfout.obj
 0002:000028e0       ??_C@_1FK@KODCOBKF@?$AAs?$AAt?$AAr?$AAc?$AAp?$AAy?$AA_?$AAs?$AA?$CI?$AAr?$AAe?$AAs?$AAu?$AAl?$AAt?$AAs?$AAt?$AAr?$AA?0?$AA?5?$AAr?$AAe?$AAs?$AAu?$AAl?$AAt?$AAs?$AAi?$AAz?$AAe?$AA?0?$AA?5@ 00000001800358e0     LIBCMTD:cfout.obj
 0002:00002958       ??_C@_1BA@GLMCNLEM@?$AAW?$AAa?$AAr?$AAn?$AAi?$AAn?$AAg?$AA?$AA@ 0000000180035958     LIBCMTD:dbgrptw.obj
 0002:00002968       ??_C@_1M@ILHOPKA@?$AAE?$AAr?$AAr?$AAo?$AAr?$AA?$AA@ 0000000180035968     LIBCMTD:dbgrptw.obj
 0002:00002978       ??_C@_1CC@CGHMNGDG@?$AAA?$AAs?$AAs?$AAe?$AAr?$AAt?$AAi?$AAo?$AAn?$AA?5?$AAF?$AAa?$AAi?$AAl?$AAe?$AAd?$AA?$AA@ 0000000180035978     LIBCMTD:dbgrptw.obj
 0002:000029a0       ??_C@_17LGKOMLJ@?$AA?4?$AA?4?$AA?4?$AA?$AA@ 00000001800359a0     LIBCMTD:dbgrptw.obj
 0002:000029b0       ??_C@_1EO@JACJHHCK@?$AAf?$AA?3?$AA?2?$AAd?$AAd?$AA?2?$AAv?$AAc?$AAt?$AAo?$AAo?$AAl?$AAs?$AA?2?$AAc?$AAr?$AAt?$AA?2?$AAc?$AAr?$AAt?$AAw?$AA3?$AA2?$AA?2?$AAm?$AAi?$AAs?$AAc?$AA?2?$AAd?$AAb@ 00000001800359b0     LIBCMTD:dbgrptw.obj
 0002:00002a00       ??_C@_1CI@PGJIFDEK@?$AA_?$AA_?$AAc?$AAr?$AAt?$AAM?$AAe?$AAs?$AAs?$AAa?$AAg?$AAe?$AAW?$AAi?$AAn?$AAd?$AAo?$AAw?$AAW?$AA?$AA@ 0000000180035a00     LIBCMTD:dbgrptw.obj
 0002:00002a30       ??_C@_1GI@DEDNNLCI@?$AAw?$AAc?$AAs?$AAc?$AAp?$AAy?$AA_?$AAs?$AA?$CI?$AAs?$AAz?$AAE?$AAx?$AAe?$AAN?$AAa?$AAm?$AAe?$AA?0?$AA?5?$AA2?$AA6?$AA0?$AA?0?$AA?5?$AAL?$AA?$CC?$AA?$DM?$AAp?$AAr?$AAo?$AAg@ 0000000180035a30     LIBCMTD:dbgrptw.obj
[...]
 0004:00000e94       $pdata$_FindAndUnlinkFrame 0000000180048e94     LIBCMTD:trnsctrl.obj
 0004:00000ea0       $pdata$_GetImageBase       0000000180048ea0     LIBCMTD:trnsctrl.obj
 0004:00000eac       $pdata$_GetThrowImageBase  0000000180048eac     LIBCMTD:trnsctrl.obj
 0004:00000eb8       $pdata$_IsExceptionObjectToBeDestroyed 0000000180048eb8     LIBCMTD:trnsctrl.obj
 0004:00000ec4       $pdata$_SetImageBase       0000000180048ec4     LIBCMTD:trnsctrl.obj
 0004:00000ed0       $pdata$_SetThrowImageBase  0000000180048ed0     LIBCMTD:trnsctrl.obj
 0004:00000edc       $pdata$_UnwindNestedFrames 0000000180048edc     LIBCMTD:trnsctrl.obj
 0004:00000ee8       $pdata$__CxxFrameHandler3  0000000180048ee8     LIBCMTD:trnsctrl.obj
 0004:00000ef4       $pdata$_locterm            0000000180048ef4     LIBCMTD:wsetloca.obj
 0004:00000f00       $pdata$_isleadbyte_l       0000000180048f00     LIBCMTD:_wctype.obj
 0004:00000f0c       $pdata$isleadbyte          0000000180048f0c     LIBCMTD:_wctype.obj
 0004:00000f18       $pdata$__isa_available_init 0000000180048f18     LIBCMTD:cpu_disp.obj
 0004:00000f24       $pdata$_CopyMan            0000000180048f24     LIBCMTD:intrncvt.obj
 0004:00000f30       $pdata$_FillZeroMan        0000000180048f30     LIBCMTD:intrncvt.obj
 0004:00000f3c       $pdata$_IncMan             0000000180048f3c     LIBCMTD:intrncvt.obj
 0004:00000f48       $pdata$_IsZeroMan          0000000180048f48     LIBCMTD:intrncvt.obj
 0004:00000f54       $pdata$_RoundMan           0000000180048f54     LIBCMTD:intrncvt.obj
 0004:00000f60       $pdata$_ShrMan             0000000180048f60     LIBCMTD:intrncvt.obj
 0004:00000f6c       $pdata$_ZeroTail           0000000180048f6c     LIBCMTD:intrncvt.obj
 0004:00000f78       $pdata$__addl              0000000180048f78     LIBCMTD:intrncvt.obj
 0004:00000f84       $pdata$_ld12cvt            0000000180048f84     LIBCMTD:intrncvt.obj
 0004:00000f90       $pdata$_ld12tod            0000000180048f90     LIBCMTD:intrncvt.obj
 0004:00000f9c       $pdata$_ld12tof            0000000180048f9c     LIBCMTD:intrncvt.obj
 0004:00000fa8       $pdata$__ld12mul           0000000180048fa8     LIBCMTD:strgtold.obj
 0004:00000fb4       $pdata$__multtenpow12      0000000180048fb4     LIBCMTD:strgtold.obj
 0004:00000fc0       $pdata$__shl_12            0000000180048fc0     LIBCMTD:strgtold.obj
 0004:00000fcc       $pdata$__shr_12            0000000180048fcc     LIBCMTD:strgtold.obj
 0004:00000fd8       $pdata$__strgtold12_l      0000000180048fd8     LIBCMTD:strgtold.obj
 0004:00000fe4       $pdata$$I10_OUTPUT         0000000180048fe4     LIBCMTD:x10fout.obj
 0004:00000ff0       $pdata$__add_12            0000000180048ff0     LIBCMTD:x10fout.obj
 0004:00000ffc       $pdata$memcpy_s            0000000180048ffc     LIBCMTD:memcpy_s.obj
 0004:00001008       $pdata$wcscpy_s            0000000180049008     LIBCMTD:wcscpy_s.obj
 0004:00001014       $pdata$wcslen              0000000180049014     LIBCMTD:wcslen.obj
 0004:00001020       $pdata$_snwprintf_s        0000000180049020     LIBCMTD:swprintf.obj
 0004:0000102c       $pdata$__crtMessageBoxW    000000018004902c     LIBCMTD:crtmboxw.obj
 0004:00001038       $pdata$__crtMessageBoxWaitThreadW 0000000180049038     LIBCMTD:crtmboxw.obj
 0004:00001044       $pdata$_VCrtDbgReportA     0000000180049044     LIBCMTD:dbgrptt.obj
 0004:00001050       $pdata$_VCrtDbgReportW     0000000180049050     LIBCMTD:dbgrptt.obj
 0004:0000105c       $pdata$wcscat_s            000000018004905c     LIBCMTD:wcscat_s.obj
 0004:00001068       $pdata$wcsncpy_s           0000000180049068     LIBCMTD:wcsncpy_s.obj
 0004:00001074       $pdata$_set_error_mode     0000000180049074     LIBCMTD:errmode.obj
 0004:00001080       $pdata$abort               0000000180049080     LIBCMTD:abort.obj
 0004:0000108c       $pdata$GetTableIndexFromLocaleName 000000018004908c     LIBCMTD:winapinls.obj
 0004:00001098       $pdata$__crtDownlevelLocaleNameToLCID 0000000180049098     LIBCMTD:winapinls.obj
 0004:000010a4       $pdata$__crtLCMapStringEx  00000001800490a4     LIBCMTD:winapinls.obj
 0004:000010b0       $pdata$__wcsnicmp_ascii    00000001800490b0     LIBCMTD:winapinls.obj
 0004:000010bc       $pdata$_fileno             00000001800490bc     LIBCMTD:fileno.obj
 0004:000010c8       $pdata$_isatty             00000001800490c8     LIBCMTD:isatty.obj
 0004:000010d4       $pdata$_fflush_nolock      00000001800490d4     LIBCMTD:fflush.obj
 0004:000010e0       $pdata$_flush              00000001800490e0     LIBCMTD:fflush.obj
 0004:000010ec       $pdata$_flushall           00000001800490ec     LIBCMTD:fflush.obj
 0004:000010f8       $pdata$flsall              00000001800490f8     LIBCMTD:fflush.obj
 0004:00001104       $pdata$_fcloseall          0000000180049104     LIBCMTD:closeall.obj
 0004:00001110       $pdata$_flsbuf             0000000180049110     LIBCMTD:_flsbuf.obj
 0004:0000111c       $pdata$_vsnprintf_helper   000000018004911c     LIBCMTD:vsnprnc.obj
 0004:00001128       $pdata$_vsnprintf_s        0000000180049128     LIBCMTD:vsnprnc.obj
 0004:00001134       $pdata$_vsnprintf_s_l      0000000180049134     LIBCMTD:vsnprnc.obj
 0004:00001140       $pdata$_vsprintf_s_l       0000000180049140     LIBCMTD:vsnprnc.obj
 0004:0000114c       $pdata$get_int64_arg       000000018004914c     LIBCMTD:output.obj
 0004:00001158       $pdata$get_int_arg         0000000180049158     LIBCMTD:output.obj
 0004:00001164       $pdata$get_short_arg       0000000180049164     LIBCMTD:output.obj
 0004:00001170       $pdata$free                0000000180049170     LIBCMTD:dbgfree.obj
 0004:0000117c       $pdata$malloc              000000018004917c     LIBCMTD:dbgmalloc.obj
 0004:00001188       $pdata$__DestructExceptionObject 0000000180049188     LIBCMTD:frame.obj
 0004:00001194       $pdata$??0bad_exception@std@@QEAA@AEBV01@@Z 0000000180049194     LIBCMTD:frame.obj
 0004:000011a0       $pdata$??0bad_exception@std@@QEAA@PEBD@Z 00000001800491a0     LIBCMTD:frame.obj
 0004:000011ac       $pdata$??1bad_exception@std@@UEAA@XZ 00000001800491ac     LIBCMTD:frame.obj
 0004:000011b8       $pdata$??_Gbad_exception@std@@UEAAPEAXI@Z 00000001800491b8     LIBCMTD:frame.obj
 0004:000011c4       $pdata$?CatchIt@@YAXPEAUEHExceptionRecord@@PEA_KPEAU_CONTEXT@@PEAU_xDISPATCHER_CONTEXT@@PEBU_s_FuncInfo@@PEBU_s_HandlerType@@PEBU_s_CatchableType@@PEBU_s_TryBlockMapEntry@@H1EE@Z 00000001800491c4     LIBCMTD:frame.obj
 0004:000011d0       $pdata$?ExFilterRethrow@@YAHPEAU_EXCEPTION_POINTERS@@PEAUEHExceptionRecord@@PEAH@Z 00000001800491d0     LIBCMTD:frame.obj
 0004:000011dc       $pdata$?FindHandler@@YAXPEAUEHExceptionRecord@@PEA_KPEAU_CONTEXT@@PEAU_xDISPATCHER_CONTEXT@@PEBU_s_FuncInfo@@EH1@Z 00000001800491dc     LIBCMTD:frame.obj
 0004:000011e8       $pdata$?FindHandlerForForeignException@@YAXPEAUEHExceptionRecord@@PEA_KPEAU_CONTEXT@@PEAU_xDISPATCHER_CONTEXT@@PEBU_s_FuncInfo@@HH1@Z 00000001800491e8     LIBCMTD:frame.obj
 0004:000011f4       $pdata$?IsInExceptionSpec@@YAEPEAUEHExceptionRecord@@PEBU_s_ESTypeList@@@Z 00000001800491f4     LIBCMTD:frame.obj
 0004:00001200       $pdata$?Is_bad_exception_allowed@@YAEPEBU_s_ESTypeList@@@Z 0000000180049200     LIBCMTD:frame.obj
 0004:0000120c       $pdata$?__RethrowException@@YAXPEAUEHExceptionRecord@@@Z 000000018004920c     LIBCMTD:frame.obj
 0004:00001218       $pdata$__AdjustPointer     0000000180049218     LIBCMTD:frame.obj
 0004:00001224       $pdata$__BuildCatchObject  0000000180049224     LIBCMTD:frame.obj
 0004:00001230       $pdata$__BuildCatchObjectHelper 0000000180049230     LIBCMTD:frame.obj
 0004:0000123c       $pdata$__CxxCallCatchBlock 000000018004923c     LIBCMTD:frame.obj
 0004:00001248       $pdata$__FrameUnwindFilter 0000000180049248     LIBCMTD:frame.obj
 0004:00001254       $pdata$__FrameUnwindToState 0000000180049254     LIBCMTD:frame.obj
 0004:00001260       $pdata$__InternalCxxFrameHandler 0000000180049260     LIBCMTD:frame.obj
 0004:0000126c       $pdata$__TypeMatch         000000018004926c     LIBCMTD:frame.obj
 0004:00001278       $pdata$?__GetCurrentState@@YAHPEA_KPEAU_xDISPATCHER_CONTEXT@@PEBU_s_FuncInfo@@@Z 0000000180049278     LIBCMTD:ehstate.obj
 0004:00001284       $pdata$?__GetUnwindTryBlock@@YAHPEA_KPEAU_xDISPATCHER_CONTEXT@@PEBU_s_FuncInfo@@@Z 0000000180049284     LIBCMTD:ehstate.obj
 0004:00001290       $pdata$?__SetUnwindTryBlock@@YAXPEA_KPEAU_xDISPATCHER_CONTEXT@@PEBU_s_FuncInfo@@H@Z 0000000180049290     LIBCMTD:ehstate.obj
 0004:0000129c       $pdata$?__StateFromControlPc@@YAHPEBU_s_FuncInfo@@PEAU_xDISPATCHER_CONTEXT@@@Z 000000018004929c     LIBCMTD:ehstate.obj
 0004:000012a8       $pdata$?__StateFromIp@@YAHPEBU_s_FuncInfo@@PEAU_xDISPATCHER_CONTEXT@@_J@Z 00000001800492a8     LIBCMTD:ehstate.obj
 0004:000012c0       $pdata$__mtold12           00000001800492c0     LIBCMTD:mantold.obj
 0004:000012cc       $pdata$_vsnwprintf_s       00000001800492cc     LIBCMTD:vswprnc.obj
 0004:000012d8       $pdata$_vsnwprintf_s_l     00000001800492d8     LIBCMTD:vswprnc.obj
 0004:000012e4       $pdata$_vswprintf_helper   00000001800492e4     LIBCMTD:vswprnc.obj
 0004:000012f0       $pdata$strcat_s            00000001800492f0     LIBCMTD:strcat_s.obj
 0004:000012fc       $pdata$_itoa_s             00000001800492fc     LIBCMTD:xtoas.obj
 0004:00001308       $pdata$xtoa_s              0000000180049308     LIBCMTD:xtoas.obj
 0004:00001314       $pdata$_mbstowcs_l_helper  0000000180049314     LIBCMTD:mbstowcs.obj
 0004:00001320       $pdata$_mbstowcs_s_l       0000000180049320     LIBCMTD:mbstowcs.obj
 0004:0000132c       $pdata$mbstowcs_s          000000018004932c     LIBCMTD:mbstowcs.obj
 0004:00001338       $pdata$?wcsncnt@@YA_KPEB_W_K@Z 0000000180049338     LIBCMTD:wcstombs.obj
 0004:00001344       $pdata$_wcstombs_l_helper  0000000180049344     LIBCMTD:wcstombs.obj
 0004:00001350       $pdata$_wcstombs_s_l       0000000180049350     LIBCMTD:wcstombs.obj
 0004:0000135c       $pdata$wcstombs_s          000000018004935c     LIBCMTD:wcstombs.obj
 0004:00001368       $pdata$_itow_s             0000000180049368     LIBCMTD:xtows.obj
 0004:00001374       $pdata$xtow_s              0000000180049374     LIBCMTD:xtows.obj
 0004:00001380       $pdata$__GSHandlerCheck_SEH 0000000180049380     LIBCMTD:gshandlerseh.obj
 0004:0000138c       $pdata$_commit             000000018004938c     LIBCMTD:commit.obj
 0004:00001398       $pdata$_write              0000000180049398     LIBCMTD:write.obj
 0004:000013a4       $pdata$_write_nolock       00000001800493a4     LIBCMTD:write.obj
 0004:000013b0       $pdata$_fclose_nolock      00000001800493b0     LIBCMTD:fclose.obj
 0004:000013bc       $pdata$fclose              00000001800493bc     LIBCMTD:fclose.obj
 0004:000013c8       $pdata$_lseeki64           00000001800493c8     LIBCMTD:lseeki64.obj
 0004:000013d4       $pdata$_lseeki64_nolock    00000001800493d4     LIBCMTD:lseeki64.obj
 0004:000013e0       $pdata$_getbuf             00000001800493e0     LIBCMTD:_getbuf.obj
 0004:000013ec       $pdata$_output_s_l         00000001800493ec     LIBCMTD:outputs.obj
 0004:000013f8       $pdata$write_char          00000001800493f8     LIBCMTD:outputs.obj
 0004:00001404       $pdata$write_multi_char    0000000180049404     LIBCMTD:outputs.obj
 0004:00001410       $pdata$write_string        0000000180049410     LIBCMTD:outputs.obj
 0004:0000141c       $pdata$_get_printf_count_output 000000018004941c     LIBCMTD:printf.obj
 0004:00001428       $pdata$_wctomb_s_l         0000000180049428     LIBCMTD:wctomb.obj
 0004:00001434       $pdata$wctomb_s            0000000180049434     LIBCMTD:wctomb.obj
 0004:00001440       $pdata$??3@YAXPEAX@Z       0000000180049440     LIBCMTD:dbgdel.obj
 0004:00001458       $pdata$?_ValidateExecute@@YAHP6A_JXZ@Z 0000000180049458     LIBCMTD:validate.obj
 0004:00001464       $pdata$?_ValidateRead@@YAHPEBXI@Z 0000000180049464     LIBCMTD:validate.obj
 0004:00001464       $pdata$?_ValidateWrite@@YAHPEAXI@Z 0000000180049464     LIBCMTD:validate.obj
 0004:0000147c       $pdata$??1type_info@@UEAA@XZ 000000018004947c     LIBCMTD:typinfo.obj
 0004:00001488       $pdata$??8type_info@@QEBA_NAEBV0@@Z 0000000180049488     LIBCMTD:typinfo.obj
 0004:00001494       $pdata$??_Gtype_info@@UEAAPEAXI@Z 0000000180049494     LIBCMTD:typinfo.obj
 0004:000014a0       $pdata$??0exception@std@@QEAA@AEBQEBD@Z 00000001800494a0     LIBCMTD:stdexcpt.obj
 0004:000014ac       $pdata$??0exception@std@@QEAA@AEBV01@@Z 00000001800494ac     LIBCMTD:stdexcpt.obj
 0004:000014b8       $pdata$??1exception@std@@UEAA@XZ 00000001800494b8     LIBCMTD:stdexcpt.obj
 0004:000014c4       $pdata$??4exception@std@@QEAAAEAV01@AEBV01@@Z 00000001800494c4     LIBCMTD:stdexcpt.obj
 0004:000014d0       $pdata$??_Gexception@std@@UEAAPEAXI@Z 00000001800494d0     LIBCMTD:stdexcpt.obj
 0004:000014dc       $pdata$?_Copy_str@exception@std@@AEAAXPEBD@Z 00000001800494dc     LIBCMTD:stdexcpt.obj
 0004:000014e8       $pdata$?_Tidy@exception@std@@AEAAXXZ 00000001800494e8     LIBCMTD:stdexcpt.obj
 0004:000014f4       $pdata$?what@exception@std@@UEBAPEBDXZ 00000001800494f4     LIBCMTD:stdexcpt.obj
 0004:00001500       $pdata$_CxxThrowException  0000000180049500     LIBCMTD:throw.obj
 0004:0000150c       $pdata$_woutput_s_l        000000018004950c     LIBCMTD:woutputs.obj
 0004:00001518       $pdata$write_char          0000000180049518     LIBCMTD:woutputs.obj
 0004:00001524       $pdata$write_multi_char    0000000180049524     LIBCMTD:woutputs.obj
 0004:00001530       $pdata$write_string        0000000180049530     LIBCMTD:woutputs.obj
 0004:0000153c       $pdata$_fputwc_nolock      000000018004953c     LIBCMTD:fputwc.obj
 0004:00001548       $pdata$_mbtowc_l           0000000180049548     LIBCMTD:mbtowc.obj
 0004:00001554       $pdata$mbtowc              0000000180049554     LIBCMTD:mbtowc.obj
 0004:00001560       $pdata$__lock_fhandle      0000000180049560     LIBCMTD:osfinfo.obj
 0004:0000156c       $pdata$_free_osfhnd        000000018004956c     LIBCMTD:osfinfo.obj
 0004:00001578       $pdata$_get_osfhandle      0000000180049578     LIBCMTD:osfinfo.obj
 0004:00001584       $pdata$_unlock_fhandle     0000000180049584     LIBCMTD:osfinfo.obj
 0004:00001590       $pdata$_putwch_nolock      0000000180049590     LIBCMTD:putwch.obj
 0004:0000159c       $pdata$_close              000000018004959c     LIBCMTD:close.obj
 0004:000015a8       $pdata$_close_nolock       00000001800495a8     LIBCMTD:close.obj
 0004:000015b4       $pdata$_freebuf            00000001800495b4     LIBCMTD:_freebuf.obj
 0004:000015c0       $pdata$?_Type_info_dtor@type_info@@CAXPEAV1@@Z 00000001800495c0     LIBCMTD:typname.obj
 0004:000015cc       $pdata$_flswbuf            00000001800495cc     LIBCMTD:_flswbuf.obj
 0004:000015d8       $pdata$__termconout        00000001800495d8     LIBCMTD:initcon.obj
 0004:000015e4       $pdata$__initconout        00000001800495e4     LIBCMTD:initcon.obj
 0004:000015f0       $pdata$_CRT_INIT$fin$0     00000001800495f0     LIBCMTD:dllcrt0.obj
 0004:000015fc       $pdata$__DllMainCRTStartup$filt$0 00000001800495fc     LIBCMTD:dllcrt0.obj
 0004:00001608       $pdata$_ctrlfp$filt$0      0000000180049608     LIBCMTD:fpctrl.obj
 0004:00001614       $pdata$_freefls$fin$0      0000000180049614     LIBCMTD:tidtable.obj
 0004:00001614       $pdata$_initptd$fin$0      0000000180049614     LIBCMTD:tidtable.obj
 0004:00001620       $pdata$_freefls$fin$1      0000000180049620     LIBCMTD:tidtable.obj
 0004:00001620       $pdata$_initptd$fin$1      0000000180049620     LIBCMTD:tidtable.obj
 0004:0000162c       $pdata$doexit$fin$0        000000018004962c     LIBCMTD:crt0dat.obj
 0004:00001638       $pdata$_ioinit$fin$0       0000000180049638     LIBCMTD:ioinit.obj
 0004:00001644       $pdata$?filt$0@?0??_inconsistency@@YAXXZ@4HA 0000000180049644     LIBCMTD:dbgheap.obj
 0004:00001644       $pdata$__BuildCatchObjectHelper$filt$0 0000000180049644     LIBCMTD:dbgheap.obj
 0004:00001644       $pdata$?filt$0@?0??terminate@@YAXXZ@4HA 0000000180049644     LIBCMTD:dbgheap.obj
 0004:00001644       $pdata$__BuildCatchObject$filt$0 0000000180049644     LIBCMTD:dbgheap.obj
 0004:00001644       $pdata$?filt$0@?0??__crtIsBadReadPtr@@YAHPEBX_K@Z@4HA 0000000180049644     LIBCMTD:dbgheap.obj
 0004:00001650       $pdata$_CrtCheckMemory$fin$0 0000000180049650     LIBCMTD:dbgheap.obj
 0004:0000165c       $pdata$?fin$0@?0??_CrtMemDumpAllObjectsSince_stat@@YAXPEBU_CrtMemState@@PEAUlocaleinfo_struct@@@Z@4HA 000000018004965c     LIBCMTD:dbgheap.obj
 0004:0000165c       $pdata$_CrtMemCheckpoint$fin$0 000000018004965c     LIBCMTD:dbgheap.obj
 0004:0000165c       $pdata$_heap_alloc_dbg_impl$fin$0 000000018004965c     LIBCMTD:dbgheap.obj
 0004:00001668       $pdata$_free_dbg$fin$0     0000000180049668     LIBCMTD:dbgheap.obj
 0004:00001674       $pdata$?fin$0@?0???3@YAXPEAX@Z@4HA 0000000180049674     LIBCMTD:dbgheap.obj
 0004:00001674       $pdata$_CrtSetDbgFlag$fin$0 0000000180049674     LIBCMTD:dbgheap.obj
 0004:00001674       $pdata$_realloc_dbg$fin$0  0000000180049674     LIBCMTD:dbgheap.obj
 0004:00001674       $pdata$_msize_dbg$fin$0    0000000180049674     LIBCMTD:dbgheap.obj
 0004:00001680       $pdata$?dtor$0@?0??getSystemCP@@YAHH@Z@4HA 0000000180049680     LIBCMTD:mbctype.obj
 0004:0000168c       $pdata$__updatetmbcinfo$fin$0 000000018004968c     LIBCMTD:mbctype.obj
 0004:0000168c       $pdata$_setmbcp$fin$0      000000018004968c     LIBCMTD:mbctype.obj
 0004:00001698       $pdata$_IsNonwritableInCurrentImage$filt$0 0000000180049698     LIBCMTD:pesect.obj
 0004:000016a4       $pdata$_onexit$fin$0       00000001800496a4     LIBCMTD:onexit.obj
 0004:000016b0       $pdata$raise$fin$0         00000001800496b0     LIBCMTD:winsig.obj
 0004:000016bc       $pdata$?dtor$0@?0??x_ismbbtype_l@@YAHPEAUlocaleinfo_struct@@IHH@Z@4HA 00000001800496bc     LIBCMTD:ismbbyte.obj
 0004:000016c8       $pdata$_CallSETranslator$filt$0 00000001800496c8     LIBCMTD:trnsctrl.obj
 0004:000016d4       $pdata$_locterm$fin$0      00000001800496d4     LIBCMTD:wsetloca.obj
 0004:000016d4       $pdata$__updatetlocinfo$fin$0 00000001800496d4     LIBCMTD:wsetloca.obj
 0004:000016e0       $pdata$_VCrtDbgReportA$fin$0 00000001800496e0     LIBCMTD:dbgrptt.obj
 0004:000016ec       $pdata$_VCrtDbgReportA$fin$1 00000001800496ec     LIBCMTD:dbgrptt.obj
 0004:000016f8       $pdata$_VCrtDbgReportW$fin$0 00000001800496f8     LIBCMTD:dbgrptt.obj
 0004:00001704       $pdata$_VCrtDbgReportW$fin$1 0000000180049704     LIBCMTD:dbgrptt.obj
 0004:00001710       $pdata$flsall$fin$0        0000000180049710     LIBCMTD:fflush.obj
 0004:0000171c       $pdata$flsall$fin$1        000000018004971c     LIBCMTD:fflush.obj
 0004:00001728       $pdata$_fcloseall$fin$0    0000000180049728     LIBCMTD:closeall.obj
 0004:00001734       $pdata$__CxxCallCatchBlock$filt$0 0000000180049734     LIBCMTD:frame.obj
 0004:00001740       $pdata$__CxxCallCatchBlock$fin$1 0000000180049740     LIBCMTD:frame.obj
 0004:0000174c       $pdata$__DestructExceptionObject$filt$0 000000018004974c     LIBCMTD:frame.obj
 0004:00001758       $pdata$__FrameUnwindToState$filt$0 0000000180049758     LIBCMTD:frame.obj
 0004:00001764       $pdata$__FrameUnwindToState$fin$1 0000000180049764     LIBCMTD:frame.obj
 0004:00001770       $pdata$fclose$fin$0        0000000180049770     LIBCMTD:fclose.obj
 0004:0000177c       $pdata$_write$fin$0        000000018004977c     LIBCMTD:lseeki64.obj
 0004:0000177c       $pdata$_close$fin$0        000000018004977c     LIBCMTD:lseeki64.obj
 0004:0000177c       $pdata$_commit$fin$0       000000018004977c     LIBCMTD:lseeki64.obj
 0004:0000177c       $pdata$_lseeki64$fin$0     000000018004977c     LIBCMTD:lseeki64.obj
 0004:00001788       $pdata$_mtinitlocknum$fin$0 0000000180049788     LIBCMTD:osfinfo.obj
 0004:00001788       $pdata$__lock_fhandle$fin$0 0000000180049788     LIBCMTD:osfinfo.obj
 0004:00001794       $pdata$?fin$0@?0??_Type_info_dtor@type_info@@CAXPEAV1@@Z@4HA 0000000180049794     LIBCMTD:typname.obj
