 ivan

 Timestamp is 59561c5b (Fri Jun 30 13:39:39 2017)

 Preferred load address is 0000000180000000

 Start         Length     Name                   Class
 0001:00000000 00046c70H .text$mn                CODE
 0001:00046c70 00000020H .text$mn$00             CODE
 0001:00046c90 000006e9H .text$x                 CODE
 0002:00000000 00000268H .idata$5                DATA
 0002:00000268 00000010H .00cfg                  DATA
 0002:00000278 00000008H .CRT$XCA                DATA
 0002:00000280 00000008H .CRT$XCZ                DATA
 0002:00000288 00000008H .CRT$XIA                DATA
 0002:00000290 00000018H .CRT$XIC                DATA
 0002:000002a8 00000008H .CRT$XIZ                DATA
 0002:000002b0 00000008H .CRT$XPA                DATA
 0002:000002b8 00000010H .CRT$XPX                DATA
 0002:000002c8 00000008H .CRT$XPXA               DATA
 0002:000002d0 00000008H .CRT$XPZ                DATA
 0002:000002d8 00000008H .CRT$XTA                DATA
 0002:000002e0 00000010H .CRT$XTZ                DATA
 0002:000002f0 00010ce8H .rdata                  DATA
 0002:00010fd8 0000016cH .rdata$r                DATA
 0002:00011144 00000324H .rdata$zzzdbg           DATA
 0002:00011468 00000008H .rtc$IAA                DATA
 0002:00011470 00000008H .rtc$IZZ                DATA
 0002:00011478 00000008H .rtc$TAA                DATA
 0002:00011480 00000010H .rtc$TZZ                DATA
 0002:00011490 00001508H .xdata                  DATA
 0002:00012998 00000088H .xdata$x                DATA
 0002:00012a20 00000070H .edata                  DATA
 0002:00012a90 00000014H .idata$2                DATA
 0002:00012aa4 00000014H .idata$3                DATA
 0002:00012ab8 00000268H .idata$4                DATA
 0002:00012d20 000005a8H .idata$6                DATA
 0003:00000000 00004d60H .data                   DATA
 0003:00004d60 00000070H .data$r                 DATA
 0003:00004dd0 00001cf0H .bss                    DATA
 0004:00000000 00003030H .pdata                  DATA
 0005:00000000 00000088H .gfids$x                DATA
 0005:00000088 00000034H .gfids$y                DATA

  Address         Publics by Value              Rva+Base               Lib:Object

 0000:00000000       __dynamic_value_reloc_table 0000000000000000     <absolute>
 0000:00000000       __guard_iat_count          0000000000000000     <absolute>
 0000:00000000       __guard_iat_table          0000000000000000     <absolute>
 0000:00000000       __guard_fids_count         0000000000000000     <absolute>
 0000:00000000       __guard_longjmp_table      0000000000000000     <absolute>
 0000:00000000       ___safe_se_handler_table   0000000000000000     <absolute>
 0000:00000000       __guard_longjmp_count      0000000000000000     <absolute>
 0000:00000000       ___safe_se_handler_count   0000000000000000     <absolute>
 0000:00000000       __guard_fids_table         0000000000000000     <absolute>
 0000:00000100       __guard_flags              0000000000000100     <absolute>
 0000:00000000       __ImageBase                0000000180000000     <linker-defined>
 0001:00000000       stbsp_vsprintf             0000000180001000 f   ivan.obj
 0001:00000040       stbsp_vsnprintf            0000000180001040 f   ivan.obj
 0001:00000140       stbsp_sprintf              0000000180001140 f   ivan.obj
 0001:000001a0       stbsp_snprintf             00000001800011a0 f   ivan.obj
 0001:00000200       stbsp_vsprintfcb           0000000180001200 f   ivan.obj
 0001:000039e0       stbsp_set_separators       00000001800049e0 f   ivan.obj
 0001:00005220       ?Refract@@YA?ATvec2@@T1@0M@Z 0000000180006220 f   ivan.obj
 0001:000053a0       ?Refract@@YA?ATvec3@@T1@0M@Z 00000001800063a0 f   ivan.obj
 0001:000056a0       ?AspectRatio@@YAMTvec2@@@Z 00000001800066a0 f   ivan.obj
 0001:000056f0       ?Lerp@@YAMMMM@Z            00000001800066f0 f   ivan.obj
 0001:00005750       ?GameUpdateAndRenderStub@@YAXPEAUgame_memory@@PEAUgame_input@@PEAUgame_offscreen_buffer@@PEAUgame_render_commands@@@Z 0000000180006750 f   ivan.obj
 0001:00005770       ?GameGetSoundSamplesStub@@YAXPEAUgame_memory@@PEAUgame_sound_output_buffer@@@Z 0000000180006770 f   ivan.obj
 0001:000064b0       stb_perlin_noise3          00000001800074b0 f   ivan.obj
 0001:00006b20       stb_perlin_ridge_noise3    0000000180007b20 f   ivan.obj
 0001:00006cd0       stb_perlin_fbm_noise3      0000000180007cd0 f   ivan.obj
 0001:00006df0       stb_perlin_turbulence_noise3 0000000180007df0 f   ivan.obj
 0001:0000c970       GameUpdateAndRender        000000018000d970 f   ivan.obj
 0001:0000def0       GameGetSoundSamples        000000018000eef0 f   ivan.obj
 0001:0000e0d0       ??$__vcrt_va_start_verify_argument_type@QEBD@@YAXXZ 000000018000f0d0 f i libvcruntimed:undname.obj
 0001:0000e0d0       ??$__vcrt_va_start_verify_argument_type@QEB_W@@YAXXZ 000000018000f0d0 f i libucrtd:dbgrpt.obj
 0001:0000e0d0       ??$__vcrt_va_start_verify_argument_type@PEBD@@YAXXZ 000000018000f0d0 f i ivan.obj
 0001:0000e0e0       ??0timed_block@@QEAA@HPEADH0I@Z 000000018000f0e0 f i ivan.obj
 0001:0000e170       ??1timed_block@@QEAA@XZ    000000018000f170 f i ivan.obj
 0001:0000e1c0       ??4ticket_mutex@@QEAAAEAU0@$$QEAU0@@Z 000000018000f1c0 f i ivan.obj
 0001:0000e200       ??D@YA?ATvec2@@MT0@@Z      000000018000f200 f i ivan.obj
 0001:0000e250       ??D@YA?ATvec2@@T0@M@Z      000000018000f250 f i ivan.obj
 0001:0000e2a0       ??D@YA?ATvec3@@MT0@@Z      000000018000f2a0 f i ivan.obj
 0001:0000e340       ??D@YA?ATvec3@@T0@M@Z      000000018000f340 f i ivan.obj
 0001:0000e3e0       ??D@YA?ATvec4@@T0@M@Z      000000018000f3e0 f i ivan.obj
 0001:0000e480       ??D@YA?AUvolume_v2@@MU0@@Z 000000018000f480 f i ivan.obj
 0001:0000e4e0       ??G@YA?ATvec3@@T0@0@Z      000000018000f4e0 f i ivan.obj
 0001:0000e590       ??H@YA?ATvec2@@T0@0@Z      000000018000f590 f i ivan.obj
 0001:0000e5e0       ??H@YA?ATvec3@@T0@0@Z      000000018000f5e0 f i ivan.obj
 0001:0000e690       ??Y@YAAEATvec3@@AEAT0@T0@@Z 000000018000f690 f i ivan.obj
 0001:0000e740       ??Z@YAAEATvec3@@AEAT0@T0@@Z 000000018000f740 f i ivan.obj
 0001:0000e7f0       ?Add@@YA?ATvec2@@T1@0@Z    000000018000f7f0 f i ivan.obj
 0001:0000e830       ?Add@@YA?ATvec3@@T1@0@Z    000000018000f830 f i ivan.obj
 0001:0000e8c0       ?AddAssetHeaderToList@@YAXPEAUgame_assets@@IUasset_memory_size@@@Z 000000018000f8c0 f i ivan.obj
 0001:0000e920       ?AtomicAddU64@@YA_KPEC_K_K@Z 000000018000f920 f i ivan.obj
 0001:0000e950       ?AtomicCompareExchangeUInt32@@YAIPECIII@Z 000000018000f950 f i ivan.obj
 0001:0000e990       ?AtomicExchangeU64@@YA_KPEC_K_K@Z 000000018000f990 f i ivan.obj
 0001:0000e9c0       ?BeginAssetLock@@YAXPEAUgame_assets@@@Z 000000018000f9c0 f i ivan.obj
 0001:0000ea00       ?BeginGeneration@@YAIPEAUgame_assets@@@Z 000000018000fa00 f i ivan.obj
 0001:0000ea90       ?BeginRenderGroup@@YA?AUrender_group@@PEAUgame_assets@@PEAUgame_render_commands@@I@Z 000000018000fa90 f i ivan.obj
 0001:0000eba0       ?BeginTaskWithMemory_@@YAPEAUtask_with_memory@@PEAU1@H@Z 000000018000fba0 f i ivan.obj
 0001:0000ec70       ?BeginTemporaryMemory@@YA?AUtemporary_memory@@PEAUmemory_arena@@@Z 000000018000fc70 f i ivan.obj
 0001:0000ecd0       ?BeginTicketMutex@@YAXPEAUticket_mutex@@@Z 000000018000fcd0 f i ivan.obj
 0001:0000ed10       ?CameraTransform@@YA?AUmat4@@Tvec3@@000@Z 000000018000fd10 f i ivan.obj
 0001:0000eea0       ?Cos@@YAMM@Z               000000018000fea0 f i ivan.obj
 0001:0000eed0       ?Cross@@YA?ATvec3@@T1@0@Z  000000018000fed0 f i ivan.obj
 0001:0000efc0       ?DoFaceWorkAtBack@@YAXPEAUvoxel_chunk_mesh@@Tvec3@@E@Z 000000018000ffc0 f i ivan.obj
 0001:0000f280       ?DoFaceWorkAtBottom@@YAXPEAUvoxel_chunk_mesh@@Tvec3@@E@Z 0000000180010280 f i ivan.obj
 0001:0000f540       ?DoFaceWorkAtFront@@YAXPEAUvoxel_chunk_mesh@@Tvec3@@E@Z 0000000180010540 f i ivan.obj
 0001:0000f800       ?DoFaceWorkAtLeft@@YAXPEAUvoxel_chunk_mesh@@Tvec3@@E@Z 0000000180010800 f i ivan.obj
 0001:0000fac0       ?DoFaceWorkAtRight@@YAXPEAUvoxel_chunk_mesh@@Tvec3@@E@Z 0000000180010ac0 f i ivan.obj
 0001:0000fd80       ?DoFaceWorkAtTop@@YAXPEAUvoxel_chunk_mesh@@Tvec3@@E@Z 0000000180010d80 f i ivan.obj
 0001:00010040       ?Dot@@YAMTvec2@@0@Z        0000000180011040 f i ivan.obj
 0001:00010070       ?Dot@@YAMTvec3@@0@Z        0000000180011070 f i ivan.obj
 0001:000100c0       ?EndAssetLock@@YAXPEAUgame_assets@@@Z 00000001800110c0 f i ivan.obj
 0001:000100e0       ?EndGeneration@@YAXPEAUgame_assets@@I@Z 00000001800110e0 f i ivan.obj
 0001:00010190       ?EndTemporaryMemory@@YAXUtemporary_memory@@@Z 0000000180011190 f i ivan.obj
 0001:00010200       ?EndTicketMutex@@YAXPEAUticket_mutex@@@Z 0000000180011200 f i ivan.obj
 0001:00010230       ?FindPairInVoxelHashTable@@YAPEAUvoxel_table_pair@@PEAPEAU1@I_K@Z 0000000180011230 f i ivan.obj
 0001:000102c0       ?GenerateKeyForChunkIndices@@YA_KHH@Z 00000001800112c0 f i ivan.obj
 0001:000102f0       ?GetAlignmentOffset@@YA_KPEAUmemory_arena@@_K@Z 00000001800112f0 f i ivan.obj
 0001:00010370       ?GetAsset@@YAPEAUasset_memory_header@@PEAUgame_assets@@II@Z 0000000180011370 f i ivan.obj
 0001:00010440       ?GetBestMatchFontFrom@@YA?AUfont_id@@PEAUgame_assets@@W4asset_type_id@@PEAUasset_vector@@2@Z 0000000180011440 f i ivan.obj
 0001:00010440       ?GetBestMatchBitmapFrom@@YA?AUbitmap_id@@PEAUgame_assets@@W4asset_type_id@@PEAUasset_vector@@2@Z 0000000180011440 f i ivan.obj
 0001:00010440       ?GetBestMatchVoxelAtlasFrom@@YA?AUvoxel_atlas_id@@PEAUgame_assets@@W4asset_type_id@@PEAUasset_vector@@2@Z 0000000180011440 f i ivan.obj
 0001:00010480       ?GetBitmapDim@@YA?AUbitmap_dimension@@PEAUrender_group@@PEAUloaded_bitmap@@MTvec3@@M@Z 0000000180011480 f i ivan.obj
 0001:000105e0       ?GetCurrChunkIndexBasedOnCamera@@YAXTvec3@@PEAH1@Z 00000001800115e0 f i ivan.obj
 0001:00010690       ?GetEncodedVertexData@@YAITvec3@@EW4voxel_texture_vert_type@@E@Z 0000000180011690 f i ivan.obj
 0001:00010730       ?GetFile@@YAPEAUasset_file@@PEAUgame_assets@@I@Z 0000000180011730 f i ivan.obj
 0001:00010780       ?GetFileHandleFor@@YAPEAUplatform_file_handle@@PEAUgame_assets@@I@Z 0000000180011780 f i ivan.obj
 0001:000107d0       ?GetFirstBitmapFrom@@YA?AUbitmap_id@@PEAUgame_assets@@W4asset_type_id@@@Z 00000001800117d0 f i ivan.obj
 0001:000107d0       ?GetFirstSoundFrom@@YA?AUsound_id@@PEAUgame_assets@@W4asset_type_id@@@Z 00000001800117d0 f i ivan.obj
 0001:00010800       ?GetVoxelAtlas@@YAPEAUloaded_voxel_atlas@@PEAUgame_assets@@Uvoxel_atlas_id@@I@Z 0000000180011800 f i ivan.obj
 0001:00010800       ?GetFont@@YAPEAUloaded_font@@PEAUgame_assets@@Ufont_id@@I@Z 0000000180011800 f i ivan.obj
 0001:00010800       ?GetBitmap@@YAPEAUloaded_bitmap@@PEAUgame_assets@@Ubitmap_id@@I@Z 0000000180011800 f i ivan.obj
 0001:00010800       ?GetSound@@YAPEAUloaded_sound@@PEAUgame_assets@@Usound_id@@I@Z 0000000180011800 f i ivan.obj
 0001:00010860       ?GetFontInfo@@YAPEAUdda_font@@PEAUgame_assets@@Ufont_id@@@Z 0000000180011860 f i ivan.obj
 0001:00010860       ?GetSoundInfo@@YAPEAUdda_sound@@PEAUgame_assets@@Usound_id@@@Z 0000000180011860 f i ivan.obj
 0001:00010860       ?GetBitmapInfo@@YAPEAUdda_bitmap@@PEAUgame_assets@@Ubitmap_id@@@Z 0000000180011860 f i ivan.obj
 0001:000108b0       ?GetGlyphFromCodePoint@@YAIPEAUdda_font@@PEAUloaded_font@@I@Z 00000001800118b0 f i ivan.obj
 0001:00010910       ?GetNextSoundInChain@@YA?AUsound_id@@PEAUgame_assets@@U1@@Z 0000000180011910 f i ivan.obj
 0001:00010980       ?GetPosForVoxelChunk@@YA?ATvec3@@PEAUvoxel_chunk@@@Z 0000000180011980 f i ivan.obj
 0001:00010a00       ?GetRenderEntityBasisP@@YA?AUentity_basis_p_result@@PEAUrender_group_transform@@Tvec3@@@Z 0000000180011a00 f i ivan.obj
 0001:00010e10       ?Hadamard@@YA?ATvec2@@T1@0@Z 0000000180011e10 f i ivan.obj
 0001:00010e80       ?InitializeMemoryArena@@YAXPEAUmemory_arena@@_KPEAX@Z 0000000180011e80 f i ivan.obj
 0001:00010ec0       ?InsertAssetHeaderAtFront@@YAXPEAUgame_assets@@PEAUasset_memory_header@@@Z 0000000180011ec0 f i ivan.obj
 0001:00010f20       ?InsertChunkHeaderAtFront@@YAXPEAUvoxel_chunk_manager@@PEAUvoxel_chunk_header@@@Z 0000000180011f20 f i ivan.obj
 0001:00010f80       ?InsertPairToVoxelHashTable@@YAXPEAPEAUvoxel_table_pair@@IU1@PEAUmemory_arena@@@Z 0000000180011f80 f i ivan.obj
 0001:000110b0       ?IsValid@@YAHUsound_id@@@Z 00000001800120b0 f i ivan.obj
 0001:000110e0       ?LookAt@@YA?AUmat4@@Tvec3@@00@Z 00000001800120e0 f i ivan.obj
 0001:00011640       ?Mul@@YA?ATvec2@@T1@M@Z    0000000180012640 f i ivan.obj
 0001:00011680       ?Mul@@YA?ATvec3@@T1@M@Z    0000000180012680 f i ivan.obj
 0001:00011700       ?Mul@@YA?ATvec4@@T1@M@Z    0000000180012700 f i ivan.obj
 0001:000117a0       ?NeighbourVoxelExistAndAir@@YAHPEAUvoxel_chunk@@HHH@Z 00000001800127a0 f i ivan.obj
 0001:00011830       ?NeighboursWasChanged@@YAHPEAUvoxel_chunk@@0000@Z 0000000180012830 f i ivan.obj
 0001:000118a0       ?NextRandomUInt32@@YAIPEAUrandom_series@@@Z 00000001800128a0 f i ivan.obj
 0001:000118f0       ?Normalize0@@YA?ATvec2@@T1@@Z 00000001800128f0 f i ivan.obj
 0001:000119a0       ?Normalize0@@YA?ATvec3@@T1@@Z 00000001800129a0 f i ivan.obj
 0001:00011b10       ?Normalize@@YA?ATvec3@@T1@@Z 0000000180012b10 f i ivan.obj
 0001:00011bf0       ?OrthographicProjection@@YA?AUmat4@@II@Z 0000000180012bf0 f i ivan.obj
 0001:00011ce0       ?OrthographicProjection@@YA?AUmat4@@IIMM@Z 0000000180012ce0 f i ivan.obj
 0001:00011e30       ?PerspectiveProjection@@YA?AUmat4@@IIMMM@Z 0000000180012e30 f i ivan.obj
 0001:00011fd0       ?PrefetchSound@@YAXPEAUgame_assets@@Usound_id@@@Z 0000000180012fd0 f i ivan.obj
 0001:00011ff0       ?PushBitmap@@YAXPEAUrender_group@@PEAUloaded_bitmap@@MTvec3@@Tvec4@@HM@Z 0000000180012ff0 f i ivan.obj
 0001:000122f0       ?PushBitmap@@YAXPEAUrender_group@@Ubitmap_id@@MTvec3@@Tvec4@@HM@Z 00000001800132f0 f i ivan.obj
 0001:000123e0       ?PushBuffer@@YA?AUpush_buffer_result@@PEAUrender_group@@I@Z 00000001800133e0 f i ivan.obj
 0001:00012480       ?PushClear@@YAXPEAUrender_group@@Tvec4@@@Z 0000000180013480 f i ivan.obj
 0001:000124d0       ?PushFaceWorkForBackVoxel@@YAXPEAUvoxel_chunk@@PEAUvoxel_chunk_mesh@@HHHETvec3@@@Z 00000001800134d0 f i ivan.obj
 0001:00012540       ?PushFaceWorkForDownVoxel@@YAXPEAUvoxel_chunk@@PEAUvoxel_chunk_mesh@@HHHETvec3@@@Z 0000000180013540 f i ivan.obj
 0001:000125b0       ?PushFaceWorkForFrontVoxel@@YAXPEAUvoxel_chunk@@PEAUvoxel_chunk_mesh@@HHHETvec3@@@Z 00000001800135b0 f i ivan.obj
 0001:00012620       ?PushFaceWorkForLeftVoxel@@YAXPEAUvoxel_chunk@@PEAUvoxel_chunk_mesh@@HHHETvec3@@@Z 0000000180013620 f i ivan.obj
 0001:00012690       ?PushFaceWorkForRightVoxel@@YAXPEAUvoxel_chunk@@PEAUvoxel_chunk_mesh@@HHHETvec3@@@Z 0000000180013690 f i ivan.obj
 0001:00012700       ?PushFaceWorkForUpperVoxel@@YAXPEAUvoxel_chunk@@PEAUvoxel_chunk_mesh@@HHHETvec3@@@Z 0000000180013700 f i ivan.obj
 0001:00012770       ?PushFont@@YAPEAUloaded_font@@PEAUrender_group@@Ufont_id@@@Z 0000000180013770 f i ivan.obj
 0001:000127d0       ?PushRenderElement_@@YAPEAXPEAUrender_group@@IW4render_group_entry_type@@@Z 00000001800137d0 f i ivan.obj
 0001:000128d0       ?PushSize_@@YAPEAXPEAUmemory_arena@@_K1@Z 00000001800138d0 f i ivan.obj
 0001:00012990       ?PushVoxelAtlas@@YA?AUvoxel_atlas_bitmap_info@@PEAUrender_group@@Uvoxel_atlas_id@@@Z 0000000180013990 f i ivan.obj
 0001:00012a80       ?PushVoxelChunkMesh@@YAXPEAUrender_group@@PEAUvoxel_chunk_mesh@@Uvoxel_atlas_id@@Tvec3@@@Z 0000000180013a80 f i ivan.obj
 0001:00012b70       ?PushVoxelMeshChunkFace@@YAXPEAUvoxel_chunk_mesh@@Tvec3@@111EE@Z 0000000180013b70 f i ivan.obj
 0001:00012d50       ?RSqrt@@YAMM@Z             0000000180013d50 f i ivan.obj
 0001:00012d90       ?RandomChoiceFromCount@@YAIPEAUrandom_series@@I@Z 0000000180013d90 f i ivan.obj
 0001:00012dc0       ?RandomSeed@@YA?AUrandom_series@@I@Z 0000000180013dc0 f i ivan.obj
 0001:00012df0       ?RemoveAssetHeaderFromList@@YAXPEAUasset_memory_header@@@Z 0000000180013df0 f i ivan.obj
 0001:00012e40       ?RoundReal32ToInt32@@YAHM@Z 0000000180013e40 f i ivan.obj
 0001:00012e70       ?SetCameraTransform@@YAXPEAUrender_group@@ITvec3@@111MMM@Z 0000000180013e70 f i ivan.obj
 0001:000132f0       ?SetNeighboursForChunk@@YAXPEAUvoxel_chunk@@HHPEAPEAUvoxel_table_pair@@@Z 00000001800142f0 f i ivan.obj
 0001:00013490       ?SetOrthographic@@YAXPEAUrender_group@@HHM@Z 0000000180014490 f i ivan.obj
 0001:000135c0       ?Sin@@YAMM@Z               00000001800145c0 f i ivan.obj
 0001:000135f0       ?Sqrt@@YAMM@Z              00000001800145f0 f i ivan.obj
 0001:00013620       ?Sub@@YA?ATvec2@@T1@0@Z    0000000180014620 f i ivan.obj
 0001:00013660       ?Sub@@YA?ATvec3@@T1@0@Z    0000000180014660 f i ivan.obj
 0001:000136f0       ?SubArena@@YAXPEAUmemory_arena@@0_K1@Z 00000001800146f0 f i ivan.obj
 0001:00013750       ?Tan@@YAMM@Z               0000000180014750 f i ivan.obj
 0001:00013780       ?Vec2@@YA?ATvec2@@M@Z      0000000180014780 f i ivan.obj
 0001:000137d0       ?Vec2@@YA?ATvec2@@MM@Z     00000001800147d0 f i ivan.obj
 0001:00013820       ?Vec3@@YA?ATvec3@@M@Z      0000000180014820 f i ivan.obj
 0001:00013890       ?Vec3@@YA?ATvec3@@MMM@Z    0000000180014890 f i ivan.obj
 0001:00013910       ?Vec3@@YA?ATvec3@@Tvec2@@M@Z 0000000180014910 f i ivan.obj
 0001:00013990       ?Vec4@@YA?ATvec4@@MMMM@Z   0000000180014990 f i ivan.obj
 0001:00013a20       ?VoxelHashFunc@@YAI_K@Z    0000000180014a20 f i ivan.obj
 0001:00013a80       ?ZeroSize@@YAXPEAX_K@Z     0000000180014a80 f i ivan.obj
 0001:00013ad0       ?volume_v2_init@@YA?AUvolume_v2@@MM@Z 0000000180014ad0 f i ivan.obj
 0001:00013b30       ?volume_v2_mulf@@YA?AUvolume_v2@@U1@M@Z 0000000180014b30 f i ivan.obj
 0001:00013b90       __raise_securityfailure    0000000180014b90 f   LIBCMTD:gs_report.obj
 0001:00013bd0       __report_gsfailure         0000000180014bd0 f   LIBCMTD:gs_report.obj
 0001:00013cb0       __report_rangecheckfailure 0000000180014cb0 f   LIBCMTD:gs_report.obj
 0001:00013cd0       __report_securityfailure   0000000180014cd0 f   LIBCMTD:gs_report.obj
 0001:00013ed0       __GSHandlerCheck           0000000180014ed0 f   LIBCMTD:_gshandler_.obj
 0001:00013f10       __GSHandlerCheckCommon     0000000180014f10 f   LIBCMTD:_gshandler_.obj
 0001:00014020       __security_check_cookie    0000000180015020 f   LIBCMTD:_amdsecgs_.obj
 0001:00014440       _DllMainCRTStartup         0000000180015440 f   LIBCMTD:dll_dllmain.obj
 0001:00014480       ??$__crt_fast_decode_pointer@P6AHPEAU_exception@@@Z@@YAP6AHPEAU_exception@@@ZQ6AH0@Z@Z 0000000180015480 f i libucrtd:matherr.obj
 0001:00014480       ??$__crt_fast_decode_pointer@P6AXPEB_W00I_K@Z@@YAP6AXPEB_W00I_K@ZQ6AX000I1@Z@Z 0000000180015480 f i libucrtd:invalid_parameter.obj
 0001:00014480       ??$__crt_fast_decode_pointer@P6AXXZ@@YAP6AXXZQ6AXXZ@Z 0000000180015480 f i libvcruntimed:purevirt.obj
 0001:00014480       ??$__crt_fast_decode_pointer@PEAP6AXXZ@@YAPEAP6AXXZQEAP6AXXZ@Z 0000000180015480 f i LIBCMTD:utility.obj
 0001:00014480       ??$__crt_fast_decode_pointer@P6AXH@Z@@YAP6AXH@ZQ6AXH@Z@Z 0000000180015480 f i libucrtd:signal.obj
 0001:00014480       ??$__crt_fast_decode_pointer@PEAX@@YAPEAXQEAX@Z 0000000180015480 f i libvcruntimed:winapi_downlevel.obj
 0001:00014480       ??$__crt_fast_decode_pointer@P6AH_K@Z@@YAP6AH_K@ZQ6AH0@Z@Z 0000000180015480 f i libucrtd:new_handler.obj
 0001:00014480       ??$__crt_fast_decode_pointer@P6AXPEAXK0@Z@@YAP6AXPEAXK0@ZQ6AX0K0@Z@Z 0000000180015480 f i libucrtd:exit.obj
 0001:000144c0       ?__crt_rotate_pointer_value@@YA_K_KH@Z 00000001800154c0 f i LIBCMTD:utility.obj
 0001:000144e0       ?configure_argv@__scrt_narrow_argv_policy@@SAHXZ 00000001800154e0 f i LIBCMTD:utility.obj
 0001:00014660       NtCurrentTeb               0000000180015660 f i LIBCMTD:utility.obj
 0001:00014670       __scrt_acquire_startup_lock 0000000180015670 f   LIBCMTD:utility.obj
 0001:000146e0       __scrt_dllmain_after_initialize_c 00000001800156e0 f   LIBCMTD:utility.obj
 0001:00014710       __scrt_dllmain_before_initialize_c 0000000180015710 f   LIBCMTD:utility.obj
 0001:00014730       __scrt_dllmain_crt_thread_attach 0000000180015730 f   LIBCMTD:utility.obj
 0001:00014760       __scrt_dllmain_crt_thread_detach 0000000180015760 f   LIBCMTD:utility.obj
 0001:00014780       __scrt_dllmain_exception_filter 0000000180015780 f   LIBCMTD:utility.obj
 0001:000147e0       __scrt_dllmain_uninitialize_c 00000001800157e0 f   LIBCMTD:utility.obj
 0001:00014810       __scrt_dllmain_uninitialize_critical 0000000180015810 f   LIBCMTD:utility.obj
 0001:00014830       __scrt_initialize_crt      0000000180015830 f   LIBCMTD:utility.obj
 0001:00014880       __scrt_initialize_onexit_tables 0000000180015880 f   LIBCMTD:utility.obj
 0001:00014980       __scrt_is_nonwritable_in_current_image 0000000180015980 f   LIBCMTD:utility.obj
 0001:00014a10       __scrt_release_startup_lock 0000000180015a10 f   LIBCMTD:utility.obj
 0001:00014a40       __scrt_uninitialize_crt    0000000180015a40 f   LIBCMTD:utility.obj
 0001:00014a80       _onexit                    0000000180015a80 f   LIBCMTD:utility.obj
 0001:00014b10       atexit                     0000000180015b10 f   LIBCMTD:utility.obj
 0001:00014b50       __security_init_cookie     0000000180015b50 f   LIBCMTD:gs_support.obj
 0001:00014c70       DllMain                    0000000180015c70 f   LIBCMTD:dll_dllmain_stub.obj
 0001:00014c90       ?__scrt_initialize_type_info@@YAXXZ 0000000180015c90 f   LIBCMTD:tncleanup.obj
 0001:00014cb0       ?__scrt_uninitialize_type_info@@YAXXZ 0000000180015cb0 f   LIBCMTD:tncleanup.obj
 0001:00014cd0       __local_stdio_printf_options 0000000180015cd0 f i LIBCMTD:default_local_stdio_options.obj
 0001:00014ce0       __local_stdio_scanf_options 0000000180015ce0 f i LIBCMTD:default_local_stdio_options.obj
 0001:00014cf0       __scrt_initialize_default_local_stdio_options 0000000180015cf0 f   LIBCMTD:default_local_stdio_options.obj
 0001:00014d40       __scrt_get_dyn_tls_init_callback 0000000180015d40 f   LIBCMTD:dyn_tls_init.obj
 0001:00014d50       __crt_debugger_hook        0000000180015d50 f   LIBCMTD:utility_desktop.obj
 0001:00014d60       __scrt_fastfail            0000000180015d60 f   LIBCMTD:utility_desktop.obj
 0001:00014f00       _RTC_Initialize            0000000180015f00 f   LIBCMTD:_initsect_.obj
 0001:00014f50       _RTC_Terminate             0000000180015f50 f   LIBCMTD:_initsect_.obj
 0001:00014fa0       _guard_check_icall         0000000180015fa0 f i LIBCMTD:checkcfg.obj
 0001:00014fc0       __isa_available_init       0000000180015fc0 f   LIBCMTD:_cpu_disp_.obj
 0001:00015340       _get_startup_argv_mode     0000000180016340 f   LIBCMTD:argv_mode.obj
 0001:00015350       __scrt_is_ucrt_dll_in_use  0000000180016350 f   LIBCMTD:ucrt_detection.obj
 0001:00015380       _guard_icall_checks_enforced 0000000180016380 f i LIBCMTD:guard_support.obj
 0001:000153b0       IsProcessorFeaturePresent  00000001800163b0 f   kernel32:KERNEL32.dll
 0001:000153c0       __C_specific_handler       00000001800163c0 f   libvcruntimed:_chandler_.obj
 0001:00015800       __vcrt_initialize          0000000180016800 f   libvcruntimed:initialization.obj
 0001:00015840       __vcrt_thread_attach       0000000180016840 f   libvcruntimed:initialization.obj
 0001:00015860       __vcrt_thread_detach       0000000180016860 f   libvcruntimed:initialization.obj
 0001:00015880       __vcrt_uninitialize        0000000180016880 f   libvcruntimed:initialization.obj
 0001:000158b0       __vcrt_uninitialize_critical 00000001800168b0 f   libvcruntimed:initialization.obj
 0001:000158c0       ??1?$__crt_unique_heap_ptr@DU__crt_internal_free_policy@@@@QEAA@XZ 00000001800168c0 f i libvcruntimed:std_type_info.obj
 0001:000158c0       ??1?$__crt_unique_heap_ptr@U__vcrt_ptd@@U__crt_internal_free_policy@@@@QEAA@XZ 00000001800168c0 f i libvcruntimed:per_thread_data.obj
 0001:000158e0       ?release@?$__crt_unique_heap_ptr@DU__crt_internal_free_policy@@@@QEAAXXZ 00000001800168e0 f i libvcruntimed:std_type_info.obj
 0001:000158e0       ?release@?$__crt_unique_heap_ptr@U__vcrt_ptd@@U__crt_internal_free_policy@@@@QEAAXXZ 00000001800168e0 f i libvcruntimed:per_thread_data.obj
 0001:00015910       __std_type_info_compare    0000000180016910 f   libvcruntimed:std_type_info.obj
 0001:00015950       __std_type_info_destroy_list 0000000180016950 f   libvcruntimed:std_type_info.obj
 0001:000159c0       _local_unwind              00000001800169c0 f   libvcruntimed:_jmpuwind_.obj
 0001:000159f0       _NLG_Notify                00000001800169f0 f   libvcruntimed:_jmpuwind_.obj
 0001:00015a10       __NLG_Dispatch2            0000000180016a10 f   libvcruntimed:_jmpuwind_.obj
 0001:00015a20       __NLG_Return2              0000000180016a20 f   libvcruntimed:_jmpuwind_.obj
 0001:00015a30       __except_validate_context_record 0000000180016a30 f   libvcruntimed:jbcxrval.obj
 0001:00015b00       __vcrt_freefls             0000000180016b00 f   libvcruntimed:per_thread_data.obj
 0001:00015b40       __vcrt_freeptd             0000000180016b40 f   libvcruntimed:per_thread_data.obj
 0001:00015ba0       __vcrt_getptd              0000000180016ba0 f   libvcruntimed:per_thread_data.obj
 0001:00015bd0       __vcrt_getptd_noexit       0000000180016bd0 f   libvcruntimed:per_thread_data.obj
 0001:00015d80       __vcrt_initialize_ptd      0000000180016d80 f   libvcruntimed:per_thread_data.obj
 0001:00015dd0       __vcrt_uninitialize_ptd    0000000180016dd0 f   libvcruntimed:per_thread_data.obj
 0001:00015e00       __vcrt_initialize_locks    0000000180016e00 f   libvcruntimed:locks.obj
 0001:00015e70       __vcrt_uninitialize_locks  0000000180016e70 f   libvcruntimed:locks.obj
 0001:00015ed0       ??$__crt_interlocked_compare_exchange_pointer@UHINSTANCE__@@$$T$$T@@YAPEAUHINSTANCE__@@PEDSEAU0@$$T1@Z 0000000180016ed0 f i libvcruntimed:winapi_downlevel.obj
 0001:00015ed0       ??$__crt_interlocked_compare_exchange_pointer@X$$T$$T@@YAPEAXPEDSEAX$$T1@Z 0000000180016ed0 f i libvcruntimed:winapi_downlevel.obj
 0001:00015f10       ??$__crt_interlocked_exchange_pointer@UHINSTANCE__@@PEAU1@@@YAPEAUHINSTANCE__@@PEDSEAU0@QEAU0@@Z 0000000180016f10 f i libvcruntimed:winapi_downlevel.obj
 0001:00015f10       ??$__crt_interlocked_exchange_pointer@UHINSTANCE__@@PEAX@@YAPEAUHINSTANCE__@@PEDSEAU0@QEAX@Z 0000000180016f10 f i libvcruntimed:winapi_downlevel.obj
 0001:00015f10       ??$__crt_interlocked_exchange_pointer@XPEAX@@YAPEAXPEDSEAXQEAX@Z 0000000180016f10 f i libvcruntimed:winapi_downlevel.obj
 0001:00015f30       ??$__crt_interlocked_read_pointer@UHINSTANCE__@@@@YAPEAUHINSTANCE__@@PEDSEAU0@@Z 0000000180016f30 f i libvcruntimed:winapi_downlevel.obj
 0001:00015f30       ??$__crt_interlocked_read_pointer@X@@YAPEAXPEDSEAX@Z 0000000180016f30 f i libvcruntimed:winapi_downlevel.obj
 0001:00015f50       ?__crt_fast_encode_pointer@@YA?AU__crt_fast_encoded_nullptr_t@@$$T@Z 0000000180016f50 f i libvcruntimed:winapi_downlevel.obj
 0001:00016470       __vcrt_FlsAlloc            0000000180017470 f   libvcruntimed:winapi_downlevel.obj
 0001:000164c0       __vcrt_FlsFree             00000001800174c0 f   libvcruntimed:winapi_downlevel.obj
 0001:00016510       __vcrt_FlsGetValue         0000000180017510 f   libvcruntimed:winapi_downlevel.obj
 0001:00016560       __vcrt_FlsSetValue         0000000180017560 f   libvcruntimed:winapi_downlevel.obj
 0001:000165c0       __vcrt_InitializeCriticalSectionEx 00000001800175c0 f   libvcruntimed:winapi_downlevel.obj
 0001:00016620       __vcrt_initialize_winapi_thunks 0000000180017620 f   libvcruntimed:winapi_downlevel.obj
 0001:000166a0       __vcrt_uninitialize_winapi_thunks 00000001800176a0 f   libvcruntimed:winapi_downlevel.obj
 0001:00016740       ??$?B$$A6AXH@Z@__crt_fast_encoded_nullptr_t@@QEBAP6AXH@ZXZ 0000000180017740 f i libucrtd:signal.obj
 0001:00016740       ??$?BX@__crt_fast_encoded_nullptr_t@@QEBAPEAXXZ 0000000180017740 f i libvcruntimed:winapi_downlevel.obj
 0001:00016740       ??$?B$$A6AXXZ@__crt_fast_encoded_nullptr_t@@QEBAP6AXXZXZ 0000000180017740 f i libvcruntimed:purevirt_data.obj
 0001:00016740       ??$?BP6AXXZ@__crt_fast_encoded_nullptr_t@@QEBAPEAP6AXXZXZ 0000000180017740 f i libucrtd:onexit.obj
 0001:00016740       ??$?B$$A6AXPEAXK0@Z@__crt_fast_encoded_nullptr_t@@QEBAP6AXPEAXK0@ZXZ 0000000180017740 f i libucrtd:exit.obj
 0001:00016760       __vcrt_initialize_pure_virtual_call_handler 0000000180017760 f   libvcruntimed:purevirt_data.obj
 0001:00016790       _vsprintf_s_l              0000000180017790 f i libvcruntimed:undname.obj
 0001:00016800       sprintf_s                  0000000180017800 f i libvcruntimed:undname.obj
 0001:00016860       roundf                     0000000180017860 f   libucrtd:roundf.obj
 0001:000168f0       cosf                       00000001800178f0 f   libucrtd:cosf.obj
 0001:00016df0       sinf                       0000000180017df0 f   libucrtd:sinf.obj
 0001:000174f0       sqrtf                      00000001800184f0 f   libucrtd:sqrtf.obj
 0001:00017630       tanf                       0000000180018630 f   libucrtd:tanf.obj
 0001:00017cb0       _initterm                  0000000180018cb0 f   libucrtd:initterm.obj
 0001:00017d20       _initterm_e                0000000180018d20 f   libucrtd:initterm.obj
 0001:00017e10       _seh_filter_dll            0000000180018e10 f   libucrtd:exception_filter.obj
 0001:00017e40       _seh_filter_exe            0000000180018e40 f   libucrtd:exception_filter.obj
 0001:000180f0       ??$__crt_get_proc_address@P6AXI@Z@@YAP6AXI@ZQEAUHINSTANCE__@@QEBD@Z 00000001800190f0 f i libucrtd:exit.obj
 0001:00018120       ??$__crt_interlocked_read@J@@YAJPEDJ@Z 0000000180019120 f i libucrtd:exit.obj
 0001:00018140       ??1?$__crt_unique_handle_t@U__crt_hmodule_traits@@@@QEAA@XZ 0000000180019140 f i libucrtd:exit.obj
 0001:00018160       ?__crt_interlocked_read_32@@YAHPEDH@Z 0000000180019160 f i libucrtd:exit.obj
 0001:000181a0       ?close@?$__crt_unique_handle_t@U__crt_hmodule_traits@@@@QEAAXXZ 00000001800191a0 f i libucrtd:exit.obj
 0001:000181e0       ?close@__crt_hmodule_traits@@SA_NPEAUHINSTANCE__@@@Z 00000001800191e0 f i libucrtd:exit.obj
 0001:00018570       __acrt_initialize_thread_local_exit_callback 0000000180019570 f   libucrtd:exit.obj
 0001:00018590       _cexit                     0000000180019590 f   libucrtd:exit.obj
 0001:000185b0       _exit                      00000001800195b0 f   libucrtd:exit.obj
 0001:000185d0       _is_c_termination_complete 00000001800195d0 f   libucrtd:exit.obj
 0001:00018970       ??$get_module_file_name@AEAPEAUHINSTANCE__@@AEAY0BAF@DK@?$__crt_char_traits@D@@SAKAEAPEAUHINSTANCE__@@AEAY0BAF@D$$QEAK@Z 0000000180019970 f i libucrtd:dbgrpt.obj
 0001:00018970       ??$get_module_file_name@$$TAEAY0BAF@DH@?$__crt_char_traits@D@@SAK$$QEA$$TAEAY0BAF@D$$QEAH@Z 0000000180019970 f i libucrtd:argv_parsing.obj
 0001:00018e40       ??$set_program_name@PEAD@?$__crt_char_traits@D@@SAX$$QEAPEAD@Z 0000000180019e40 f i libucrtd:argv_parsing.obj
 0001:00018f10       ?get@?$__crt_unique_heap_ptr@DU__crt_internal_free_policy@@@@QEBAPEADXZ 0000000180019f10 f i libvcruntimed:std_type_info.obj
 0001:00018f10       ?get@?$__crt_unique_heap_ptr@DU__crt_public_free_policy@@@@QEBAPEADXZ 0000000180019f10 f i libvcruntimed:std_exception.obj
 0001:00018f10       ?get@?$__crt_unique_heap_ptr@U__crt_multibyte_data@@U__crt_internal_free_policy@@@@QEBAPEAU__crt_multibyte_data@@XZ 0000000180019f10 f i libucrtd:mbctype.obj
 0001:00018f10       ?get@?$__crt_unique_heap_ptr@U__acrt_ptd@@U__crt_internal_free_policy@@@@QEBAPEAU__acrt_ptd@@XZ 0000000180019f10 f i libucrtd:per_thread_data.obj
 0001:00018f10       ?get@?$__crt_unique_heap_ptr@U__crt_lowio_handle_data@@U__crt_internal_free_policy@@@@QEBAPEAU__crt_lowio_handle_data@@XZ 0000000180019f10 f i libucrtd:osfinfo.obj
 0001:00018f10       ??C__crt_stdio_stream@@QEBAPEAU__crt_stdio_stream_data@@XZ 0000000180019f10 f i libucrtd:output.obj
 0001:00018f10       ?get@?$__crt_scoped_stack_ptr@_W@@QEBAPEA_WXZ 0000000180019f10 f i libucrtd:getstringtypea.obj
 0001:00018f10       ?get@?$__crt_unique_heap_ptr@PEADU__crt_internal_free_policy@@@@QEBAPEAPEADXZ 0000000180019f10 f i libucrtd:argv_parsing.obj
 0001:00018f10       ?save_state@?$c_string_character_source@D@__crt_strtox@@QEBAPEBDXZ 0000000180019f10 f i libucrtd:atox.obj
 0001:00018f10       ?get@?$__crt_unique_handle_t@U__crt_handle_traits@@@@QEBAPEAXXZ 0000000180019f10 f i libucrtd:crtmbox.obj
 0001:00018f10       ?save_state@?$c_string_character_source@_W@__crt_strtox@@QEBAPEB_WXZ 0000000180019f10 f i libucrtd:atox.obj
 0001:00018f10       ?get@?$__crt_unique_handle_t@U__crt_hmodule_traits@@@@QEBAPEAUHINSTANCE__@@XZ 0000000180019f10 f i libucrtd:exit.obj
 0001:00018f10       ?public_stream@__crt_stdio_stream@@QEBAPEAU_iobuf@@XZ 0000000180019f10 f i libucrtd:output.obj
 0001:00018f10       ?get@?$__crt_unique_handle_t@U__crt_findfile_traits@@@@QEBAPEAXXZ 0000000180019f10 f i libucrtd:argv_wildcards.obj
 0001:00018f10       ?get@?$__crt_unique_heap_ptr@EU__crt_internal_free_policy@@@@QEBAPEAEXZ 0000000180019f10 f i libucrtd:argv_parsing.obj
 0001:00018f10       ?begin@?$argument_list@D@?A0xfeb59491@@QEBAPEAPEADXZ 0000000180019f10 f i libucrtd:argv_wildcards.obj
 0001:00018f10       ?get@?$__crt_unique_heap_ptr@U__vcrt_ptd@@U__crt_internal_free_policy@@@@QEBAPEAU__vcrt_ptd@@XZ 0000000180019f10 f i libvcruntimed:per_thread_data.obj
 0001:00018f20       ?get_address_of@?$__crt_unique_heap_ptr@PEADU__crt_internal_free_policy@@@@QEAAPEAPEAPEADXZ 0000000180019f20 f i libucrtd:argv_parsing.obj
 0001:00018f20       ?get_address_of@?$__crt_unique_handle_t@U__crt_hmodule_traits@@@@QEAAPEAPEAUHINSTANCE__@@XZ 0000000180019f20 f i libucrtd:exit.obj
 0001:00018f20       ?dangerous_get_state_array@?$dual_state_global@PEAU__crt_locale_data@@@__crt_state_management@@QEAAPEAPEAU__crt_locale_data@@XZ 0000000180019f20 f i libucrtd:per_thread_data.obj
 0001:00018f90       __acrt_allocate_buffer_for_argv 0000000180019f90 f   libucrtd:argv_parsing.obj
 0001:000190b0       _configure_narrow_argv     000000018001a0b0 f   libucrtd:argv_parsing.obj
 0001:000190d0       _set_pgmptr                000000018001a0d0 f i libucrtd:argv_parsing.obj
 0001:000192f4       ??$tcslen@AEAPEAD@?$__crt_char_traits@D@@SA_KAEAPEAD@Z 000000018001a2f4 f i libucrtd:environment_initialization.obj
 0001:00019340       ??B?$__crt_unique_heap_ptr@PEADU__crt_internal_free_policy@@@@QEBA_NXZ 000000018001a340 f i libucrtd:environment_initialization.obj
 0001:0001934c       ?detach@?$__crt_unique_heap_ptr@DU__crt_internal_free_policy@@@@QEAAPEADXZ 000000018001a34c f i libucrtd:environment_initialization.obj
 0001:00019360       ?get_invalid_value@__crt_hmodule_traits@@SAPEAUHINSTANCE__@@XZ 000000018001a360 f i libucrtd:exit.obj
 0001:00019360       ?get_current_state_index@__crt_state_management@@YA_KXZ 000000018001a360 f i libucrtd:environment_initialization.obj
 0001:00019364       __dcrt_uninitialize_environments_nolock 000000018001a364 f   libucrtd:environment_initialization.obj
 0001:0001939c       _initialize_narrow_environment 000000018001a39c f   libucrtd:environment_initialization.obj
 0001:000193a4       _invoke_watson_if_error    000000018001a3a4 f i libucrtd:environment_initialization.obj
 0001:000193e0       ??$?RV<lambda_b0d8f1f77f5878de4f648f281b223c15>@@AEAV<lambda_942beefa13ab35ff55f86422493ffd6a>@@V<lambda_7adb6fc9c0d6a5bd4e2d9c212ec7cdcc>@@@?$__crt_seh_guarded_call@H@@QEAAH$$QEAV<lambda_b0d8f1f77f5878de4f648f281b223c15>@@AEAV<lambda_942beefa13ab35ff55f86422493ffd6a>@@$$QEAV<lambda_7adb6fc9c0d6a5bd4e2d9c212ec7cdcc>@@@Z 000000018001a3e0 f i libucrtd:onexit.obj
 0001:00019430       ??$?RV<lambda_d22e02de4d14401f49897516b29a2b7c>@@AEAV<lambda_e971338317bfa523bb8920b43d823727>@@V<lambda_b0b8599c9027f5b14541fbbd6863d1f1>@@@?$__crt_seh_guarded_call@H@@QEAAH$$QEAV<lambda_d22e02de4d14401f49897516b29a2b7c>@@AEAV<lambda_e971338317bfa523bb8920b43d823727>@@$$QEAV<lambda_b0b8599c9027f5b14541fbbd6863d1f1>@@@Z 000000018001a430 f i libucrtd:onexit.obj
 0001:00019480       ??$__acrt_lock_and_call@V<lambda_942beefa13ab35ff55f86422493ffd6a>@@@@YAHW4__acrt_lock_id@@$$QEAV<lambda_942beefa13ab35ff55f86422493ffd6a>@@@Z 000000018001a480 f i libucrtd:onexit.obj
 0001:000194f0       ??$__acrt_lock_and_call@V<lambda_e971338317bfa523bb8920b43d823727>@@@@YAHW4__acrt_lock_id@@$$QEAV<lambda_e971338317bfa523bb8920b43d823727>@@@Z 000000018001a4f0 f i libucrtd:onexit.obj
 0001:00019560       ??$__crt_fast_encode_pointer@PEAP6AXXZ@@YAPEAP6AXXZQEAP6AXXZ@Z 000000018001a560 f i LIBCMTD:utility.obj
 0001:00019560       ??$__crt_fast_encode_pointer@PEAX@@YAPEAXQEAX@Z 000000018001a560 f i libvcruntimed:winapi_downlevel.obj
 0001:00019560       ??$__crt_fast_encode_pointer@P6AXPEAXK0@Z@@YAP6AXPEAXK0@ZQ6AX0K0@Z@Z 000000018001a560 f i libucrtd:exit.obj
 0001:00019560       ??$__crt_fast_encode_pointer@P6AXH@Z@@YAP6AXH@ZQ6AXH@Z@Z 000000018001a560 f i libucrtd:signal.obj
 0001:00019560       ??$__crt_fast_encode_pointer@P6AHXZ@@YAP6AHXZQ6AHXZ@Z 000000018001a560 f i libucrtd:onexit.obj
 0001:00019560       ??$__crt_fast_encode_pointer@P6AXXZ@@YAP6AXXZQ6AXXZ@Z 000000018001a560 f i libvcruntimed:purevirt_data.obj
 0001:00019b00       ?detach@?$__crt_unique_heap_ptr@P6AXXZU__crt_internal_free_policy@@@@QEAAPEAP6AXXZXZ 000000018001ab00 f i libucrtd:onexit.obj
 0001:00019b00       ?detach@?$__crt_unique_heap_ptr@U__crt_multibyte_data@@U__crt_internal_free_policy@@@@QEAAPEAU__crt_multibyte_data@@XZ 000000018001ab00 f i libucrtd:mbctype.obj
 0001:00019b00       ?detach@?$__crt_unique_heap_ptr@PEAU__crt_stdio_stream_data@@U__crt_internal_free_policy@@@@QEAAPEAPEAU__crt_stdio_stream_data@@XZ 000000018001ab00 f i libucrtd:_file.obj
 0001:00019b00       ?detach@?$__crt_unique_heap_ptr@U__acrt_ptd@@U__crt_internal_free_policy@@@@QEAAPEAU__acrt_ptd@@XZ 000000018001ab00 f i libucrtd:per_thread_data.obj
 0001:00019b00       ?detach@?$__crt_unique_heap_ptr@PEADU__crt_internal_free_policy@@@@QEAAPEAPEADXZ 000000018001ab00 f i libucrtd:argv_parsing.obj
 0001:00019b00       ?detach@?$__crt_unique_heap_ptr@U__crt_lowio_handle_data@@U__crt_internal_free_policy@@@@QEAAPEAU__crt_lowio_handle_data@@XZ 000000018001ab00 f i libucrtd:osfinfo.obj
 0001:00019b00       ?detach@?$__crt_unique_heap_ptr@U__vcrt_ptd@@U__crt_internal_free_policy@@@@QEAAPEAU__vcrt_ptd@@XZ 000000018001ab00 f i libvcruntimed:per_thread_data.obj
 0001:00019b00       ?detach@?$__crt_unique_heap_ptr@DU__crt_public_free_policy@@@@QEAAPEADXZ 000000018001ab00 f i libvcruntimed:std_exception.obj
 0001:00019b00       ?detach@?$__crt_unique_heap_ptr@EU__crt_internal_free_policy@@@@QEAAPEAEXZ 000000018001ab00 f i libucrtd:argv_parsing.obj
 0001:00019b30       _crt_atexit                000000018001ab30 f   libucrtd:onexit.obj
 0001:00019b50       _execute_onexit_table      000000018001ab50 f   libucrtd:onexit.obj
 0001:00019b80       _initialize_onexit_table   000000018001ab80 f   libucrtd:onexit.obj
 0001:00019c00       _register_onexit_function  000000018001ac00 f   libucrtd:onexit.obj
 0001:00019c90       __acrt_uninitialize_command_line 000000018001ac90 f   libucrtd:argv_data.obj
 0001:00019e60       __acrt_initialize          000000018001ae60 f   libucrtd:initialization.obj
 0001:00019e90       __acrt_thread_attach       000000018001ae90 f   libucrtd:initialization.obj
 0001:00019eb0       __acrt_thread_detach       000000018001aeb0 f   libucrtd:initialization.obj
 0001:00019ec0       __acrt_uninitialize        000000018001aec0 f   libucrtd:initialization.obj
 0001:00019ef0       __acrt_uninitialize_critical 000000018001aef0 f   libucrtd:initialization.obj
 0001:00019f10       terminate                  000000018001af10 f   libucrtd:terminate.obj
 0001:00019f50       ??0_LocaleUpdate@@QEAA@QEAU__crt_locale_pointers@@@Z 000000018001af50 f i libucrtd:debug_heap.obj
 0001:0001a070       ??1_LocaleUpdate@@QEAA@XZ  000000018001b070 f i libucrtd:debug_heap.obj
 0001:0001a0b0       ?GetLocaleT@_LocaleUpdate@@QEAAPEAU__crt_locale_pointers@@XZ 000000018001b0b0 f i libucrtd:debug_heap.obj
 0001:0001c0a0       _CrtCheckMemory            000000018001d0a0 f   libucrtd:debug_heap.obj
 0001:0001c230       _CrtDumpMemoryLeaks        000000018001d230 f   libucrtd:debug_heap.obj
 0001:0001c2f0       _CrtIsValidHeapPointer     000000018001d2f0 f   libucrtd:debug_heap.obj
 0001:0001c330       _CrtIsValidPointer         000000018001d330 f   libucrtd:debug_heap.obj
 0001:0001c370       _CrtMemCheckpoint          000000018001d370 f   libucrtd:debug_heap.obj
 0001:0001c5f0       _CrtMemDumpAllObjectsSince 000000018001d5f0 f   libucrtd:debug_heap.obj
 0001:0001c650       _CrtSetDbgFlag             000000018001d650 f   libucrtd:debug_heap.obj
 0001:0001c7b0       _CrtSetDumpClient          000000018001d7b0 f   libucrtd:debug_heap.obj
 0001:0001c7e0       __acrt_get_locale_data_prefix 000000018001d7e0 f i libucrtd:debug_heap.obj
 0001:0001c800       __acrt_locale_changed      000000018001d800 f i libucrtd:debug_heap.obj
 0001:0001c830       _calloc_dbg                000000018001d830 f   libucrtd:debug_heap.obj
 0001:0001c8d0       _chvalidchk_l              000000018001d8d0 f i libucrtd:debug_heap.obj
 0001:0001c900       _free_dbg                  000000018001d900 f   libucrtd:debug_heap.obj
 0001:0001c970       _invoke_watson_if_oneof    000000018001d970 f i libucrtd:debug_heap.obj
 0001:0001c9d0       _ischartype_l              000000018001d9d0 f i libucrtd:debug_heap.obj
 0001:0001ca30       _malloc_dbg                000000018001da30 f   libucrtd:debug_heap.obj
 0001:0001ca70       _msize_dbg                 000000018001da70 f   libucrtd:debug_heap.obj
 0001:0001cc10       _realloc_dbg               000000018001dc10 f   libucrtd:debug_heap.obj
 0001:0001cc80       _recalloc_dbg              000000018001dc80 f   libucrtd:debug_heap.obj
 0001:0001d250       strcpy_s                   000000018001e250 f   libucrtd:strcpy_s.obj
 0001:0001d290       strcmp                     000000018001e290 f   libucrtd:strcmp.obj
 0001:0001d310       strlen                     000000018001e310 f   libucrtd:strlen.obj
 0001:0001d3c0       abort                      000000018001e3c0 f   libucrtd:abort.obj
 0001:0001e1b0       ??$get_module_file_name@AEAPEAUHINSTANCE__@@AEAY0BAF@_WK@?$__crt_char_traits@_W@@SAKAEAPEAUHINSTANCE__@@AEAY0BAF@_W$$QEAK@Z 000000018001f1b0 f i libucrtd:dbgrpt.obj
 0001:0001e1f0       ??$tcscpy_s@AEAY0BAF@D_KPEBD@?$__crt_char_traits@D@@SAHAEAY0BAF@D$$QEA_K$$QEAPEBD@Z 000000018001f1f0 f i libucrtd:dbgrpt.obj
 0001:0001e230       ??$tcscpy_s@AEAY0BAF@_W_KPEB_W@?$__crt_char_traits@_W@@SAHAEAY0BAF@_W$$QEA_K$$QEAPEB_W@Z 000000018001f230 f i libucrtd:dbgrpt.obj
 0001:0001e270       ??$tcslen@AEAY0BAF@D@?$__crt_char_traits@D@@SA_KAEAY0BAF@D@Z 000000018001f270 f i libucrtd:dbgrpt.obj
 0001:0001e290       ??$tcslen@AEAY0BAF@_W@?$__crt_char_traits@_W@@SA_KAEAY0BAF@_W@Z 000000018001f290 f i libucrtd:dbgrpt.obj
 0001:0001e2b0       ??$tcslen@AEBQEBD@?$__crt_char_traits@D@@SA_KAEBQEBD@Z 000000018001f2b0 f i libucrtd:dbgrpt.obj
 0001:0001e2d0       ??$tcslen@AEBQEB_W@?$__crt_char_traits@_W@@SA_KAEBQEB_W@Z 000000018001f2d0 f i libucrtd:dbgrpt.obj
 0001:0001e330       _CrtDbgReport              000000018001f330 f   libucrtd:dbgrpt.obj
 0001:0001e3b0       _CrtDbgReportW             000000018001f3b0 f   libucrtd:dbgrpt.obj
 0001:0001e430       __acrt_MessageWindowA      000000018001f430 f   libucrtd:dbgrpt.obj
 0001:0001e480       __acrt_MessageWindowW      000000018001f480 f   libucrtd:dbgrpt.obj
 0001:0001e4d0       _snwprintf_s               000000018001f4d0 f i libucrtd:dbgrpt.obj
 0001:0001e540       _vsnwprintf_s_l            000000018001f540 f i libucrtd:dbgrpt.obj
 0001:0001e5c0       ??$?0AEBV?$string_output_adapter@D@__crt_stdio_output@@AEB_KAEBQEBDAEBQEAU__crt_locale_pointers@@AEBQEAD@?$format_validation_base@DV?$string_output_adapter@D@__crt_stdio_output@@@__crt_stdio_output@@IEAA@AEBV?$string_output_adapter@D@1@AEB_KAEBQEBDAEBQEAU__crt_locale_pointers@@AEBQEAD@Z 000000018001f5c0 f i libucrtd:output.obj
 0001:0001e610       ??$?0AEBV?$string_output_adapter@D@__crt_stdio_output@@AEB_KAEBQEBDAEBQEAU__crt_locale_pointers@@AEBQEAD@?$standard_base@DV?$string_output_adapter@D@__crt_stdio_output@@@__crt_stdio_output@@IEAA@AEBV?$string_output_adapter@D@1@AEB_KAEBQEBDAEBQEAU__crt_locale_pointers@@AEBQEAD@Z 000000018001f610 f i libucrtd:output.obj
 0001:0001e680       ??$?0AEBV?$string_output_adapter@_W@__crt_stdio_output@@AEB_KAEBQEB_WAEBQEAU__crt_locale_pointers@@AEBQEAD@?$format_validation_base@_WV?$string_output_adapter@_W@__crt_stdio_output@@@__crt_stdio_output@@IEAA@AEBV?$string_output_adapter@_W@1@AEB_KAEBQEB_WAEBQEAU__crt_locale_pointers@@AEBQEAD@Z 000000018001f680 f i libucrtd:output.obj
 0001:0001e6d0       ??$?0AEBV?$string_output_adapter@_W@__crt_stdio_output@@AEB_KAEBQEB_WAEBQEAU__crt_locale_pointers@@AEBQEAD@?$standard_base@_WV?$string_output_adapter@_W@__crt_stdio_output@@@__crt_stdio_output@@IEAA@AEBV?$string_output_adapter@_W@1@AEB_KAEBQEB_WAEBQEAU__crt_locale_pointers@@AEBQEAD@Z 000000018001f6d0 f i libucrtd:output.obj
 0001:00020050       ??$count@D@formatting_buffer@__crt_stdio_output@@QEBA_KXZ 0000000180021050 f i libucrtd:output.obj
 0001:000200a0       ??$data@D@formatting_buffer@__crt_stdio_output@@QEAAPEADXZ 00000001800210a0 f i libucrtd:output.obj
 0001:000200a0       ??$data@_W@formatting_buffer@__crt_stdio_output@@QEAAPEA_WXZ 00000001800210a0 f i libucrtd:output.obj
 0001:000200f0       ??$ensure_buffer_is_big_enough@D@formatting_buffer@__crt_stdio_output@@QEAA_N_K@Z 00000001800210f0 f i libucrtd:output.obj
 0001:00020220       ??$extract_argument_from_va_list@C_J@?$standard_base@DV?$string_output_adapter@D@__crt_stdio_output@@@__crt_stdio_output@@IEAA_NAEA_J@Z 0000000180021220 f i libucrtd:output.obj
 0001:00020220       ??$extract_argument_from_va_list@C_J@?$standard_base@_WV?$string_output_adapter@_W@__crt_stdio_output@@@__crt_stdio_output@@IEAA_NAEA_J@Z 0000000180021220 f i libucrtd:output.obj
 0001:00020260       ??$extract_argument_from_va_list@E_J@?$standard_base@_WV?$string_output_adapter@_W@__crt_stdio_output@@@__crt_stdio_output@@IEAA_NAEA_J@Z 0000000180021260 f i libucrtd:output.obj
 0001:00020260       ??$extract_argument_from_va_list@E_J@?$standard_base@DV?$string_output_adapter@D@__crt_stdio_output@@@__crt_stdio_output@@IEAA_NAEA_J@Z 0000000180021260 f i libucrtd:output.obj
 0001:000202a0       ??$extract_argument_from_va_list@F_J@?$standard_base@DV?$string_output_adapter@D@__crt_stdio_output@@@__crt_stdio_output@@IEAA_NAEA_J@Z 00000001800212a0 f i libucrtd:output.obj
 0001:000202a0       ??$extract_argument_from_va_list@F_J@?$standard_base@_WV?$string_output_adapter@_W@__crt_stdio_output@@@__crt_stdio_output@@IEAA_NAEA_J@Z 00000001800212a0 f i libucrtd:output.obj
 0001:000202e0       ??$extract_argument_from_va_list@GD@?$standard_base@DV?$string_output_adapter@D@__crt_stdio_output@@@__crt_stdio_output@@IEAA_NAEAD@Z 00000001800212e0 f i libucrtd:output.obj
 0001:00020310       ??$extract_argument_from_va_list@G_J@?$standard_base@DV?$string_output_adapter@D@__crt_stdio_output@@@__crt_stdio_output@@IEAA_NAEA_J@Z 0000000180021310 f i libucrtd:output.obj
 0001:00020310       ??$extract_argument_from_va_list@G_J@?$standard_base@_WV?$string_output_adapter@_W@__crt_stdio_output@@@__crt_stdio_output@@IEAA_NAEA_J@Z 0000000180021310 f i libucrtd:output.obj
 0001:00020350       ??$extract_argument_from_va_list@H_J@?$standard_base@_WV?$string_output_adapter@_W@__crt_stdio_output@@@__crt_stdio_output@@IEAA_NAEA_J@Z 0000000180021350 f i libucrtd:output.obj
 0001:00020350       ??$extract_argument_from_va_list@H_J@?$standard_base@DV?$string_output_adapter@D@__crt_stdio_output@@@__crt_stdio_output@@IEAA_NAEA_J@Z 0000000180021350 f i libucrtd:output.obj
 0001:00020380       ??$extract_argument_from_va_list@I_J@?$standard_base@DV?$string_output_adapter@D@__crt_stdio_output@@@__crt_stdio_output@@IEAA_NAEA_J@Z 0000000180021380 f i libucrtd:output.obj
 0001:00020380       ??$extract_argument_from_va_list@I_J@?$standard_base@_WV?$string_output_adapter@_W@__crt_stdio_output@@@__crt_stdio_output@@IEAA_NAEA_J@Z 0000000180021380 f i libucrtd:output.obj
 0001:000203b0       ??$extract_argument_from_va_list@PEAXPEAX@?$standard_base@_WV?$string_output_adapter@_W@__crt_stdio_output@@@__crt_stdio_output@@IEAA_NAEAPEAX@Z 00000001800213b0 f i libucrtd:output.obj
 0001:000203b0       ??$extract_argument_from_va_list@_K_J@?$standard_base@DV?$string_output_adapter@D@__crt_stdio_output@@@__crt_stdio_output@@IEAA_NAEA_J@Z 00000001800213b0 f i libucrtd:output.obj
 0001:000203b0       ??$extract_argument_from_va_list@_J_J@?$standard_base@_WV?$string_output_adapter@_W@__crt_stdio_output@@@__crt_stdio_output@@IEAA_NAEA_J@Z 00000001800213b0 f i libucrtd:output.obj
 0001:000203b0       ??$extract_argument_from_va_list@PEADPEAD@?$standard_base@_WV?$string_output_adapter@_W@__crt_stdio_output@@@__crt_stdio_output@@IEAA_NAEAPEAD@Z 00000001800213b0 f i libucrtd:output.obj
 0001:000203b0       ??$extract_argument_from_va_list@_J_J@?$standard_base@DV?$string_output_adapter@D@__crt_stdio_output@@@__crt_stdio_output@@IEAA_NAEA_J@Z 00000001800213b0 f i libucrtd:output.obj
 0001:000203b0       ??$extract_argument_from_va_list@PEAXPEAX@?$standard_base@DV?$string_output_adapter@D@__crt_stdio_output@@@__crt_stdio_output@@IEAA_NAEAPEAX@Z 00000001800213b0 f i libucrtd:output.obj
 0001:000203b0       ??$extract_argument_from_va_list@_K_J@?$standard_base@_WV?$string_output_adapter@_W@__crt_stdio_output@@@__crt_stdio_output@@IEAA_NAEA_J@Z 00000001800213b0 f i libucrtd:output.obj
 0001:000203b0       ??$extract_argument_from_va_list@PEAUansi_string@?1??type_case_Z@?$output_processor@DV?$string_output_adapter@D@__crt_stdio_output@@V?$format_validation_base@DV?$string_output_adapter@D@__crt_stdio_output@@@2@@__crt_stdio_output@@AEAA_NXZ@PEAU1?1??234@AEAA_NXZ@@?$standard_base@DV?$string_output_adapter@D@__crt_stdio_output@@@__crt_stdio_output@@IEAA_NAEAPEAUansi_string@?1??type_case_Z@?$output_processor@DV?$string_output_adapter@D@__crt_stdio_output@@V?$format_validation_base@DV?$string_output_adapter@D@__crt_stdio_output@@@2@@1@AEAA_NXZ@@Z 00000001800213b0 f i libucrtd:output.obj
 0001:000203b0       ??$extract_argument_from_va_list@PEADPEAD@?$standard_base@DV?$string_output_adapter@D@__crt_stdio_output@@@__crt_stdio_output@@IEAA_NAEAPEAD@Z 00000001800213b0 f i libucrtd:output.obj
 0001:000203b0       ??$extract_argument_from_va_list@PEAUansi_string@?1??type_case_Z@?$output_processor@_WV?$string_output_adapter@_W@__crt_stdio_output@@V?$format_validation_base@_WV?$string_output_adapter@_W@__crt_stdio_output@@@2@@__crt_stdio_output@@AEAA_NXZ@PEAU1?1??234@AEAA_NXZ@@?$standard_base@_WV?$string_output_adapter@_W@__crt_stdio_output@@@__crt_stdio_output@@IEAA_NAEAPEAUansi_string@?1??type_case_Z@?$output_processor@_WV?$string_output_adapter@_W@__crt_stdio_output@@V?$format_validation_base@_WV?$string_output_adapter@_W@__crt_stdio_output@@@2@@1@AEAA_NXZ@@Z 00000001800213b0 f i libucrtd:output.obj
 0001:000203e0       ??$extract_argument_from_va_list@U_CRT_DOUBLE@@U1@@?$standard_base@DV?$string_output_adapter@D@__crt_stdio_output@@@__crt_stdio_output@@IEAA_NAEAU_CRT_DOUBLE@@@Z 00000001800213e0 f i libucrtd:output.obj
 0001:000203e0       ??$extract_argument_from_va_list@U_CRT_DOUBLE@@U1@@?$standard_base@_WV?$string_output_adapter@_W@__crt_stdio_output@@@__crt_stdio_output@@IEAA_NAEAU_CRT_DOUBLE@@@Z 00000001800213e0 f i libucrtd:output.obj
 0001:00020430       ??$extract_argument_from_va_list@_W_W@?$standard_base@_WV?$string_output_adapter@_W@__crt_stdio_output@@@__crt_stdio_output@@IEAA_NAEA_W@Z 0000000180021430 f i libucrtd:output.obj
 0001:00020430       ??$extract_argument_from_va_list@_W_W@?$standard_base@DV?$string_output_adapter@D@__crt_stdio_output@@@__crt_stdio_output@@IEAA_NAEA_W@Z 0000000180021430 f i libucrtd:output.obj
 0001:00020460       ??$is_wide_character_specifier@D@__crt_stdio_output@@YA_N_KDW4length_modifier@0@@Z 0000000180021460 f i libucrtd:output.obj
 0001:00020500       ??$is_wide_character_specifier@_W@__crt_stdio_output@@YA_N_K_WW4length_modifier@0@@Z 0000000180021500 f i libucrtd:output.obj
 0001:000205d0       ??$read_va_arg@C@__crt_stdio_output@@YACAEAPEAD@Z 00000001800215d0 f i libucrtd:output.obj
 0001:000205d0       ??$read_va_arg@E@__crt_stdio_output@@YAEAEAPEAD@Z 00000001800215d0 f i libucrtd:output.obj
 0001:00020640       ??$read_va_arg@H@__crt_stdio_output@@YAHAEAPEAD@Z 0000000180021640 f i libucrtd:output.obj
 0001:00020640       ??$read_va_arg@I@__crt_stdio_output@@YAIAEAPEAD@Z 0000000180021640 f i libucrtd:output.obj
 0001:000206a0       ??$read_va_arg@PEAUansi_string@?1??type_case_Z@?$output_processor@_WV?$string_output_adapter@_W@__crt_stdio_output@@V?$format_validation_base@_WV?$string_output_adapter@_W@__crt_stdio_output@@@2@@__crt_stdio_output@@AEAA_NXZ@@__crt_stdio_output@@YAPEAUansi_string@?1??type_case_Z@?$output_processor@_WV?$string_output_adapter@_W@__crt_stdio_output@@V?$format_validation_base@_WV?$string_output_adapter@_W@__crt_stdio_output@@@2@@0@AEAA_NXZ@AEAPEAD@Z 00000001800216a0 f i libucrtd:output.obj
 0001:000206a0       ??$read_va_arg@_J@__crt_stdio_output@@YA_JAEAPEAD@Z 00000001800216a0 f i libucrtd:output.obj
 0001:000206a0       ??$read_va_arg@PEAX@__crt_stdio_output@@YAPEAXAEAPEAD@Z 00000001800216a0 f i libucrtd:output.obj
 0001:000206a0       ??$read_va_arg@PEAUansi_string@?1??type_case_Z@?$output_processor@DV?$string_output_adapter@D@__crt_stdio_output@@V?$format_validation_base@DV?$string_output_adapter@D@__crt_stdio_output@@@2@@__crt_stdio_output@@AEAA_NXZ@@__crt_stdio_output@@YAPEAUansi_string@?1??type_case_Z@?$output_processor@DV?$string_output_adapter@D@__crt_stdio_output@@V?$format_validation_base@DV?$string_output_adapter@D@__crt_stdio_output@@@2@@0@AEAA_NXZ@AEAPEAD@Z 00000001800216a0 f i libucrtd:output.obj
 0001:000206a0       ??$read_va_arg@PEAD@__crt_stdio_output@@YAPEADAEAPEAD@Z 00000001800216a0 f i libucrtd:output.obj
 0001:000206a0       ??$read_va_arg@U_CRT_DOUBLE@@@__crt_stdio_output@@YA?AU_CRT_DOUBLE@@AEAPEAD@Z 00000001800216a0 f i libucrtd:output.obj
 0001:000206a0       ??$read_va_arg@_K@__crt_stdio_output@@YA_KAEAPEAD@Z 00000001800216a0 f i libucrtd:output.obj
 0001:00020710       ??$read_va_arg@G@__crt_stdio_output@@YAGAEAPEAD@Z 0000000180021710 f i libucrtd:output.obj
 0001:00020710       ??$read_va_arg@_W@__crt_stdio_output@@YA_WAEAPEAD@Z 0000000180021710 f i libucrtd:output.obj
 0001:00020710       ??$read_va_arg@F@__crt_stdio_output@@YAFAEAPEAD@Z 0000000180021710 f i libucrtd:output.obj
 0001:00020780       ??$scratch_count@D@formatting_buffer@__crt_stdio_output@@QEBA_KXZ 0000000180021780 f i libucrtd:output.obj
 0001:000207a0       ??$scratch_data@D@formatting_buffer@__crt_stdio_output@@QEAAPEADXZ 00000001800217a0 f i libucrtd:output.obj
 0001:00020810       ??$tcstol@PEBDPEAPEADH@?$__crt_char_traits@D@@SAJ$$QEAPEBD$$QEAPEAPEAD$$QEAH@Z 0000000180021810 f i libucrtd:output.obj
 0001:00020850       ??$tcstol@PEB_WPEAPEA_WH@?$__crt_char_traits@_W@@SAJ$$QEAPEB_W$$QEAPEAPEA_W$$QEAH@Z 0000000180021850 f i libucrtd:output.obj
 0001:00020890       ??$type_case_integer_parse_into_buffer@I@?$output_processor@DV?$string_output_adapter@D@__crt_stdio_output@@V?$format_validation_base@DV?$string_output_adapter@D@__crt_stdio_output@@@2@@__crt_stdio_output@@AEAAXII_N@Z 0000000180021890 f i libucrtd:output.obj
 0001:000209b0       ??$type_case_integer_parse_into_buffer@I@?$output_processor@_WV?$string_output_adapter@_W@__crt_stdio_output@@V?$format_validation_base@_WV?$string_output_adapter@_W@__crt_stdio_output@@@2@@__crt_stdio_output@@AEAAXII_N@Z 00000001800219b0 f i libucrtd:output.obj
 0001:00020ae0       ??$type_case_integer_parse_into_buffer@_K@?$output_processor@DV?$string_output_adapter@D@__crt_stdio_output@@V?$format_validation_base@DV?$string_output_adapter@D@__crt_stdio_output@@@2@@__crt_stdio_output@@AEAAX_KI_N@Z 0000000180021ae0 f i libucrtd:output.obj
 0001:00020c30       ??$type_case_integer_parse_into_buffer@_K@?$output_processor@_WV?$string_output_adapter@_W@__crt_stdio_output@@V?$format_validation_base@_WV?$string_output_adapter@_W@__crt_stdio_output@@@2@@__crt_stdio_output@@AEAAX_KI_N@Z 0000000180021c30 f i libucrtd:output.obj
 0001:00020d80       ??$write_multiple_characters@V?$string_output_adapter@D@__crt_stdio_output@@D@__crt_stdio_output@@YAXAEBV?$string_output_adapter@D@0@DHQEAH@Z 0000000180021d80 f i libucrtd:output.obj
 0001:00020de0       ??$write_multiple_characters@V?$string_output_adapter@_W@__crt_stdio_output@@D@__crt_stdio_output@@YAXAEBV?$string_output_adapter@_W@0@DHQEAH@Z 0000000180021de0 f i libucrtd:output.obj
 0001:00020e40       ??0?$common_data@D@__crt_stdio_output@@IEAA@XZ 0000000180021e40 f i libucrtd:output.obj
 0001:00020f10       ??0?$common_data@_W@__crt_stdio_output@@IEAA@XZ 0000000180021f10 f i libucrtd:output.obj
 0001:00020fe0       ??0?$output_adapter_data@DV?$string_output_adapter@D@__crt_stdio_output@@@__crt_stdio_output@@IEAA@AEBV?$string_output_adapter@D@1@_KQEBDQEAU__crt_locale_pointers@@QEAD@Z 0000000180021fe0 f i libucrtd:output.obj
 0001:00021060       ??0?$output_adapter_data@_WV?$string_output_adapter@_W@__crt_stdio_output@@@__crt_stdio_output@@IEAA@AEBV?$string_output_adapter@_W@1@_KQEB_WQEAU__crt_locale_pointers@@QEAD@Z 0000000180022060 f i libucrtd:output.obj
 0001:000210e0       ??0?$output_processor@DV?$string_output_adapter@D@__crt_stdio_output@@V?$format_validation_base@DV?$string_output_adapter@D@__crt_stdio_output@@@2@@__crt_stdio_output@@QEAA@AEBV?$string_output_adapter@D@1@_KQEBDQEAU__crt_locale_pointers@@QEAD@Z 00000001800220e0 f i libucrtd:output.obj
 0001:00021140       ??0?$output_processor@_WV?$string_output_adapter@_W@__crt_stdio_output@@V?$format_validation_base@_WV?$string_output_adapter@_W@__crt_stdio_output@@@2@@__crt_stdio_output@@QEAA@AEBV?$string_output_adapter@_W@1@_KQEB_WQEAU__crt_locale_pointers@@QEAD@Z 0000000180022140 f i libucrtd:output.obj
 0001:000211a0       ??0__crt_errno_guard@@QEAA@QEAH@Z 00000001800221a0 f i libucrtd:output.obj
 0001:000211e0       ??0formatting_buffer@__crt_stdio_output@@QEAA@XZ 00000001800221e0 f i libucrtd:output.obj
 0001:00021220       ??1?$common_data@_W@__crt_stdio_output@@QEAA@XZ 0000000180022220 f i libucrtd:output.obj
 0001:00021220       ??1?$common_data@D@__crt_stdio_output@@QEAA@XZ 0000000180022220 f i libucrtd:output.obj
 0001:00021240       ??1?$format_validation_base@_WV?$string_output_adapter@_W@__crt_stdio_output@@@__crt_stdio_output@@QEAA@XZ 0000000180022240 f i libucrtd:output.obj
 0001:00021240       ??1?$format_validation_base@DV?$string_output_adapter@D@__crt_stdio_output@@@__crt_stdio_output@@QEAA@XZ 0000000180022240 f i libucrtd:output.obj
 0001:00021260       ??1?$output_adapter_data@DV?$string_output_adapter@D@__crt_stdio_output@@@__crt_stdio_output@@QEAA@XZ 0000000180022260 f i libucrtd:output.obj
 0001:00021260       ??1?$output_adapter_data@_WV?$string_output_adapter@_W@__crt_stdio_output@@@__crt_stdio_output@@QEAA@XZ 0000000180022260 f i libucrtd:output.obj
 0001:00021280       ??1?$output_processor@_WV?$string_output_adapter@_W@__crt_stdio_output@@V?$format_validation_base@_WV?$string_output_adapter@_W@__crt_stdio_output@@@2@@__crt_stdio_output@@QEAA@XZ 0000000180022280 f i libucrtd:output.obj
 0001:00021280       ??1?$output_processor@DV?$string_output_adapter@D@__crt_stdio_output@@V?$format_validation_base@DV?$string_output_adapter@D@__crt_stdio_output@@@2@@__crt_stdio_output@@QEAA@XZ 0000000180022280 f i libucrtd:output.obj
 0001:000212a0       ??1?$standard_base@_WV?$string_output_adapter@_W@__crt_stdio_output@@@__crt_stdio_output@@QEAA@XZ 00000001800222a0 f i libucrtd:output.obj
 0001:000212a0       ??1?$standard_base@DV?$string_output_adapter@D@__crt_stdio_output@@@__crt_stdio_output@@QEAA@XZ 00000001800222a0 f i libucrtd:output.obj
 0001:000212c0       ??1__crt_errno_guard@@QEAA@XZ 00000001800222c0 f i libucrtd:output.obj
 0001:000212f0       ??1formatting_buffer@__crt_stdio_output@@QEAA@XZ 00000001800222f0 f i libucrtd:output.obj
 0001:00021320       ??4?$__crt_unique_heap_ptr@DU__crt_internal_free_policy@@@@QEAAAEAV0@$$QEAV0@@Z 0000000180022320 f i libucrtd:output.obj
 0001:00021360       ?adjust_hexit@?$output_processor@_WV?$string_output_adapter@_W@__crt_stdio_output@@V?$format_validation_base@_WV?$string_output_adapter@_W@__crt_stdio_output@@@2@@__crt_stdio_output@@CADH_N@Z 0000000180022360 f i libucrtd:output.obj
 0001:00021360       ?adjust_hexit@?$output_processor@DV?$string_output_adapter@D@__crt_stdio_output@@V?$format_validation_base@DV?$string_output_adapter@D@__crt_stdio_output@@@2@@__crt_stdio_output@@CADH_N@Z 0000000180022360 f i libucrtd:output.obj
 0001:000213b0       ?advance_to_next_pass@?$standard_base@DV?$string_output_adapter@D@__crt_stdio_output@@@__crt_stdio_output@@IEAA_NXZ 00000001800223b0 f i libucrtd:output.obj
 0001:000213b0       ?advance_to_next_pass@?$standard_base@_WV?$string_output_adapter@_W@__crt_stdio_output@@@__crt_stdio_output@@IEAA_NXZ 00000001800223b0 f i libucrtd:output.obj
 0001:00021400       ?crop_zeroes@__crt_stdio_output@@YAXPEADQEAU__crt_locale_pointers@@@Z 0000000180022400 f i libucrtd:output.obj
 0001:00021540       ?find_next_state@?$output_processor@DV?$string_output_adapter@D@__crt_stdio_output@@V?$format_validation_base@DV?$string_output_adapter@D@__crt_stdio_output@@@2@@__crt_stdio_output@@AEBA?AW4state@2@DW432@@Z 0000000180022540 f i libucrtd:output.obj
 0001:000215e0       ?find_next_state@?$output_processor@_WV?$string_output_adapter@_W@__crt_stdio_output@@V?$format_validation_base@_WV?$string_output_adapter@_W@__crt_stdio_output@@@2@@__crt_stdio_output@@AEBA?AW4state@2@_WW432@@Z 00000001800225e0 f i libucrtd:output.obj
 0001:00021680       ?force_decimal_point@__crt_stdio_output@@YAXPEADQEAU__crt_locale_pointers@@@Z 0000000180022680 f i libucrtd:output.obj
 0001:00021760       ?get_flags@__crt_stdio_stream@@QEBAJXZ 0000000180022760 f i libucrtd:output.obj
 0001:00021790       ?has_flag@?$output_processor@_WV?$string_output_adapter@_W@__crt_stdio_output@@V?$format_validation_base@_WV?$string_output_adapter@_W@__crt_stdio_output@@@2@@__crt_stdio_output@@AEBA_NI@Z 0000000180022790 f i libucrtd:output.obj
 0001:00021790       ?has_flag@?$output_processor@DV?$string_output_adapter@D@__crt_stdio_output@@V?$format_validation_base@DV?$string_output_adapter@D@__crt_stdio_output@@@2@@__crt_stdio_output@@AEBA_NI@Z 0000000180022790 f i libucrtd:output.obj
 0001:000217d0       ?is_string_backed@__crt_stdio_stream@@QEBA_NXZ 00000001800227d0 f i libucrtd:output.obj
 0001:00021810       ?narrow_null_string@?$output_processor@DV?$string_output_adapter@D@__crt_stdio_output@@V?$format_validation_base@DV?$string_output_adapter@D@__crt_stdio_output@@@2@@__crt_stdio_output@@CAPEADXZ 0000000180022810 f i libucrtd:output.obj
 0001:00021810       ?narrow_null_string@?$output_processor@_WV?$string_output_adapter@_W@__crt_stdio_output@@V?$format_validation_base@_WV?$string_output_adapter@_W@__crt_stdio_output@@@2@@__crt_stdio_output@@CAPEADXZ 0000000180022810 f i libucrtd:output.obj
 0001:00021820       ?parse_int_from_format_string@?$output_processor@DV?$string_output_adapter@D@__crt_stdio_output@@V?$format_validation_base@DV?$string_output_adapter@D@__crt_stdio_output@@@2@@__crt_stdio_output@@AEAA_NQEAH@Z 0000000180022820 f i libucrtd:output.obj
 0001:00021900       ?parse_int_from_format_string@?$output_processor@_WV?$string_output_adapter@_W@__crt_stdio_output@@V?$format_validation_base@_WV?$string_output_adapter@_W@__crt_stdio_output@@@2@@__crt_stdio_output@@AEAA_NQEAH@Z 0000000180022900 f i libucrtd:output.obj
 0001:000219e0       ?process@?$output_processor@DV?$string_output_adapter@D@__crt_stdio_output@@V?$format_validation_base@DV?$string_output_adapter@D@__crt_stdio_output@@@2@@__crt_stdio_output@@QEAAHXZ 00000001800229e0 f i libucrtd:output.obj
 0001:00021d40       ?process@?$output_processor@_WV?$string_output_adapter@_W@__crt_stdio_output@@V?$format_validation_base@_WV?$string_output_adapter@_W@__crt_stdio_output@@@2@@__crt_stdio_output@@QEAAHXZ 0000000180022d40 f i libucrtd:output.obj
 0001:000220a0       ?set_flag@?$output_processor@_WV?$string_output_adapter@_W@__crt_stdio_output@@V?$format_validation_base@_WV?$string_output_adapter@_W@__crt_stdio_output@@@2@@__crt_stdio_output@@AEAAXI@Z 00000001800230a0 f i libucrtd:output.obj
 0001:000220a0       ?set_flag@?$output_processor@DV?$string_output_adapter@D@__crt_stdio_output@@V?$format_validation_base@DV?$string_output_adapter@D@__crt_stdio_output@@@2@@__crt_stdio_output@@AEAAXI@Z 00000001800230a0 f i libucrtd:output.obj
 0001:000220c0       ?should_skip_normal_state_processing@?$standard_base@DV?$string_output_adapter@D@__crt_stdio_output@@@__crt_stdio_output@@IEAA_NXZ 00000001800230c0 f i libucrtd:output.obj
 0001:000220c0       ?should_skip_type_state_output@?$standard_base@DV?$string_output_adapter@D@__crt_stdio_output@@@__crt_stdio_output@@IEBA_NXZ 00000001800230c0 f i libucrtd:output.obj
 0001:000220c0       ?should_skip_normal_state_processing@?$standard_base@_WV?$string_output_adapter@_W@__crt_stdio_output@@@__crt_stdio_output@@IEAA_NXZ 00000001800230c0 f i libucrtd:output.obj
 0001:000220c0       ?should_skip_type_state_output@?$standard_base@_WV?$string_output_adapter@_W@__crt_stdio_output@@@__crt_stdio_output@@IEBA_NXZ 00000001800230c0 f i libucrtd:output.obj
 0001:000220d0       ?state_case_dot@?$output_processor@DV?$string_output_adapter@D@__crt_stdio_output@@V?$format_validation_base@DV?$string_output_adapter@D@__crt_stdio_output@@@2@@__crt_stdio_output@@AEAA_NXZ 00000001800230d0 f i libucrtd:output.obj
 0001:000220d0       ?state_case_dot@?$output_processor@_WV?$string_output_adapter@_W@__crt_stdio_output@@V?$format_validation_base@_WV?$string_output_adapter@_W@__crt_stdio_output@@@2@@__crt_stdio_output@@AEAA_NXZ 00000001800230d0 f i libucrtd:output.obj
 0001:000220f0       ?state_case_flag@?$output_processor@DV?$string_output_adapter@D@__crt_stdio_output@@V?$format_validation_base@DV?$string_output_adapter@D@__crt_stdio_output@@@2@@__crt_stdio_output@@AEAA_NXZ 00000001800230f0 f i libucrtd:output.obj
 0001:00022190       ?state_case_flag@?$output_processor@_WV?$string_output_adapter@_W@__crt_stdio_output@@V?$format_validation_base@_WV?$string_output_adapter@_W@__crt_stdio_output@@@2@@__crt_stdio_output@@AEAA_NXZ 0000000180023190 f i libucrtd:output.obj
 0001:00022230       ?state_case_normal@?$output_processor@DV?$string_output_adapter@D@__crt_stdio_output@@V?$format_validation_base@DV?$string_output_adapter@D@__crt_stdio_output@@@2@@__crt_stdio_output@@AEAA_NXZ 0000000180023230 f i libucrtd:output.obj
 0001:00022310       ?state_case_normal@?$output_processor@_WV?$string_output_adapter@_W@__crt_stdio_output@@V?$format_validation_base@_WV?$string_output_adapter@_W@__crt_stdio_output@@@2@@__crt_stdio_output@@AEAA_NXZ 0000000180023310 f i libucrtd:output.obj
 0001:000223f0       ?state_case_normal_common@?$output_processor@DV?$string_output_adapter@D@__crt_stdio_output@@V?$format_validation_base@DV?$string_output_adapter@D@__crt_stdio_output@@@2@@__crt_stdio_output@@AEAA_NXZ 00000001800233f0 f i libucrtd:output.obj
 0001:00022440       ?state_case_normal_common@?$output_processor@_WV?$string_output_adapter@_W@__crt_stdio_output@@V?$format_validation_base@_WV?$string_output_adapter@_W@__crt_stdio_output@@@2@@__crt_stdio_output@@AEAA_NXZ 0000000180023440 f i libucrtd:output.obj
 0001:00022490       ?state_case_normal_tchar@?$output_processor@DV?$string_output_adapter@D@__crt_stdio_output@@V?$format_validation_base@DV?$string_output_adapter@D@__crt_stdio_output@@@2@@__crt_stdio_output@@AEAA_ND@Z 0000000180023490 f i libucrtd:output.obj
 0001:000225d0       ?state_case_normal_tchar@?$output_processor@_WV?$string_output_adapter@_W@__crt_stdio_output@@V?$format_validation_base@_WV?$string_output_adapter@_W@__crt_stdio_output@@@2@@__crt_stdio_output@@AEAA_N_W@Z 00000001800235d0 f i libucrtd:output.obj
 0001:000225f0       ?state_case_percent@?$output_processor@_WV?$string_output_adapter@_W@__crt_stdio_output@@V?$format_validation_base@_WV?$string_output_adapter@_W@__crt_stdio_output@@@2@@__crt_stdio_output@@AEAA_NXZ 00000001800235f0 f i libucrtd:output.obj
 0001:000225f0       ?state_case_percent@?$output_processor@DV?$string_output_adapter@D@__crt_stdio_output@@V?$format_validation_base@DV?$string_output_adapter@D@__crt_stdio_output@@@2@@__crt_stdio_output@@AEAA_NXZ 00000001800235f0 f i libucrtd:output.obj
 0001:00022640       ?state_case_precision@?$output_processor@DV?$string_output_adapter@D@__crt_stdio_output@@V?$format_validation_base@DV?$string_output_adapter@D@__crt_stdio_output@@@2@@__crt_stdio_output@@AEAA_NXZ 0000000180023640 f i libucrtd:output.obj
 0001:000226c0       ?state_case_precision@?$output_processor@_WV?$string_output_adapter@_W@__crt_stdio_output@@V?$format_validation_base@_WV?$string_output_adapter@_W@__crt_stdio_output@@@2@@__crt_stdio_output@@AEAA_NXZ 00000001800236c0 f i libucrtd:output.obj
 0001:00022740       ?state_case_size@?$output_processor@DV?$string_output_adapter@D@__crt_stdio_output@@V?$format_validation_base@DV?$string_output_adapter@D@__crt_stdio_output@@@2@@__crt_stdio_output@@AEAA_NXZ 0000000180023740 f i libucrtd:output.obj
 0001:00022bc0       ?state_case_size@?$output_processor@_WV?$string_output_adapter@_W@__crt_stdio_output@@V?$format_validation_base@_WV?$string_output_adapter@_W@__crt_stdio_output@@@2@@__crt_stdio_output@@AEAA_NXZ 0000000180023bc0 f i libucrtd:output.obj
 0001:00023040       ?state_case_type@?$output_processor@DV?$string_output_adapter@D@__crt_stdio_output@@V?$format_validation_base@DV?$string_output_adapter@D@__crt_stdio_output@@@2@@__crt_stdio_output@@AEAA_NXZ 0000000180024040 f i libucrtd:output.obj
 0001:000234d0       ?state_case_type@?$output_processor@_WV?$string_output_adapter@_W@__crt_stdio_output@@V?$format_validation_base@_WV?$string_output_adapter@_W@__crt_stdio_output@@@2@@__crt_stdio_output@@AEAA_NXZ 00000001800244d0 f i libucrtd:output.obj
 0001:000239a0       ?state_case_width@?$output_processor@DV?$string_output_adapter@D@__crt_stdio_output@@V?$format_validation_base@DV?$string_output_adapter@D@__crt_stdio_output@@@2@@__crt_stdio_output@@AEAA_NXZ 00000001800249a0 f i libucrtd:output.obj
 0001:00023a30       ?state_case_width@?$output_processor@_WV?$string_output_adapter@_W@__crt_stdio_output@@V?$format_validation_base@_WV?$string_output_adapter@_W@__crt_stdio_output@@@2@@__crt_stdio_output@@AEAA_NXZ 0000000180024a30 f i libucrtd:output.obj
 0001:00023ac0       ?state_count@?$format_validation_base@_WV?$string_output_adapter@_W@__crt_stdio_output@@@__crt_stdio_output@@KAIXZ 0000000180024ac0 f i libucrtd:output.obj
 0001:00023ac0       ?state_count@?$format_validation_base@DV?$string_output_adapter@D@__crt_stdio_output@@@__crt_stdio_output@@KAIXZ 0000000180024ac0 f i libucrtd:output.obj
 0001:00023ad0       ?state_transition_table@?$format_validation_base@_WV?$string_output_adapter@_W@__crt_stdio_output@@@__crt_stdio_output@@KAPEBEXZ 0000000180024ad0 f i libucrtd:output.obj
 0001:00023ad0       ?state_transition_table@?$format_validation_base@DV?$string_output_adapter@D@__crt_stdio_output@@@__crt_stdio_output@@KAPEBEXZ 0000000180024ad0 f i libucrtd:output.obj
 0001:00023ae0       ?to_integer_size@__crt_stdio_output@@YA_KW4length_modifier@1@@Z 0000000180024ae0 f i libucrtd:output.obj
 0001:00023b90       ?type_case_X@?$output_processor@DV?$string_output_adapter@D@__crt_stdio_output@@V?$format_validation_base@DV?$string_output_adapter@D@__crt_stdio_output@@@2@@__crt_stdio_output@@AEAA_NXZ 0000000180024b90 f i libucrtd:output.obj
 0001:00023bb0       ?type_case_X@?$output_processor@_WV?$string_output_adapter@_W@__crt_stdio_output@@V?$format_validation_base@_WV?$string_output_adapter@_W@__crt_stdio_output@@@2@@__crt_stdio_output@@AEAA_NXZ 0000000180024bb0 f i libucrtd:output.obj
 0001:00023bd0       ?type_case_Z@?$output_processor@DV?$string_output_adapter@D@__crt_stdio_output@@V?$format_validation_base@DV?$string_output_adapter@D@__crt_stdio_output@@@2@@__crt_stdio_output@@AEAA_NXZ 0000000180024bd0 f i libucrtd:output.obj
 0001:00023cf0       ?type_case_Z@?$output_processor@_WV?$string_output_adapter@_W@__crt_stdio_output@@V?$format_validation_base@_WV?$string_output_adapter@_W@__crt_stdio_output@@@2@@__crt_stdio_output@@AEAA_NXZ 0000000180024cf0 f i libucrtd:output.obj
 0001:00023e10       ?type_case_a@?$output_processor@DV?$string_output_adapter@D@__crt_stdio_output@@V?$format_validation_base@DV?$string_output_adapter@D@__crt_stdio_output@@@2@@__crt_stdio_output@@AEAA_NXZ 0000000180024e10 f i libucrtd:output.obj
 0001:000241c0       ?type_case_a@?$output_processor@_WV?$string_output_adapter@_W@__crt_stdio_output@@V?$format_validation_base@_WV?$string_output_adapter@_W@__crt_stdio_output@@@2@@__crt_stdio_output@@AEAA_NXZ 00000001800251c0 f i libucrtd:output.obj
 0001:00024570       ?type_case_c@?$output_processor@DV?$string_output_adapter@D@__crt_stdio_output@@V?$format_validation_base@DV?$string_output_adapter@D@__crt_stdio_output@@@2@@__crt_stdio_output@@AEAA_NXZ 0000000180025570 f i libucrtd:output.obj
 0001:00024590       ?type_case_c@?$output_processor@_WV?$string_output_adapter@_W@__crt_stdio_output@@V?$format_validation_base@_WV?$string_output_adapter@_W@__crt_stdio_output@@@2@@__crt_stdio_output@@AEAA_NXZ 0000000180025590 f i libucrtd:output.obj
 0001:000245b0       ?type_case_c_tchar@?$output_processor@DV?$string_output_adapter@D@__crt_stdio_output@@V?$format_validation_base@DV?$string_output_adapter@D@__crt_stdio_output@@@2@@__crt_stdio_output@@AEAA_ND@Z 00000001800255b0 f i libucrtd:output.obj
 0001:00024700       ?type_case_c_tchar@?$output_processor@_WV?$string_output_adapter@_W@__crt_stdio_output@@V?$format_validation_base@_WV?$string_output_adapter@_W@__crt_stdio_output@@@2@@__crt_stdio_output@@AEAA_N_W@Z 0000000180025700 f i libucrtd:output.obj
 0001:00024830       ?type_case_d@?$output_processor@DV?$string_output_adapter@D@__crt_stdio_output@@V?$format_validation_base@DV?$string_output_adapter@D@__crt_stdio_output@@@2@@__crt_stdio_output@@AEAA_NXZ 0000000180025830 f i libucrtd:output.obj
 0001:00024860       ?type_case_d@?$output_processor@_WV?$string_output_adapter@_W@__crt_stdio_output@@V?$format_validation_base@_WV?$string_output_adapter@_W@__crt_stdio_output@@@2@@__crt_stdio_output@@AEAA_NXZ 0000000180025860 f i libucrtd:output.obj
 0001:00024890       ?type_case_integer@?$output_processor@DV?$string_output_adapter@D@__crt_stdio_output@@V?$format_validation_base@DV?$string_output_adapter@D@__crt_stdio_output@@@2@@__crt_stdio_output@@AEAA_NI_N@Z 0000000180025890 f i libucrtd:output.obj
 0001:00024cc0       ?type_case_integer@?$output_processor@_WV?$string_output_adapter@_W@__crt_stdio_output@@V?$format_validation_base@_WV?$string_output_adapter@_W@__crt_stdio_output@@@2@@__crt_stdio_output@@AEAA_NI_N@Z 0000000180025cc0 f i libucrtd:output.obj
 0001:000250f0       ?type_case_n@?$output_processor@DV?$string_output_adapter@D@__crt_stdio_output@@V?$format_validation_base@DV?$string_output_adapter@D@__crt_stdio_output@@@2@@__crt_stdio_output@@AEAA_NXZ 00000001800260f0 f i libucrtd:output.obj
 0001:00025330       ?type_case_n@?$output_processor@_WV?$string_output_adapter@_W@__crt_stdio_output@@V?$format_validation_base@_WV?$string_output_adapter@_W@__crt_stdio_output@@@2@@__crt_stdio_output@@AEAA_NXZ 0000000180026330 f i libucrtd:output.obj
 0001:00025570       ?type_case_o@?$output_processor@DV?$string_output_adapter@D@__crt_stdio_output@@V?$format_validation_base@DV?$string_output_adapter@D@__crt_stdio_output@@@2@@__crt_stdio_output@@AEAA_NXZ 0000000180026570 f i libucrtd:output.obj
 0001:000255c0       ?type_case_o@?$output_processor@_WV?$string_output_adapter@_W@__crt_stdio_output@@V?$format_validation_base@_WV?$string_output_adapter@_W@__crt_stdio_output@@@2@@__crt_stdio_output@@AEAA_NXZ 00000001800265c0 f i libucrtd:output.obj
 0001:00025610       ?type_case_p@?$output_processor@DV?$string_output_adapter@D@__crt_stdio_output@@V?$format_validation_base@DV?$string_output_adapter@D@__crt_stdio_output@@@2@@__crt_stdio_output@@AEAA_NXZ 0000000180026610 f i libucrtd:output.obj
 0001:00025650       ?type_case_p@?$output_processor@_WV?$string_output_adapter@_W@__crt_stdio_output@@V?$format_validation_base@_WV?$string_output_adapter@_W@__crt_stdio_output@@@2@@__crt_stdio_output@@AEAA_NXZ 0000000180026650 f i libucrtd:output.obj
 0001:00025690       ?type_case_s@?$output_processor@DV?$string_output_adapter@D@__crt_stdio_output@@V?$format_validation_base@DV?$string_output_adapter@D@__crt_stdio_output@@@2@@__crt_stdio_output@@AEAA_NXZ 0000000180026690 f i libucrtd:output.obj
 0001:000257b0       ?type_case_s@?$output_processor@_WV?$string_output_adapter@_W@__crt_stdio_output@@V?$format_validation_base@_WV?$string_output_adapter@_W@__crt_stdio_output@@@2@@__crt_stdio_output@@AEAA_NXZ 00000001800267b0 f i libucrtd:output.obj
 0001:000258d0       ?type_case_s_compute_narrow_string_length@?$output_processor@DV?$string_output_adapter@D@__crt_stdio_output@@V?$format_validation_base@DV?$string_output_adapter@D@__crt_stdio_output@@@2@@__crt_stdio_output@@AEBAHHD@Z 00000001800268d0 f i libucrtd:output.obj
 0001:00025900       ?type_case_s_compute_narrow_string_length@?$output_processor@_WV?$string_output_adapter@_W@__crt_stdio_output@@V?$format_validation_base@_WV?$string_output_adapter@_W@__crt_stdio_output@@@2@@__crt_stdio_output@@AEBAHH_W@Z 0000000180026900 f i libucrtd:output.obj
 0001:00025990       ?type_case_u@?$output_processor@DV?$string_output_adapter@D@__crt_stdio_output@@V?$format_validation_base@DV?$string_output_adapter@D@__crt_stdio_output@@@2@@__crt_stdio_output@@AEAA_NXZ 0000000180026990 f i libucrtd:output.obj
 0001:000259b0       ?type_case_u@?$output_processor@_WV?$string_output_adapter@_W@__crt_stdio_output@@V?$format_validation_base@_WV?$string_output_adapter@_W@__crt_stdio_output@@@2@@__crt_stdio_output@@AEAA_NXZ 00000001800269b0 f i libucrtd:output.obj
 0001:000259d0       ?type_case_x@?$output_processor@DV?$string_output_adapter@D@__crt_stdio_output@@V?$format_validation_base@DV?$string_output_adapter@D@__crt_stdio_output@@@2@@__crt_stdio_output@@AEAA_NXZ 00000001800269d0 f i libucrtd:output.obj
 0001:000259f0       ?type_case_x@?$output_processor@_WV?$string_output_adapter@_W@__crt_stdio_output@@V?$format_validation_base@_WV?$string_output_adapter@_W@__crt_stdio_output@@@2@@__crt_stdio_output@@AEAA_NXZ 00000001800269f0 f i libucrtd:output.obj
 0001:00025a10       ?unset_flag@?$output_processor@DV?$string_output_adapter@D@__crt_stdio_output@@V?$format_validation_base@DV?$string_output_adapter@D@__crt_stdio_output@@@2@@__crt_stdio_output@@AEAAXI@Z 0000000180026a10 f i libucrtd:output.obj
 0001:00025a10       ?unset_flag@?$output_processor@_WV?$string_output_adapter@_W@__crt_stdio_output@@V?$format_validation_base@_WV?$string_output_adapter@_W@__crt_stdio_output@@@2@@__crt_stdio_output@@AEAAXI@Z 0000000180026a10 f i libucrtd:output.obj
 0001:00025a40       ?update_field_width@?$standard_base@DV?$string_output_adapter@D@__crt_stdio_output@@@__crt_stdio_output@@IEAA_NXZ 0000000180026a40 f i libucrtd:output.obj
 0001:00025a40       ?update_field_width@?$standard_base@_WV?$string_output_adapter@_W@__crt_stdio_output@@@__crt_stdio_output@@IEAA_NXZ 0000000180026a40 f i libucrtd:output.obj
 0001:00025a70       ?update_precision@?$standard_base@DV?$string_output_adapter@D@__crt_stdio_output@@@__crt_stdio_output@@IEAA_NXZ 0000000180026a70 f i libucrtd:output.obj
 0001:00025a70       ?update_precision@?$standard_base@_WV?$string_output_adapter@_W@__crt_stdio_output@@@__crt_stdio_output@@IEAA_NXZ 0000000180026a70 f i libucrtd:output.obj
 0001:00025aa0       ?validate@?$string_output_adapter@D@__crt_stdio_output@@QEBA_NXZ 0000000180026aa0 f i libucrtd:output.obj
 0001:00025b60       ?validate@?$string_output_adapter@_W@__crt_stdio_output@@QEBA_NXZ 0000000180026b60 f i libucrtd:output.obj
[...]
 0004:00002aa8       $pdata$??R<lambda_6262c464c96e4c69799ed44814c7c457>@@QEBAXXZ 0000000180066aa8     libucrtd:commit.obj
 0004:00002aa8       $pdata$??R<lambda_f6ca65dda28655a1cf758c1c4e38e52a>@@QEBAXXZ 0000000180066aa8     libucrtd:close.obj
 0004:00002ab4       $pdata$?close_os_handle_nolock@@YAKH@Z 0000000180066ab4     libucrtd:close.obj
 0004:00002ac0       $pdata$_close              0000000180066ac0     libucrtd:close.obj
 0004:00002acc       $pdata$_close_nolock       0000000180066acc     libucrtd:close.obj
 0004:00002ad8       $pdata$?__acrt_stdio_free_stream@@YAXV__crt_stdio_stream@@@Z 0000000180066ad8     libucrtd:stream.obj
 0004:00002ae4       $pdata$__dcrt_lowio_initialize_console_output 0000000180066ae4     libucrtd:initcon.obj
 0004:00002af0       $pdata$__dcrt_terminate_console_output 0000000180066af0     libucrtd:initcon.obj
 0004:00002afc       $pdata$_FindPESection      0000000180066afc     LIBCMTD:pesect.obj
 0004:00002b08       $pdata$_IsNonwritableInCurrentImage 0000000180066b08     LIBCMTD:pesect.obj
 0004:00002b14       $pdata$_ValidateImageBase  0000000180066b14     LIBCMTD:pesect.obj
 0004:00002b20       $pdata$??_Gtype_info@@UEAAPEAXI@Z 0000000180066b20     LIBCMTD:std_type_info_static.obj
 0004:00002b38       $pdata$__GSHandlerCheck_SEH 0000000180066b38     LIBCMTD:_gshandlerseh_.obj
 0004:00002b44       $pdata$__GSHandlerCheck_EH 0000000180066b44     LIBCMTD:gshandlereh.obj
 0004:00002b50       $pdata$??3@YAXPEAX_K@Z     0000000180066b50     LIBCMTD:delete_scalar_size.obj
 0004:00002b5c       $pdata$??3@YAXPEAX@Z       0000000180066b5c     LIBCMTD:delete_scalar.obj
 0004:00002b8c       $pdata$strrchr             0000000180066b8c     libvcruntimed:strrchr.obj
 0004:00002b98       $pdata$?_CatchTryBlock@@YAPEBU_s_TryBlockMapEntry@@PEBU_s_FuncInfo@@H@Z 0000000180066b98     libvcruntimed:trnsctrl.obj
 0004:00002ba4       $pdata$?_ExecutionInCatch@@YAHPEAU_xDISPATCHER_CONTEXT@@PEBU_s_FuncInfo@@@Z 0000000180066ba4     libvcruntimed:trnsctrl.obj
 0004:00002bb0       $pdata$?_GetEstablisherFrame@@YAPEA_KPEA_KPEAU_xDISPATCHER_CONTEXT@@PEBU_s_FuncInfo@@0@Z 0000000180066bb0     libvcruntimed:trnsctrl.obj
 0004:00002bbc       $pdata$?_GetRangeOfTrysToCheck@@YAPEBU_s_TryBlockMapEntry@@PEA_KPEBU_s_FuncInfo@@HHPEAI2PEAU_xDISPATCHER_CONTEXT@@@Z 0000000180066bbc     libvcruntimed:trnsctrl.obj
 0004:00002bc8       $pdata$?__FrameUnwindToEmptyState@@YAXPEA_KPEAU_xDISPATCHER_CONTEXT@@PEBU_s_FuncInfo@@@Z 0000000180066bc8     libvcruntimed:trnsctrl.obj
 0004:00002bd4       $pdata$?__SehTransFilter@@YAHPEAU_EXCEPTION_POINTERS@@PEAUEHExceptionRecord@@PEA_KPEAU_CONTEXT@@PEAU_xDISPATCHER_CONTEXT@@PEBU_s_FuncInfo@@PEAH@Z 0000000180066bd4     libvcruntimed:trnsctrl.obj
 0004:00002be0       $pdata$_CallSETranslator   0000000180066be0     libvcruntimed:trnsctrl.obj
 0004:00002bec       $pdata$_CreateFrameInfo    0000000180066bec     libvcruntimed:trnsctrl.obj
 0004:00002bf8       $pdata$_FindAndUnlinkFrame 0000000180066bf8     libvcruntimed:trnsctrl.obj
 0004:00002c04       $pdata$_GetImageBase       0000000180066c04     libvcruntimed:trnsctrl.obj
 0004:00002c10       $pdata$_GetThrowImageBase  0000000180066c10     libvcruntimed:trnsctrl.obj
 0004:00002c1c       $pdata$_IsExceptionObjectToBeDestroyed 0000000180066c1c     libvcruntimed:trnsctrl.obj
 0004:00002c28       $pdata$_SetImageBase       0000000180066c28     libvcruntimed:trnsctrl.obj
 0004:00002c34       $pdata$_SetThrowImageBase  0000000180066c34     libvcruntimed:trnsctrl.obj
 0004:00002c40       $pdata$_UnwindNestedFrames 0000000180066c40     libvcruntimed:trnsctrl.obj
 0004:00002c4c       $pdata$__CxxFrameHandler3  0000000180066c4c     libvcruntimed:trnsctrl.obj
 0004:00002c58       $pdata$?__GetCurrentState@@YAHPEA_KPEAU_xDISPATCHER_CONTEXT@@PEBU_s_FuncInfo@@@Z 0000000180066c58     libvcruntimed:ehstate.obj
 0004:00002c64       $pdata$?__GetUnwindTryBlock@@YAHPEA_KPEAU_xDISPATCHER_CONTEXT@@PEBU_s_FuncInfo@@@Z 0000000180066c64     libvcruntimed:ehstate.obj
 0004:00002c70       $pdata$?__SetUnwindTryBlock@@YAXPEA_KPEAU_xDISPATCHER_CONTEXT@@PEBU_s_FuncInfo@@H@Z 0000000180066c70     libvcruntimed:ehstate.obj
 0004:00002c7c       $pdata$?__StateFromControlPc@@YAHPEBU_s_FuncInfo@@PEAU_xDISPATCHER_CONTEXT@@@Z 0000000180066c7c     libvcruntimed:ehstate.obj
 0004:00002c88       $pdata$?__StateFromIp@@YAHPEBU_s_FuncInfo@@PEAU_xDISPATCHER_CONTEXT@@_J@Z 0000000180066c88     libvcruntimed:ehstate.obj
 0004:00002c94       $pdata$__DestructExceptionObject 0000000180066c94     libvcruntimed:frame.obj
 0004:00002ca0       $pdata$??0bad_exception@std@@QEAA@AEBV01@@Z 0000000180066ca0     libvcruntimed:frame.obj
 0004:00002cac       $pdata$??0bad_exception@std@@QEAA@XZ 0000000180066cac     libvcruntimed:frame.obj
 0004:00002cb8       $pdata$??0exception@std@@QEAA@AEBV01@@Z 0000000180066cb8     libvcruntimed:frame.obj
 0004:00002cc4       $pdata$??0exception@std@@QEAA@QEBDH@Z 0000000180066cc4     libvcruntimed:frame.obj
 0004:00002cd0       $pdata$??1bad_exception@std@@UEAA@XZ 0000000180066cd0     libvcruntimed:frame.obj
 0004:00002cdc       $pdata$??1exception@std@@UEAA@XZ 0000000180066cdc     libvcruntimed:frame.obj
 0004:00002ce8       $pdata$??8type_info@@QEBA_NAEBV0@@Z 0000000180066ce8     libvcruntimed:frame.obj
 0004:00002cf4       $pdata$??_Gbad_exception@std@@UEAAPEAXI@Z 0000000180066cf4     libvcruntimed:frame.obj
 0004:00002d00       $pdata$??_Gexception@std@@UEAAPEAXI@Z 0000000180066d00     libvcruntimed:frame.obj
 0004:00002d0c       $pdata$?CatchIt@@YAXPEAUEHExceptionRecord@@PEA_KPEAU_CONTEXT@@PEAU_xDISPATCHER_CONTEXT@@PEBU_s_FuncInfo@@PEBU_s_HandlerType@@PEBU_s_CatchableType@@PEBU_s_TryBlockMapEntry@@H1EE@Z 0000000180066d0c     libvcruntimed:frame.obj
 0004:00002d18       $pdata$?ExFilterRethrow@@YAHPEAU_EXCEPTION_POINTERS@@PEAUEHExceptionRecord@@PEAH@Z 0000000180066d18     libvcruntimed:frame.obj
 0004:00002d24       $pdata$?FindHandler@@YAXPEAUEHExceptionRecord@@PEA_KPEAU_CONTEXT@@PEAU_xDISPATCHER_CONTEXT@@PEBU_s_FuncInfo@@EH1@Z 0000000180066d24     libvcruntimed:frame.obj
 0004:00002d30       $pdata$?FindHandlerForForeignException@@YAXPEAUEHExceptionRecord@@PEA_KPEAU_CONTEXT@@PEAU_xDISPATCHER_CONTEXT@@PEBU_s_FuncInfo@@HH1@Z 0000000180066d30     libvcruntimed:frame.obj
 0004:00002d3c       $pdata$?IsInExceptionSpec@@YAEPEAUEHExceptionRecord@@PEBU_s_ESTypeList@@@Z 0000000180066d3c     libvcruntimed:frame.obj
 0004:00002d48       $pdata$?Is_bad_exception_allowed@@YAEPEBU_s_ESTypeList@@@Z 0000000180066d48     libvcruntimed:frame.obj
 0004:00002d54       $pdata$?_CallMemberFunction0@@YAXPEAXP6AX0@Z@Z 0000000180066d54     libvcruntimed:frame.obj
 0004:00002d60       $pdata$?_CallMemberFunction1@@YAXPEAXP6AX0@Z0@Z 0000000180066d60     libvcruntimed:frame.obj
 0004:00002d6c       $pdata$?_CallMemberFunction2@@YAXPEAXP6AX0@Z0H@Z 0000000180066d6c     libvcruntimed:frame.obj
 0004:00002d78       $pdata$?__RethrowException@@YAXPEAUEHExceptionRecord@@@Z 0000000180066d78     libvcruntimed:frame.obj
 0004:00002d84       $pdata$?what@exception@std@@UEBAPEBDXZ 0000000180066d84     libvcruntimed:frame.obj
 0004:00002d90       $pdata$__AdjustPointer     0000000180066d90     libvcruntimed:frame.obj
 0004:00002d9c       $pdata$__BuildCatchObject  0000000180066d9c     libvcruntimed:frame.obj
 0004:00002da8       $pdata$__BuildCatchObjectHelper 0000000180066da8     libvcruntimed:frame.obj
 0004:00002db4       $pdata$__CxxCallCatchBlock 0000000180066db4     libvcruntimed:frame.obj
 0004:00002dc0       $pdata$__FrameUnwindFilter 0000000180066dc0     libvcruntimed:frame.obj
 0004:00002dcc       $pdata$__FrameUnwindToState 0000000180066dcc     libvcruntimed:frame.obj
 0004:00002dd8       $pdata$__InternalCxxFrameHandler 0000000180066dd8     libvcruntimed:frame.obj
 0004:00002de4       $pdata$__TypeMatch         0000000180066de4     libvcruntimed:frame.obj
 0004:00002dfc       $pdata$??$?RD@__crt_public_free_policy@@QEBAXQEBD@Z 0000000180066dfc     libvcruntimed:std_exception.obj
 0004:00002e08       $pdata$??1?$__crt_unique_heap_ptr@DU__crt_public_free_policy@@@@QEAA@XZ 0000000180066e08     libvcruntimed:std_exception.obj
 0004:00002e14       $pdata$?release@?$__crt_unique_heap_ptr@DU__crt_public_free_policy@@@@QEAAXXZ 0000000180066e14     libvcruntimed:std_exception.obj
 0004:00002e20       $pdata$__std_exception_copy 0000000180066e20     libvcruntimed:std_exception.obj
 0004:00002e2c       $pdata$__std_exception_destroy 0000000180066e2c     libvcruntimed:std_exception.obj
 0004:00002e38       $pdata$_CxxThrowException  0000000180066e38     libvcruntimed:throw.obj
 0004:00002e50       $pdata$?fin$0@?0??dllmain_crt_process_attach@@YAHQEAUHINSTANCE__@@QEAX@Z@4HA 0000000180066e50     LIBCMTD:dll_dllmain.obj
 0004:00002e5c       $pdata$?fin$0@?0??dllmain_crt_process_detach@@YAH_N@Z@4HA 0000000180066e5c     LIBCMTD:dll_dllmain.obj
 0004:00002e68       $pdata$?filt$0@?0??dllmain_dispatch@@YAHQEAUHINSTANCE__@@KQEAX@Z@4HA 0000000180066e68     LIBCMTD:dll_dllmain.obj
 0004:00002e74       $pdata$__scrt_is_nonwritable_in_current_image$filt$0 0000000180066e74     LIBCMTD:utility.obj
 0004:00002e80       $pdata$?filt$0@?0??common_exit@@YAXHW4_crt_exit_cleanup_mode@@W4_crt_exit_return_mode@@@Z@4HA 0000000180066e80     libucrtd:exit.obj
 0004:00002e8c       $pdata$?fin$1@?0??common_exit@@YAXHW4_crt_exit_cleanup_mode@@W4_crt_exit_return_mode@@@Z@4HA 0000000180066e8c     libucrtd:exit.obj
 0004:00002e98       $pdata$_CrtMemCheckpoint$fin$0 0000000180066e98     libucrtd:debug_heap.obj
 0004:00002e98       $pdata$?fin$0@?0??heap_alloc_dbg_internal@@YAPEAX_KHQEBDH@Z@4HA 0000000180066e98     libucrtd:debug_heap.obj
 0004:00002ea4       $pdata$?filt$0@?0??is_bad_read_pointer@@YA_NQEBX_K@Z@4HA 0000000180066ea4     libucrtd:debug_heap.obj
 0004:00002ea4       $pdata$terminate$filt$0    0000000180066ea4     libucrtd:terminate.obj
 0004:00002ea4       $pdata$__BuildCatchObjectHelper$filt$0 0000000180066ea4     libvcruntimed:frame.obj
 0004:00002ea4       $pdata$__BuildCatchObject$filt$0 0000000180066ea4     libvcruntimed:frame.obj
 0004:00002eb0       $pdata$?fin$0@?0??validate_heap_if_required_nolock@@YAXXZ@4HA 0000000180066eb0     libucrtd:debug_heap.obj
 0004:00002ebc       $pdata$_realloc_dbg$fin$0  0000000180066ebc     libucrtd:debug_heap.obj
 0004:00002ebc       $pdata$_CrtSetDbgFlag$fin$0 0000000180066ebc     libucrtd:debug_heap.obj
 0004:00002ebc       $pdata$_msize_dbg$fin$0    0000000180066ebc     libucrtd:debug_heap.obj
 0004:00002ebc       $pdata$_CrtMemDumpAllObjectsSince$fin$0 0000000180066ebc     libucrtd:debug_heap.obj
 0004:00002ebc       $pdata$_CrtCheckMemory$fin$0 0000000180066ebc     libucrtd:debug_heap.obj
 0004:00002ec8       $pdata$_ctrlfp$filt$0      0000000180066ec8     libucrtd:fpctrl.obj
 0004:00002ed4       $pdata$?fin$0@?0???$?RV<lambda_8773731b9ba2edf4362dda13ebc82854>@@AEAV<lambda_6ac21da2756cd333d25ba1adc9a0001e>@@V<lambda_2c95662d60720604e97e3009a1ee1859>@@@?$__crt_seh_guarded_call@X@@QEAAX$$QEAV<lambda_8773731b9ba2edf4362dda13ebc82854>@@AEAV<lambda_6ac21da2756cd333d25ba1adc9a0001e>@@$$QEAV<lambda_2c95662d60720604e97e3009a1ee1859>@@@Z@4HA 0000000180066ed4     libucrtd:per_thread_data.obj
 0004:00002ed4       $pdata$?fin$0@?0???$?RV<lambda_441f2315ac0f593d45428a8fceb6abe6>@@AEAV<lambda_2f900415df1f7f624cdaaefe86d0b1c0>@@V<lambda_1d10a5a8ccb596b49763520e59d5af47>@@@?$__crt_seh_guarded_call@X@@QEAAX$$QEAV<lambda_441f2315ac0f593d45428a8fceb6abe6>@@AEAV<lambda_2f900415df1f7f624cdaaefe86d0b1c0>@@$$QEAV<lambda_1d10a5a8ccb596b49763520e59d5af47>@@@Z@4HA 0000000180066ed4     libucrtd:mbctype.obj
 0004:00002ed4       $pdata$?fin$0@?0???$?RV<lambda_72d1df2b273a38828b1ce30cbf4cdab5>@@AEAV<lambda_876a65b173b8412d3a47c70a915b0cf4>@@V<lambda_41932305e351933ebe8f8be3ed8bb5dc>@@@?$__crt_seh_guarded_call@X@@QEAAX$$QEAV<lambda_72d1df2b273a38828b1ce30cbf4cdab5>@@AEAV<lambda_876a65b173b8412d3a47c70a915b0cf4>@@$$QEAV<lambda_41932305e351933ebe8f8be3ed8bb5dc>@@@Z@4HA 0000000180066ed4     libucrtd:per_thread_data.obj
 0004:00002ed4       $pdata$?fin$0@?0???$?RV<lambda_5e887d1dcbef67a5eb4283622ba103bf>@@AEAV<lambda_4466841279450cc726390878d4a41900>@@V<lambda_341c25c0346d94847f1f3c463c57e077>@@@?$__crt_seh_guarded_call@X@@QEAAX$$QEAV<lambda_5e887d1dcbef67a5eb4283622ba103bf>@@AEAV<lambda_4466841279450cc726390878d4a41900>@@$$QEAV<lambda_341c25c0346d94847f1f3c463c57e077>@@@Z@4HA 0000000180066ed4     libucrtd:per_thread_data.obj
 0004:00002ed4       $pdata$?fin$0@?0???$?RV<lambda_fb3a7dec4e47f37f22dae91bb15c9095>@@AEAV<lambda_698284760c8add0bfb0756c19673e34b>@@V<lambda_dfb8eca1e75fef3034a8fb18dd509707>@@@?$__crt_seh_guarded_call@X@@QEAAX$$QEAV<lambda_fb3a7dec4e47f37f22dae91bb15c9095>@@AEAV<lambda_698284760c8add0bfb0756c19673e34b>@@$$QEAV<lambda_dfb8eca1e75fef3034a8fb18dd509707>@@@Z@4HA 0000000180066ed4     libucrtd:per_thread_data.obj
 0004:00002ee0       $pdata$__acrt_update_thread_multibyte_data$fin$0 0000000180066ee0     libucrtd:mbctype.obj
 0004:00002eec       $pdata$__acrt_initialize_lowio$fin$0 0000000180066eec     libucrtd:ioinit.obj
 0004:00002ef8       $pdata$_free_dbg$fin$0     0000000180066ef8     libucrtd:debug_heap.obj
 0004:00002ef8       $pdata$_query_new_handler$fin$0 0000000180066ef8     libucrtd:new_handler.obj
 0004:00002f04       $pdata$?fin$0@?0???$?RV<lambda_d22e02de4d14401f49897516b29a2b7c>@@AEAV<lambda_e971338317bfa523bb8920b43d823727>@@V<lambda_b0b8599c9027f5b14541fbbd6863d1f1>@@@?$__crt_seh_guarded_call@H@@QEAAH$$QEAV<lambda_d22e02de4d14401f49897516b29a2b7c>@@AEAV<lambda_e971338317bfa523bb8920b43d823727>@@$$QEAV<lambda_b0b8599c9027f5b14541fbbd6863d1f1>@@@Z@4HA 0000000180066f04     libucrtd:onexit.obj
 0004:00002f04       $pdata$?fin$0@?0???$?RV<lambda_b0d8f1f77f5878de4f648f281b223c15>@@AEAV<lambda_942beefa13ab35ff55f86422493ffd6a>@@V<lambda_7adb6fc9c0d6a5bd4e2d9c212ec7cdcc>@@@?$__crt_seh_guarded_call@H@@QEAAH$$QEAV<lambda_b0d8f1f77f5878de4f648f281b223c15>@@AEAV<lambda_942beefa13ab35ff55f86422493ffd6a>@@$$QEAV<lambda_7adb6fc9c0d6a5bd4e2d9c212ec7cdcc>@@@Z@4HA 0000000180066f04     libucrtd:onexit.obj
 0004:00002f04       $pdata$?fin$0@?0???$?RV<lambda_c36588078e9f5dfd39652860aa6b3aaf>@@AEAV<lambda_ec61778202f4f5fc7e7711acc23c3bca>@@V<lambda_dc9d2797ccde5d239b4a0efae8ebd7db>@@@?$__crt_seh_guarded_call@P6AXH@Z@@QEAAP6AXH@Z$$QEAV<lambda_c36588078e9f5dfd39652860aa6b3aaf>@@AEAV<lambda_ec61778202f4f5fc7e7711acc23c3bca>@@$$QEAV<lambda_dc9d2797ccde5d239b4a0efae8ebd7db>@@@Z@4HA 0000000180066f04     libucrtd:signal.obj
 0004:00002f10       $pdata$raise$fin$0         0000000180066f10     libucrtd:signal.obj
 0004:00002f1c       $pdata$_VCrtDbgReportA$fin$0 0000000180066f1c     libucrtd:dbgrptt.obj
 0004:00002f28       $pdata$_VCrtDbgReportA$fin$1 0000000180066f28     libucrtd:dbgrptt.obj
 0004:00002f34       $pdata$_VCrtDbgReportW$fin$0 0000000180066f34     libucrtd:dbgrptt.obj
 0004:00002f40       $pdata$_VCrtDbgReportW$fin$1 0000000180066f40     libucrtd:dbgrptt.obj
 0004:00002f4c       $pdata$?dtor$0@?0??fp_format_a@@YAHQEBNPEAD_KQEAD2H_NIQEAU__crt_locale_pointers@@@Z@4HA 0000000180066f4c     libucrtd:cvt.obj
 0004:00002f58       $pdata$__acrt_update_thread_locale_data$fin$0 0000000180066f58     libucrtd:locale_refcounting.obj
 0004:00002f58       $pdata$__acrt_uninitialize_locale$fin$0 0000000180066f58     libucrtd:wsetlocale.obj
 0004:00002f64       $pdata$?dtor$0@?0??shortsort@@YAXPEAD0_KP6AHPEBX2@Z@Z@4HA 0000000180066f64     libucrtd:qsort.obj
 0004:00002f70       $pdata$__acrt_lowio_ensure_fh_exists$fin$0 0000000180066f70     libucrtd:osfinfo.obj
 0004:00002f7c       $pdata$common_flush_all$fin$0 0000000180066f7c     libucrtd:fflush.obj
 0004:00002f88       $pdata$common_flush_all$fin$1 0000000180066f88     libucrtd:fflush.obj
 0004:00002f94       $pdata$?dtor$0@?0??_wcstombs_l_helper@@YA_KPEADPEB_W_KPEAU__crt_locale_pointers@@@Z@4HA 0000000180066f94     libucrtd:wcstombs.obj
 0004:00002fa0       $pdata$_fcloseall$fin$0    0000000180066fa0     libucrtd:closeall.obj
 0004:00002fac       $pdata$common_control87$filt$0 0000000180066fac     libucrtd:ieee.obj
 0004:00002fb8       $pdata$_write$fin$0        0000000180066fb8     libucrtd:write.obj
 0004:00002fc4       $pdata$fclose$fin$0        0000000180066fc4     libucrtd:fclose.obj
 0004:00002fd0       $pdata$?fin$0@?0???$?RV<lambda_2ce24b26f23dade10250ef086380d911>@@AEAV<lambda_e9ab68cc08dfd839979545c079379e6e>@@V<lambda_6262c464c96e4c69799ed44814c7c457>@@@?$__crt_seh_guarded_call@H@@QEAAH$$QEAV<lambda_2ce24b26f23dade10250ef086380d911>@@AEAV<lambda_e9ab68cc08dfd839979545c079379e6e>@@$$QEAV<lambda_6262c464c96e4c69799ed44814c7c457>@@@Z@4HA 0000000180066fd0     libucrtd:commit.obj
 0004:00002fd0       $pdata$?fin$0@?0???$?RV<lambda_4f1f1a84956f0d44b74de224c960ff76>@@AEAV<lambda_a8f98972ebaa5f7148d35bffe53bd70d>@@V<lambda_f6ca65dda28655a1cf758c1c4e38e52a>@@@?$__crt_seh_guarded_call@H@@QEAAH$$QEAV<lambda_4f1f1a84956f0d44b74de224c960ff76>@@AEAV<lambda_a8f98972ebaa5f7148d35bffe53bd70d>@@$$QEAV<lambda_f6ca65dda28655a1cf758c1c4e38e52a>@@@Z@4HA 0000000180066fd0     libucrtd:close.obj
 0004:00002fdc       $pdata$_IsNonwritableInCurrentImage$filt$0 0000000180066fdc     LIBCMTD:pesect.obj
 0004:00002fe8       $pdata$_CallSETranslator$filt$0 0000000180066fe8     libvcruntimed:trnsctrl.obj
 0004:00002ff4       $pdata$__CxxCallCatchBlock$filt$0 0000000180066ff4     libvcruntimed:frame.obj
 0004:00003000       $pdata$__CxxCallCatchBlock$fin$1 0000000180067000     libvcruntimed:frame.obj
 0004:0000300c       $pdata$__DestructExceptionObject$filt$0 000000018006700c     libvcruntimed:frame.obj
 0004:00003018       $pdata$__FrameUnwindToState$filt$0 0000000180067018     libvcruntimed:frame.obj
 0004:00003024       $pdata$__FrameUnwindToState$fin$1 0000000180067024     libvcruntimed:frame.obj
 0005:00000000       __guard_fids__             0000000180068000     libucrtd:initialization.obj
 0005:00000060       __guard_fids___acrt_initialize_ptd 0000000180068060     libucrtd:per_thread_data.obj
 0005:00000064       __guard_fids_??B<lambda_be3f05d9b531ea9a6da18e31b75428f1>@@QEBAP6AHPEBX0@ZXZ 0000000180068064     libucrtd:argv_wildcards.obj
 0005:00000068       __guard_fids__             0000000180068068     libucrtd:debug_heap_hook.obj
 0005:0000006c       __guard_fids_??$common_show_message_box@_W@@YAHQEB_W0I@Z 000000018006806c     libucrtd:crtmbox.obj
 0005:00000070       __guard_fids__             0000000180068070     libucrtd:fma3_initializer.obj
 0005:00000074       __guard_fids__             0000000180068074     libucrtd:multibyte_initializer.obj
 0005:00000078       __guard_fids__             0000000180068078     libucrtd:locale_initializer.obj
 0005:0000007c       __guard_fids__             000000018006807c     libucrtd:stdio_initializer.obj
 0005:00000080       __guard_fids__             0000000180068080     libucrtd:stdio_initializer.obj
 0005:00000084       __guard_fids__             0000000180068084     libucrtd:console_output_initializer.obj
 0005:00000088       __guard_fids_?dllmain_crt_process_attach@@YAHQEAUHINSTANCE__@@QEAX@Z 0000000180068088     LIBCMTD:dll_dllmain.obj
 0005:00000090       __guard_fids_?dllmain_dispatch@@YAHQEAUHINSTANCE__@@KQEAX@Z 0000000180068090     LIBCMTD:dll_dllmain.obj
 0005:00000094       __guard_fids__             0000000180068094     LIBCMTD:guard_support.obj
 0005:00000098       __guard_fids__guard_icall_checks_enforced 0000000180068098     LIBCMTD:guard_support.obj
 0005:0000009c       __guard_fids___vcrt_initialize_ptd 000000018006809c     libvcruntimed:per_thread_data.obj
 0005:000000a0       __guard_fids__             00000001800680a0     LIBCMTD:std_type_info_static.obj
 0005:000000a4       __guard_fids__UnwindNestedFrames 00000001800680a4     libvcruntimed:trnsctrl.obj
 0005:000000a8       __guard_fids__             00000001800680a8     libvcruntimed:frame.obj
 0005:000000ac       __guard_fids__             00000001800680ac     libvcruntimed:frame.obj
 0005:000000b4       __guard_fids__             00000001800680b4     libvcruntimed:frame.obj
