 win32_dolphin

 Timestamp is 587b8816 (Sun Jan 15 17:32:54 2017)

 Preferred load address is 0000000140000000

 Start         Length     Name                   Class
 0001:00000000 00028f5cH .text$mn                CODE
 0001:00028f60 0000057bH .text$x                 CODE
 0002:00000000 00000370H .idata$5                DATA
 0002:00000370 00000008H .CRT$XCA                DATA
 0002:00000378 00000008H .CRT$XCZ                DATA
 0002:00000380 00000008H .CRT$XIA                DATA
 0002:00000388 00000020H .CRT$XIC                DATA
 0002:000003a8 00000008H .CRT$XIY                DATA
 0002:000003b0 00000008H .CRT$XIZ                DATA
 0002:000003b8 00000008H .CRT$XPA                DATA
 0002:000003c0 00000010H .CRT$XPX                DATA
 0002:000003d0 00000008H .CRT$XPXA               DATA
 0002:000003d8 00000008H .CRT$XPZ                DATA
 0002:000003e0 00000008H .CRT$XTA                DATA
 0002:000003e8 00000008H .CRT$XTZ                DATA
 0002:000003f0 0000ac80H .rdata                  DATA
 0002:0000b070 00000070H .rdata$debug            DATA
 0002:0000b0e0 0000016cH .rdata$r                DATA
 0002:0000b250 00000008H .rtc$IAA                DATA
 0002:0000b258 00000008H .rtc$IZZ                DATA
 0002:0000b260 00000008H .rtc$TAA                DATA
 0002:0000b268 00000008H .rtc$TZZ                DATA
 0002:0000b270 00000c14H .xdata                  DATA
 0002:0000be88 00000084H .xdata$x                DATA
 0002:0000bf0c 00000000H .edata                  DATA
 0002:0000bf0c 0000003cH .idata$2                DATA
 0002:0000bf48 00000014H .idata$3                DATA
 0002:0000bf60 00000370H .idata$4                DATA
 0002:0000c2d0 000007b6H .idata$6                DATA
 0003:00000000 00001668H .data                   DATA
 0003:00001668 00000070H .data$r                 DATA
 0003:000016e0 00002578H .bss                    DATA
 0004:00000000 0000147cH .pdata                  DATA

  Address         Publics by Value              Rva+Base               Lib:Object

 0000:00000000       __guard_fids_count         0000000000000000     <absolute>
 0000:00000000       ___safe_se_handler_count   0000000000000000     <absolute>
 0000:00000000       __guard_flags              0000000000000000     <absolute>
 0000:00000000       __guard_fids_table         0000000000000000     <absolute>
 0000:00000000       ___safe_se_handler_table   0000000000000000     <absolute>
 0000:00000000       __ImageBase                0000000140000000     <linker-defined>
 0001:00000000       WinMain                    0000000140001000 f   win32_dolphin.obj
 0001:000010d0       ?GameUpdateAndRenderStub@@YAXPEAUgame_memory@@PEAUgame_input@@PEAUgame_offscreen_buffer@@PEAUgame_sound_output_buffer@@@Z 00000001400020d0 f   win32_dolphin.obj
 0001:000010f0       ?GameGetSoundSamplesStub@@YAXPEAUgame_memory@@PEAUgame_sound_output_buffer@@@Z 00000001400020f0 f   win32_dolphin.obj
 0001:00001110       ?wglSwapIntervalEXTStub@@YAHH@Z 0000000140002110 f   win32_dolphin.obj
 0001:00001120       ?XInputGetStateStub@@YAKKPEAU_XINPUT_STATE@@@Z 0000000140002120 f   win32_dolphin.obj
 0001:00001140       ?XInputSetStateStub@@YAKKPEAU_XINPUT_VIBRATION@@@Z 0000000140002140 f   win32_dolphin.obj
 0001:00001160       ?DirectSoundCreateStub@@YAJPEAU_GUID@@PEAPEAUIDirectSound@@PEAUIUnknown@@@Z 0000000140002160 f   win32_dolphin.obj
 0001:00001180       ?DirectSoundCaptureCreateStub@@YAJPEAU_GUID@@PEAPEAUIDirectSoundCapture@@PEAUIUnknown@@@Z 0000000140002180 f   win32_dolphin.obj
 0001:000011a0       ?DEBUGPlatformFreeFileMemory@@YAXPEAX@Z 00000001400021a0 f   win32_dolphin.obj
 0001:000011d0       ?DEBUGPlatformReadEntireFile@@YA?AUdebug_read_file_result@@PEAD@Z 00000001400021d0 f   win32_dolphin.obj
 0001:00001300       ?DEBUGPlatformWriteEntireFile@@YAHPEADPEAXI@Z 0000000140002300 f   win32_dolphin.obj
 0001:00001c00       ?BuildPathForFileInEXEDir@@YAXPEAD0@Z 0000000140002c00 f   win32_dolphin.obj
 0001:00002c60       ?ThreadProcedure@@YAKPEAX@Z 0000000140003c60 f   win32_dolphin.obj
 0001:00002d80       ?Win32WindowProcessing@@YA_JPEAUHWND__@@I_K_J@Z 0000000140003d80 f   win32_dolphin.obj
 0001:00002e70       ??$_snprintf_s@$0BAA@@@YAHAEAY0BAA@D_KPEBDZZ 0000000140003e70 f i win32_dolphin.obj
 0001:00002ec0       ??$sprintf_s@$0EA@@@YAHAEAY0EA@DPEBDZZ 0000000140003ec0 f i win32_dolphin.obj
 0001:00002f00       ?GetController@@YAPEAUgame_controller_input@@PEAUgame_input@@H@Z 0000000140003f00 f i win32_dolphin.obj
 0001:00002f50       ?SafeTruncateUInt64@@YAI_K@Z 0000000140003f50 f i win32_dolphin.obj
 0001:00002f80       ?Win32GetLastFileWriteTime@@YA?AU_FILETIME@@PEAD@Z 0000000140003f80 f i win32_dolphin.obj
 0001:00003010       _vsnprintf_helper          0000000140004010 f   LIBCMTD:vsnprnc.obj
 0001:000032f0       _vsnprintf_s               00000001400042f0 f   LIBCMTD:vsnprnc.obj
 0001:00003340       _vsnprintf_s_l             0000000140004340 f   LIBCMTD:vsnprnc.obj
 0001:000038e0       _vsprintf_s_l              00000001400048e0 f   LIBCMTD:vsnprnc.obj
 0001:00003c70       vsprintf_s                 0000000140004c70 f   LIBCMTD:vsnprnc.obj
 0001:00003cb0       __GSHandlerCheck           0000000140004cb0 f   LIBCMTD:gshandler.obj
 0001:00003cf0       __GSHandlerCheckCommon     0000000140004cf0 f   LIBCMTD:gshandler.obj
 0001:00003e00       __chkstk                   0000000140004e00 f   LIBCMTD:chkstk.obj
 0001:00003e00       _alloca_probe              0000000140004e00 f   LIBCMTD:chkstk.obj
 0001:00003e60       __security_check_cookie    0000000140004e60 f   LIBCMTD:amdsecgs.obj
 0001:00003e80       _fpmath                    0000000140004e80 f   LIBCMTD:fpinit.obj
 0001:00003ea0       _cfltcvt_init              0000000140004ea0 f   LIBCMTD:fpinit.obj
 0001:00003fb0       WinMainCRTStartup          0000000140004fb0 f   LIBCMTD:wincrt0.obj
 0001:00004200       _call_reportfault          0000000140005200 f   LIBCMTD:invarg.obj
 0001:00004330       _initp_misc_invarg         0000000140005330 f   LIBCMTD:invarg.obj
 0001:00004350       _invalid_parameter         0000000140005350 f   LIBCMTD:invarg.obj
 0001:000043e0       _invoke_watson             00000001400053e0 f   LIBCMTD:invarg.obj
 0001:00004440       _flsbuf                    0000000140005440 f   LIBCMTD:_flsbuf.obj
 0001:000047e0       _CrtDbgReportW             00000001400057e0 f   LIBCMTD:dbgrptw.obj
 0001:00004860       _CrtDbgReportWV            0000000140005860 f i LIBCMTD:dbgrptw.obj
 0001:000048c0       __crtMessageWindowW        00000001400058c0 f   LIBCMTD:dbgrptw.obj
 0001:00004f40       _invoke_watson_if_error    0000000140005f40 f i LIBCMTD:dbgrptw.obj
 0001:00004f90       _invoke_watson_if_oneof    0000000140005f90 f i LIBCMTD:dbgrptw.obj
 0001:00005010       memset                     0000000140006010 f   LIBCMTD:memset.obj
 0001:00005240       ??0_LocaleUpdate@@QEAA@PEAUlocaleinfo_struct@@@Z 0000000140006240 f i LIBCMTD:output.obj
 0001:00005380       ??1_LocaleUpdate@@QEAA@XZ  0000000140006380 f i LIBCMTD:output.obj
 0001:000053c0       ?GetLocaleT@_LocaleUpdate@@QEAAPEAUlocaleinfo_struct@@XZ 00000001400063c0 f i LIBCMTD:output.obj
 0001:000053d0       get_int64_arg              00000001400063d0 f i LIBCMTD:output.obj
 0001:00005440       get_int_arg                0000000140006440 f i LIBCMTD:output.obj
 0001:000054a0       get_short_arg              00000001400064a0 f i LIBCMTD:output.obj
 0001:00005510       _output_s_l                0000000140006510 f   LIBCMTD:outputs.obj
 0001:000070f0       __doserrno                 00000001400080f0 f   LIBCMTD:dosmap.obj
 0001:00007120       _dosmaperr                 0000000140008120 f   LIBCMTD:dosmap.obj
 0001:00007150       _errno                     0000000140008150 f   LIBCMTD:dosmap.obj
 0001:00007180       _get_errno_from_oserr      0000000140008180 f   LIBCMTD:dosmap.obj
 0001:00007740       _CrtCheckMemory            0000000140008740 f   LIBCMTD:dbgheap.obj
 0001:00007ce0       _CrtDumpMemoryLeaks        0000000140008ce0 f   LIBCMTD:dbgheap.obj
 0001:00007da0       _CrtGetCheckCount          0000000140008da0 f   LIBCMTD:dbgheap.obj
 0001:00007db0       _CrtIsValidHeapPointer     0000000140008db0 f   LIBCMTD:dbgheap.obj
 0001:00007e10       _CrtIsValidPointer         0000000140008e10 f   LIBCMTD:dbgheap.obj
 0001:00007e50       _CrtMemCheckpoint          0000000140008e50 f   LIBCMTD:dbgheap.obj
 0001:000080e0       _CrtMemDumpAllObjectsSince 00000001400090e0 f   LIBCMTD:dbgheap.obj
 0001:00008130       _CrtSetCheckCount          0000000140009130 f   LIBCMTD:dbgheap.obj
 0001:00008150       _CrtSetDbgFlag             0000000140009150 f   LIBCMTD:dbgheap.obj
 0001:00008290       _calloc_dbg                0000000140009290 f   LIBCMTD:dbgheap.obj
 0001:00008310       _calloc_dbg_impl           0000000140009310 f   LIBCMTD:dbgheap.obj
 0001:000083c0       _free_dbg                  00000001400093c0 f   LIBCMTD:dbgheap.obj
 0001:00008400       _free_dbg_nolock           0000000140009400 f   LIBCMTD:dbgheap.obj
 0001:00008f90       _malloc_dbg                0000000140009f90 f   LIBCMTD:dbgheap.obj
 0001:00008fe0       _msize_dbg                 0000000140009fe0 f   LIBCMTD:dbgheap.obj
 0001:00009230       _nh_malloc_dbg             000000014000a230 f   LIBCMTD:dbgheap.obj
 0001:000095c0       _realloc_dbg               000000014000a5c0 f   LIBCMTD:dbgheap.obj
 0001:00009f30       __raise_securityfailure    000000014000af30 f   LIBCMTD:gs_report.obj
 0001:00009f80       __report_gsfailure         000000014000af80 f   LIBCMTD:gs_report.obj
 0001:0000a060       __report_rangecheckfailure 000000014000b060 f   LIBCMTD:gs_report.obj
 0001:0000a080       __report_securityfailure   000000014000b080 f   LIBCMTD:gs_report.obj
 0001:0000a120       ?strrchr@@YAPEADPEADH@Z    000000014000b120 f i LIBCMTD:cvt.obj
 0001:0000a140       _cfltcvt                   000000014000b140 f   LIBCMTD:cvt.obj
 0001:0000a190       _cfltcvt_l                 000000014000b190 f   LIBCMTD:cvt.obj
 0001:0000a2b0       _cftoa_l                   000000014000b2b0 f   LIBCMTD:cvt.obj
 0001:0000adb0       _cftoe                     000000014000bdb0 f   LIBCMTD:cvt.obj
 0001:0000b3d0       _cftoe_l                   000000014000c3d0 f   LIBCMTD:cvt.obj
 0001:0000bad0       _cftof_l                   000000014000cad0 f   LIBCMTD:cvt.obj
 0001:0000bdb0       _cftog_l                   000000014000cdb0 f   LIBCMTD:cvt.obj
 0001:0000c170       _cropzeros                 000000014000d170 f   LIBCMTD:cvt.obj
 0001:0000c190       _cropzeros_l               000000014000d190 f   LIBCMTD:cvt.obj
 0001:0000c310       _fassign                   000000014000d310 f   LIBCMTD:cvt.obj
 0001:0000c340       _fassign_l                 000000014000d340 f   LIBCMTD:cvt.obj
 0001:0000c3b0       _forcdecpt                 000000014000d3b0 f   LIBCMTD:cvt.obj
 0001:0000c3d0       _forcdecpt_l               000000014000d3d0 f   LIBCMTD:cvt.obj
 0001:0000c4d0       _positive                  000000014000d4d0 f   LIBCMTD:cvt.obj
 0001:0000c560       _initp_misc_cfltcvt_tab    000000014000d560 f   LIBCMTD:cmiscdat.obj
 0001:0000c5b0       ?__CxxUnhandledExceptionFilter@@YAJPEAU_EXCEPTION_POINTERS@@@Z 000000014000d5b0 f   LIBCMTD:unhandld.obj
 0001:0000c630       __CxxSetUnhandledExceptionFilter 000000014000d630 f   LIBCMTD:unhandld.obj
 0001:0000c650       _XcptFilter                000000014000d650 f   LIBCMTD:winxfltr.obj
 0001:0000c980       _freefls                   000000014000d980 f   LIBCMTD:tidtable.obj
 0001:0000cb90       _getptd                    000000014000db90 f   LIBCMTD:tidtable.obj
 0001:0000cbc0       _getptd_noexit             000000014000dbc0 f   LIBCMTD:tidtable.obj
 0001:0000cc90       _initptd                   000000014000dc90 f   LIBCMTD:tidtable.obj
 0001:0000cdc0       _mtinit                    000000014000ddc0 f   LIBCMTD:tidtable.obj
 0001:0000ce80       _mtterm                    000000014000de80 f   LIBCMTD:tidtable.obj
 0001:0000ceb0       __crtCorExitProcess        000000014000deb0 f   LIBCMTD:crt0dat.obj
 0001:0000cf00       __crtExitProcess           000000014000df00 f   LIBCMTD:crt0dat.obj
 0001:0000cf20       __freeCrtMemory            000000014000df20 f   LIBCMTD:crt0dat.obj
 0001:0000d150       _amsg_exit                 000000014000e150 f   LIBCMTD:crt0dat.obj
 0001:0000d180       _c_exit                    000000014000e180 f   LIBCMTD:crt0dat.obj
 0001:0000d1a0       _cexit                     000000014000e1a0 f   LIBCMTD:crt0dat.obj
 0001:0000d1c0       _cinit                     000000014000e1c0 f   LIBCMTD:crt0dat.obj
 0001:0000d270       _exit                      000000014000e270 f   LIBCMTD:crt0dat.obj
 0001:0000d290       _init_pointers             000000014000e290 f   LIBCMTD:crt0dat.obj
 0001:0000d340       _initterm_e                000000014000e340 f   LIBCMTD:crt0dat.obj
 0001:0000d3a0       _lockexit                  000000014000e3a0 f   LIBCMTD:crt0dat.obj
 0001:0000d3c0       _unlockexit                000000014000e3c0 f   LIBCMTD:crt0dat.obj
 0001:0000d5f0       exit                       000000014000e5f0 f   LIBCMTD:crt0dat.obj
 0001:0000d610       _heap_init                 000000014000e610 f   LIBCMTD:heapinit.obj
 0001:0000d640       _ioinit                    000000014000e640 f   LIBCMTD:ioinit.obj
 0001:0000dc20       _set_pgmptr                000000014000ec20 f i LIBCMTD:stdargv.obj
 0001:0000dc40       _setargv                   000000014000ec40 f   LIBCMTD:stdargv.obj
 0001:0000e2a0       _setenvp                   000000014000f2a0 f   LIBCMTD:stdenvp.obj
 0001:0000e4b0       _FF_MSGBANNER              000000014000f4b0 f   LIBCMTD:crt0msg.obj
 0001:0000e500       _GET_RTERRMSG              000000014000f500 f   LIBCMTD:crt0msg.obj
 0001:0000e560       _NMSG_WRITE                000000014000f560 f   LIBCMTD:crt0msg.obj
 0001:0000e990       __set_app_type             000000014000f990 f   LIBCMTD:errmode.obj
 0001:0000e9a0       _set_error_mode            000000014000f9a0 f   LIBCMTD:errmode.obj
 0001:0000eab0       __security_init_cookie     000000014000fab0 f   LIBCMTD:gs_support.obj
 0001:0000ebd0       _RTC_Initialize            000000014000fbd0 f   LIBCMTD:initsect.obj
 0001:0000ec10       _RTC_Terminate             000000014000fc10 f   LIBCMTD:initsect.obj
 0001:0000ec50       __crtGetEnvironmentStringsA 000000014000fc50 f   LIBCMTD:a_env.obj
 0001:0000ee30       __crtCaptureCurrentContext 000000014000fe30 f   LIBCMTD:winapisupp.obj
 0001:0000eed0       __crtCapturePreviousContext 000000014000fed0 f   LIBCMTD:winapisupp.obj
 0001:0000ef90       __crtFlsAlloc              000000014000ff90 f   LIBCMTD:winapisupp.obj
 0001:0000efe0       __crtFlsFree               000000014000ffe0 f   LIBCMTD:winapisupp.obj
 0001:0000f030       __crtFlsGetValue           0000000140010030 f   LIBCMTD:winapisupp.obj
 0001:0000f080       __crtFlsSetValue           0000000140010080 f   LIBCMTD:winapisupp.obj
 0001:0000f0e0       __crtGetShowWindowMode     00000001400100e0 f   LIBCMTD:winapisupp.obj
 0001:0000f120       __crtInitializeCriticalSectionEx 0000000140010120 f   LIBCMTD:winapisupp.obj
 0001:0000f190       __crtIsPackagedApp         0000000140010190 f   LIBCMTD:winapisupp.obj
 0001:0000f1d0       __crtLoadWinApiPointers    00000001400101d0 f   LIBCMTD:winapisupp.obj
 0001:0000f7c0       __crtSetUnhandledExceptionFilter 00000001400107c0 f   LIBCMTD:winapisupp.obj
 0001:0000f7e0       __crtTerminateProcess      00000001400107e0 f   LIBCMTD:winapisupp.obj
 0001:0000f800       __crtUnhandledException    0000000140010800 f   LIBCMTD:winapisupp.obj
 0001:0000f830       _wincmdln                  0000000140010830 f   LIBCMTD:wincmdln.obj
 0001:0000f940       __C_specific_handler       0000000140010940 f   LIBCMTD:chandler.obj
 0001:0000fd60       _CrtDefaultAllocHook       0000000140010d60 f   LIBCMTD:dbghook.obj
 0001:0000fd80       __crt_debugger_hook        0000000140010d80 f   LIBCMTD:dbghook.obj
 0001:0000fd90       __initstdio                0000000140010d90 f   LIBCMTD:_file.obj
 0001:0000fe90       __endstdio                 0000000140010e90 f   LIBCMTD:_file.obj
 0001:0000fed0       __iob_func                 0000000140010ed0 f   LIBCMTD:_file.obj
 0001:0000fee0       _lock_file                 0000000140010ee0 f   LIBCMTD:_file.obj
 0001:0000ff70       _lock_file2                0000000140010f70 f   LIBCMTD:_file.obj
 0001:0000ffc0       _unlock_file               0000000140010fc0 f   LIBCMTD:_file.obj
 0001:00010050       _unlock_file2              0000000140011050 f   LIBCMTD:_file.obj
 0001:000100a0       _fileno                    00000001400110a0 f   LIBCMTD:fileno.obj
 0001:00010160       _isatty                    0000000140011160 f   LIBCMTD:isatty.obj
 0001:00010270       _write                     0000000140011270 f   LIBCMTD:write.obj
 0001:00010510       _write_nolock              0000000140011510 f   LIBCMTD:write.obj
 0001:00011650       _lseeki64                  0000000140012650 f   LIBCMTD:lseeki64.obj
 0001:00011900       _lseeki64_nolock           0000000140012900 f   LIBCMTD:lseeki64.obj
 0001:00011a20       _getbuf                    0000000140012a20 f   LIBCMTD:_getbuf.obj
 0001:00011b30       memcpy_s                   0000000140012b30 f   LIBCMTD:memcpy_s.obj
 0001:00011da0       wcscpy_s                   0000000140012da0 f   LIBCMTD:wcscpy_s.obj
 0001:00012250       wcslen                     0000000140013250 f   LIBCMTD:wcslen.obj
 0001:000122a0       _lock                      00000001400132a0 f   LIBCMTD:mlock.obj
 0001:00012300       _mtdeletelocks             0000000140013300 f   LIBCMTD:mlock.obj
 0001:00012420       _mtinitlocknum             0000000140013420 f   LIBCMTD:mlock.obj
 0001:00012520       _mtinitlocks               0000000140013520 f   LIBCMTD:mlock.obj
 0001:000125c0       _unlock                    00000001400135c0 f   LIBCMTD:mlock.obj
 0001:000125f0       _snwprintf_s               00000001400135f0 f   LIBCMTD:swprintf.obj
 0001:00012650       __get_sigabrt              0000000140013650 f   LIBCMTD:winsig.obj
 0001:00012670       _initp_misc_winsig         0000000140013670 f   LIBCMTD:winsig.obj
 0001:000126b0       raise                      00000001400136b0 f   LIBCMTD:winsig.obj
 0001:00012b20       __crtMessageBoxW           0000000140013b20 f   LIBCMTD:crtmboxw.obj
 0001:00012f90       __crtMessageBoxWaitThreadW 0000000140013f90 f   LIBCMTD:crtmboxw.obj
 0001:00012fe0       _CrtDbgBreak               0000000140013fe0 f   LIBCMTD:dbgrptt.obj
 0001:00012ff0       _VCrtDbgReportA            0000000140013ff0 f   LIBCMTD:dbgrptt.obj
 0001:000139c0       _VCrtDbgReportW            00000001400149c0 f   LIBCMTD:dbgrptt.obj
 0001:00014500       __isa_available_init       0000000140015500 f   LIBCMTD:cpu_disp.obj
 0001:00014840       __addlocaleref             0000000140015840 f   LIBCMTD:localref.obj
 0001:00014990       __freetlocinfo             0000000140015990 f   LIBCMTD:localref.obj
 0001:00014d40       __removelocaleref          0000000140015d40 f   LIBCMTD:localref.obj
 0001:00014ea0       __updatetlocinfo           0000000140015ea0 f   LIBCMTD:localref.obj
 0001:00014f40       _updatetlocinfoEx_nolock   0000000140015f40 f   LIBCMTD:localref.obj
 0001:00014fe0       __initmbctable             0000000140015fe0 f   LIBCMTD:mbctype.obj
 0001:00015670       __updatetmbcinfo           0000000140016670 f   LIBCMTD:mbctype.obj
 0001:00015780       _setmbcp                   0000000140016780 f   LIBCMTD:mbctype.obj
 0001:00015a70       _setmbcp_nolock            0000000140016a70 f   LIBCMTD:mbctype.obj
 0001:00015ec0       _isleadbyte_l              0000000140016ec0 f i LIBCMTD:_wctype.obj
 0001:00015f20       isleadbyte                 0000000140016f20 f i LIBCMTD:_wctype.obj
 0001:00015f50       strlen                     0000000140016f50 f   LIBCMTD:strlen.obj
 0001:00016000       _get_printf_count_output   0000000140017000 f   LIBCMTD:printf.obj
 0001:00016030       _wctomb_s_l                0000000140017030 f   LIBCMTD:wctomb.obj
 0001:000164d0       wctomb_s                   00000001400174d0 f   LIBCMTD:wctomb.obj
 0001:00016520       _chvalidator               0000000140017520 f   LIBCMTD:isctype.obj
 0001:00016590       _chvalidator_l             0000000140017590 f   LIBCMTD:isctype.obj
 0001:000166a0       _isctype_l                 00000001400176a0 f   LIBCMTD:isctype.obj
 0001:00016890       memmove                    0000000140017890 f   LIBCMTD:memcpy.obj
 0001:00016890       memcpy                     0000000140017890 f   LIBCMTD:memcpy.obj
 0001:00016e00       _free_base                 0000000140017e00 f   LIBCMTD:free.obj
 0001:00016e60       _realloc_base              0000000140017e60 f   LIBCMTD:realloc.obj
 0001:00016f80       _expand_base               0000000140017f80 f   LIBCMTD:expand.obj
 0001:00017160       _CrtDbgReport              0000000140018160 f   LIBCMTD:dbgrpt.obj
 0001:000171e0       _CrtDbgReportV             00000001400181e0 f i LIBCMTD:dbgrpt.obj
 0001:00017240       __crtMessageWindowA        0000000140018240 f   LIBCMTD:dbgrpt.obj
 0001:000178c0       _callnewh                  00000001400188c0 f   LIBCMTD:handler.obj
 0001:00017900       _initp_heap_handler        0000000140018900 f   LIBCMTD:handler.obj
 0001:00017920       _heapchk                   0000000140018920 f   LIBCMTD:heapchk.obj
 0001:00017960       _snprintf_s                0000000140018960 f   LIBCMTD:sprintf.obj
 0001:000179c0       sprintf_s                  00000001400189c0 f   LIBCMTD:sprintf.obj
 0001:00017a10       _heap_alloc_base           0000000140018a10 f i LIBCMTD:malloc.obj
 0001:00017a80       _malloc_base               0000000140018a80 f   LIBCMTD:malloc.obj
 0001:00017b20       _isdigit_l                 0000000140018b20 f i LIBCMTD:_ctype.obj
 0001:00017bc0       isdigit                    0000000140018bc0 f i LIBCMTD:_ctype.obj
 0001:00017c00       _tolower_l                 0000000140018c00 f   LIBCMTD:tolower.obj
 0001:00017f60       tolower                    0000000140018f60 f   LIBCMTD:tolower.obj
 0001:00017fb0       strcpy_s                   0000000140018fb0 f   LIBCMTD:strcpy_s.obj
 0001:00018450       strrchr                    0000000140019450 f   LIBCMTD:strrchr.obj
 0001:00018870       _fptostr                   0000000140019870 f   LIBCMTD:_fptostr.obj
 0001:00018cd0       __crt_atoflt_l             0000000140019cd0 f   LIBCMTD:atodbl.obj
 0001:00018e70       _atodbl_l                  0000000140019e70 f   LIBCMTD:atodbl.obj
 0001:00018ff0       _atoflt_l                  0000000140019ff0 f   LIBCMTD:atodbl.obj
 0001:00019020       __dtold                    000000014001a020 f   LIBCMTD:cfout.obj
 0001:000191d0       _fltout2                   000000014001a1d0 f   LIBCMTD:cfout.obj
 0001:000192e0       _fptrap                    000000014001a2e0 f   LIBCMTD:crt0fp.obj
 0001:00019300       ?_inconsistency@@YAXXZ     000000014001a300 f   LIBCMTD:hooks.obj
 0001:00019330       ?terminate@@YAXXZ          000000014001a330 f   LIBCMTD:hooks.obj
 0001:00019360       _initp_eh_hooks            000000014001a360 f   LIBCMTD:hooks.obj
 0001:00019390       _FindPESection             000000014001a390 f   LIBCMTD:pesect.obj
 0001:00019440       _IsNonwritableInCurrentImage 000000014001a440 f   LIBCMTD:pesect.obj
 0001:000194d0       _ValidateImageBase         000000014001a4d0 f   LIBCMTD:pesect.obj
 0001:00019550       __onexitinit               000000014001a550 f   LIBCMTD:onexit.obj
 0001:000195c0       _onexit                    000000014001a5c0 f   LIBCMTD:onexit.obj
 0001:000197d0       atexit                     000000014001a7d0 f   LIBCMTD:onexit.obj
 0001:00019810       _initp_misc_purevirt       000000014001a810 f   LIBCMTD:inithelp.obj
 0001:00019830       _initp_misc_rand_s         000000014001a830 f   LIBCMTD:rand_s.obj
 0001:00019860       _local_unwind              000000014001a860 f   LIBCMTD:jmpuwind.obj
 0001:00019890       _NLG_Notify                000000014001a890 f   LIBCMTD:jmpuwind.obj
 0001:000198b0       __NLG_Dispatch2            000000014001a8b0 f   LIBCMTD:jmpuwind.obj
 0001:000198c0       __NLG_Return2              000000014001a8c0 f   LIBCMTD:jmpuwind.obj
 0001:000199a0       _ismbblead                 000000014001a9a0 f   LIBCMTD:ismbbyte.obj
 0001:000199d0       wcscat_s                   000000014001a9d0 f   LIBCMTD:wcscat_s.obj
 0001:0001a000       wcsncpy_s                  000000014001b000 f   LIBCMTD:wcsncpy_s.obj
 0001:0001a6a0       _fcloseall                 000000014001b6a0 f   LIBCMTD:closeall.obj
 0001:0001a7a0       _fflush_nolock             000000014001b7a0 f   LIBCMTD:fflush.obj
 0001:0001a820       _flush                     000000014001b820 f   LIBCMTD:fflush.obj
 0001:0001a910       _flushall                  000000014001b910 f   LIBCMTD:fflush.obj
 0001:0001aaa0       __lock_fhandle             000000014001baa0 f   LIBCMTD:osfinfo.obj
 0001:0001ab70       _free_osfhnd               000000014001bb70 f   LIBCMTD:osfinfo.obj
 0001:0001aca0       _get_osfhandle             000000014001bca0 f   LIBCMTD:osfinfo.obj
 0001:0001aea0       _unlock_fhandle            000000014001bea0 f   LIBCMTD:osfinfo.obj
 0001:0001aee0       _mbtowc_l                  000000014001bee0 f   LIBCMTD:mbtowc.obj
 0001:0001b220       mbtowc                     000000014001c220 f   LIBCMTD:mbtowc.obj
 0001:0001b250       _putwch_nolock             000000014001c250 f   LIBCMTD:putwch.obj
 0001:0001b2c0       _vsnwprintf_s              000000014001c2c0 f   LIBCMTD:vswprnc.obj
 0001:0001b310       _vsnwprintf_s_l            000000014001c310 f   LIBCMTD:vswprnc.obj
 0001:0001b8c0       _vswprintf_helper          000000014001c8c0 f   LIBCMTD:vswprnc.obj
 0001:0001bc10       strcat_s                   000000014001cc10 f   LIBCMTD:strcat_s.obj
 0001:0001c220       _itoa_s                    000000014001d220 f   LIBCMTD:xtoas.obj
 0001:0001c850       _mbstowcs_l_helper         000000014001d850 f   LIBCMTD:mbstowcs.obj
 0001:0001cdc0       _mbstowcs_s_l              000000014001ddc0 f   LIBCMTD:mbstowcs.obj
 0001:0001d350       mbstowcs_s                 000000014001e350 f   LIBCMTD:mbstowcs.obj
 0001:0001d430       _wcstombs_l_helper         000000014001e430 f   LIBCMTD:wcstombs.obj
 0001:0001dc40       _wcstombs_s_l              000000014001ec40 f   LIBCMTD:wcstombs.obj
 0001:0001e140       wcstombs_s                 000000014001f140 f   LIBCMTD:wcstombs.obj
 0001:0001e190       _itow_s                    000000014001f190 f   LIBCMTD:xtows.obj
 0001:0001e7e0       __GSHandlerCheck_SEH       000000014001f7e0 f   LIBCMTD:gshandlerseh.obj
 0001:0001e8a0       __free_lconv_mon           000000014001f8a0 f   LIBCMTD:initmon.obj
 0001:0001eab0       __free_lconv_num           000000014001fab0 f   LIBCMTD:initnum.obj
 0001:0001eb90       __free_lc_time             000000014001fb90 f   LIBCMTD:inittime.obj
 0001:0001fad0       _MallocaIsSizeInRange      0000000140020ad0 f i LIBCMTD:a_map.obj
 0001:0001fb10       _MarkAllocaS               0000000140020b10 f i LIBCMTD:a_map.obj
 0001:0001fb40       __crtLCMapStringA          0000000140020b40 f   LIBCMTD:a_map.obj
 0001:0001fbf0       _freea                     0000000140020bf0 f i LIBCMTD:a_map.obj
 0001:0001fe40       __crtGetStringTypeA        0000000140020e40 f   LIBCMTD:a_str.obj
 0001:0001ff60       ?_GetEstablisherFrame@@YAPEA_KPEA_KPEAU_xDISPATCHER_CONTEXT@@PEBU_s_FuncInfo@@0@Z 0000000140020f60 f   LIBCMTD:trnsctrl.obj
 0001:000200d0       ?_GetRangeOfTrysToCheck@@YAPEBU_s_TryBlockMapEntry@@PEA_KPEBU_s_FuncInfo@@HHPEAI2PEAU_xDISPATCHER_CONTEXT@@@Z 00000001400210d0 f   LIBCMTD:trnsctrl.obj
 0001:000202f0       ?__FrameUnwindToEmptyState@@YAXPEA_KPEAU_xDISPATCHER_CONTEXT@@PEBU_s_FuncInfo@@@Z 00000001400212f0 f   LIBCMTD:trnsctrl.obj
 0001:00020390       ?__SehTransFilter@@YAHPEAU_EXCEPTION_POINTERS@@PEAUEHExceptionRecord@@PEA_KPEAU_CONTEXT@@PEAU_xDISPATCHER_CONTEXT@@PEBU_s_FuncInfo@@PEAH@Z 0000000140021390 f   LIBCMTD:trnsctrl.obj
 0001:00020450       _CallSETranslator          0000000140021450 f   LIBCMTD:trnsctrl.obj
 0001:000204d0       _CreateFrameInfo           00000001400214d0 f   LIBCMTD:trnsctrl.obj
 0001:00020550       _FindAndUnlinkFrame        0000000140021550 f   LIBCMTD:trnsctrl.obj
 0001:000205e0       _GetImageBase              00000001400215e0 f   LIBCMTD:trnsctrl.obj
 0001:00020600       _GetThrowImageBase         0000000140021600 f   LIBCMTD:trnsctrl.obj
 0001:00020620       _IsExceptionObjectToBeDestroyed 0000000140021620 f   LIBCMTD:trnsctrl.obj
 0001:00020680       _SetImageBase              0000000140021680 f   LIBCMTD:trnsctrl.obj
 0001:000206a0       _SetThrowImageBase         00000001400216a0 f   LIBCMTD:trnsctrl.obj
 0001:000206c0       _UnwindNestedFrames        00000001400216c0 f   LIBCMTD:trnsctrl.obj
 0001:00020830       __CxxFrameHandler3         0000000140021830 f   LIBCMTD:trnsctrl.obj
 0001:000208f0       _locterm                   00000001400218f0 f   LIBCMTD:wsetloca.obj
 0001:00020940       _CopyMan                   0000000140021940 f i LIBCMTD:intrncvt.obj
 0001:000209b0       _FillZeroMan               00000001400219b0 f i LIBCMTD:intrncvt.obj
 0001:000209f0       _IncMan                    00000001400219f0 f i LIBCMTD:intrncvt.obj
 0001:00020ad0       _IsZeroMan                 0000000140021ad0 f i LIBCMTD:intrncvt.obj
 0001:00020b10       _RoundMan                  0000000140021b10 f i LIBCMTD:intrncvt.obj
 0001:00020c20       _ShrMan                    0000000140021c20 f i LIBCMTD:intrncvt.obj
 0001:00020d60       _ZeroTail                  0000000140021d60 f i LIBCMTD:intrncvt.obj
 0001:00020e10       __addl                     0000000140021e10 f i LIBCMTD:intrncvt.obj
 0001:00020e70       _ld12cvt                   0000000140021e70 f i LIBCMTD:intrncvt.obj
 0001:000211e0       _ld12tod                   00000001400221e0 f   LIBCMTD:intrncvt.obj
 0001:00021210       _ld12tof                   0000000140022210 f   LIBCMTD:intrncvt.obj
 0001:00021240       __ld12mul                  0000000140022240 f i LIBCMTD:strgtold.obj
 0001:000217b0       __multtenpow12             00000001400227b0 f i LIBCMTD:strgtold.obj
 0001:000218e0       __shl_12                   00000001400228e0 f i LIBCMTD:strgtold.obj
 0001:00021980       __shr_12                   0000000140022980 f i LIBCMTD:strgtold.obj
 0001:00021a20       __strgtold12_l             0000000140022a20 f   LIBCMTD:strgtold.obj
 0001:00022800       $I10_OUTPUT                0000000140023800 f   LIBCMTD:x10fout.obj
 0001:000230c0       __add_12                   00000001400240c0 f i LIBCMTD:x10fout.obj
 0001:000231a0       abort                      00000001400241a0 f   LIBCMTD:abort.obj
 0001:00023230       GetTableIndexFromLocaleName 0000000140024230 f   LIBCMTD:winapinls.obj
 0001:000232e0       __crtDownlevelLocaleNameToLCID 00000001400242e0 f   LIBCMTD:winapinls.obj
 0001:00023340       __crtLCMapStringEx         0000000140024340 f   LIBCMTD:winapinls.obj
 0001:00023420       __wcsnicmp_ascii           0000000140024420 f   LIBCMTD:winapinls.obj
 0001:00023530       _fclose_nolock             0000000140024530 f   LIBCMTD:fclose.obj
 0001:00023680       fclose                     0000000140024680 f   LIBCMTD:fclose.obj
 0001:00023780       _commit                    0000000140024780 f   LIBCMTD:commit.obj
 0001:00023a10       __termconout               0000000140024a10 f   LIBCMTD:initcon.obj
 0001:00023a40       __initconout               0000000140024a40 f   LIBCMTD:initcon.obj
 0001:00023a90       _woutput_s_l               0000000140024a90 f   LIBCMTD:woutputs.obj
 0001:00025380       _fputwc_nolock             0000000140026380 f   LIBCMTD:fputwc.obj
 0001:000257e0       free                       00000001400267e0 f   LIBCMTD:dbgfree.obj
 0001:00025800       malloc                     0000000140026800 f   LIBCMTD:dbgmalloc.obj
 0001:00025840       __DestructExceptionObject  0000000140026840 f   LIBCMTD:frame.obj
 0001:00025930       ??0bad_exception@std@@QEAA@AEBV01@@Z 0000000140026930 f i LIBCMTD:frame.obj
 0001:00025970       ??0bad_exception@std@@QEAA@PEBD@Z 0000000140026970 f i LIBCMTD:frame.obj
 0001:000259b0       ??1bad_exception@std@@UEAA@XZ 00000001400269b0 f i LIBCMTD:frame.obj
 0001:000259e0       ??_Ebad_exception@std@@UEAAPEAXI@Z 00000001400269e0 f i LIBCMTD:frame.obj
 0001:000259e0       ??_Gbad_exception@std@@UEAAPEAXI@Z 00000001400269e0 f i LIBCMTD:frame.obj
 0001:000269b0       __AdjustPointer            00000001400279b0 f   LIBCMTD:frame.obj
 0001:00026a30       __BuildCatchObject         0000000140027a30 f   LIBCMTD:frame.obj
 0001:00026b70       __BuildCatchObjectHelper   0000000140027b70 f   LIBCMTD:frame.obj
 0001:00026fa0       __CxxCallCatchBlock        0000000140027fa0 f   LIBCMTD:frame.obj
 0001:00027210       __FrameUnwindFilter        0000000140028210 f   LIBCMTD:frame.obj
 0001:000272a0       __FrameUnwindToState       00000001400282a0 f   LIBCMTD:frame.obj
 0001:00027500       __InternalCxxFrameHandler  0000000140028500 f   LIBCMTD:frame.obj
 0001:00027920       __TypeMatch                0000000140028920 f   LIBCMTD:frame.obj
 0001:00027b10       ?__GetCurrentState@@YAHPEA_KPEAU_xDISPATCHER_CONTEXT@@PEBU_s_FuncInfo@@@Z 0000000140028b10 f   LIBCMTD:ehstate.obj
 0001:00027b70       ?__GetUnwindTryBlock@@YAHPEA_KPEAU_xDISPATCHER_CONTEXT@@PEBU_s_FuncInfo@@@Z 0000000140028b70 f   LIBCMTD:ehstate.obj
 0001:00027bc0       ?__SetState@@YAXPEA_KPEAU_xDISPATCHER_CONTEXT@@PEBU_s_FuncInfo@@H@Z 0000000140028bc0 f   LIBCMTD:ehstate.obj
 0001:00027bf0       ?__SetUnwindTryBlock@@YAXPEA_KPEAU_xDISPATCHER_CONTEXT@@PEBU_s_FuncInfo@@H@Z 0000000140028bf0 f   LIBCMTD:ehstate.obj
 0001:00027c60       ?__StateFromControlPc@@YAHPEBU_s_FuncInfo@@PEAU_xDISPATCHER_CONTEXT@@@Z 0000000140028c60 f   LIBCMTD:ehstate.obj
 0001:00027c90       ?__StateFromIp@@YAHPEBU_s_FuncInfo@@PEAU_xDISPATCHER_CONTEXT@@_J@Z 0000000140028c90 f   LIBCMTD:ehstate.obj
 0001:00027d80       memcmp                     0000000140028d80 f   LIBCMTD:memcmp.obj
 0001:00027e50       __mtold12                  0000000140028e50 f   LIBCMTD:mantold.obj
 0001:00027fe0       _close                     0000000140028fe0 f   LIBCMTD:close.obj
 0001:00028260       _close_nolock              0000000140029260 f   LIBCMTD:close.obj
 0001:00028370       _freebuf                   0000000140029370 f   LIBCMTD:_freebuf.obj
 0001:00028430       _flswbuf                   0000000140029430 f   LIBCMTD:_flswbuf.obj
 0001:000287e0       ??3@YAXPEAX@Z              00000001400297e0 f   LIBCMTD:dbgdel.obj
 0001:000288c0       strcmp                     00000001400298c0 f   LIBCMTD:strcmp.obj
 0001:00028930       ?_ValidateExecute@@YAHP6A_JXZ@Z 0000000140029930 f   LIBCMTD:validate.obj
 0001:00028960       ?_ValidateWrite@@YAHPEAXI@Z 0000000140029960 f   LIBCMTD:validate.obj
 0001:00028960       ?_ValidateRead@@YAHPEBXI@Z 0000000140029960 f   LIBCMTD:validate.obj
 0001:000289a0       _CallSettingFrame          00000001400299a0 f   LIBCMTD:handlers.obj
 0001:000289e0       _GetNextInstrOffset        00000001400299e0 f   LIBCMTD:handlers.obj
 0001:000289f0       ??1type_info@@UEAA@XZ      00000001400299f0 f   LIBCMTD:typinfo.obj
 0001:00028a20       ??8type_info@@QEBA_NAEBV0@@Z 0000000140029a20 f   LIBCMTD:typinfo.obj
 0001:00028a70       ??_Etype_info@@UEAAPEAXI@Z 0000000140029a70 f i LIBCMTD:typinfo.obj
 0001:00028a70       ??_Gtype_info@@UEAAPEAXI@Z 0000000140029a70 f i LIBCMTD:typinfo.obj
 0001:00028ab0       ??0exception@std@@QEAA@AEBQEBD@Z 0000000140029ab0 f   LIBCMTD:stdexcpt.obj
 0001:00028b00       ??0exception@std@@QEAA@AEBV01@@Z 0000000140029b00 f   LIBCMTD:stdexcpt.obj
 0001:00028b50       ??1exception@std@@UEAA@XZ  0000000140029b50 f   LIBCMTD:stdexcpt.obj
 0001:00028b80       ??4exception@std@@QEAAAEAV01@AEBV01@@Z 0000000140029b80 f   LIBCMTD:stdexcpt.obj
 0001:00028bf0       ??_Gexception@std@@UEAAPEAXI@Z 0000000140029bf0 f i LIBCMTD:stdexcpt.obj
 0001:00028bf0       ??_Eexception@std@@UEAAPEAXI@Z 0000000140029bf0 f i LIBCMTD:stdexcpt.obj
 0001:00028c30       ?_Copy_str@exception@std@@AEAAXPEBD@Z 0000000140029c30 f   LIBCMTD:stdexcpt.obj
 0001:00028ca0       ?_Tidy@exception@std@@AEAAXXZ 0000000140029ca0 f   LIBCMTD:stdexcpt.obj
 0001:00028ce0       ?what@exception@std@@UEBAPEBDXZ 0000000140029ce0 f   LIBCMTD:stdexcpt.obj
 0001:00028d20       _CxxThrowException         0000000140029d20 f   LIBCMTD:throw.obj
 0001:00028e40       ?_Type_info_dtor@type_info@@CAXPEAV1@@Z 0000000140029e40 f   LIBCMTD:typname.obj
 0001:00028f50       IsProcessorFeaturePresent  0000000140029f50 f   kernel32:KERNEL32.dll
 0001:00028f56       RtlUnwindEx                0000000140029f56 f   kernel32:KERNEL32.dll
 0002:00000000       __imp_PatBlt               000000014002b000     gdi32:GDI32.dll
 0002:00000008       __imp_StretchDIBits        000000014002b008     gdi32:GDI32.dll
 0002:00000010       \177GDI32_NULL_THUNK_DATA  000000014002b010     gdi32:GDI32.dll
 0002:00000018       __imp_CreateFileW          000000014002b018     kernel32:KERNEL32.dll
 0002:00000020       __imp_FlushFileBuffers     000000014002b020     kernel32:KERNEL32.dll
 0002:00000028       __imp_LCMapStringW         000000014002b028     kernel32:KERNEL32.dll
 0002:00000030       __imp_RtlPcToFileHeader    000000014002b030     kernel32:KERNEL32.dll
 0002:00000038       __imp_GetStringTypeW       000000014002b038     kernel32:KERNEL32.dll
 0002:00000040       __imp_SetStdHandle         000000014002b040     kernel32:KERNEL32.dll
 0002:00000048       __imp_HeapAlloc            000000014002b048     kernel32:KERNEL32.dll
 0002:00000050       __imp_HeapQueryInformation 000000014002b050     kernel32:KERNEL32.dll
 0002:00000058       __imp_HeapReAlloc          000000014002b058     kernel32:KERNEL32.dll
 0002:00000060       __imp_HeapFree             000000014002b060     kernel32:KERNEL32.dll
 0002:00000068       __imp_GetCPInfo            000000014002b068     kernel32:KERNEL32.dll
 0002:00000070       __imp_GetOEMCP             000000014002b070     kernel32:KERNEL32.dll
 0002:00000078       __imp_GetACP               000000014002b078     kernel32:KERNEL32.dll
 0002:00000080       __imp_RaiseException       000000014002b080     kernel32:KERNEL32.dll
 0002:00000088       __imp_CompareFileTime      000000014002b088     kernel32:KERNEL32.dll
 0002:00000090       __imp_CreateFileA          000000014002b090     kernel32:KERNEL32.dll
 0002:00000098       __imp_FindClose            000000014002b098     kernel32:KERNEL32.dll
 0002:000000a0       __imp_FindFirstFileA       000000014002b0a0     kernel32:KERNEL32.dll
 0002:000000a8       __imp_GetFileSizeEx        000000014002b0a8     kernel32:KERNEL32.dll
 0002:000000b0       __imp_ReadFile             000000014002b0b0     kernel32:KERNEL32.dll
 0002:000000b8       __imp_WriteFile            000000014002b0b8     kernel32:KERNEL32.dll
 0002:000000c0       __imp_OutputDebugStringA   000000014002b0c0     kernel32:KERNEL32.dll
 0002:000000c8       __imp_CloseHandle          000000014002b0c8     kernel32:KERNEL32.dll
 0002:000000d0       __imp_QueryPerformanceCounter 000000014002b0d0     kernel32:KERNEL32.dll
 0002:000000d8       __imp_QueryPerformanceFrequency 000000014002b0d8     kernel32:KERNEL32.dll
 0002:000000e0       __imp_ReleaseSemaphore     000000014002b0e0     kernel32:KERNEL32.dll
 0002:000000e8       __imp_WaitForSingleObjectEx 000000014002b0e8     kernel32:KERNEL32.dll
 0002:000000f0       __imp_CreateThread         000000014002b0f0     kernel32:KERNEL32.dll
 0002:000000f8       __imp_VirtualAlloc         000000014002b0f8     kernel32:KERNEL32.dll
 0002:00000100       __imp_VirtualFree          000000014002b100     kernel32:KERNEL32.dll
 0002:00000108       __imp_FreeLibrary          000000014002b108     kernel32:KERNEL32.dll
 0002:00000110       __imp_GetModuleFileNameA   000000014002b110     kernel32:KERNEL32.dll
 0002:00000118       __imp_GetProcAddress       000000014002b118     kernel32:KERNEL32.dll
 0002:00000120       __imp_CreateSemaphoreExA   000000014002b120     kernel32:KERNEL32.dll
 0002:00000128       __imp_LoadLibraryA         000000014002b128     kernel32:KERNEL32.dll
 0002:00000130       __imp_CopyFileA            000000014002b130     kernel32:KERNEL32.dll
 0002:00000138       __imp_GetCommandLineA      000000014002b138     kernel32:KERNEL32.dll
 0002:00000140       __imp_IsDebuggerPresent    000000014002b140     kernel32:KERNEL32.dll
 0002:00000148       __imp_EncodePointer        000000014002b148     kernel32:KERNEL32.dll
 0002:00000150       __imp_DecodePointer        000000014002b150     kernel32:KERNEL32.dll
 0002:00000158       __imp_IsProcessorFeaturePresent 000000014002b158     kernel32:KERNEL32.dll
 0002:00000160       __imp_GetModuleFileNameW   000000014002b160     kernel32:KERNEL32.dll
 0002:00000168       __imp_GetModuleHandleExW   000000014002b168     kernel32:KERNEL32.dll
 0002:00000170       __imp_HeapSize             000000014002b170     kernel32:KERNEL32.dll
 0002:00000178       __imp_HeapValidate         000000014002b178     kernel32:KERNEL32.dll
 0002:00000180       __imp_GetSystemInfo        000000014002b180     kernel32:KERNEL32.dll
 0002:00000188       __imp_GetLastError         000000014002b188     kernel32:KERNEL32.dll
 0002:00000190       __imp_SetLastError         000000014002b190     kernel32:KERNEL32.dll
 0002:00000198       __imp_GetCurrentThreadId   000000014002b198     kernel32:KERNEL32.dll
 0002:000001a0       __imp_ExitProcess          000000014002b1a0     kernel32:KERNEL32.dll
 0002:000001a8       __imp_MultiByteToWideChar  000000014002b1a8     kernel32:KERNEL32.dll
 0002:000001b0       __imp_WideCharToMultiByte  000000014002b1b0     kernel32:KERNEL32.dll
 0002:000001b8       __imp_GetProcessHeap       000000014002b1b8     kernel32:KERNEL32.dll
 0002:000001c0       __imp_GetStdHandle         000000014002b1c0     kernel32:KERNEL32.dll
 0002:000001c8       __imp_GetFileType          000000014002b1c8     kernel32:KERNEL32.dll
 0002:000001d0       __imp_DeleteCriticalSection 000000014002b1d0     kernel32:KERNEL32.dll
 0002:000001d8       __imp_GetStartupInfoW      000000014002b1d8     kernel32:KERNEL32.dll
 0002:000001e0       __imp_GetCurrentProcessId  000000014002b1e0     kernel32:KERNEL32.dll
 0002:000001e8       __imp_GetSystemTimeAsFileTime 000000014002b1e8     kernel32:KERNEL32.dll
 0002:000001f0       __imp_GetEnvironmentStringsW 000000014002b1f0     kernel32:KERNEL32.dll
 0002:000001f8       __imp_FreeEnvironmentStringsW 000000014002b1f8     kernel32:KERNEL32.dll
 0002:00000200       __imp_RtlCaptureContext    000000014002b200     kernel32:KERNEL32.dll
 0002:00000208       __imp_RtlLookupFunctionEntry 000000014002b208     kernel32:KERNEL32.dll
 0002:00000210       __imp_RtlVirtualUnwind     000000014002b210     kernel32:KERNEL32.dll
 0002:00000218       __imp_UnhandledExceptionFilter 000000014002b218     kernel32:KERNEL32.dll
 0002:00000220       __imp_SetUnhandledExceptionFilter 000000014002b220     kernel32:KERNEL32.dll
 0002:00000228       __imp_InitializeCriticalSectionAndSpinCount 000000014002b228     kernel32:KERNEL32.dll
 0002:00000230       __imp_GetCurrentProcess    000000014002b230     kernel32:KERNEL32.dll
 0002:00000238       __imp_TerminateProcess     000000014002b238     kernel32:KERNEL32.dll
 0002:00000240       __imp_TlsAlloc             000000014002b240     kernel32:KERNEL32.dll
 0002:00000248       __imp_TlsGetValue          000000014002b248     kernel32:KERNEL32.dll
 0002:00000250       __imp_TlsSetValue          000000014002b250     kernel32:KERNEL32.dll
 0002:00000258       __imp_TlsFree              000000014002b258     kernel32:KERNEL32.dll
 0002:00000260       __imp_GetModuleHandleW     000000014002b260     kernel32:KERNEL32.dll
 0002:00000268       __imp_RtlUnwindEx          000000014002b268     kernel32:KERNEL32.dll
 0002:00000270       __imp_EnterCriticalSection 000000014002b270     kernel32:KERNEL32.dll
 0002:00000278       __imp_LeaveCriticalSection 000000014002b278     kernel32:KERNEL32.dll
 0002:00000280       __imp_GetConsoleCP         000000014002b280     kernel32:KERNEL32.dll
 0002:00000288       __imp_GetConsoleMode       000000014002b288     kernel32:KERNEL32.dll
 0002:00000290       __imp_SetFilePointerEx     000000014002b290     kernel32:KERNEL32.dll
 0002:00000298       __imp_OutputDebugStringW   000000014002b298     kernel32:KERNEL32.dll
 0002:000002a0       __imp_LoadLibraryExW       000000014002b2a0     kernel32:KERNEL32.dll
 0002:000002a8       __imp_WriteConsoleW        000000014002b2a8     kernel32:KERNEL32.dll
 0002:000002b0       __imp_IsValidCodePage      000000014002b2b0     kernel32:KERNEL32.dll
 0002:000002b8       \177KERNEL32_NULL_THUNK_DATA 000000014002b2b8     kernel32:KERNEL32.dll
 0002:000002c0       __imp_GetMonitorInfoA      000000014002b2c0     user32:USER32.dll
 0002:000002c8       __imp_MonitorFromWindow    000000014002b2c8     user32:USER32.dll
 0002:000002d0       __imp_SetWindowLongA       000000014002b2d0     user32:USER32.dll
 0002:000002d8       __imp_GetWindowLongA       000000014002b2d8     user32:USER32.dll
 0002:000002e0       __imp_ScreenToClient       000000014002b2e0     user32:USER32.dll
 0002:000002e8       __imp_GetCursorPos         000000014002b2e8     user32:USER32.dll
 0002:000002f0       __imp_GetClientRect        000000014002b2f0     user32:USER32.dll
 0002:000002f8       __imp_EndPaint             000000014002b2f8     user32:USER32.dll
 0002:00000300       __imp_BeginPaint           000000014002b300     user32:USER32.dll
 0002:00000308       __imp_ReleaseDC            000000014002b308     user32:USER32.dll
 0002:00000310       __imp_GetDC                000000014002b310     user32:USER32.dll
 0002:00000318       __imp_GetKeyState          000000014002b318     user32:USER32.dll
 0002:00000320       __imp_SetWindowPlacement   000000014002b320     user32:USER32.dll
 0002:00000328       __imp_GetWindowPlacement   000000014002b328     user32:USER32.dll
 0002:00000330       __imp_SetWindowPos         000000014002b330     user32:USER32.dll
 0002:00000338       __imp_CreateWindowExA      000000014002b338     user32:USER32.dll
 0002:00000340       __imp_RegisterClassExA     000000014002b340     user32:USER32.dll
 0002:00000348       __imp_DefWindowProcA       000000014002b348     user32:USER32.dll
 0002:00000350       __imp_PeekMessageA         000000014002b350     user32:USER32.dll
 0002:00000358       __imp_DispatchMessageA     000000014002b358     user32:USER32.dll
 0002:00000360       __imp_TranslateMessage     000000014002b360     user32:USER32.dll
 0002:00000368       \177USER32_NULL_THUNK_DATA 000000014002b368     user32:USER32.dll
 0002:00000370       __xc_a                     000000014002b370     LIBCMTD:crt0init.obj
 0002:00000378       __xc_z                     000000014002b378     LIBCMTD:crt0init.obj
 0002:00000380       __xi_a                     000000014002b380     LIBCMTD:crt0init.obj
 0002:000003b0       __xi_z                     000000014002b3b0     LIBCMTD:crt0init.obj
 0002:000003b8       __xp_a                     000000014002b3b8     LIBCMTD:crt0init.obj
 0002:000003d8       __xp_z                     000000014002b3d8     LIBCMTD:crt0init.obj
 0002:000003e0       __xt_a                     000000014002b3e0     LIBCMTD:crt0init.obj
 0002:000003e8       __xt_z                     000000014002b3e8     LIBCMTD:crt0init.obj
 0002:000005e4       __real@3f000000            000000014002b5e4     win32_dolphin.obj
 0002:000005e8       __real@3f800000            000000014002b5e8     win32_dolphin.obj
 0002:000005ec       __real@42055555            000000014002b5ec     win32_dolphin.obj
 0002:000005f0       __real@447a0000            000000014002b5f0     win32_dolphin.obj
 0002:000005f4       __real@46fffe00            000000014002b5f4     win32_dolphin.obj
 0002:000005f8       __real@47000000            000000014002b5f8     win32_dolphin.obj
 0002:000005fc       __real@49742400            000000014002b5fc     win32_dolphin.obj
 0002:00000600       __real@5f800000            000000014002b600     win32_dolphin.obj
 0002:00000604       __real@bf800000            000000014002b604     win32_dolphin.obj
 0002:00000610       __xmm@80000000800000008000000080000000 000000014002b610     win32_dolphin.obj
 0002:00000620       GUID_NULL                  000000014002b620     uuid:cguid_i.obj
 0002:00000630       ??_C@_1CC@MGIEJOME@?$AA?$CI?$AAf?$AAo?$AAr?$AAm?$AAa?$AAt?$AA?5?$AA?$CB?$AA?$DN?$AA?5?$AAN?$AAU?$AAL?$AAL?$AA?$CJ?$AA?$AA@ 000000014002b630     LIBCMTD:vsnprnc.obj
 0002:00000654       ??_C@_15GANGMFKL@?$AA?$CF?$AAs?$AA?$AA@ 000000014002b654     LIBCMTD:vsnprnc.obj
 0002:00000660       ??_C@_1FE@CKCGICM@?$AAf?$AA?3?$AA?2?$AAd?$AAd?$AA?2?$AAv?$AAc?$AAt?$AAo?$AAo?$AAl?$AAs?$AA?2?$AAc?$AAr?$AAt?$AA?2?$AAc?$AAr?$AAt?$AAw?$AA3?$AA2?$AA?2?$AAs?$AAt?$AAd?$AAi?$AAo?$AA?2?$AAv@ 000000014002b660     LIBCMTD:vsnprnc.obj
 0002:000006b8       ??_C@_1CE@PCFPEIFI@?$AA_?$AAv?$AAs?$AAn?$AAp?$AAr?$AAi?$AAn?$AAt?$AAf?$AA_?$AAh?$AAe?$AAl?$AAp?$AAe?$AAr?$AA?$AA@ 000000014002b6b8     LIBCMTD:vsnprnc.obj
 0002:000006e0       ??_C@_1EC@FABAOFFO@?$AA?$CI?$AAc?$AAo?$AAu?$AAn?$AAt?$AA?5?$AA?$DN?$AA?$DN?$AA?5?$AA0?$AA?$CJ?$AA?5?$AA?$HM?$AA?$HM?$AA?5?$AA?$CI?$AAs?$AAt?$AAr?$AAi?$AAn?$AAg?$AA?5?$AA?$CB?$AA?$DN?$AA?5?$AAN?$AAU?$AAL?$AAL?$AA?$CJ@ 000000014002b6e0     LIBCMTD:vsnprnc.obj
 0002:00000728       ??_C@_1BO@MLMCMBKN@?$AAf?$AAo?$AAr?$AAm?$AAa?$AAt?$AA?5?$AA?$CB?$AA?$DN?$AA?5?$AAN?$AAU?$AAL?$AAL?$AA?$AA@ 000000014002b728     LIBCMTD:vsnprnc.obj
 0002:00000748       ??_C@_1BM@BLJALHEF@?$AA_?$AAv?$AAs?$AAp?$AAr?$AAi?$AAn?$AAt?$AAf?$AA_?$AAs?$AA_?$AAl?$AA?$AA@ 000000014002b748     LIBCMTD:vsnprnc.obj
 0002:00000770       ??_C@_1EE@OKCKIGFK@?$AAs?$AAt?$AAr?$AAi?$AAn?$AAg?$AA?5?$AA?$CB?$AA?$DN?$AA?5?$AAN?$AAU?$AAL?$AAL?$AA?5?$AA?$CG?$AA?$CG?$AA?5?$AAs?$AAi?$AAz?$AAe?$AAI?$AAn?$AAB?$AAy?$AAt?$AAe?$AAs?$AA?5?$AA?$DO?$AA?5@ 000000014002b770     LIBCMTD:vsnprnc.obj
 0002:000007b8       ??_C@_1DA@HPBFKMEB@?$AA?$CI?$AA?$CC?$AAB?$AAu?$AAf?$AAf?$AAe?$AAr?$AA?5?$AAt?$AAo?$AAo?$AA?5?$AAs?$AAm?$AAa?$AAl?$AAl?$AA?$CC?$AA?0?$AA?5?$AA0?$AA?$CJ?$AA?$AA@ 000000014002b7b8     LIBCMTD:vsnprnc.obj
 0002:000007e8       ??_C@_1BO@MMPELNIM@?$AA_?$AAv?$AAs?$AAn?$AAp?$AAr?$AAi?$AAn?$AAt?$AAf?$AA_?$AAs?$AA_?$AAl?$AA?$AA@ 000000014002b7e8     LIBCMTD:vsnprnc.obj
 0002:00000808       _FPinit                    000000014002b808     LIBCMTD:fpinit.obj
 0002:00000810       ??_C@_1BI@MFCLPIBM@?$AAs?$AAt?$AAr?$AA?5?$AA?$CB?$AA?$DN?$AA?5?$AAN?$AAU?$AAL?$AAL?$AA?$AA@ 000000014002b810     LIBCMTD:_flsbuf.obj
 0002:00000830       ??_C@_1FC@OBEHAONE@?$AAf?$AA?3?$AA?2?$AAd?$AAd?$AA?2?$AAv?$AAc?$AAt?$AAo?$AAo?$AAl?$AAs?$AA?2?$AAc?$AAr?$AAt?$AA?2?$AAc?$AAr?$AAt?$AAw?$AA3?$AA2?$AA?2?$AAs?$AAt?$AAd?$AAi?$AAo?$AA?2?$AA_@ 000000014002b830     LIBCMTD:_flsbuf.obj
 0002:00000890       ??_C@_1HO@MLMGPAFH@?$AA?$CI?$AA?$CC?$AAi?$AAn?$AAc?$AAo?$AAn?$AAs?$AAi?$AAs?$AAt?$AAe?$AAn?$AAt?$AA?5?$AAI?$AAO?$AAB?$AA?5?$AAf?$AAi?$AAe?$AAl?$AAd?$AAs?$AA?$CC?$AA?0?$AA?5?$AAs?$AAt?$AAr?$AAe@ 000000014002b890     LIBCMTD:_flsbuf.obj
 0002:00000928       ??_C@_1BA@GLMCNLEM@?$AAW?$AAa?$AAr?$AAn?$AAi?$AAn?$AAg?$AA?$AA@ 000000014002b928     LIBCMTD:dbgrptw.obj
 0002:00000938       ??_C@_1M@ILHOPKA@?$AAE?$AAr?$AAr?$AAo?$AAr?$AA?$AA@ 000000014002b938     LIBCMTD:dbgrptw.obj
 0002:00000948       ??_C@_1CC@CGHMNGDG@?$AAA?$AAs?$AAs?$AAe?$AAr?$AAt?$AAi?$AAo?$AAn?$AA?5?$AAF?$AAa?$AAi?$AAl?$AAe?$AAd?$AA?$AA@ 000000014002b948     LIBCMTD:dbgrptw.obj
 0002:00000970       ??_C@_17LGKOMLJ@?$AA?4?$AA?4?$AA?4?$AA?$AA@ 000000014002b970     LIBCMTD:dbgrptw.obj
 0002:00000980       ??_C@_1EO@JACJHHCK@?$AAf?$AA?3?$AA?2?$AAd?$AAd?$AA?2?$AAv?$AAc?$AAt?$AAo?$AAo?$AAl?$AAs?$AA?2?$AAc?$AAr?$AAt?$AA?2?$AAc?$AAr?$AAt?$AAw?$AA3?$AA2?$AA?2?$AAm?$AAi?$AAs?$AAc?$AA?2?$AAd?$AAb@ 000000014002b980     LIBCMTD:dbgrptw.obj
 0002:000009d0       ??_C@_1CI@PGJIFDEK@?$AA_?$AA_?$AAc?$AAr?$AAt?$AAM?$AAe?$AAs?$AAs?$AAa?$AAg?$AAe?$AAW?$AAi?$AAn?$AAd?$AAo?$AAw?$AAW?$AA?$AA@ 000000014002b9d0     LIBCMTD:dbgrptw.obj
 0002:00000a00       ??_C@_1GI@DEDNNLCI@?$AAw?$AAc?$AAs?$AAc?$AAp?$AAy?$AA_?$AAs?$AA?$CI?$AAs?$AAz?$AAE?$AAx?$AAe?$AAN?$AAa?$AAm?$AAe?$AA?0?$AA?5?$AA2?$AA6?$AA0?$AA?0?$AA?5?$AAL?$AA?$CC?$AA?$DM?$AAp?$AAr?$AAo?$AAg@ 000000014002ba00     LIBCMTD:dbgrptw.obj
 0002:00000a68       ??_C@_1CO@EAEJAADC@?$AA?$DM?$AAp?$AAr?$AAo?$AAg?$AAr?$AAa?$AAm?$AA?5?$AAn?$AAa?$AAm?$AAe?$AA?5?$AAu?$AAn?$AAk?$AAn?$AAo?$AAw?$AAn?$AA?$DO?$AA?$AA@ 000000014002ba68     LIBCMTD:dbgrptw.obj
 0002:00000aa0       ??_C@_1NO@LECLLHOL@?$AAm?$AAe?$AAm?$AAc?$AAp?$AAy?$AA_?$AAs?$AA?$CI?$AAs?$AAz?$AAS?$AAh?$AAo?$AAr?$AAt?$AAP?$AAr?$AAo?$AAg?$AAN?$AAa?$AAm?$AAe?$AA?0?$AA?5?$AAs?$AAi?$AAz?$AAe?$AAo?$AAf@ 000000014002baa0     LIBCMTD:dbgrptw.obj
 0002:00000b80       ??_C@_1OG@PMPPFHAF@?$AA?6?$AA?6?$AAF?$AAo?$AAr?$AA?5?$AAi?$AAn?$AAf?$AAo?$AAr?$AAm?$AAa?$AAt?$AAi?$AAo?$AAn?$AA?5?$AAo?$AAn?$AA?5?$AAh?$AAo?$AAw?$AA?5?$AAy?$AAo?$AAu?$AAr?$AA?5?$AAp?$AAr@ 000000014002bb80     LIBCMTD:dbgrptw.obj
 0002:00000c68       ??_C@_11LOCGONAA@?$AA?$AA@ 000000014002bc68     LIBCMTD:dbgrptw.obj
 0002:00000c70       ??_C@_1BK@PEDCIPMA@?$AAE?$AAx?$AAp?$AAr?$AAe?$AAs?$AAs?$AAi?$AAo?$AAn?$AA?3?$AA?5?$AA?$AA@ 000000014002bc70     LIBCMTD:dbgrptw.obj
 0002:00000c8c       ??_C@_15IABLJNFO@?$AA?6?$AA?6?$AA?$AA@ 000000014002bc8c     LIBCMTD:dbgrptw.obj
 0002:00000c98       ??_C@_1BA@GLLGCPCK@?$AA?6?$AAL?$AAi?$AAn?$AAe?$AA?3?$AA?5?$AA?$AA@ 000000014002bc98     LIBCMTD:dbgrptw.obj
 0002:00000ca8       ??_C@_1BA@LNHECFIM@?$AA?6?$AAF?$AAi?$AAl?$AAe?$AA?3?$AA?5?$AA?$AA@ 000000014002bca8     LIBCMTD:dbgrptw.obj
 0002:00000cb8       ??_C@_1BE@CGCJKGHI@?$AA?6?$AAM?$AAo?$AAd?$AAu?$AAl?$AAe?$AA?3?$AA?5?$AA?$AA@ 000000014002bcb8     LIBCMTD:dbgrptw.obj
 0002:00000cd0       ??_C@_1KM@HNMIBKJH@?$AAD?$AAe?$AAb?$AAu?$AAg?$AA?5?$AA?$CF?$AAs?$AA?$CB?$AA?6?$AA?6?$AAP?$AAr?$AAo?$AAg?$AAr?$AAa?$AAm?$AA?3?$AA?5?$AA?$CF?$AAs?$AA?$CF?$AAs?$AA?$CF?$AAs?$AA?$CF?$AAs?$AA?$CF?$AAs?$AA?$CF?$AAs@ 000000014002bcd0     LIBCMTD:dbgrptw.obj
 0002:00000d80       ??_C@_1BI@KALLJECN@?$AA?$CI?$AA?$CK?$AA_?$AAe?$AAr?$AAr?$AAn?$AAo?$AA?$CI?$AA?$CJ?$AA?$CJ?$AA?$AA@ 000000014002bd80     LIBCMTD:dbgrptw.obj
 0002:00000da0       ??_C@_1JI@EACPGHID@?$AAw?$AAc?$AAs?$AAc?$AAp?$AAy?$AA_?$AAs?$AA?$CI?$AAs?$AAz?$AAO?$AAu?$AAt?$AAM?$AAe?$AAs?$AAs?$AAa?$AAg?$AAe?$AA?0?$AA?5?$AA4?$AA0?$AA9?$AA6?$AA?0?$AA?5?$AAL?$AA?$CC?$AA_@ 000000014002bda0     LIBCMTD:dbgrptw.obj
 0002:00000e40       ??_C@_1FG@BBOLDHGF@?$AA_?$AAC?$AAr?$AAt?$AAD?$AAb?$AAg?$AAR?$AAe?$AAp?$AAo?$AAr?$AAt?$AA?3?$AA?5?$AAS?$AAt?$AAr?$AAi?$AAn?$AAg?$AA?5?$AAt?$AAo?$AAo?$AA?5?$AAl?$AAo?$AAn?$AAg?$AA?5?$AAo@ 000000014002be40     LIBCMTD:dbgrptw.obj
 0002:00000ea0       ??_C@_1EK@MBDPDCGA@?$AAM?$AAi?$AAc?$AAr?$AAo?$AAs?$AAo?$AAf?$AAt?$AA?5?$AAV?$AAi?$AAs?$AAu?$AAa?$AAl?$AA?5?$AAC?$AA?$CL?$AA?$CL?$AA?5?$AAR?$AAu?$AAn?$AAt?$AAi?$AAm?$AAe?$AA?5?$AAL?$AAi?$AAb@ 000000014002bea0     LIBCMTD:dbgrptw.obj
 0002:00000eec       ??_C@_06OJHGLDPL@?$CInull?$CJ?$AA@ 000000014002beec     LIBCMTD:output.obj
 0002:00000ef8       ??_C@_1O@CEDCILHN@?$AA?$CI?$AAn?$AAu?$AAl?$AAl?$AA?$CJ?$AA?$AA@ 000000014002bef8     LIBCMTD:output.obj
 0002:00000f10       __lookuptable              000000014002bf10     LIBCMTD:output.obj
 0002:00000f70       ??_C@_1CC@FADMNIL@?$AA?$CI?$AAs?$AAt?$AAr?$AAe?$AAa?$AAm?$AA?5?$AA?$CB?$AA?$DN?$AA?5?$AAN?$AAU?$AAL?$AAL?$AA?$CJ?$AA?$AA@ 000000014002bf70     LIBCMTD:output.obj
 0002:00000fa0       ??_C@_1FA@KMIJDCIC@?$AAf?$AA?3?$AA?2?$AAd?$AAd?$AA?2?$AAv?$AAc?$AAt?$AAo?$AAo?$AAl?$AAs?$AA?2?$AAc?$AAr?$AAt?$AA?2?$AAc?$AAr?$AAt?$AAw?$AA3?$AA2?$AA?2?$AAs?$AAt?$AAd?$AAi?$AAo?$AA?2?$AAo@ 000000014002bfa0     LIBCMTD:output.obj
 0002:00000ff0       ??_C@_1BAA@ODEGEDCK@?$AA?$CI?$AA?5?$AA?$CI?$AA_?$AAS?$AAt?$AAr?$AAe?$AAa?$AAm?$AA?9?$AA?$DO?$AA_?$AAf?$AAl?$AAa?$AAg?$AA?5?$AA?$CG?$AA?5?$AA_?$AAI?$AAO?$AAS?$AAT?$AAR?$AAG?$AA?$CJ?$AA?5?$AA?$HM?$AA?$HM?$AA?5@ 000000014002bff0     LIBCMTD:output.obj
 0002:000010f0       ??_C@_1CC@IFFHEMNF@?$AA?$CI?$AAc?$AAh?$AA?5?$AA?$CB?$AA?$DN?$AA?5?$AA_?$AAT?$AA?$CI?$AA?8?$AA?2?$AA0?$AA?8?$AA?$CJ?$AA?$CJ?$AA?$AA@ 000000014002c0f0     LIBCMTD:output.obj
 0002:00001120       ??_C@_1EK@PNGFDECN@?$AA?$CI?$AA?$CC?$AA?8?$AAn?$AA?8?$AA?5?$AAf?$AAo?$AAr?$AAm?$AAa?$AAt?$AA?5?$AAs?$AAp?$AAe?$AAc?$AAi?$AAf?$AAi?$AAe?$AAr?$AA?5?$AAd?$AAi?$AAs?$AAa?$AAb?$AAl?$AAe?$AAd?$AA?$CC@ 000000014002c120     LIBCMTD:output.obj
 0002:00001170       ??_C@_0CI@CMOPBIOD@f?3?2dd?2vctools?2crt?2crtw32?2stdio?2o@ 000000014002c170     LIBCMTD:output.obj
 0002:000011a0       __lookuptable_s            000000014002c1a0     LIBCMTD:outputs.obj
 0002:00001200       ??_C@_1BI@COFBLHCG@?$AA_?$AAo?$AAu?$AAt?$AAp?$AAu?$AAt?$AA_?$AAs?$AA_?$AAl?$AA?$AA@ 000000014002c200     LIBCMTD:outputs.obj
 0002:00001220       ??_C@_1EE@DMAIGNBG@?$AA?$CI?$AA?$CC?$AAI?$AAn?$AAc?$AAo?$AAr?$AAr?$AAe?$AAc?$AAt?$AA?5?$AAf?$AAo?$AAr?$AAm?$AAa?$AAt?$AA?5?$AAs?$AAp?$AAe?$AAc?$AAi?$AAf?$AAi?$AAe?$AAr?$AA?$CC?$AA?0?$AA?5?$AA0@ 000000014002c220     LIBCMTD:outputs.obj
 0002:00001270       ??_C@_1FK@LNCFKALM@?$AA?$CI?$AA?$CI?$AAs?$AAt?$AAa?$AAt?$AAe?$AA?5?$AA?$DN?$AA?$DN?$AA?5?$AAS?$AAT?$AA_?$AAN?$AAO?$AAR?$AAM?$AAA?$AAL?$AA?$CJ?$AA?5?$AA?$HM?$AA?$HM?$AA?5?$AA?$CI?$AAs?$AAt?$AAa?$AAt?$AAe?$AA?5@ 000000014002c270     LIBCMTD:outputs.obj
 0002:000012f8       ??_C@_04HJMOFLDF@Free?$AA@ 000000014002c2f8     LIBCMTD:dbgheap.obj
 0002:00001300       ??_C@_06EFAGIKOH@Normal?$AA@ 000000014002c300     LIBCMTD:dbgheap.obj
 0002:00001308       ??_C@_03OGPFLFLO@CRT?$AA@  000000014002c308     LIBCMTD:dbgheap.obj
 0002:0000130c       ??_C@_06KMEJCCGM@Ignore?$AA@ 000000014002c30c     LIBCMTD:dbgheap.obj
 0002:00001314       ??_C@_06PJIGMIJB@Client?$AA@ 000000014002c314     LIBCMTD:dbgheap.obj
 0002:00001320       ??_C@_1CE@LJFEPPMP@?$AA_?$AAC?$AAr?$AAt?$AAC?$AAh?$AAe?$AAc?$AAk?$AAM?$AAe?$AAm?$AAo?$AAr?$AAy?$AA?$CI?$AA?$CJ?$AA?$AA@ 000000014002c320     LIBCMTD:dbgheap.obj
 0002:00001350       ??_C@_1FA@JKEKCOIC@?$AAf?$AA?3?$AA?2?$AAd?$AAd?$AA?2?$AAv?$AAc?$AAt?$AAo?$AAo?$AAl?$AAs?$AA?2?$AAc?$AAr?$AAt?$AA?2?$AAc?$AAr?$AAt?$AAw?$AA3?$AA2?$AA?2?$AAm?$AAi?$AAs?$AAc?$AA?2?$AAd?$AAb@ 000000014002c350     LIBCMTD:dbgheap.obj
 0002:000013a0       ??_C@_0DF@BBEGIFEK@Client?5hook?5allocation?5failure?5a@ 000000014002c3a0     LIBCMTD:dbgheap.obj
 0002:000013d8       ??_C@_0CB@CCLOLAHO@Client?5hook?5allocation?5failure?4?6@ 000000014002c3d8     LIBCMTD:dbgheap.obj
 0002:000013fc       ??_C@_02DKCKIIND@?$CFs?$AA@ 000000014002c3fc     LIBCMTD:dbgheap.obj
 0002:00001400       ??_C@_0CF@BICKFLAF@Invalid?5allocation?5size?3?5?$CFIu?5byt@ 000000014002c400     LIBCMTD:dbgheap.obj
 0002:00001428       ??_C@_0DC@JEMAGEKG@Error?3?5memory?5allocation?3?5bad?5me@ 000000014002c428     LIBCMTD:dbgheap.obj
 0002:00001460       ??_C@_0DI@KKJPDPGM@Client?5hook?5re?9allocation?5failur@ 000000014002c460     LIBCMTD:dbgheap.obj
 0002:00001498       ??_C@_0CE@DOFMDOL@Client?5hook?5re?9allocation?5failur@ 000000014002c498     LIBCMTD:dbgheap.obj
 0002:000014c0       ??_C@_0ED@GPCPBAGP@Invalid?5allocation?5size?3?5?$CFIu?5byt@ 000000014002c4c0     LIBCMTD:dbgheap.obj
 0002:00001510       ??_C@_0FA@EFEIGJKG@Error?3?5memory?5allocation?3?5bad?5me@ 000000014002c510     LIBCMTD:dbgheap.obj
 0002:00001560       ??_C@_0EM@LGFLMAGJ@The?5Block?5at?50x?$CFp?5was?5allocated?5@ 000000014002c560     LIBCMTD:dbgheap.obj
 0002:000015b0       ??_C@_1EE@GFOPCECE@?$AA_?$AAC?$AAr?$AAt?$AAI?$AAs?$AAV?$AAa?$AAl?$AAi?$AAd?$AAH?$AAe?$AAa?$AAp?$AAP?$AAo?$AAi?$AAn?$AAt?$AAe?$AAr?$AA?$CI?$AAp?$AAU?$AAs?$AAe?$AAr?$AAD?$AAa?$AAt?$AAa@ 000000014002c5b0     LIBCMTD:dbgheap.obj
 0002:00001600       ??_C@_1IK@DCPKDGNH@?$AAp?$AAO?$AAl?$AAd?$AAB?$AAl?$AAo?$AAc?$AAk?$AA?9?$AA?$DO?$AAn?$AAL?$AAi?$AAn?$AAe?$AA?5?$AA?$DN?$AA?$DN?$AA?5?$AAI?$AAG?$AAN?$AAO?$AAR?$AAE?$AA_?$AAL?$AAI?$AAN?$AAE?$AA?5@ 000000014002c600     LIBCMTD:dbgheap.obj
 0002:00001690       ??_C@_0DA@HFBKENN@Error?3?5possible?5heap?5corruption?5@ 000000014002c690     LIBCMTD:dbgheap.obj
 0002:000016c0       ??_C@_1GE@PCKLOLAO@?$AAf?$AAR?$AAe?$AAa?$AAl?$AAl?$AAo?$AAc?$AA?5?$AA?$HM?$AA?$HM?$AA?5?$AA?$CI?$AA?$CB?$AAf?$AAR?$AAe?$AAa?$AAl?$AAl?$AAo?$AAc?$AA?5?$AA?$CG?$AA?$CG?$AA?5?$AAp?$AAN?$AAe?$AAw?$AAB?$AAl@ 000000014002c6c0     LIBCMTD:dbgheap.obj
 0002:00001728       ??_C@_1DC@GEFKNOOL@?$AA_?$AAp?$AAL?$AAa?$AAs?$AAt?$AAB?$AAl?$AAo?$AAc?$AAk?$AA?5?$AA?$DN?$AA?$DN?$AA?5?$AAp?$AAO?$AAl?$AAd?$AAB?$AAl?$AAo?$AAc?$AAk?$AA?$AA@ 000000014002c728     LIBCMTD:dbgheap.obj
 0002:00001760       ??_C@_1DE@KOOKLFBB@?$AA_?$AAp?$AAF?$AAi?$AAr?$AAs?$AAt?$AAB?$AAl?$AAo?$AAc?$AAk?$AA?5?$AA?$DN?$AA?$DN?$AA?5?$AAp?$AAO?$AAl?$AAd?$AAB?$AAl?$AAo?$AAc?$AAk?$AA?$AA@ 000000014002c760     LIBCMTD:dbgheap.obj
 0002:00001798       ??_C@_1CE@CJACEFBA@?$AAp?$AAU?$AAs?$AAe?$AAr?$AAD?$AAa?$AAt?$AAa?$AA?5?$AA?$CB?$AA?$DN?$AA?5?$AAN?$AAU?$AAL?$AAL?$AA?$AA@ 000000014002c798     LIBCMTD:dbgheap.obj
 0002:000017c0       ??_C@_0EJ@HEIBCIMJ@The?5Block?5at?50x?$CFp?5was?5allocated?5@ 000000014002c7c0     LIBCMTD:dbgheap.obj
 0002:00001810       ??_C@_0BL@KEIPLFAC@Client?5hook?5free?5failure?4?6?$AA@ 000000014002c810     LIBCMTD:dbgheap.obj
 0002:00001830       ??_C@_1EO@LHDAJOCM@?$AA_?$AAB?$AAL?$AAO?$AAC?$AAK?$AA_?$AAT?$AAY?$AAP?$AAE?$AA_?$AAI?$AAS?$AA_?$AAV?$AAA?$AAL?$AAI?$AAD?$AA?$CI?$AAp?$AAH?$AAe?$AAa?$AAd?$AA?9?$AA?$DO?$AAn?$AAB?$AAl?$AAo@ 000000014002c830     LIBCMTD:dbgheap.obj
 0002:00001880       ??_C@_0KI@JGFOHMEB@HEAP?5CORRUPTION?5DETECTED?3?5before@ 000000014002c880     LIBCMTD:dbgheap.obj
 0002:00001930       ??_C@_0IK@PJCGLBOB@HEAP?5CORRUPTION?5DETECTED?3?5before@ 000000014002c930     LIBCMTD:dbgheap.obj
 0002:000019c0       ??_C@_0KE@MBMNHHHN@HEAP?5CORRUPTION?5DETECTED?3?5after?5@ 000000014002c9c0     LIBCMTD:dbgheap.obj
 0002:00001a70       ??_C@_0IG@LEMBDCJK@HEAP?5CORRUPTION?5DETECTED?3?5after?5@ 000000014002ca70     LIBCMTD:dbgheap.obj
 0002:00001b00       ??_C@_1HK@HPCBMDFG@?$AAp?$AAH?$AAe?$AAa?$AAd?$AA?9?$AA?$DO?$AAn?$AAL?$AAi?$AAn?$AAe?$AA?5?$AA?$DN?$AA?$DN?$AA?5?$AAI?$AAG?$AAN?$AAO?$AAR?$AAE?$AA_?$AAL?$AAI?$AAN?$AAE?$AA?5?$AA?$CG?$AA?$CG?$AA?5?$AAp@ 000000014002cb00     LIBCMTD:dbgheap.obj
 0002:00001b80       ??_C@_1DM@ODCJIDCP@?$AAp?$AAH?$AAe?$AAa?$AAd?$AA?9?$AA?$DO?$AAn?$AAB?$AAl?$AAo?$AAc?$AAk?$AAU?$AAs?$AAe?$AA?5?$AA?$DN?$AA?$DN?$AA?5?$AAn?$AAB?$AAl?$AAo?$AAc?$AAk?$AAU?$AAs?$AAe?$AA?$AA@ 000000014002cb80     LIBCMTD:dbgheap.obj
 0002:00001bc0       ??_C@_1CK@DMAGEMBG@?$AA_?$AAp?$AAL?$AAa?$AAs?$AAt?$AAB?$AAl?$AAo?$AAc?$AAk?$AA?5?$AA?$DN?$AA?$DN?$AA?5?$AAp?$AAH?$AAe?$AAa?$AAd?$AA?$AA@ 000000014002cbc0     LIBCMTD:dbgheap.obj
 0002:00001bf0       ??_C@_1CM@MMAADDMD@?$AA_?$AAp?$AAF?$AAi?$AAr?$AAs?$AAt?$AAB?$AAl?$AAo?$AAc?$AAk?$AA?5?$AA?$DN?$AA?$DN?$AA?5?$AAp?$AAH?$AAe?$AAa?$AAd?$AA?$AA@ 000000014002cbf0     LIBCMTD:dbgheap.obj
 0002:00001c20       ??_C@_1BG@MBKOGDLD@?$AA_?$AAm?$AAs?$AAi?$AAz?$AAe?$AA_?$AAd?$AAb?$AAg?$AA?$AA@ 000000014002cc20     LIBCMTD:dbgheap.obj
 0002:00001c38       ??_C@_0CE@MKKHMBMK@_heapchk?5fails?5with?5_HEAPBADBEGI@ 000000014002cc38     LIBCMTD:dbgheap.obj
 0002:00001c60       ??_C@_0CD@CPKEAPBD@_heapchk?5fails?5with?5_HEAPBADNODE@ 000000014002cc60     LIBCMTD:dbgheap.obj
 0002:00001c88       ??_C@_0CC@MJGLGBDG@_heapchk?5fails?5with?5_HEAPBADEND?4@ 000000014002cc88     LIBCMTD:dbgheap.obj
 0002:00001cb0       ??_C@_0CC@MFFCHFHO@_heapchk?5fails?5with?5_HEAPBADPTR?4@ 000000014002ccb0     LIBCMTD:dbgheap.obj
 0002:00001cd8       ??_C@_0CL@HNNNMKMJ@_heapchk?5fails?5with?5unknown?5retu@ 000000014002ccd8     LIBCMTD:dbgheap.obj
 0002:00001d08       ??_C@_07OHKEFPKJ@DAMAGED?$AA@ 000000014002cd08     LIBCMTD:dbgheap.obj
 0002:00001d10       ??_C@_0KA@IHNJJKPL@HEAP?5CORRUPTION?5DETECTED?3?5on?5top@ 000000014002cd10     LIBCMTD:dbgheap.obj
 0002:00001db0       ??_C@_0IC@BBJIOOJH@HEAP?5CORRUPTION?5DETECTED?3?5on?5top@ 000000014002cdb0     LIBCMTD:dbgheap.obj
 0002:00001e40       ??_C@_0EG@DGJMPDBH@?$CFhs?5located?5at?50x?$CFp?5is?5?$CFIu?5bytes@ 000000014002ce40     LIBCMTD:dbgheap.obj
 0002:00001e88       ??_C@_0CI@JMLBEDHJ@?$CFhs?5located?5at?50x?$CFp?5is?5?$CFIu?5bytes@ 000000014002ce88     LIBCMTD:dbgheap.obj
 0002:00001eb0       ??_C@_1BHO@NNANJNF@?$AA?$CI?$AAf?$AAN?$AAe?$AAw?$AAB?$AAi?$AAt?$AAs?$AA?$DN?$AA?$DN?$AA_?$AAC?$AAR?$AAT?$AAD?$AAB?$AAG?$AA_?$AAR?$AAE?$AAP?$AAO?$AAR?$AAT?$AA_?$AAF?$AAL?$AAA?$AAG?$AA?$CJ?$AA?5@ 000000014002ceb0     LIBCMTD:dbgheap.obj
 0002:00002030       ??_C@_1BO@GJFDNMNF@?$AA_?$AAC?$AAr?$AAt?$AAS?$AAe?$AAt?$AAD?$AAb?$AAg?$AAF?$AAl?$AAa?$AAg?$AA?$AA@ 000000014002d030     LIBCMTD:dbgheap.obj
 0002:00002050       ??_C@_1BM@MIMANDHC@?$AAs?$AAt?$AAa?$AAt?$AAe?$AA?5?$AA?$CB?$AA?$DN?$AA?5?$AAN?$AAU?$AAL?$AAL?$AA?$AA@ 000000014002d050     LIBCMTD:dbgheap.obj
 0002:00002070       ??_C@_1CE@NJJKELF@?$AA_?$AAC?$AAr?$AAt?$AAM?$AAe?$AAm?$AAC?$AAh?$AAe?$AAc?$AAk?$AAp?$AAo?$AAi?$AAn?$AAt?$AA?$AA@ 000000014002d070     LIBCMTD:dbgheap.obj
 0002:00002098       ??_C@_0DP@LEFMFBOD@Bad?5memory?5block?5found?5at?50x?$CFp?4?6@ 000000014002d098     LIBCMTD:dbgheap.obj
 0002:000020d8       ??_C@_0CB@EAAIGELO@Bad?5memory?5block?5found?5at?50x?$CFp?4?6@ 000000014002d0d8     LIBCMTD:dbgheap.obj
 0002:000020fc       ??_C@_05MKKEDADM@?$CF?42X?5?$AA@ 000000014002d0fc     LIBCMTD:dbgheap.obj
 0002:00002108       ??_C@_1CG@LPFIACGM@?$AA_?$AAp?$AAr?$AAi?$AAn?$AAt?$AAM?$AAe?$AAm?$AAB?$AAl?$AAo?$AAc?$AAk?$AAD?$AAa?$AAt?$AAa?$AA?$AA@ 000000014002d108     LIBCMTD:dbgheap.obj
 0002:00002130       ??_C@_0BA@HJBKCELP@?5Data?3?5?$DM?$CFs?$DO?5?$CFs?6?$AA@ 000000014002d130     LIBCMTD:dbgheap.obj
 0002:00002140       ??_C@_0BE@KCIPKCIA@Dumping?5objects?5?9?$DO?6?$AA@ 000000014002d140     LIBCMTD:dbgheap.obj
 0002:00002158       ??_C@_0BE@OIEFNFL@?$CDFile?5Error?$CD?$CI?$CFd?$CJ?5?3?5?$AA@ 000000014002d158     LIBCMTD:dbgheap.obj
 0002:00002170       ??_C@_0L@JMEFFCCJ@?$CFhs?$CI?$CFd?$CJ?5?3?5?$AA@ 000000014002d170     LIBCMTD:dbgheap.obj
 0002:0000217c       ??_C@_06PKLGBFGM@?$HL?$CFld?$HN?5?$AA@ 000000014002d17c     LIBCMTD:dbgheap.obj
 0002:00002188       ??_C@_0DD@GHNAAKBB@client?5block?5at?50x?$CFp?0?5subtype?5?$CFx@ 000000014002d188     LIBCMTD:dbgheap.obj
 0002:000021c0       ??_C@_0CH@FAGDDGPN@normal?5block?5at?50x?$CFp?0?5?$CFIu?5bytes?5@ 000000014002d1c0     LIBCMTD:dbgheap.obj
 0002:000021e8       ??_C@_0DA@MDLBNIBM@crt?5block?5at?50x?$CFp?0?5subtype?5?$CFx?0?5?$CF@ 000000014002d1e8     LIBCMTD:dbgheap.obj
 0002:00002218       ??_C@_0BH@GFGKJDCO@Object?5dump?5complete?4?6?$AA@ 000000014002d218     LIBCMTD:dbgheap.obj
 0002:00002230       ??_C@_0BI@JBFPOEJA@Detected?5memory?5leaks?$CB?6?$AA@ 000000014002d230     LIBCMTD:dbgheap.obj
 0002:00002258       ??_C@_1BI@ICGGMGLK@?$AAb?$AAu?$AAf?$AA?5?$AA?$CB?$AA?$DN?$AA?5?$AAN?$AAU?$AAL?$AAL?$AA?$AA@ 000000014002d258     LIBCMTD:cvt.obj
 0002:00002270       ??_C@_1EG@OHONNKNN@?$AAf?$AA?3?$AA?2?$AAd?$AAd?$AA?2?$AAv?$AAc?$AAt?$AAo?$AAo?$AAl?$AAs?$AA?2?$AAc?$AAr?$AAt?$AA?2?$AAf?$AAp?$AAw?$AA3?$AA2?$AA?2?$AAc?$AAo?$AAn?$AAv?$AA?2?$AAc?$AAv?$AAt@ 000000014002d270     LIBCMTD:cvt.obj
 0002:000022b8       ??_C@_1BE@OLBNEILL@?$AA_?$AAc?$AAf?$AAt?$AAo?$AAe?$AA2?$AA_?$AAl?$AA?$AA@ 000000014002d2b8     LIBCMTD:cvt.obj
 0002:000022d0       ??_C@_1CA@CBMNPEO@?$AAs?$AAi?$AAz?$AAe?$AAI?$AAn?$AAB?$AAy?$AAt?$AAe?$AAs?$AA?5?$AA?$DO?$AA?5?$AA0?$AA?$AA@ 000000014002d2d0     LIBCMTD:cvt.obj
 0002:000022f0       ??_C@_1HE@NACBNDPP@?$AAs?$AAi?$AAz?$AAe?$AAI?$AAn?$AAB?$AAy?$AAt?$AAe?$AAs?$AA?5?$AA?$DO?$AA?5?$AA?$CI?$AAs?$AAi?$AAz?$AAe?$AA_?$AAt?$AA?$CJ?$AA?$CI?$AA3?$AA?5?$AA?$CL?$AA?5?$AA?$CI?$AAn?$AAd?$AAe?$AAc@ 000000014002d2f0     LIBCMTD:cvt.obj
 0002:00002370       ??_C@_1LE@EOIFGNCJ@?$AAs?$AAt?$AAr?$AAc?$AAp?$AAy?$AA_?$AAs?$AA?$CI?$AAp?$AA?0?$AA?5?$AA?$CI?$AAs?$AAi?$AAz?$AAe?$AAI?$AAn?$AAB?$AAy?$AAt?$AAe?$AAs?$AA?5?$AA?$DN?$AA?$DN?$AA?5?$AA?$CI?$AAs?$AAi?$AAz@ 000000014002d370     LIBCMTD:cvt.obj
 0002:00002424       ??_C@_05KLBDPFGC@e?$CL000?$AA@ 000000014002d424     LIBCMTD:cvt.obj
 0002:00002430       ??_C@_1BC@INKAPMHI@?$AA_?$AAc?$AAf?$AAt?$AAo?$AAe?$AA_?$AAl?$AA?$AA@ 000000014002d430     LIBCMTD:cvt.obj
 0002:00002448       ??_C@_1BC@JOKPCIC@?$AA_?$AAc?$AAf?$AAt?$AAo?$AAa?$AA_?$AAl?$AA?$AA@ 000000014002d448     LIBCMTD:cvt.obj
 0002:00002460       ??_C@_1FC@IKIMAMJB@?$AAs?$AAi?$AAz?$AAe?$AAI?$AAn?$AAB?$AAy?$AAt?$AAe?$AAs?$AA?5?$AA?$DO?$AA?5?$AA?$CI?$AAs?$AAi?$AAz?$AAe?$AA_?$AAt?$AA?$CJ?$AA?$CI?$AA1?$AA?5?$AA?$CL?$AA?5?$AA4?$AA?5?$AA?$CL?$AA?5?$AAn@ 000000014002d460     LIBCMTD:cvt.obj
 0002:000024b8       ??_C@_1BE@CKPDLI@?$AA_?$AAc?$AAf?$AAt?$AAo?$AAf?$AA2?$AA_?$AAl?$AA?$AA@ 000000014002d4b8     LIBCMTD:cvt.obj
 0002:000024d0       ??_C@_1BC@DCPPLJL@?$AA_?$AAc?$AAf?$AAt?$AAo?$AAf?$AA_?$AAl?$AA?$AA@ 000000014002d4d0     LIBCMTD:cvt.obj
 0002:000024e8       ??_C@_1BC@MPIFPLAF@?$AA_?$AAc?$AAf?$AAt?$AAo?$AAg?$AA_?$AAl?$AA?$AA@ 000000014002d4e8     LIBCMTD:cvt.obj
 0002:00002500       __real@0000000000000000    000000014002d500     LIBCMTD:cvt.obj
 0002:00002510       _XcptActTab                000000014002d510     LIBCMTD:winxfltr.obj
 0002:000025d0       _XcptActTabCount           000000014002d5d0     LIBCMTD:winxfltr.obj
 0002:000025d4       _XcptActTabSize            000000014002d5d4     LIBCMTD:winxfltr.obj
 0002:000025d8       _First_FPE_Indx            000000014002d5d8     LIBCMTD:winxfltr.obj
 0002:000025dc       _Num_FPE                   000000014002d5dc     LIBCMTD:winxfltr.obj
 0002:000025e0       ??_C@_0CM@KPPOKOAI@f?3?2dd?2vctools?2crt?2crtw32?2startup@ 000000014002d5e0     LIBCMTD:tidtable.obj
 0002:00002610       ??_C@_1BI@BGOHAHKC@?$AAm?$AAs?$AAc?$AAo?$AAr?$AAe?$AAe?$AA?4?$AAd?$AAl?$AAl?$AA?$AA@ 000000014002d610     LIBCMTD:crt0dat.obj
 0002:00002628       ??_C@_0P@MIGLKIOC@CorExitProcess?$AA@ 000000014002d628     LIBCMTD:crt0dat.obj
 0002:00002638       ??_C@_0CI@BIOGDJKL@f?3?2dd?2vctools?2crt?2crtw32?2lowio?2i@ 000000014002d638     LIBCMTD:ioinit.obj
 0002:00002660       ??_C@_0CL@OBKFGCKK@f?3?2dd?2vctools?2crt?2crtw32?2startup@ 000000014002d660     LIBCMTD:stdargv.obj
 0002:00002690       ??_C@_0CL@BJBFGFLH@f?3?2dd?2vctools?2crt?2crtw32?2startup@ 000000014002d690     LIBCMTD:stdenvp.obj
 0002:000026c0       ??_C@_1FG@MHBLOJIO@?$AAf?$AA?3?$AA?2?$AAd?$AAd?$AA?2?$AAv?$AAc?$AAt?$AAo?$AAo?$AAl?$AAs?$AA?2?$AAc?$AAr?$AAt?$AA?2?$AAc?$AAr?$AAt?$AAw?$AA3?$AA2?$AA?2?$AAs?$AAt?$AAa?$AAr?$AAt?$AAu?$AAp@ 000000014002d6c0     LIBCMTD:stdenvp.obj
 0002:00002718       ??_C@_1BC@GHMCNHHL@?$AA_?$AAs?$AAe?$AAt?$AAe?$AAn?$AAv?$AAp?$AA?$AA@ 000000014002d718     LIBCMTD:stdenvp.obj
 0002:00002730       ??_C@_1DE@MMOGFGHF@?$AAs?$AAt?$AAr?$AAc?$AAp?$AAy?$AA_?$AAs?$AA?$CI?$AA?$CK?$AAe?$AAn?$AAv?$AA?0?$AA?5?$AAc?$AAc?$AAh?$AAa?$AAr?$AAs?$AA?0?$AA?5?$AAp?$AA?$CJ?$AA?$AA@ 000000014002d730     LIBCMTD:stdenvp.obj
 0002:000028e0       ??_C@_1FK@PGACCAFB@?$AAR?$AA6?$AA0?$AA0?$AA2?$AA?$AN?$AA?6?$AA?9?$AA?5?$AAf?$AAl?$AAo?$AAa?$AAt?$AAi?$AAn?$AAg?$AA?5?$AAp?$AAo?$AAi?$AAn?$AAt?$AA?5?$AAs?$AAu?$AAp?$AAp?$AAo?$AAr?$AAt?$AA?5@ 000000014002d8e0     LIBCMTD:crt0msg.obj
 0002:00002940       ??_C@_1FE@LLNEDJMD@?$AAR?$AA6?$AA0?$AA0?$AA8?$AA?$AN?$AA?6?$AA?9?$AA?5?$AAn?$AAo?$AAt?$AA?5?$AAe?$AAn?$AAo?$AAu?$AAg?$AAh?$AA?5?$AAs?$AAp?$AAa?$AAc?$AAe?$AA?5?$AAf?$AAo?$AAr?$AA?5?$AAa?$AAr@ 000000014002d940     LIBCMTD:crt0msg.obj
 0002:000029a0       ??_C@_1FI@HONFMGBI@?$AAR?$AA6?$AA0?$AA0?$AA9?$AA?$AN?$AA?6?$AA?9?$AA?5?$AAn?$AAo?$AAt?$AA?5?$AAe?$AAn?$AAo?$AAu?$AAg?$AAh?$AA?5?$AAs?$AAp?$AAa?$AAc?$AAe?$AA?5?$AAf?$AAo?$AAr?$AA?5?$AAe?$AAn@ 000000014002d9a0     LIBCMTD:crt0msg.obj
 0002:00002a00       ??_C@_1EG@BEHAGFJD@?$AAR?$AA6?$AA0?$AA1?$AA0?$AA?$AN?$AA?6?$AA?9?$AA?5?$AAa?$AAb?$AAo?$AAr?$AAt?$AA?$CI?$AA?$CJ?$AA?5?$AAh?$AAa?$AAs?$AA?5?$AAb?$AAe?$AAe?$AAn?$AA?5?$AAc?$AAa?$AAl?$AAl?$AAe?$AAd@ 000000014002da00     LIBCMTD:crt0msg.obj
 0002:00002a50       ??_C@_1FI@LOGNIKDM@?$AAR?$AA6?$AA0?$AA1?$AA6?$AA?$AN?$AA?6?$AA?9?$AA?5?$AAn?$AAo?$AAt?$AA?5?$AAe?$AAn?$AAo?$AAu?$AAg?$AAh?$AA?5?$AAs?$AAp?$AAa?$AAc?$AAe?$AA?5?$AAf?$AAo?$AAr?$AA?5?$AAt?$AAh@ 000000014002da50     LIBCMTD:crt0msg.obj
 0002:00002ab0       ??_C@_1FK@BEOGODMC@?$AAR?$AA6?$AA0?$AA1?$AA7?$AA?$AN?$AA?6?$AA?9?$AA?5?$AAu?$AAn?$AAe?$AAx?$AAp?$AAe?$AAc?$AAt?$AAe?$AAd?$AA?5?$AAm?$AAu?$AAl?$AAt?$AAi?$AAt?$AAh?$AAr?$AAe?$AAa?$AAd?$AA?5@ 000000014002dab0     LIBCMTD:crt0msg.obj
 0002:00002b10       ??_C@_1EC@JIBHAOPH@?$AAR?$AA6?$AA0?$AA1?$AA8?$AA?$AN?$AA?6?$AA?9?$AA?5?$AAu?$AAn?$AAe?$AAx?$AAp?$AAe?$AAc?$AAt?$AAe?$AAd?$AA?5?$AAh?$AAe?$AAa?$AAp?$AA?5?$AAe?$AAr?$AAr?$AAo?$AAr?$AA?$AN?$AA?6@ 000000014002db10     LIBCMTD:crt0msg.obj
 0002:00002b60       ??_C@_1FC@ECHBIFBC@?$AAR?$AA6?$AA0?$AA1?$AA9?$AA?$AN?$AA?6?$AA?9?$AA?5?$AAu?$AAn?$AAa?$AAb?$AAl?$AAe?$AA?5?$AAt?$AAo?$AA?5?$AAo?$AAp?$AAe?$AAn?$AA?5?$AAc?$AAo?$AAn?$AAs?$AAo?$AAl?$AAe?$AA?5@ 000000014002db60     LIBCMTD:crt0msg.obj
 0002:00002bc0       ??_C@_1GK@FHCKBEFA@?$AAR?$AA6?$AA0?$AA2?$AA4?$AA?$AN?$AA?6?$AA?9?$AA?5?$AAn?$AAo?$AAt?$AA?5?$AAe?$AAn?$AAo?$AAu?$AAg?$AAh?$AA?5?$AAs?$AAp?$AAa?$AAc?$AAe?$AA?5?$AAf?$AAo?$AAr?$AA?5?$AA_?$AAo@ 000000014002dbc0     LIBCMTD:crt0msg.obj
 0002:00002c30       ??_C@_1EM@MAADIHMB@?$AAR?$AA6?$AA0?$AA2?$AA5?$AA?$AN?$AA?6?$AA?9?$AA?5?$AAp?$AAu?$AAr?$AAe?$AA?5?$AAv?$AAi?$AAr?$AAt?$AAu?$AAa?$AAl?$AA?5?$AAf?$AAu?$AAn?$AAc?$AAt?$AAi?$AAo?$AAn?$AA?5?$AAc@ 000000014002dc30     LIBCMTD:crt0msg.obj
 0002:00002c80       ??_C@_1GK@MCAAGJMO@?$AAR?$AA6?$AA0?$AA2?$AA6?$AA?$AN?$AA?6?$AA?9?$AA?5?$AAn?$AAo?$AAt?$AA?5?$AAe?$AAn?$AAo?$AAu?$AAg?$AAh?$AA?5?$AAs?$AAp?$AAa?$AAc?$AAe?$AA?5?$AAf?$AAo?$AAr?$AA?5?$AAs?$AAt@ 000000014002dc80     LIBCMTD:crt0msg.obj
 0002:00002cf0       ??_C@_1GK@MFGOKLAG@?$AAR?$AA6?$AA0?$AA2?$AA7?$AA?$AN?$AA?6?$AA?9?$AA?5?$AAn?$AAo?$AAt?$AA?5?$AAe?$AAn?$AAo?$AAu?$AAg?$AAh?$AA?5?$AAs?$AAp?$AAa?$AAc?$AAe?$AA?5?$AAf?$AAo?$AAr?$AA?5?$AAl?$AAo@ 000000014002dcf0     LIBCMTD:crt0msg.obj
 0002:00002d60       ??_C@_1EK@HHFLMAOL@?$AAR?$AA6?$AA0?$AA2?$AA8?$AA?$AN?$AA?6?$AA?9?$AA?5?$AAu?$AAn?$AAa?$AAb?$AAl?$AAe?$AA?5?$AAt?$AAo?$AA?5?$AAi?$AAn?$AAi?$AAt?$AAi?$AAa?$AAl?$AAi?$AAz?$AAe?$AA?5?$AAh?$AAe@ 000000014002dd60     LIBCMTD:crt0msg.obj
 0002:00002db0       ??_C@_1DO@BMFCDCD@?$AAR?$AA6?$AA0?$AA3?$AA0?$AA?$AN?$AA?6?$AA?9?$AA?5?$AAC?$AAR?$AAT?$AA?5?$AAn?$AAo?$AAt?$AA?5?$AAi?$AAn?$AAi?$AAt?$AAi?$AAa?$AAl?$AAi?$AAz?$AAe?$AAd?$AA?$AN?$AA?6?$AA?$AA@ 000000014002ddb0     LIBCMTD:crt0msg.obj
 0002:00002df0       ??_C@_1MG@ENCOOIDF@?$AAR?$AA6?$AA0?$AA3?$AA1?$AA?$AN?$AA?6?$AA?9?$AA?5?$AAA?$AAt?$AAt?$AAe?$AAm?$AAp?$AAt?$AA?5?$AAt?$AAo?$AA?5?$AAi?$AAn?$AAi?$AAt?$AAi?$AAa?$AAl?$AAi?$AAz?$AAe?$AA?5?$AAt@ 000000014002ddf0     LIBCMTD:crt0msg.obj
 0002:00002ec0       ??_C@_1GG@GOPILAJP@?$AAR?$AA6?$AA0?$AA3?$AA2?$AA?$AN?$AA?6?$AA?9?$AA?5?$AAn?$AAo?$AAt?$AA?5?$AAe?$AAn?$AAo?$AAu?$AAg?$AAh?$AA?5?$AAs?$AAp?$AAa?$AAc?$AAe?$AA?5?$AAf?$AAo?$AAr?$AA?5?$AAl?$AAo@ 000000014002dec0     LIBCMTD:crt0msg.obj
 0002:00002f30       ??_C@_1BOO@KGEDBGAJ@?$AAR?$AA6?$AA0?$AA3?$AA3?$AA?$AN?$AA?6?$AA?9?$AA?5?$AAA?$AAt?$AAt?$AAe?$AAm?$AAp?$AAt?$AA?5?$AAt?$AAo?$AA?5?$AAu?$AAs?$AAe?$AA?5?$AAM?$AAS?$AAI?$AAL?$AA?5?$AAc?$AAo?$AAd@ 000000014002df30     LIBCMTD:crt0msg.obj
 0002:00003120       ??_C@_1GG@MKFPEKFO@?$AAR?$AA6?$AA0?$AA3?$AA4?$AA?$AN?$AA?6?$AA?9?$AA?5?$AAi?$AAn?$AAc?$AAo?$AAn?$AAs?$AAi?$AAs?$AAt?$AAe?$AAn?$AAt?$AA?5?$AAo?$AAn?$AAe?$AAx?$AAi?$AAt?$AA?5?$AAb?$AAe?$AAg@ 000000014002e120     LIBCMTD:crt0msg.obj
 0002:00003188       ??_C@_1BO@BFCDCGC@?$AAD?$AAO?$AAM?$AAA?$AAI?$AAN?$AA?5?$AAe?$AAr?$AAr?$AAo?$AAr?$AA?$AN?$AA?6?$AA?$AA@ 000000014002e188     LIBCMTD:crt0msg.obj
 0002:000031a8       ??_C@_1BK@KMOMNAAI@?$AAS?$AAI?$AAN?$AAG?$AA?5?$AAe?$AAr?$AAr?$AAo?$AAr?$AA?$AN?$AA?6?$AA?$AA@ 000000014002e1a8     LIBCMTD:crt0msg.obj
 0002:000031c8       ??_C@_1BM@JBBEPPHI@?$AAT?$AAL?$AAO?$AAS?$AAS?$AA?5?$AAe?$AAr?$AAr?$AAo?$AAr?$AA?$AN?$AA?6?$AA?$AA@ 000000014002e1c8     LIBCMTD:crt0msg.obj
 0002:000031e4       ??_C@_15JNBOKNOG@?$AA?$AN?$AA?6?$AA?$AA@ 000000014002e1e4     LIBCMTD:crt0msg.obj
 0002:000031f0       ??_C@_1BO@BKOMIGKJ@?$AAr?$AAu?$AAn?$AAt?$AAi?$AAm?$AAe?$AA?5?$AAe?$AAr?$AAr?$AAo?$AAr?$AA?5?$AA?$AA@ 000000014002e1f0     LIBCMTD:crt0msg.obj
 0002:00003210       ??_C@_1FG@ILOHEEMG@?$AAf?$AA?3?$AA?2?$AAd?$AAd?$AA?2?$AAv?$AAc?$AAt?$AAo?$AAo?$AAl?$AAs?$AA?2?$AAc?$AAr?$AAt?$AA?2?$AAc?$AAr?$AAt?$AAw?$AA3?$AA2?$AA?2?$AAs?$AAt?$AAa?$AAr?$AAt?$AAu?$AAp@ 000000014002e210     LIBCMTD:crt0msg.obj
 0002:00003268       ??_C@_1BI@EAHMBMEC@?$AA_?$AAN?$AAM?$AAS?$AAG?$AA_?$AAW?$AAR?$AAI?$AAT?$AAE?$AA?$AA@ 000000014002e268     LIBCMTD:crt0msg.obj
 0002:00003280       ??_C@_1KO@BKLCKNFL@?$AAw?$AAc?$AAs?$AAc?$AAp?$AAy?$AA_?$AAs?$AA?$CI?$AAo?$AAu?$AAt?$AAm?$AAs?$AAg?$AA?0?$AA?5?$AA?$CI?$AAs?$AAi?$AAz?$AAe?$AAo?$AAf?$AA?$CI?$AAo?$AAu?$AAt?$AAm?$AAs?$AAg?$AA?$CJ@ 000000014002e280     LIBCMTD:crt0msg.obj
 0002:00003330       ??_C@_1DE@JNGNBFGO@?$AAR?$AAu?$AAn?$AAt?$AAi?$AAm?$AAe?$AA?5?$AAE?$AAr?$AAr?$AAo?$AAr?$AA?$CB?$AA?6?$AA?6?$AAP?$AAr?$AAo?$AAg?$AAr?$AAa?$AAm?$AA?3?$AA?5?$AA?$AA@ 000000014002e330     LIBCMTD:crt0msg.obj
 0002:00003370       ??_C@_1HK@FJJNAABO@?$AAw?$AAc?$AAs?$AAc?$AAp?$AAy?$AA_?$AAs?$AA?$CI?$AAp?$AAr?$AAo?$AAg?$AAn?$AAa?$AAm?$AAe?$AA?0?$AA?5?$AAp?$AAr?$AAo?$AAg?$AAn?$AAa?$AAm?$AAe?$AA_?$AAs?$AAi?$AAz?$AAe@ 000000014002e370     LIBCMTD:crt0msg.obj
 0002:000033f0       ??_C@_1HI@FLHKGEBE@?$AAw?$AAc?$AAs?$AAn?$AAc?$AAp?$AAy?$AA_?$AAs?$AA?$CI?$AAp?$AAc?$AAh?$AA?0?$AA?5?$AAp?$AAr?$AAo?$AAg?$AAn?$AAa?$AAm?$AAe?$AA_?$AAs?$AAi?$AAz?$AAe?$AA?5?$AA?9?$AA?5?$AA?$CI@ 000000014002e3f0     LIBCMTD:crt0msg.obj
 0002:00003470       ??_C@_1IA@DCJGKHFO@?$AAw?$AAc?$AAs?$AAc?$AAa?$AAt?$AA_?$AAs?$AA?$CI?$AAo?$AAu?$AAt?$AAm?$AAs?$AAg?$AA?0?$AA?5?$AA?$CI?$AAs?$AAi?$AAz?$AAe?$AAo?$AAf?$AA?$CI?$AAo?$AAu?$AAt?$AAm?$AAs?$AAg?$AA?$CJ@ 000000014002e470     LIBCMTD:crt0msg.obj
 0002:000034f0       ??_C@_1IG@NMONDPP@?$AAw?$AAc?$AAs?$AAc?$AAa?$AAt?$AA_?$AAs?$AA?$CI?$AAo?$AAu?$AAt?$AAm?$AAs?$AAg?$AA?0?$AA?5?$AA?$CI?$AAs?$AAi?$AAz?$AAe?$AAo?$AAf?$AA?$CI?$AAo?$AAu?$AAt?$AAm?$AAs?$AAg?$AA?$CJ@ 000000014002e4f0     LIBCMTD:crt0msg.obj
 0002:00003578       ??_C@_1DE@BCNCAIK@?$AA?$CI?$AA?$CC?$AAI?$AAn?$AAv?$AAa?$AAl?$AAi?$AAd?$AA?5?$AAe?$AAr?$AAr?$AAo?$AAr?$AA_?$AAm?$AAo?$AAd?$AAe?$AA?$CC?$AA?0?$AA?5?$AA0?$AA?$CJ?$AA?$AA@ 000000014002e578     LIBCMTD:errmode.obj
 0002:000035b0       ??_C@_1FA@PBBGNIFD@?$AAf?$AA?3?$AA?2?$AAd?$AAd?$AA?2?$AAv?$AAc?$AAt?$AAo?$AAo?$AAl?$AAs?$AA?2?$AAc?$AAr?$AAt?$AA?2?$AAc?$AAr?$AAt?$AAw?$AA3?$AA2?$AA?2?$AAm?$AAi?$AAs?$AAc?$AA?2?$AAe?$AAr@ 000000014002e5b0     LIBCMTD:errmode.obj
 0002:00003600       ??_C@_1CA@LFDHAMEM@?$AA_?$AAs?$AAe?$AAt?$AA_?$AAe?$AAr?$AAr?$AAo?$AAr?$AA_?$AAm?$AAo?$AAd?$AAe?$AA?$AA@ 000000014002e600     LIBCMTD:errmode.obj
 0002:00003620       ??_C@_0CG@NNNNMKLF@f?3?2dd?2vctools?2crt?2crtw32?2misc?2a_@ 000000014002e620     LIBCMTD:a_env.obj
 0002:00003648       ??_C@_1BK@MGMFAEKH@?$AAk?$AAe?$AAr?$AAn?$AAe?$AAl?$AA3?$AA2?$AA?4?$AAd?$AAl?$AAl?$AA?$AA@ 000000014002e648     LIBCMTD:winapisupp.obj
 0002:00003668       ??_C@_08KNHFBNJ@FlsAlloc?$AA@ 000000014002e668     LIBCMTD:winapisupp.obj
 0002:00003678       ??_C@_07PEJMOBNF@FlsFree?$AA@ 000000014002e678     LIBCMTD:winapisupp.obj
 0002:00003680       ??_C@_0M@GDNOONDI@FlsGetValue?$AA@ 000000014002e680     LIBCMTD:winapisupp.obj
 0002:00003690       ??_C@_0M@JCPCPOEF@FlsSetValue?$AA@ 000000014002e690     LIBCMTD:winapisupp.obj
 0002:000036a0       ??_C@_0BM@HCFOFFN@InitializeCriticalSectionEx?$AA@ 000000014002e6a0     LIBCMTD:winapisupp.obj
 0002:000036c0       ??_C@_0P@DLHPPCNH@CreateEventExW?$AA@ 000000014002e6c0     LIBCMTD:winapisupp.obj
 0002:000036d0       ??_C@_0BD@KIEEOEEH@CreateSemaphoreExW?$AA@ 000000014002e6d0     LIBCMTD:winapisupp.obj
 0002:000036e8       ??_C@_0BI@BKLFFAPO@SetThreadStackGuarantee?$AA@ 000000014002e6e8     LIBCMTD:winapisupp.obj
 0002:00003700       ??_C@_0BG@OGFAJCKC@CreateThreadpoolTimer?$AA@ 000000014002e700     LIBCMTD:winapisupp.obj
 0002:00003718       ??_C@_0BD@LPLEMMDI@SetThreadpoolTimer?$AA@ 000000014002e718     LIBCMTD:winapisupp.obj
 0002:00003730       ??_C@_0CA@FMNJENH@WaitForThreadpoolTimerCallbacks?$AA@ 000000014002e730     LIBCMTD:winapisupp.obj
 0002:00003750       ??_C@_0BF@DCFCCNOC@CloseThreadpoolTimer?$AA@ 000000014002e750     LIBCMTD:winapisupp.obj
 0002:00003768       ??_C@_0BF@FLABGKKM@CreateThreadpoolWait?$AA@ 000000014002e768     LIBCMTD:winapisupp.obj
[...]
 0004:00000b7c       $pdata$_fltout2            000000014003cb7c     LIBCMTD:cfout.obj
 0004:00000b88       $pdata$_fptrap             000000014003cb88     LIBCMTD:crt0fp.obj
 0004:00000b94       $pdata$?_inconsistency@@YAXXZ 000000014003cb94     LIBCMTD:hooks.obj
 0004:00000ba0       $pdata$?terminate@@YAXXZ   000000014003cba0     LIBCMTD:hooks.obj
 0004:00000bac       $pdata$_initp_eh_hooks     000000014003cbac     LIBCMTD:hooks.obj
 0004:00000bb8       $pdata$_FindPESection      000000014003cbb8     LIBCMTD:pesect.obj
 0004:00000bc4       $pdata$_IsNonwritableInCurrentImage 000000014003cbc4     LIBCMTD:pesect.obj
 0004:00000bd0       $pdata$_ValidateImageBase  000000014003cbd0     LIBCMTD:pesect.obj
 0004:00000bdc       $pdata$__onexitinit        000000014003cbdc     LIBCMTD:onexit.obj
 0004:00000be8       $pdata$_onexit             000000014003cbe8     LIBCMTD:onexit.obj
 0004:00000bf4       $pdata$_onexit_nolock      000000014003cbf4     LIBCMTD:onexit.obj
 0004:00000c00       $pdata$atexit              000000014003cc00     LIBCMTD:onexit.obj
 0004:00000c3c       $pdata$?x_ismbbtype_l@@YAHPEAUlocaleinfo_struct@@IHH@Z 000000014003cc3c     LIBCMTD:ismbbyte.obj
 0004:00000c48       $pdata$_ismbblead          000000014003cc48     LIBCMTD:ismbbyte.obj
 0004:00000c54       $pdata$wcscat_s            000000014003cc54     LIBCMTD:wcscat_s.obj
 0004:00000c60       $pdata$wcsncpy_s           000000014003cc60     LIBCMTD:wcsncpy_s.obj
 0004:00000c6c       $pdata$_fcloseall          000000014003cc6c     LIBCMTD:closeall.obj
 0004:00000c78       $pdata$_fflush_nolock      000000014003cc78     LIBCMTD:fflush.obj
 0004:00000c84       $pdata$_flush              000000014003cc84     LIBCMTD:fflush.obj
 0004:00000c90       $pdata$_flushall           000000014003cc90     LIBCMTD:fflush.obj
 0004:00000c9c       $pdata$flsall              000000014003cc9c     LIBCMTD:fflush.obj
 0004:00000ca8       $pdata$__lock_fhandle      000000014003cca8     LIBCMTD:osfinfo.obj
 0004:00000cb4       $pdata$_free_osfhnd        000000014003ccb4     LIBCMTD:osfinfo.obj
 0004:00000cc0       $pdata$_get_osfhandle      000000014003ccc0     LIBCMTD:osfinfo.obj
 0004:00000ccc       $pdata$_unlock_fhandle     000000014003cccc     LIBCMTD:osfinfo.obj
 0004:00000cd8       $pdata$_mbtowc_l           000000014003ccd8     LIBCMTD:mbtowc.obj
 0004:00000ce4       $pdata$mbtowc              000000014003cce4     LIBCMTD:mbtowc.obj
 0004:00000cf0       $pdata$_putwch_nolock      000000014003ccf0     LIBCMTD:putwch.obj
 0004:00000cfc       $pdata$_vsnwprintf_s       000000014003ccfc     LIBCMTD:vswprnc.obj
 0004:00000d08       $pdata$_vsnwprintf_s_l     000000014003cd08     LIBCMTD:vswprnc.obj
 0004:00000d14       $pdata$_vswprintf_helper   000000014003cd14     LIBCMTD:vswprnc.obj
 0004:00000d20       $pdata$strcat_s            000000014003cd20     LIBCMTD:strcat_s.obj
 0004:00000d2c       $pdata$_itoa_s             000000014003cd2c     LIBCMTD:xtoas.obj
 0004:00000d38       $pdata$xtoa_s              000000014003cd38     LIBCMTD:xtoas.obj
 0004:00000d44       $pdata$_mbstowcs_l_helper  000000014003cd44     LIBCMTD:mbstowcs.obj
 0004:00000d50       $pdata$_mbstowcs_s_l       000000014003cd50     LIBCMTD:mbstowcs.obj
 0004:00000d5c       $pdata$mbstowcs_s          000000014003cd5c     LIBCMTD:mbstowcs.obj
 0004:00000d68       $pdata$?wcsncnt@@YA_KPEB_W_K@Z 000000014003cd68     LIBCMTD:wcstombs.obj
 0004:00000d74       $pdata$_wcstombs_l_helper  000000014003cd74     LIBCMTD:wcstombs.obj
 0004:00000d80       $pdata$_wcstombs_s_l       000000014003cd80     LIBCMTD:wcstombs.obj
 0004:00000d8c       $pdata$wcstombs_s          000000014003cd8c     LIBCMTD:wcstombs.obj
 0004:00000d98       $pdata$_itow_s             000000014003cd98     LIBCMTD:xtows.obj
 0004:00000da4       $pdata$xtow_s              000000014003cda4     LIBCMTD:xtows.obj
 0004:00000db0       $pdata$__GSHandlerCheck_SEH 000000014003cdb0     LIBCMTD:gshandlerseh.obj
 0004:00000dbc       $pdata$__free_lconv_mon    000000014003cdbc     LIBCMTD:initmon.obj
 0004:00000dc8       $pdata$__free_lconv_num    000000014003cdc8     LIBCMTD:initnum.obj
 0004:00000dd4       $pdata$__free_lc_time      000000014003cdd4     LIBCMTD:inittime.obj
 0004:00000de0       $pdata$?__crtLCMapStringA_stat@@YAHPEAUlocaleinfo_struct@@PEB_WKPEBDHPEADHHH@Z 000000014003cde0     LIBCMTD:a_map.obj
 0004:00000dec       $pdata$?strncnt@@YAHPEBDH@Z 000000014003cdec     LIBCMTD:a_map.obj
 0004:00000df8       $pdata$_MallocaIsSizeInRange 000000014003cdf8     LIBCMTD:a_map.obj
 0004:00000e04       $pdata$__crtLCMapStringA   000000014003ce04     LIBCMTD:a_map.obj
 0004:00000e10       $pdata$_freea              000000014003ce10     LIBCMTD:a_map.obj
 0004:00000e1c       $pdata$?__crtGetStringTypeA_stat@@YAHPEAUlocaleinfo_struct@@KPEBDHPEAGHH@Z 000000014003ce1c     LIBCMTD:a_str.obj
 0004:00000e28       $pdata$__crtGetStringTypeA 000000014003ce28     LIBCMTD:a_str.obj
 0004:00000e34       $pdata$?_CatchTryBlock@@YAPEBU_s_TryBlockMapEntry@@PEBU_s_FuncInfo@@H@Z 000000014003ce34     LIBCMTD:trnsctrl.obj
 0004:00000e40       $pdata$?_GetEstablisherFrame@@YAPEA_KPEA_KPEAU_xDISPATCHER_CONTEXT@@PEBU_s_FuncInfo@@0@Z 000000014003ce40     LIBCMTD:trnsctrl.obj
 0004:00000e4c       $pdata$?_GetRangeOfTrysToCheck@@YAPEBU_s_TryBlockMapEntry@@PEA_KPEBU_s_FuncInfo@@HHPEAI2PEAU_xDISPATCHER_CONTEXT@@@Z 000000014003ce4c     LIBCMTD:trnsctrl.obj
 0004:00000e58       $pdata$?__FrameUnwindToEmptyState@@YAXPEA_KPEAU_xDISPATCHER_CONTEXT@@PEBU_s_FuncInfo@@@Z 000000014003ce58     LIBCMTD:trnsctrl.obj
 0004:00000e64       $pdata$?__SehTransFilter@@YAHPEAU_EXCEPTION_POINTERS@@PEAUEHExceptionRecord@@PEA_KPEAU_CONTEXT@@PEAU_xDISPATCHER_CONTEXT@@PEBU_s_FuncInfo@@PEAH@Z 000000014003ce64     LIBCMTD:trnsctrl.obj
 0004:00000e70       $pdata$_CallSETranslator   000000014003ce70     LIBCMTD:trnsctrl.obj
 0004:00000e7c       $pdata$_CreateFrameInfo    000000014003ce7c     LIBCMTD:trnsctrl.obj
 0004:00000e88       $pdata$_FindAndUnlinkFrame 000000014003ce88     LIBCMTD:trnsctrl.obj
 0004:00000e94       $pdata$_GetImageBase       000000014003ce94     LIBCMTD:trnsctrl.obj
 0004:00000ea0       $pdata$_GetThrowImageBase  000000014003cea0     LIBCMTD:trnsctrl.obj
 0004:00000eac       $pdata$_IsExceptionObjectToBeDestroyed 000000014003ceac     LIBCMTD:trnsctrl.obj
 0004:00000eb8       $pdata$_SetImageBase       000000014003ceb8     LIBCMTD:trnsctrl.obj
 0004:00000ec4       $pdata$_SetThrowImageBase  000000014003cec4     LIBCMTD:trnsctrl.obj
 0004:00000ed0       $pdata$_UnwindNestedFrames 000000014003ced0     LIBCMTD:trnsctrl.obj
 0004:00000edc       $pdata$__CxxFrameHandler3  000000014003cedc     LIBCMTD:trnsctrl.obj
 0004:00000ee8       $pdata$_locterm            000000014003cee8     LIBCMTD:wsetloca.obj
 0004:00000ef4       $pdata$_CopyMan            000000014003cef4     LIBCMTD:intrncvt.obj
 0004:00000f00       $pdata$_FillZeroMan        000000014003cf00     LIBCMTD:intrncvt.obj
 0004:00000f0c       $pdata$_IncMan             000000014003cf0c     LIBCMTD:intrncvt.obj
 0004:00000f18       $pdata$_IsZeroMan          000000014003cf18     LIBCMTD:intrncvt.obj
 0004:00000f24       $pdata$_RoundMan           000000014003cf24     LIBCMTD:intrncvt.obj
 0004:00000f30       $pdata$_ShrMan             000000014003cf30     LIBCMTD:intrncvt.obj
 0004:00000f3c       $pdata$_ZeroTail           000000014003cf3c     LIBCMTD:intrncvt.obj
 0004:00000f48       $pdata$__addl              000000014003cf48     LIBCMTD:intrncvt.obj
 0004:00000f54       $pdata$_ld12cvt            000000014003cf54     LIBCMTD:intrncvt.obj
 0004:00000f60       $pdata$_ld12tod            000000014003cf60     LIBCMTD:intrncvt.obj
 0004:00000f6c       $pdata$_ld12tof            000000014003cf6c     LIBCMTD:intrncvt.obj
 0004:00000f78       $pdata$__ld12mul           000000014003cf78     LIBCMTD:strgtold.obj
 0004:00000f84       $pdata$__multtenpow12      000000014003cf84     LIBCMTD:strgtold.obj
 0004:00000f90       $pdata$__shl_12            000000014003cf90     LIBCMTD:strgtold.obj
 0004:00000f9c       $pdata$__shr_12            000000014003cf9c     LIBCMTD:strgtold.obj
 0004:00000fa8       $pdata$__strgtold12_l      000000014003cfa8     LIBCMTD:strgtold.obj
 0004:00000fb4       $pdata$$I10_OUTPUT         000000014003cfb4     LIBCMTD:x10fout.obj
 0004:00000fc0       $pdata$__add_12            000000014003cfc0     LIBCMTD:x10fout.obj
 0004:00000fcc       $pdata$abort               000000014003cfcc     LIBCMTD:abort.obj
 0004:00000fd8       $pdata$GetTableIndexFromLocaleName 000000014003cfd8     LIBCMTD:winapinls.obj
 0004:00000fe4       $pdata$__crtDownlevelLocaleNameToLCID 000000014003cfe4     LIBCMTD:winapinls.obj
 0004:00000ff0       $pdata$__crtLCMapStringEx  000000014003cff0     LIBCMTD:winapinls.obj
 0004:00000ffc       $pdata$__wcsnicmp_ascii    000000014003cffc     LIBCMTD:winapinls.obj
 0004:00001008       $pdata$_fclose_nolock      000000014003d008     LIBCMTD:fclose.obj
 0004:00001014       $pdata$fclose              000000014003d014     LIBCMTD:fclose.obj
 0004:00001020       $pdata$_commit             000000014003d020     LIBCMTD:commit.obj
 0004:0000102c       $pdata$__termconout        000000014003d02c     LIBCMTD:initcon.obj
 0004:00001038       $pdata$__initconout        000000014003d038     LIBCMTD:initcon.obj
 0004:00001044       $pdata$_woutput_s_l        000000014003d044     LIBCMTD:woutputs.obj
 0004:00001050       $pdata$write_char          000000014003d050     LIBCMTD:woutputs.obj
 0004:0000105c       $pdata$write_multi_char    000000014003d05c     LIBCMTD:woutputs.obj
 0004:00001068       $pdata$write_string        000000014003d068     LIBCMTD:woutputs.obj
 0004:00001074       $pdata$_fputwc_nolock      000000014003d074     LIBCMTD:fputwc.obj
 0004:00001080       $pdata$free                000000014003d080     LIBCMTD:dbgfree.obj
 0004:0000108c       $pdata$malloc              000000014003d08c     LIBCMTD:dbgmalloc.obj
 0004:00001098       $pdata$__DestructExceptionObject 000000014003d098     LIBCMTD:frame.obj
 0004:000010a4       $pdata$??0bad_exception@std@@QEAA@AEBV01@@Z 000000014003d0a4     LIBCMTD:frame.obj
 0004:000010b0       $pdata$??0bad_exception@std@@QEAA@PEBD@Z 000000014003d0b0     LIBCMTD:frame.obj
 0004:000010bc       $pdata$??1bad_exception@std@@UEAA@XZ 000000014003d0bc     LIBCMTD:frame.obj
 0004:000010c8       $pdata$??_Gbad_exception@std@@UEAAPEAXI@Z 000000014003d0c8     LIBCMTD:frame.obj
 0004:000010d4       $pdata$?CatchIt@@YAXPEAUEHExceptionRecord@@PEA_KPEAU_CONTEXT@@PEAU_xDISPATCHER_CONTEXT@@PEBU_s_FuncInfo@@PEBU_s_HandlerType@@PEBU_s_CatchableType@@PEBU_s_TryBlockMapEntry@@H1EE@Z 000000014003d0d4     LIBCMTD:frame.obj
 0004:000010e0       $pdata$?ExFilterRethrow@@YAHPEAU_EXCEPTION_POINTERS@@PEAUEHExceptionRecord@@PEAH@Z 000000014003d0e0     LIBCMTD:frame.obj
 0004:000010ec       $pdata$?FindHandler@@YAXPEAUEHExceptionRecord@@PEA_KPEAU_CONTEXT@@PEAU_xDISPATCHER_CONTEXT@@PEBU_s_FuncInfo@@EH1@Z 000000014003d0ec     LIBCMTD:frame.obj
 0004:000010f8       $pdata$?FindHandlerForForeignException@@YAXPEAUEHExceptionRecord@@PEA_KPEAU_CONTEXT@@PEAU_xDISPATCHER_CONTEXT@@PEBU_s_FuncInfo@@HH1@Z 000000014003d0f8     LIBCMTD:frame.obj
 0004:00001104       $pdata$?IsInExceptionSpec@@YAEPEAUEHExceptionRecord@@PEBU_s_ESTypeList@@@Z 000000014003d104     LIBCMTD:frame.obj
 0004:00001110       $pdata$?Is_bad_exception_allowed@@YAEPEBU_s_ESTypeList@@@Z 000000014003d110     LIBCMTD:frame.obj
 0004:0000111c       $pdata$?__RethrowException@@YAXPEAUEHExceptionRecord@@@Z 000000014003d11c     LIBCMTD:frame.obj
 0004:00001128       $pdata$__AdjustPointer     000000014003d128     LIBCMTD:frame.obj
 0004:00001134       $pdata$__BuildCatchObject  000000014003d134     LIBCMTD:frame.obj
 0004:00001140       $pdata$__BuildCatchObjectHelper 000000014003d140     LIBCMTD:frame.obj
 0004:0000114c       $pdata$__CxxCallCatchBlock 000000014003d14c     LIBCMTD:frame.obj
 0004:00001158       $pdata$__FrameUnwindFilter 000000014003d158     LIBCMTD:frame.obj
 0004:00001164       $pdata$__FrameUnwindToState 000000014003d164     LIBCMTD:frame.obj
 0004:00001170       $pdata$__InternalCxxFrameHandler 000000014003d170     LIBCMTD:frame.obj
 0004:0000117c       $pdata$__TypeMatch         000000014003d17c     LIBCMTD:frame.obj
 0004:00001188       $pdata$?__GetCurrentState@@YAHPEA_KPEAU_xDISPATCHER_CONTEXT@@PEBU_s_FuncInfo@@@Z 000000014003d188     LIBCMTD:ehstate.obj
 0004:00001194       $pdata$?__GetUnwindTryBlock@@YAHPEA_KPEAU_xDISPATCHER_CONTEXT@@PEBU_s_FuncInfo@@@Z 000000014003d194     LIBCMTD:ehstate.obj
 0004:000011a0       $pdata$?__SetUnwindTryBlock@@YAXPEA_KPEAU_xDISPATCHER_CONTEXT@@PEBU_s_FuncInfo@@H@Z 000000014003d1a0     LIBCMTD:ehstate.obj
 0004:000011ac       $pdata$?__StateFromControlPc@@YAHPEBU_s_FuncInfo@@PEAU_xDISPATCHER_CONTEXT@@@Z 000000014003d1ac     LIBCMTD:ehstate.obj
 0004:000011b8       $pdata$?__StateFromIp@@YAHPEBU_s_FuncInfo@@PEAU_xDISPATCHER_CONTEXT@@_J@Z 000000014003d1b8     LIBCMTD:ehstate.obj
 0004:000011d0       $pdata$__mtold12           000000014003d1d0     LIBCMTD:mantold.obj
 0004:000011dc       $pdata$_close              000000014003d1dc     LIBCMTD:close.obj
 0004:000011e8       $pdata$_close_nolock       000000014003d1e8     LIBCMTD:close.obj
 0004:000011f4       $pdata$_freebuf            000000014003d1f4     LIBCMTD:_freebuf.obj
 0004:00001200       $pdata$_flswbuf            000000014003d200     LIBCMTD:_flswbuf.obj
 0004:0000120c       $pdata$??3@YAXPEAX@Z       000000014003d20c     LIBCMTD:dbgdel.obj
 0004:00001224       $pdata$?_ValidateExecute@@YAHP6A_JXZ@Z 000000014003d224     LIBCMTD:validate.obj
 0004:00001230       $pdata$?_ValidateWrite@@YAHPEAXI@Z 000000014003d230     LIBCMTD:validate.obj
 0004:00001230       $pdata$?_ValidateRead@@YAHPEBXI@Z 000000014003d230     LIBCMTD:validate.obj
 0004:00001248       $pdata$??1type_info@@UEAA@XZ 000000014003d248     LIBCMTD:typinfo.obj
 0004:00001254       $pdata$??8type_info@@QEBA_NAEBV0@@Z 000000014003d254     LIBCMTD:typinfo.obj
 0004:00001260       $pdata$??_Gtype_info@@UEAAPEAXI@Z 000000014003d260     LIBCMTD:typinfo.obj
 0004:0000126c       $pdata$??0exception@std@@QEAA@AEBQEBD@Z 000000014003d26c     LIBCMTD:stdexcpt.obj
 0004:00001278       $pdata$??0exception@std@@QEAA@AEBV01@@Z 000000014003d278     LIBCMTD:stdexcpt.obj
 0004:00001284       $pdata$??1exception@std@@UEAA@XZ 000000014003d284     LIBCMTD:stdexcpt.obj
 0004:00001290       $pdata$??4exception@std@@QEAAAEAV01@AEBV01@@Z 000000014003d290     LIBCMTD:stdexcpt.obj
 0004:0000129c       $pdata$??_Gexception@std@@UEAAPEAXI@Z 000000014003d29c     LIBCMTD:stdexcpt.obj
 0004:000012a8       $pdata$?_Copy_str@exception@std@@AEAAXPEBD@Z 000000014003d2a8     LIBCMTD:stdexcpt.obj
 0004:000012b4       $pdata$?_Tidy@exception@std@@AEAAXXZ 000000014003d2b4     LIBCMTD:stdexcpt.obj
 0004:000012c0       $pdata$?what@exception@std@@UEBAPEBDXZ 000000014003d2c0     LIBCMTD:stdexcpt.obj
 0004:000012cc       $pdata$_CxxThrowException  000000014003d2cc     LIBCMTD:throw.obj
 0004:000012d8       $pdata$?_Type_info_dtor@type_info@@CAXPEAV1@@Z 000000014003d2d8     LIBCMTD:typname.obj
 0004:000012e4       $pdata$__tmainCRTStartup$filt$0 000000014003d2e4     LIBCMTD:wincrt0.obj
 0004:000012f0       $pdata$_CrtCheckMemory$fin$0 000000014003d2f0     LIBCMTD:dbgheap.obj
 0004:000012fc       $pdata$?fin$0@?0??_CrtMemDumpAllObjectsSince_stat@@YAXPEBU_CrtMemState@@PEAUlocaleinfo_struct@@@Z@4HA 000000014003d2fc     LIBCMTD:dbgheap.obj
 0004:000012fc       $pdata$_heap_alloc_dbg_impl$fin$0 000000014003d2fc     LIBCMTD:dbgheap.obj
 0004:000012fc       $pdata$_CrtMemCheckpoint$fin$0 000000014003d2fc     LIBCMTD:dbgheap.obj
 0004:00001308       $pdata$?fin$0@?0???3@YAXPEAX@Z@4HA 000000014003d308     LIBCMTD:dbgheap.obj
 0004:00001308       $pdata$_msize_dbg$fin$0    000000014003d308     LIBCMTD:dbgheap.obj
 0004:00001308       $pdata$_CrtSetDbgFlag$fin$0 000000014003d308     LIBCMTD:dbgheap.obj
 0004:00001308       $pdata$_realloc_dbg$fin$0  000000014003d308     LIBCMTD:dbgheap.obj
 0004:00001314       $pdata$_free_dbg$fin$0     000000014003d314     LIBCMTD:dbgheap.obj
 0004:00001320       $pdata$_freefls$fin$0      000000014003d320     LIBCMTD:tidtable.obj
 0004:00001320       $pdata$_initptd$fin$0      000000014003d320     LIBCMTD:tidtable.obj
 0004:0000132c       $pdata$_freefls$fin$1      000000014003d32c     LIBCMTD:tidtable.obj
 0004:0000132c       $pdata$_initptd$fin$1      000000014003d32c     LIBCMTD:tidtable.obj
 0004:00001338       $pdata$doexit$fin$0        000000014003d338     LIBCMTD:crt0dat.obj
 0004:00001344       $pdata$_ioinit$fin$0       000000014003d344     LIBCMTD:ioinit.obj
 0004:00001350       $pdata$_commit$fin$0       000000014003d350     LIBCMTD:lseeki64.obj
 0004:00001350       $pdata$_write$fin$0        000000014003d350     LIBCMTD:lseeki64.obj
 0004:00001350       $pdata$_close$fin$0        000000014003d350     LIBCMTD:lseeki64.obj
 0004:00001350       $pdata$_lseeki64$fin$0     000000014003d350     LIBCMTD:lseeki64.obj
 0004:0000135c       $pdata$__lock_fhandle$fin$0 000000014003d35c     LIBCMTD:mlock.obj
 0004:0000135c       $pdata$_mtinitlocknum$fin$0 000000014003d35c     LIBCMTD:mlock.obj
 0004:00001368       $pdata$raise$fin$0         000000014003d368     LIBCMTD:winsig.obj
 0004:00001374       $pdata$_VCrtDbgReportA$fin$0 000000014003d374     LIBCMTD:dbgrptt.obj
 0004:00001380       $pdata$_VCrtDbgReportA$fin$1 000000014003d380     LIBCMTD:dbgrptt.obj
 0004:0000138c       $pdata$_VCrtDbgReportW$fin$0 000000014003d38c     LIBCMTD:dbgrptt.obj
 0004:00001398       $pdata$_VCrtDbgReportW$fin$1 000000014003d398     LIBCMTD:dbgrptt.obj
 0004:000013a4       $pdata$_locterm$fin$0      000000014003d3a4     LIBCMTD:localref.obj
 0004:000013a4       $pdata$__updatetlocinfo$fin$0 000000014003d3a4     LIBCMTD:localref.obj
 0004:000013b0       $pdata$?dtor$0@?0??getSystemCP@@YAHH@Z@4HA 000000014003d3b0     LIBCMTD:mbctype.obj
 0004:000013bc       $pdata$_setmbcp$fin$0      000000014003d3bc     LIBCMTD:mbctype.obj
 0004:000013bc       $pdata$__updatetmbcinfo$fin$0 000000014003d3bc     LIBCMTD:mbctype.obj
 0004:000013c8       $pdata$?filt$0@?0??__crtIsBadReadPtr@@YAHPEBX_K@Z@4HA 000000014003d3c8     LIBCMTD:hooks.obj
 0004:000013c8       $pdata$?filt$0@?0??terminate@@YAXXZ@4HA 000000014003d3c8     LIBCMTD:hooks.obj
 0004:000013c8       $pdata$__BuildCatchObject$filt$0 000000014003d3c8     LIBCMTD:hooks.obj
 0004:000013c8       $pdata$__BuildCatchObjectHelper$filt$0 000000014003d3c8     LIBCMTD:hooks.obj
 0004:000013c8       $pdata$?filt$0@?0??_inconsistency@@YAXXZ@4HA 000000014003d3c8     LIBCMTD:hooks.obj
 0004:000013d4       $pdata$_IsNonwritableInCurrentImage$filt$0 000000014003d3d4     LIBCMTD:pesect.obj
 0004:000013e0       $pdata$_onexit$fin$0       000000014003d3e0     LIBCMTD:onexit.obj
 0004:000013ec       $pdata$?dtor$0@?0??x_ismbbtype_l@@YAHPEAUlocaleinfo_struct@@IHH@Z@4HA 000000014003d3ec     LIBCMTD:ismbbyte.obj
 0004:000013f8       $pdata$_fcloseall$fin$0    000000014003d3f8     LIBCMTD:closeall.obj
 0004:00001404       $pdata$flsall$fin$0        000000014003d404     LIBCMTD:fflush.obj
 0004:00001410       $pdata$flsall$fin$1        000000014003d410     LIBCMTD:fflush.obj
 0004:0000141c       $pdata$_CallSETranslator$filt$0 000000014003d41c     LIBCMTD:trnsctrl.obj
 0004:00001428       $pdata$fclose$fin$0        000000014003d428     LIBCMTD:fclose.obj
 0004:00001434       $pdata$__CxxCallCatchBlock$filt$0 000000014003d434     LIBCMTD:frame.obj
 0004:00001440       $pdata$__CxxCallCatchBlock$fin$1 000000014003d440     LIBCMTD:frame.obj
 0004:0000144c       $pdata$__DestructExceptionObject$filt$0 000000014003d44c     LIBCMTD:frame.obj
 0004:00001458       $pdata$__FrameUnwindToState$filt$0 000000014003d458     LIBCMTD:frame.obj
 0004:00001464       $pdata$__FrameUnwindToState$fin$1 000000014003d464     LIBCMTD:frame.obj
 0004:00001470       $pdata$?fin$0@?0??_Type_info_dtor@type_info@@CAXPEAV1@@Z@4HA 000000014003d470     LIBCMTD:typname.obj
