 win32_ivan

 Timestamp is 59060858 (Sun Apr 30 19:52:56 2017)

 Preferred load address is 0000000140000000

 Start         Length     Name                   Class
 0001:00000000 0003d330H .text$mn                CODE
 0001:0003d330 00000020H .text$mn$00             CODE
 0001:0003d350 00000689H .text$x                 CODE
 0002:00000000 00000488H .idata$5                DATA
 0002:00000488 00000010H .00cfg                  DATA
 0002:00000498 00000008H .CRT$XCA                DATA
 0002:000004a0 00000008H .CRT$XCAA               DATA
 0002:000004a8 00000008H .CRT$XCZ                DATA
 0002:000004b0 00000008H .CRT$XIA                DATA
 0002:000004b8 00000008H .CRT$XIAA               DATA
 0002:000004c0 00000008H .CRT$XIAC               DATA
 0002:000004c8 00000018H .CRT$XIC                DATA
 0002:000004e0 00000008H .CRT$XIZ                DATA
 0002:000004e8 00000008H .CRT$XPA                DATA
 0002:000004f0 00000010H .CRT$XPX                DATA
 0002:00000500 00000008H .CRT$XPXA               DATA
 0002:00000508 00000008H .CRT$XPZ                DATA
 0002:00000510 00000008H .CRT$XTA                DATA
 0002:00000518 00000008H .CRT$XTZ                DATA
 0002:00000520 00011b68H .rdata                  DATA
 0002:00012088 0000016cH .rdata$r                DATA
 0002:000121f4 0000034cH .rdata$zzzdbg           DATA
 0002:00012540 00000008H .rtc$IAA                DATA
 0002:00012548 00000008H .rtc$IZZ                DATA
 0002:00012550 00000008H .rtc$TAA                DATA
 0002:00012558 00000008H .rtc$TZZ                DATA
 0002:00012560 000011f8H .xdata                  DATA
 0002:00013758 00000084H .xdata$x                DATA
 0002:000137dc 00000000H .edata                  DATA
 0002:000137dc 00000050H .idata$2                DATA
 0002:0001382c 00000014H .idata$3                DATA
 0002:00013840 00000488H .idata$4                DATA
 0002:00013cc8 000009eeH .idata$6                DATA
 0003:00000000 00004a80H .data                   DATA
 0003:00004a80 00000070H .data$r                 DATA
 0003:00004af0 000022a0H .bss                    DATA
 0004:00000000 00002b2cH .pdata                  DATA
 0005:00000000 00000088H .gfids$x                DATA
 0005:00000088 00000040H .gfids$y                DATA

  Address         Publics by Value              Rva+Base               Lib:Object

 0000:00000000       __dynamic_value_reloc_table 0000000000000000     <absolute>
 0000:00000000       __guard_longjmp_count      0000000000000000     <absolute>
 0000:00000000       __guard_iat_table          0000000000000000     <absolute>
 0000:00000000       __guard_iat_count          0000000000000000     <absolute>
 0000:00000000       __guard_longjmp_table      0000000000000000     <absolute>
 0000:00000000       __guard_fids_count         0000000000000000     <absolute>
 0000:00000000       ___safe_se_handler_table   0000000000000000     <absolute>
 0000:00000000       ___safe_se_handler_count   0000000000000000     <absolute>
 0000:00000000       __guard_fids_table         0000000000000000     <absolute>
 0000:00000100       __guard_flags              0000000000000100     <absolute>
 0000:00000000       __ImageBase                0000000140000000     <linker-defined>
 0001:00000000       stbsp_vsprintf             0000000140001000 f   win32_ivan.obj
 0001:00000040       stbsp_vsnprintf            0000000140001040 f   win32_ivan.obj
 0001:00000140       stbsp_sprintf              0000000140001140 f   win32_ivan.obj
 0001:000001a0       stbsp_snprintf             00000001400011a0 f   win32_ivan.obj
 0001:00000200       stbsp_vsprintfcb           0000000140001200 f   win32_ivan.obj
 0001:000039e0       stbsp_set_separators       00000001400049e0 f   win32_ivan.obj
 0001:00005220       ?Refract@@YA?ATvec2@@T1@0M@Z 0000000140006220 f   win32_ivan.obj
 0001:000053a0       ?Refract@@YA?ATvec3@@T1@0M@Z 00000001400063a0 f   win32_ivan.obj
 0001:000056a0       ?AspectRatio@@YAMTvec2@@@Z 00000001400066a0 f   win32_ivan.obj
 0001:000056f0       ?Lerp@@YAMMMM@Z            00000001400066f0 f   win32_ivan.obj
 0001:00005750       ?GameUpdateAndRenderStub@@YAXPEAUgame_memory@@PEAUgame_input@@PEAUgame_offscreen_buffer@@PEAUgame_sound_output_buffer@@@Z 0000000140006750 f   win32_ivan.obj
 0001:00005770       ?GameGetSoundSamplesStub@@YAXPEAUgame_memory@@PEAUgame_sound_output_buffer@@@Z 0000000140006770 f   win32_ivan.obj
 0001:00005790       WinMain                    0000000140006790 f   win32_ivan.obj
 0001:00007a20       ?XInputGetStateStub@@YAKKPEAU_XINPUT_STATE@@@Z 0000000140008a20 f   win32_ivan.obj
 0001:00007a40       ?XInputSetStateStub@@YAKKPEAU_XINPUT_VIBRATION@@@Z 0000000140008a40 f   win32_ivan.obj
 0001:00007a60       ?DirectSoundCreateStub@@YAJPEAU_GUID@@PEAPEAUIDirectSound@@PEAUIUnknown@@@Z 0000000140008a60 f   win32_ivan.obj
 0001:00007a80       ?DirectSoundCaptureCreateStub@@YAJPEAU_GUID@@PEAPEAUIDirectSoundCapture@@PEAUIUnknown@@@Z 0000000140008a80 f   win32_ivan.obj
 0001:00007aa0       ?DEBUGPlatformFreeFileMemory@@YAXPEAX@Z 0000000140008aa0 f   win32_ivan.obj
 0001:00007ad0       ?DEBUGPlatformReadEntireFile@@YA?AUdebug_read_file_result@@PEAD@Z 0000000140008ad0 f   win32_ivan.obj
 0001:00007c00       ?DEBUGPlatformWriteEntireFile@@YAHPEADPEAXI@Z 0000000140008c00 f   win32_ivan.obj
 0001:00008440       ?BuildPathForFileInEXEDir@@YAXPEAD0@Z 0000000140009440 f   win32_ivan.obj
 0001:00009c40       ?ThreadProcedure@@YAKPEAX@Z 000000014000ac40 f   win32_ivan.obj
 0001:0000a3b0       ?Win32WindowProcessing@@YA_JPEAUHWND__@@I_K_J@Z 000000014000b3b0 f   win32_ivan.obj
 0001:0000a4a0       ??$_snprintf_s@$0BAA@@@YAHAEAY0BAA@D_KPEBDZZ 000000014000b4a0 f i win32_ivan.obj
 0001:0000a4f0       ??$sprintf_s@$0EA@@@YAHAEAY0EA@DPEBDZZ 000000014000b4f0 f i win32_ivan.obj
 0001:0000a540       ?AtomicAddU64@@YA_KPEC_K_K@Z 000000014000b540 f i win32_ivan.obj
 0001:0000a570       ?BeginTicketMutex@@YAXPEAUticket_mutex@@@Z 000000014000b570 f i win32_ivan.obj
 0001:0000a5b0       ?Dot@@YAMTvec2@@0@Z        000000014000b5b0 f i win32_ivan.obj
 0001:0000a5e0       ?Dot@@YAMTvec3@@0@Z        000000014000b5e0 f i win32_ivan.obj
 0001:0000a630       ?EndTicketMutex@@YAXPEAUticket_mutex@@@Z 000000014000b630 f i win32_ivan.obj
 0001:0000a660       ?GetController@@YAPEAUgame_controller_input@@PEAUgame_input@@H@Z 000000014000b660 f i win32_ivan.obj
 0001:0000a6b0       ?GetHeight@@YAHUrectangle2i@@@Z 000000014000b6b0 f i win32_ivan.obj
 0001:0000a6e0       ?GetWidth@@YAHUrectangle2i@@@Z 000000014000b6e0 f i win32_ivan.obj
 0001:0000a710       ?IsEndOfLine@@YAHD@Z       000000014000b710 f i win32_ivan.obj
 0001:0000a750       ?IsWhitespace@@YAHD@Z      000000014000b750 f i win32_ivan.obj
 0001:0000a7c0       ?Mul@@YA?ATvec2@@T1@M@Z    000000014000b7c0 f i win32_ivan.obj
 0001:0000a800       ?Mul@@YA?ATvec3@@T1@M@Z    000000014000b800 f i win32_ivan.obj
 0001:0000a880       ?OpenGLRenderBitmap@@YAXHHPEAXUrectangle2i@@Tvec4@@I@Z 000000014000b880 f i win32_ivan.obj
 0001:0000b390       ?OpenGLRenderRectangle@@YAXTvec3@@0Tvec4@@Tvec2@@2@Z 000000014000c390 f i win32_ivan.obj
 0001:0000b6a0       ?SafeRatio1@@YAMMM@Z       000000014000c6a0 f i win32_ivan.obj
 0001:0000b6e0       ?SafeRatioN@@YAMMMM@Z      000000014000c6e0 f i win32_ivan.obj
 0001:0000b730       ?SafeTruncateUInt64@@YAI_K@Z 000000014000c730 f i win32_ivan.obj
 0001:0000b760       ?Sqrt@@YAMM@Z              000000014000c760 f i win32_ivan.obj
 0001:0000b790       ?StringsAreEqual@@YAHPEAD0@Z 000000014000c790 f i win32_ivan.obj
 0001:0000b850       ?StringsAreEqual@@YAH_KPEAD1@Z 000000014000c850 f i win32_ivan.obj
 0001:0000b940       ?Sub@@YA?ATvec2@@T1@0@Z    000000014000c940 f i win32_ivan.obj
 0001:0000b980       ?Sub@@YA?ATvec3@@T1@0@Z    000000014000c980 f i win32_ivan.obj
 0001:0000ba10       ?Vec2@@YA?ATvec2@@MM@Z     000000014000ca10 f i win32_ivan.obj
 0001:0000ba60       ?Vec4@@YA?ATvec4@@MMMM@Z   000000014000ca60 f i win32_ivan.obj
 0001:0000baf0       ?Win32GetLastFileWriteTime@@YA?AU_FILETIME@@PEAD@Z 000000014000caf0 f i win32_ivan.obj
 0001:0000bb80       __local_stdio_printf_options 000000014000cb80 f i win32_ivan.obj
 0001:0000bb90       _vsnprintf_s               000000014000cb90 f i win32_ivan.obj
 0001:0000bbe0       _vsnprintf_s_l             000000014000cbe0 f i win32_ivan.obj
 0001:0000bc60       _vsprintf_s_l              000000014000cc60 f i win32_ivan.obj
 0001:0000bcd0       vsprintf_s                 000000014000ccd0 f i win32_ivan.obj
 0001:0000bd10       __raise_securityfailure    000000014000cd10 f   LIBCMTD:gs_report.obj
 0001:0000bd50       __report_gsfailure         000000014000cd50 f   LIBCMTD:gs_report.obj
 0001:0000be30       __report_rangecheckfailure 000000014000ce30 f   LIBCMTD:gs_report.obj
 0001:0000be50       __report_securityfailure   000000014000ce50 f   LIBCMTD:gs_report.obj
 0001:0000c050       __GSHandlerCheck           000000014000d050 f   LIBCMTD:_gshandler_.obj
 0001:0000c090       __GSHandlerCheckCommon     000000014000d090 f   LIBCMTD:_gshandler_.obj
 0001:0000c1a0       __chkstk                   000000014000d1a0 f   LIBCMTD:_chkstk_.obj
 0001:0000c1a0       _alloca_probe              000000014000d1a0 f   LIBCMTD:_chkstk_.obj
 0001:0000c210       __security_check_cookie    000000014000d210 f   LIBCMTD:_amdsecgs_.obj
 0001:0000c4f0       ?configure_argv@__scrt_narrow_argv_policy@@SAHXZ 000000014000d4f0 f i LIBCMTD:exe_winmain.obj
 0001:0000c510       ?get_app_type@__scrt_winmain_policy@@SA?AW4_crt_app_type@@XZ 000000014000d510 f i LIBCMTD:exe_winmain.obj
 0001:0000c570       WinMainCRTStartup          000000014000d570 f   LIBCMTD:exe_winmain.obj
 0001:0000c580       ??$__crt_fast_decode_pointer@PEAP6AXXZ@@YAPEAP6AXXZQEAP6AXXZ@Z 000000014000d580 f i LIBCMTD:utility.obj
 0001:0000c580       ??$__crt_fast_decode_pointer@P6AH_K@Z@@YAP6AH_K@ZQ6AH0@Z@Z 000000014000d580 f i libucrtd:new_handler.obj
 0001:0000c580       ??$__crt_fast_decode_pointer@PEAX@@YAPEAXQEAX@Z 000000014000d580 f i libvcruntimed:winapi_downlevel.obj
 0001:0000c580       ??$__crt_fast_decode_pointer@P6AXH@Z@@YAP6AXH@ZQ6AXH@Z@Z 000000014000d580 f i libucrtd:signal.obj
 0001:0000c580       ??$__crt_fast_decode_pointer@P6AXPEB_W00I_K@Z@@YAP6AXPEB_W00I_K@ZQ6AX000I1@Z@Z 000000014000d580 f i libucrtd:invalid_parameter.obj
 0001:0000c580       ??$__crt_fast_decode_pointer@P6AHPEAU_exception@@@Z@@YAP6AHPEAU_exception@@@ZQ6AH0@Z@Z 000000014000d580 f i libucrtd:matherr.obj
 0001:0000c580       ??$__crt_fast_decode_pointer@P6AXXZ@@YAP6AXXZQ6AXXZ@Z 000000014000d580 f i libvcruntimed:purevirt.obj
 0001:0000c580       ??$__crt_fast_decode_pointer@P6AXPEAXK0@Z@@YAP6AXPEAXK0@ZQ6AX0K0@Z@Z 000000014000d580 f i libucrtd:exit.obj
 0001:0000c5c0       ?__crt_rotate_pointer_value@@YA_K_KH@Z 000000014000d5c0 f i LIBCMTD:utility.obj
 0001:0000c740       NtCurrentTeb               000000014000d740 f i LIBCMTD:utility.obj
 0001:0000c750       __scrt_acquire_startup_lock 000000014000d750 f   LIBCMTD:utility.obj
 0001:0000c7c0       __scrt_initialize_crt      000000014000d7c0 f   LIBCMTD:utility.obj
 0001:0000c810       __scrt_initialize_onexit_tables 000000014000d810 f   LIBCMTD:utility.obj
 0001:0000c910       __scrt_is_nonwritable_in_current_image 000000014000d910 f   LIBCMTD:utility.obj
 0001:0000c9a0       __scrt_release_startup_lock 000000014000d9a0 f   LIBCMTD:utility.obj
 0001:0000c9d0       __scrt_uninitialize_crt    000000014000d9d0 f   LIBCMTD:utility.obj
 0001:0000ca10       _onexit                    000000014000da10 f   LIBCMTD:utility.obj
 0001:0000caa0       atexit                     000000014000daa0 f   LIBCMTD:utility.obj
 0001:0000cae0       __security_init_cookie     000000014000dae0 f   LIBCMTD:gs_support.obj
 0001:0000cc00       _matherr                   000000014000dc00 f   LIBCMTD:matherr.obj
 0001:0000cc10       _get_startup_argv_mode     000000014000dc10 f   LIBCMTD:argv_mode.obj
 0001:0000cc20       _get_startup_file_mode     000000014000dc20 f   LIBCMTD:file_mode.obj
 0001:0000cc30       ?__scrt_initialize_type_info@@YAXXZ 000000014000dc30 f   LIBCMTD:tncleanup.obj
 0001:0000cc50       _should_initialize_environment 000000014000dc50 f   LIBCMTD:env_mode.obj
 0001:0000cc60       __local_stdio_scanf_options 000000014000dc60 f i LIBCMTD:default_local_stdio_options.obj
 0001:0000cc70       __scrt_initialize_default_local_stdio_options 000000014000dc70 f   LIBCMTD:default_local_stdio_options.obj
 0001:0000ccc0       __scrt_is_user_matherr_present 000000014000dcc0 f   LIBCMTD:matherr_detection.obj
 0001:0000ccf0       __scrt_get_dyn_tls_init_callback 000000014000dcf0 f   LIBCMTD:dyn_tls_init.obj
 0001:0000cd00       __scrt_get_dyn_tls_dtor_callback 000000014000dd00 f   LIBCMTD:dyn_tls_dtor.obj
 0001:0000cd10       __crt_debugger_hook        000000014000dd10 f   LIBCMTD:utility_desktop.obj
 0001:0000cd20       __scrt_fastfail            000000014000dd20 f   LIBCMTD:utility_desktop.obj
 0001:0000cec0       __scrt_get_show_window_mode 000000014000dec0 f   LIBCMTD:utility_desktop.obj
 0001:0000cf20       __scrt_is_managed_app      000000014000df20 f   LIBCMTD:utility_desktop.obj
 0001:0000cfd0       __scrt_set_unhandled_exception_filter 000000014000dfd0 f   LIBCMTD:utility_desktop.obj
 0001:0000cff0       __scrt_unhandled_exception_filter 000000014000dff0 f   LIBCMTD:utility_desktop.obj
 0001:0000d070       _RTC_Initialize            000000014000e070 f   LIBCMTD:_initsect_.obj
 0001:0000d0c0       _RTC_Terminate             000000014000e0c0 f   LIBCMTD:_initsect_.obj
 0001:0000d110       _guard_check_icall         000000014000e110 f i LIBCMTD:checkcfg.obj
 0001:0000d130       __isa_available_init       000000014000e130 f   LIBCMTD:_cpu_disp_.obj
 0001:0000d4b0       __scrt_is_ucrt_dll_in_use  000000014000e4b0 f   LIBCMTD:ucrt_detection.obj
 0001:0000d4e0       _guard_icall_checks_enforced 000000014000e4e0 f i LIBCMTD:guard_support.obj
 0001:0000d510       IsProcessorFeaturePresent  000000014000e510 f   kernel32:KERNEL32.dll
 0001:0000d520       __C_specific_handler       000000014000e520 f   libvcruntimed:_chandler_.obj
 0001:0000d960       __vcrt_initialize          000000014000e960 f   libvcruntimed:initialization.obj
 0001:0000d9a0       __vcrt_uninitialize        000000014000e9a0 f   libvcruntimed:initialization.obj
 0001:0000d9d0       __std_type_info_compare    000000014000e9d0 f   libvcruntimed:std_type_info.obj
 0001:0000da20       _local_unwind              000000014000ea20 f   libvcruntimed:_jmpuwind_.obj
 0001:0000da50       _NLG_Notify                000000014000ea50 f   libvcruntimed:_jmpuwind_.obj
 0001:0000da70       __NLG_Dispatch2            000000014000ea70 f   libvcruntimed:_jmpuwind_.obj
 0001:0000da80       __NLG_Return2              000000014000ea80 f   libvcruntimed:_jmpuwind_.obj
 0001:0000da90       __except_validate_context_record 000000014000ea90 f   libvcruntimed:jbcxrval.obj
 0001:0000daf0       ??$?RPEAU__crt_stdio_stream_data@@@__crt_internal_free_policy@@QEBAXQEBQEAU__crt_stdio_stream_data@@@Z 000000014000eaf0 f i libucrtd:_file.obj
 0001:0000daf0       ??$?RPEAD@__crt_internal_free_policy@@QEBAXQEBQEAD@Z 000000014000eaf0 f i libucrtd:argv_parsing.obj
 0001:0000daf0       ??$?RU__crt_lowio_handle_data@@@__crt_internal_free_policy@@QEBAXQEBU__crt_lowio_handle_data@@@Z 000000014000eaf0 f i libucrtd:osfinfo.obj
 0001:0000daf0       ??$?RU__vcrt_ptd@@@__crt_internal_free_policy@@QEBAXQEBU__vcrt_ptd@@@Z 000000014000eaf0 f i libvcruntimed:per_thread_data.obj
 0001:0000daf0       ??$?RD@__crt_internal_free_policy@@QEBAXQEBD@Z 000000014000eaf0 f i libvcruntimed:std_type_info.obj
 0001:0000daf0       ??$?RU__crt_multibyte_data@@@__crt_internal_free_policy@@QEBAXQEBU__crt_multibyte_data@@@Z 000000014000eaf0 f i libucrtd:wsetlocale.obj
 0001:0000daf0       ??$?RP6AXXZ@__crt_internal_free_policy@@QEBAXQEBQ6AXXZ@Z 000000014000eaf0 f i libucrtd:onexit.obj
 0001:0000daf0       ??$?RU__acrt_ptd@@@__crt_internal_free_policy@@QEBAXQEBU__acrt_ptd@@@Z 000000014000eaf0 f i libucrtd:per_thread_data.obj
 0001:0000daf0       ??$?RE@__crt_internal_free_policy@@QEBAXQEBE@Z 000000014000eaf0 f i libucrtd:argv_parsing.obj
 0001:0000db40       ??1?$__crt_unique_heap_ptr@U__vcrt_ptd@@U__crt_internal_free_policy@@@@QEAA@XZ 000000014000eb40 f i libvcruntimed:per_thread_data.obj
 0001:0000db40       ??1?$__crt_unique_heap_ptr@DU__crt_internal_free_policy@@@@QEAA@XZ 000000014000eb40 f i libvcruntimed:std_type_info.obj
 0001:0000db80       ?release@?$__crt_unique_heap_ptr@DU__crt_internal_free_policy@@@@QEAAXXZ 000000014000eb80 f i libvcruntimed:std_type_info.obj
 0001:0000db80       ?release@?$__crt_unique_heap_ptr@U__vcrt_ptd@@U__crt_internal_free_policy@@@@QEAAXXZ 000000014000eb80 f i libvcruntimed:per_thread_data.obj
 0001:0000dbe0       __vcrt_freefls             000000014000ebe0 f   libvcruntimed:per_thread_data.obj
 0001:0000dc20       __vcrt_getptd              000000014000ec20 f   libvcruntimed:per_thread_data.obj
 0001:0000dc50       __vcrt_getptd_noexit       000000014000ec50 f   libvcruntimed:per_thread_data.obj
 0001:0000de00       __vcrt_initialize_ptd      000000014000ee00 f   libvcruntimed:per_thread_data.obj
 0001:0000de50       __vcrt_uninitialize_ptd    000000014000ee50 f   libvcruntimed:per_thread_data.obj
 0001:0000de80       __vcrt_initialize_locks    000000014000ee80 f   libvcruntimed:locks.obj
 0001:0000def0       __vcrt_uninitialize_locks  000000014000eef0 f   libvcruntimed:locks.obj
 0001:0000df50       ??$__crt_interlocked_compare_exchange_pointer@X$$T$$T@@YAPEAXPEDSEAX$$T1@Z 000000014000ef50 f i libvcruntimed:winapi_downlevel.obj
 0001:0000df50       ??$__crt_interlocked_compare_exchange_pointer@UHINSTANCE__@@$$T$$T@@YAPEAUHINSTANCE__@@PEDSEAU0@$$T1@Z 000000014000ef50 f i libvcruntimed:winapi_downlevel.obj
 0001:0000df90       ??$__crt_interlocked_exchange_pointer@UHINSTANCE__@@PEAU1@@@YAPEAUHINSTANCE__@@PEDSEAU0@QEAU0@@Z 000000014000ef90 f i libvcruntimed:winapi_downlevel.obj
 0001:0000df90       ??$__crt_interlocked_exchange_pointer@UHINSTANCE__@@PEAX@@YAPEAUHINSTANCE__@@PEDSEAU0@QEAX@Z 000000014000ef90 f i libvcruntimed:winapi_downlevel.obj
 0001:0000df90       ??$__crt_interlocked_exchange_pointer@XPEAX@@YAPEAXPEDSEAXQEAX@Z 000000014000ef90 f i libvcruntimed:winapi_downlevel.obj
 0001:0000dfb0       ??$__crt_interlocked_read_pointer@X@@YAPEAXPEDSEAX@Z 000000014000efb0 f i libvcruntimed:winapi_downlevel.obj
 0001:0000dfb0       ??$__crt_interlocked_read_pointer@UHINSTANCE__@@@@YAPEAUHINSTANCE__@@PEDSEAU0@@Z 000000014000efb0 f i libvcruntimed:winapi_downlevel.obj
 0001:0000dfd0       ?__crt_fast_encode_pointer@@YA?AU__crt_fast_encoded_nullptr_t@@$$T@Z 000000014000efd0 f i libvcruntimed:winapi_downlevel.obj
 0001:0000dff0       ?get_invalid_value@__crt_handle_traits@@SAPEAXXZ 000000014000eff0 f   libucrtd:crtmbox.obj
 0001:0000dff0       ?get_invalid_value@__crt_findfile_traits@@SAPEAXXZ 000000014000eff0 f   libucrtd:argv_wildcards.obj
 0001:0000e500       __vcrt_FlsAlloc            000000014000f500 f   libvcruntimed:winapi_downlevel.obj
 0001:0000e550       __vcrt_FlsFree             000000014000f550 f   libvcruntimed:winapi_downlevel.obj
 0001:0000e5a0       __vcrt_FlsGetValue         000000014000f5a0 f   libvcruntimed:winapi_downlevel.obj
 0001:0000e5f0       __vcrt_FlsSetValue         000000014000f5f0 f   libvcruntimed:winapi_downlevel.obj
 0001:0000e650       __vcrt_InitializeCriticalSectionEx 000000014000f650 f   libvcruntimed:winapi_downlevel.obj
 0001:0000e6b0       __vcrt_initialize_winapi_thunks 000000014000f6b0 f   libvcruntimed:winapi_downlevel.obj
 0001:0000e730       __vcrt_uninitialize_winapi_thunks 000000014000f730 f   libvcruntimed:winapi_downlevel.obj
 0001:0000e7d0       __vcrt_initialize_pure_virtual_call_handler 000000014000f7d0 f   libvcruntimed:purevirt_data.obj
 0001:0000e800       sprintf_s                  000000014000f800 f i libvcruntimed:undname.obj
 0001:0000e860       ??$?0AEBV?$string_output_adapter@D@__crt_stdio_output@@AEB_KAEBQEBDAEBQEAU__crt_locale_pointers@@AEBQEAD@?$format_validation_base@DV?$string_output_adapter@D@__crt_stdio_output@@@__crt_stdio_output@@IEAA@AEBV?$string_output_adapter@D@1@AEB_KAEBQEBDAEBQEAU__crt_locale_pointers@@AEBQEAD@Z 000000014000f860 f i libucrtd:output.obj
 0001:0000e8b0       ??$?0AEBV?$string_output_adapter@D@__crt_stdio_output@@AEB_KAEBQEBDAEBQEAU__crt_locale_pointers@@AEBQEAD@?$standard_base@DV?$string_output_adapter@D@__crt_stdio_output@@@__crt_stdio_output@@IEAA@AEBV?$string_output_adapter@D@1@AEB_KAEBQEBDAEBQEAU__crt_locale_pointers@@AEBQEAD@Z 000000014000f8b0 f i libucrtd:output.obj
 0001:0000e920       ??$?0AEBV?$string_output_adapter@_W@__crt_stdio_output@@AEB_KAEBQEB_WAEBQEAU__crt_locale_pointers@@AEBQEAD@?$format_validation_base@_WV?$string_output_adapter@_W@__crt_stdio_output@@@__crt_stdio_output@@IEAA@AEBV?$string_output_adapter@_W@1@AEB_KAEBQEB_WAEBQEAU__crt_locale_pointers@@AEBQEAD@Z 000000014000f920 f i libucrtd:output.obj
 0001:0000e970       ??$?0AEBV?$string_output_adapter@_W@__crt_stdio_output@@AEB_KAEBQEB_WAEBQEAU__crt_locale_pointers@@AEBQEAD@?$standard_base@_WV?$string_output_adapter@_W@__crt_stdio_output@@@__crt_stdio_output@@IEAA@AEBV?$string_output_adapter@_W@1@AEB_KAEBQEB_WAEBQEAU__crt_locale_pointers@@AEBQEAD@Z 000000014000f970 f i libucrtd:output.obj
 0001:0000e9e0       ??$__crt_interlocked_read@J@@YAJPEDJ@Z 000000014000f9e0 f i libucrtd:output.obj
 0001:00010310       ??$count@D@formatting_buffer@__crt_stdio_output@@QEBA_KXZ 0000000140011310 f i libucrtd:output.obj
 0001:00010360       ??$data@D@formatting_buffer@__crt_stdio_output@@QEAAPEADXZ 0000000140011360 f i libucrtd:output.obj
 0001:00010360       ??$data@_W@formatting_buffer@__crt_stdio_output@@QEAAPEA_WXZ 0000000140011360 f i libucrtd:output.obj
 0001:000103b0       ??$ensure_buffer_is_big_enough@D@formatting_buffer@__crt_stdio_output@@QEAA_N_K@Z 00000001400113b0 f i libucrtd:output.obj
 0001:000104e0       ??$extract_argument_from_va_list@C_J@?$standard_base@_WV?$string_output_adapter@_W@__crt_stdio_output@@@__crt_stdio_output@@IEAA_NAEA_J@Z 00000001400114e0 f i libucrtd:output.obj
 0001:000104e0       ??$extract_argument_from_va_list@C_J@?$standard_base@DV?$string_output_adapter@D@__crt_stdio_output@@@__crt_stdio_output@@IEAA_NAEA_J@Z 00000001400114e0 f i libucrtd:output.obj
 0001:00010520       ??$extract_argument_from_va_list@E_J@?$standard_base@_WV?$string_output_adapter@_W@__crt_stdio_output@@@__crt_stdio_output@@IEAA_NAEA_J@Z 0000000140011520 f i libucrtd:output.obj
 0001:00010520       ??$extract_argument_from_va_list@E_J@?$standard_base@DV?$string_output_adapter@D@__crt_stdio_output@@@__crt_stdio_output@@IEAA_NAEA_J@Z 0000000140011520 f i libucrtd:output.obj
 0001:00010560       ??$extract_argument_from_va_list@F_J@?$standard_base@_WV?$string_output_adapter@_W@__crt_stdio_output@@@__crt_stdio_output@@IEAA_NAEA_J@Z 0000000140011560 f i libucrtd:output.obj
 0001:00010560       ??$extract_argument_from_va_list@F_J@?$standard_base@DV?$string_output_adapter@D@__crt_stdio_output@@@__crt_stdio_output@@IEAA_NAEA_J@Z 0000000140011560 f i libucrtd:output.obj
 0001:000105a0       ??$extract_argument_from_va_list@GD@?$standard_base@DV?$string_output_adapter@D@__crt_stdio_output@@@__crt_stdio_output@@IEAA_NAEAD@Z 00000001400115a0 f i libucrtd:output.obj
 0001:000105d0       ??$extract_argument_from_va_list@G_J@?$standard_base@DV?$string_output_adapter@D@__crt_stdio_output@@@__crt_stdio_output@@IEAA_NAEA_J@Z 00000001400115d0 f i libucrtd:output.obj
 0001:000105d0       ??$extract_argument_from_va_list@G_J@?$standard_base@_WV?$string_output_adapter@_W@__crt_stdio_output@@@__crt_stdio_output@@IEAA_NAEA_J@Z 00000001400115d0 f i libucrtd:output.obj
 0001:00010610       ??$extract_argument_from_va_list@H_J@?$standard_base@_WV?$string_output_adapter@_W@__crt_stdio_output@@@__crt_stdio_output@@IEAA_NAEA_J@Z 0000000140011610 f i libucrtd:output.obj
 0001:00010610       ??$extract_argument_from_va_list@H_J@?$standard_base@DV?$string_output_adapter@D@__crt_stdio_output@@@__crt_stdio_output@@IEAA_NAEA_J@Z 0000000140011610 f i libucrtd:output.obj
 0001:00010640       ??$extract_argument_from_va_list@I_J@?$standard_base@_WV?$string_output_adapter@_W@__crt_stdio_output@@@__crt_stdio_output@@IEAA_NAEA_J@Z 0000000140011640 f i libucrtd:output.obj
 0001:00010640       ??$extract_argument_from_va_list@I_J@?$standard_base@DV?$string_output_adapter@D@__crt_stdio_output@@@__crt_stdio_output@@IEAA_NAEA_J@Z 0000000140011640 f i libucrtd:output.obj
 0001:00010670       ??$extract_argument_from_va_list@_K_J@?$standard_base@DV?$string_output_adapter@D@__crt_stdio_output@@@__crt_stdio_output@@IEAA_NAEA_J@Z 0000000140011670 f i libucrtd:output.obj
 0001:00010670       ??$extract_argument_from_va_list@_J_J@?$standard_base@DV?$string_output_adapter@D@__crt_stdio_output@@@__crt_stdio_output@@IEAA_NAEA_J@Z 0000000140011670 f i libucrtd:output.obj
 0001:00010670       ??$extract_argument_from_va_list@_K_J@?$standard_base@_WV?$string_output_adapter@_W@__crt_stdio_output@@@__crt_stdio_output@@IEAA_NAEA_J@Z 0000000140011670 f i libucrtd:output.obj
 0001:00010670       ??$extract_argument_from_va_list@PEAXPEAX@?$standard_base@DV?$string_output_adapter@D@__crt_stdio_output@@@__crt_stdio_output@@IEAA_NAEAPEAX@Z 0000000140011670 f i libucrtd:output.obj
 0001:00010670       ??$extract_argument_from_va_list@PEAXPEAX@?$standard_base@_WV?$string_output_adapter@_W@__crt_stdio_output@@@__crt_stdio_output@@IEAA_NAEAPEAX@Z 0000000140011670 f i libucrtd:output.obj
 0001:00010670       ??$extract_argument_from_va_list@PEADPEAD@?$standard_base@DV?$string_output_adapter@D@__crt_stdio_output@@@__crt_stdio_output@@IEAA_NAEAPEAD@Z 0000000140011670 f i libucrtd:output.obj
 0001:00010670       ??$extract_argument_from_va_list@PEAUansi_string@?1??type_case_Z@?$output_processor@_WV?$string_output_adapter@_W@__crt_stdio_output@@V?$format_validation_base@_WV?$string_output_adapter@_W@__crt_stdio_output@@@2@@__crt_stdio_output@@AEAA_NXZ@PEAU1?1??234@AEAA_NXZ@@?$standard_base@_WV?$string_output_adapter@_W@__crt_stdio_output@@@__crt_stdio_output@@IEAA_NAEAPEAUansi_string@?1??type_case_Z@?$output_processor@_WV?$string_output_adapter@_W@__crt_stdio_output@@V?$format_validation_base@_WV?$string_output_adapter@_W@__crt_stdio_output@@@2@@1@AEAA_NXZ@@Z 0000000140011670 f i libucrtd:output.obj
 0001:00010670       ??$extract_argument_from_va_list@PEADPEAD@?$standard_base@_WV?$string_output_adapter@_W@__crt_stdio_output@@@__crt_stdio_output@@IEAA_NAEAPEAD@Z 0000000140011670 f i libucrtd:output.obj
 0001:00010670       ??$extract_argument_from_va_list@PEAUansi_string@?1??type_case_Z@?$output_processor@DV?$string_output_adapter@D@__crt_stdio_output@@V?$format_validation_base@DV?$string_output_adapter@D@__crt_stdio_output@@@2@@__crt_stdio_output@@AEAA_NXZ@PEAU1?1??234@AEAA_NXZ@@?$standard_base@DV?$string_output_adapter@D@__crt_stdio_output@@@__crt_stdio_output@@IEAA_NAEAPEAUansi_string@?1??type_case_Z@?$output_processor@DV?$string_output_adapter@D@__crt_stdio_output@@V?$format_validation_base@DV?$string_output_adapter@D@__crt_stdio_output@@@2@@1@AEAA_NXZ@@Z 0000000140011670 f i libucrtd:output.obj
 0001:00010670       ??$extract_argument_from_va_list@_J_J@?$standard_base@_WV?$string_output_adapter@_W@__crt_stdio_output@@@__crt_stdio_output@@IEAA_NAEA_J@Z 0000000140011670 f i libucrtd:output.obj
 0001:000106a0       ??$extract_argument_from_va_list@U_CRT_DOUBLE@@U1@@?$standard_base@_WV?$string_output_adapter@_W@__crt_stdio_output@@@__crt_stdio_output@@IEAA_NAEAU_CRT_DOUBLE@@@Z 00000001400116a0 f i libucrtd:output.obj
 0001:000106a0       ??$extract_argument_from_va_list@U_CRT_DOUBLE@@U1@@?$standard_base@DV?$string_output_adapter@D@__crt_stdio_output@@@__crt_stdio_output@@IEAA_NAEAU_CRT_DOUBLE@@@Z 00000001400116a0 f i libucrtd:output.obj
 0001:000106f0       ??$extract_argument_from_va_list@_W_W@?$standard_base@_WV?$string_output_adapter@_W@__crt_stdio_output@@@__crt_stdio_output@@IEAA_NAEA_W@Z 00000001400116f0 f i libucrtd:output.obj
 0001:000106f0       ??$extract_argument_from_va_list@_W_W@?$standard_base@DV?$string_output_adapter@D@__crt_stdio_output@@@__crt_stdio_output@@IEAA_NAEA_W@Z 00000001400116f0 f i libucrtd:output.obj
 0001:00010720       ??$is_wide_character_specifier@D@__crt_stdio_output@@YA_N_KDW4length_modifier@0@@Z 0000000140011720 f i libucrtd:output.obj
 0001:000107c0       ??$is_wide_character_specifier@_W@__crt_stdio_output@@YA_N_K_WW4length_modifier@0@@Z 00000001400117c0 f i libucrtd:output.obj
 0001:00010890       ??$read_va_arg@C@__crt_stdio_output@@YACAEAPEAD@Z 0000000140011890 f i libucrtd:output.obj
 0001:00010890       ??$read_va_arg@E@__crt_stdio_output@@YAEAEAPEAD@Z 0000000140011890 f i libucrtd:output.obj
 0001:00010900       ??$read_va_arg@G@__crt_stdio_output@@YAGAEAPEAD@Z 0000000140011900 f i libucrtd:output.obj
 0001:00010900       ??$read_va_arg@_W@__crt_stdio_output@@YA_WAEAPEAD@Z 0000000140011900 f i libucrtd:output.obj
 0001:00010900       ??$read_va_arg@F@__crt_stdio_output@@YAFAEAPEAD@Z 0000000140011900 f i libucrtd:output.obj
 0001:00010970       ??$read_va_arg@H@__crt_stdio_output@@YAHAEAPEAD@Z 0000000140011970 f i libucrtd:output.obj
 0001:00010970       ??$read_va_arg@I@__crt_stdio_output@@YAIAEAPEAD@Z 0000000140011970 f i libucrtd:output.obj
 0001:000109d0       ??$read_va_arg@_K@__crt_stdio_output@@YA_KAEAPEAD@Z 00000001400119d0 f i libucrtd:output.obj
 0001:000109d0       ??$read_va_arg@_J@__crt_stdio_output@@YA_JAEAPEAD@Z 00000001400119d0 f i libucrtd:output.obj
 0001:000109d0       ??$read_va_arg@PEAX@__crt_stdio_output@@YAPEAXAEAPEAD@Z 00000001400119d0 f i libucrtd:output.obj
 0001:000109d0       ??$read_va_arg@PEAUansi_string@?1??type_case_Z@?$output_processor@_WV?$string_output_adapter@_W@__crt_stdio_output@@V?$format_validation_base@_WV?$string_output_adapter@_W@__crt_stdio_output@@@2@@__crt_stdio_output@@AEAA_NXZ@@__crt_stdio_output@@YAPEAUansi_string@?1??type_case_Z@?$output_processor@_WV?$string_output_adapter@_W@__crt_stdio_output@@V?$format_validation_base@_WV?$string_output_adapter@_W@__crt_stdio_output@@@2@@0@AEAA_NXZ@AEAPEAD@Z 00000001400119d0 f i libucrtd:output.obj
 0001:000109d0       ??$read_va_arg@PEAD@__crt_stdio_output@@YAPEADAEAPEAD@Z 00000001400119d0 f i libucrtd:output.obj
 0001:000109d0       ??$read_va_arg@PEAUansi_string@?1??type_case_Z@?$output_processor@DV?$string_output_adapter@D@__crt_stdio_output@@V?$format_validation_base@DV?$string_output_adapter@D@__crt_stdio_output@@@2@@__crt_stdio_output@@AEAA_NXZ@@__crt_stdio_output@@YAPEAUansi_string@?1??type_case_Z@?$output_processor@DV?$string_output_adapter@D@__crt_stdio_output@@V?$format_validation_base@DV?$string_output_adapter@D@__crt_stdio_output@@@2@@0@AEAA_NXZ@AEAPEAD@Z 00000001400119d0 f i libucrtd:output.obj
 0001:000109d0       ??$read_va_arg@U_CRT_DOUBLE@@@__crt_stdio_output@@YA?AU_CRT_DOUBLE@@AEAPEAD@Z 00000001400119d0 f i libucrtd:output.obj
 0001:00010a40       ??$scratch_count@D@formatting_buffer@__crt_stdio_output@@QEBA_KXZ 0000000140011a40 f i libucrtd:output.obj
 0001:00010a60       ??$scratch_data@D@formatting_buffer@__crt_stdio_output@@QEAAPEADXZ 0000000140011a60 f i libucrtd:output.obj
 0001:00010ad0       ??$tcstol@PEBDPEAPEADH@?$__crt_char_traits@D@@SAJ$$QEAPEBD$$QEAPEAPEAD$$QEAH@Z 0000000140011ad0 f i libucrtd:output.obj
 0001:00010b10       ??$tcstol@PEB_WPEAPEA_WH@?$__crt_char_traits@_W@@SAJ$$QEAPEB_W$$QEAPEAPEA_W$$QEAH@Z 0000000140011b10 f i libucrtd:output.obj
 0001:00010b50       ??$type_case_integer_parse_into_buffer@I@?$output_processor@DV?$string_output_adapter@D@__crt_stdio_output@@V?$format_validation_base@DV?$string_output_adapter@D@__crt_stdio_output@@@2@@__crt_stdio_output@@AEAAXII_N@Z 0000000140011b50 f i libucrtd:output.obj
 0001:00010c70       ??$type_case_integer_parse_into_buffer@I@?$output_processor@_WV?$string_output_adapter@_W@__crt_stdio_output@@V?$format_validation_base@_WV?$string_output_adapter@_W@__crt_stdio_output@@@2@@__crt_stdio_output@@AEAAXII_N@Z 0000000140011c70 f i libucrtd:output.obj
 0001:00010da0       ??$type_case_integer_parse_into_buffer@_K@?$output_processor@DV?$string_output_adapter@D@__crt_stdio_output@@V?$format_validation_base@DV?$string_output_adapter@D@__crt_stdio_output@@@2@@__crt_stdio_output@@AEAAX_KI_N@Z 0000000140011da0 f i libucrtd:output.obj
 0001:00010ef0       ??$type_case_integer_parse_into_buffer@_K@?$output_processor@_WV?$string_output_adapter@_W@__crt_stdio_output@@V?$format_validation_base@_WV?$string_output_adapter@_W@__crt_stdio_output@@@2@@__crt_stdio_output@@AEAAX_KI_N@Z 0000000140011ef0 f i libucrtd:output.obj
 0001:00011040       ??$write_multiple_characters@V?$string_output_adapter@D@__crt_stdio_output@@D@__crt_stdio_output@@YAXAEBV?$string_output_adapter@D@0@DHQEAH@Z 0000000140012040 f i libucrtd:output.obj
 0001:000110a0       ??$write_multiple_characters@V?$string_output_adapter@_W@__crt_stdio_output@@D@__crt_stdio_output@@YAXAEBV?$string_output_adapter@_W@0@DHQEAH@Z 00000001400120a0 f i libucrtd:output.obj
 0001:00011100       ??0?$common_data@D@__crt_stdio_output@@IEAA@XZ 0000000140012100 f i libucrtd:output.obj
 0001:000111d0       ??0?$common_data@_W@__crt_stdio_output@@IEAA@XZ 00000001400121d0 f i libucrtd:output.obj
 0001:000112a0       ??0?$output_adapter_data@DV?$string_output_adapter@D@__crt_stdio_output@@@__crt_stdio_output@@IEAA@AEBV?$string_output_adapter@D@1@_KQEBDQEAU__crt_locale_pointers@@QEAD@Z 00000001400122a0 f i libucrtd:output.obj
 0001:00011320       ??0?$output_adapter_data@_WV?$string_output_adapter@_W@__crt_stdio_output@@@__crt_stdio_output@@IEAA@AEBV?$string_output_adapter@_W@1@_KQEB_WQEAU__crt_locale_pointers@@QEAD@Z 0000000140012320 f i libucrtd:output.obj
 0001:000113a0       ??0?$output_processor@DV?$string_output_adapter@D@__crt_stdio_output@@V?$format_validation_base@DV?$string_output_adapter@D@__crt_stdio_output@@@2@@__crt_stdio_output@@QEAA@AEBV?$string_output_adapter@D@1@_KQEBDQEAU__crt_locale_pointers@@QEAD@Z 00000001400123a0 f i libucrtd:output.obj
 0001:00011400       ??0?$output_processor@_WV?$string_output_adapter@_W@__crt_stdio_output@@V?$format_validation_base@_WV?$string_output_adapter@_W@__crt_stdio_output@@@2@@__crt_stdio_output@@QEAA@AEBV?$string_output_adapter@_W@1@_KQEB_WQEAU__crt_locale_pointers@@QEAD@Z 0000000140012400 f i libucrtd:output.obj
 0001:00011460       ??0_LocaleUpdate@@QEAA@QEAU__crt_locale_pointers@@@Z 0000000140012460 f i libucrtd:output.obj
 0001:00011580       ??0__crt_errno_guard@@QEAA@QEAH@Z 0000000140012580 f i libucrtd:output.obj
 0001:000115c0       ??0formatting_buffer@__crt_stdio_output@@QEAA@XZ 00000001400125c0 f i libucrtd:output.obj
 0001:00011600       ??1?$common_data@D@__crt_stdio_output@@QEAA@XZ 0000000140012600 f i libucrtd:output.obj
 0001:00011600       ??1?$common_data@_W@__crt_stdio_output@@QEAA@XZ 0000000140012600 f i libucrtd:output.obj
 0001:00011620       ??1?$format_validation_base@_WV?$string_output_adapter@_W@__crt_stdio_output@@@__crt_stdio_output@@QEAA@XZ 0000000140012620 f i libucrtd:output.obj
 0001:00011620       ??1?$format_validation_base@DV?$string_output_adapter@D@__crt_stdio_output@@@__crt_stdio_output@@QEAA@XZ 0000000140012620 f i libucrtd:output.obj
 0001:00011640       ??1?$output_adapter_data@_WV?$string_output_adapter@_W@__crt_stdio_output@@@__crt_stdio_output@@QEAA@XZ 0000000140012640 f i libucrtd:output.obj
 0001:00011640       ??1?$output_adapter_data@DV?$string_output_adapter@D@__crt_stdio_output@@@__crt_stdio_output@@QEAA@XZ 0000000140012640 f i libucrtd:output.obj
 0001:00011660       ??1?$output_processor@_WV?$string_output_adapter@_W@__crt_stdio_output@@V?$format_validation_base@_WV?$string_output_adapter@_W@__crt_stdio_output@@@2@@__crt_stdio_output@@QEAA@XZ 0000000140012660 f i libucrtd:output.obj
 0001:00011660       ??1?$output_processor@DV?$string_output_adapter@D@__crt_stdio_output@@V?$format_validation_base@DV?$string_output_adapter@D@__crt_stdio_output@@@2@@__crt_stdio_output@@QEAA@XZ 0000000140012660 f i libucrtd:output.obj
 0001:00011680       ??1?$standard_base@DV?$string_output_adapter@D@__crt_stdio_output@@@__crt_stdio_output@@QEAA@XZ 0000000140012680 f i libucrtd:output.obj
 0001:00011680       ??1?$standard_base@_WV?$string_output_adapter@_W@__crt_stdio_output@@@__crt_stdio_output@@QEAA@XZ 0000000140012680 f i libucrtd:output.obj
 0001:000116a0       ??1_LocaleUpdate@@QEAA@XZ  00000001400126a0 f i libucrtd:output.obj
 0001:000116e0       ??1__crt_errno_guard@@QEAA@XZ 00000001400126e0 f i libucrtd:output.obj
 0001:00011710       ??1formatting_buffer@__crt_stdio_output@@QEAA@XZ 0000000140012710 f i libucrtd:output.obj
 0001:00011740       ??4?$__crt_unique_heap_ptr@DU__crt_internal_free_policy@@@@QEAAAEAV0@$$QEAV0@@Z 0000000140012740 f i libucrtd:output.obj
 0001:00011780       ?GetLocaleT@_LocaleUpdate@@QEAAPEAU__crt_locale_pointers@@XZ 0000000140012780 f i libucrtd:output.obj
 0001:00011790       ?__crt_interlocked_read_32@@YAHPEDH@Z 0000000140012790 f i libucrtd:output.obj
 0001:000117b0       ?adjust_hexit@?$output_processor@DV?$string_output_adapter@D@__crt_stdio_output@@V?$format_validation_base@DV?$string_output_adapter@D@__crt_stdio_output@@@2@@__crt_stdio_output@@CADH_N@Z 00000001400127b0 f i libucrtd:output.obj
 0001:000117b0       ?adjust_hexit@?$output_processor@_WV?$string_output_adapter@_W@__crt_stdio_output@@V?$format_validation_base@_WV?$string_output_adapter@_W@__crt_stdio_output@@@2@@__crt_stdio_output@@CADH_N@Z 00000001400127b0 f i libucrtd:output.obj
 0001:00011800       ?advance_to_next_pass@?$standard_base@_WV?$string_output_adapter@_W@__crt_stdio_output@@@__crt_stdio_output@@IEAA_NXZ 0000000140012800 f i libucrtd:output.obj
 0001:00011800       ?advance_to_next_pass@?$standard_base@DV?$string_output_adapter@D@__crt_stdio_output@@@__crt_stdio_output@@IEAA_NXZ 0000000140012800 f i libucrtd:output.obj
 0001:00011850       ?crop_zeroes@__crt_stdio_output@@YAXPEADQEAU__crt_locale_pointers@@@Z 0000000140012850 f i libucrtd:output.obj
 0001:00011990       ?find_next_state@?$output_processor@DV?$string_output_adapter@D@__crt_stdio_output@@V?$format_validation_base@DV?$string_output_adapter@D@__crt_stdio_output@@@2@@__crt_stdio_output@@AEBA?AW4state@2@DW432@@Z 0000000140012990 f i libucrtd:output.obj
 0001:00011a30       ?find_next_state@?$output_processor@_WV?$string_output_adapter@_W@__crt_stdio_output@@V?$format_validation_base@_WV?$string_output_adapter@_W@__crt_stdio_output@@@2@@__crt_stdio_output@@AEBA?AW4state@2@_WW432@@Z 0000000140012a30 f i libucrtd:output.obj
 0001:00011ad0       ?force_decimal_point@__crt_stdio_output@@YAXPEADQEAU__crt_locale_pointers@@@Z 0000000140012ad0 f i libucrtd:output.obj
 0001:00011bb0       ?get_flags@__crt_stdio_stream@@QEBAJXZ 0000000140012bb0 f i libucrtd:output.obj
 0001:00011be0       ?has_flag@?$output_processor@DV?$string_output_adapter@D@__crt_stdio_output@@V?$format_validation_base@DV?$string_output_adapter@D@__crt_stdio_output@@@2@@__crt_stdio_output@@AEBA_NI@Z 0000000140012be0 f i libucrtd:output.obj
 0001:00011be0       ?has_flag@?$output_processor@_WV?$string_output_adapter@_W@__crt_stdio_output@@V?$format_validation_base@_WV?$string_output_adapter@_W@__crt_stdio_output@@@2@@__crt_stdio_output@@AEBA_NI@Z 0000000140012be0 f i libucrtd:output.obj
 0001:00011c20       ?is_string_backed@__crt_stdio_stream@@QEBA_NXZ 0000000140012c20 f i libucrtd:output.obj
 0001:00011c60       ?narrow_null_string@?$output_processor@DV?$string_output_adapter@D@__crt_stdio_output@@V?$format_validation_base@DV?$string_output_adapter@D@__crt_stdio_output@@@2@@__crt_stdio_output@@CAPEADXZ 0000000140012c60 f i libucrtd:output.obj
 0001:00011c60       ?narrow_null_string@?$output_processor@_WV?$string_output_adapter@_W@__crt_stdio_output@@V?$format_validation_base@_WV?$string_output_adapter@_W@__crt_stdio_output@@@2@@__crt_stdio_output@@CAPEADXZ 0000000140012c60 f i libucrtd:output.obj
 0001:00011c70       ?parse_int_from_format_string@?$output_processor@DV?$string_output_adapter@D@__crt_stdio_output@@V?$format_validation_base@DV?$string_output_adapter@D@__crt_stdio_output@@@2@@__crt_stdio_output@@AEAA_NQEAH@Z 0000000140012c70 f i libucrtd:output.obj
 0001:00011d50       ?parse_int_from_format_string@?$output_processor@_WV?$string_output_adapter@_W@__crt_stdio_output@@V?$format_validation_base@_WV?$string_output_adapter@_W@__crt_stdio_output@@@2@@__crt_stdio_output@@AEAA_NQEAH@Z 0000000140012d50 f i libucrtd:output.obj
 0001:00011e30       ?process@?$output_processor@DV?$string_output_adapter@D@__crt_stdio_output@@V?$format_validation_base@DV?$string_output_adapter@D@__crt_stdio_output@@@2@@__crt_stdio_output@@QEAAHXZ 0000000140012e30 f i libucrtd:output.obj
 0001:00012190       ?process@?$output_processor@_WV?$string_output_adapter@_W@__crt_stdio_output@@V?$format_validation_base@_WV?$string_output_adapter@_W@__crt_stdio_output@@@2@@__crt_stdio_output@@QEAAHXZ 0000000140013190 f i libucrtd:output.obj
 0001:000124f0       ?set_flag@?$output_processor@DV?$string_output_adapter@D@__crt_stdio_output@@V?$format_validation_base@DV?$string_output_adapter@D@__crt_stdio_output@@@2@@__crt_stdio_output@@AEAAXI@Z 00000001400134f0 f i libucrtd:output.obj
 0001:000124f0       ?set_flag@?$output_processor@_WV?$string_output_adapter@_W@__crt_stdio_output@@V?$format_validation_base@_WV?$string_output_adapter@_W@__crt_stdio_output@@@2@@__crt_stdio_output@@AEAAXI@Z 00000001400134f0 f i libucrtd:output.obj
 0001:00012510       ?should_skip_type_state_output@?$standard_base@DV?$string_output_adapter@D@__crt_stdio_output@@@__crt_stdio_output@@IEBA_NXZ 0000000140013510 f i libucrtd:output.obj
 0001:00012510       ?should_skip_normal_state_processing@?$standard_base@DV?$string_output_adapter@D@__crt_stdio_output@@@__crt_stdio_output@@IEAA_NXZ 0000000140013510 f i libucrtd:output.obj
 0001:00012510       ?should_skip_normal_state_processing@?$standard_base@_WV?$string_output_adapter@_W@__crt_stdio_output@@@__crt_stdio_output@@IEAA_NXZ 0000000140013510 f i libucrtd:output.obj
 0001:00012510       ?should_skip_type_state_output@?$standard_base@_WV?$string_output_adapter@_W@__crt_stdio_output@@@__crt_stdio_output@@IEBA_NXZ 0000000140013510 f i libucrtd:output.obj
 0001:00012520       ?state_case_dot@?$output_processor@DV?$string_output_adapter@D@__crt_stdio_output@@V?$format_validation_base@DV?$string_output_adapter@D@__crt_stdio_output@@@2@@__crt_stdio_output@@AEAA_NXZ 0000000140013520 f i libucrtd:output.obj
 0001:00012520       ?state_case_dot@?$output_processor@_WV?$string_output_adapter@_W@__crt_stdio_output@@V?$format_validation_base@_WV?$string_output_adapter@_W@__crt_stdio_output@@@2@@__crt_stdio_output@@AEAA_NXZ 0000000140013520 f i libucrtd:output.obj
 0001:00012540       ?state_case_flag@?$output_processor@DV?$string_output_adapter@D@__crt_stdio_output@@V?$format_validation_base@DV?$string_output_adapter@D@__crt_stdio_output@@@2@@__crt_stdio_output@@AEAA_NXZ 0000000140013540 f i libucrtd:output.obj
 0001:000125e0       ?state_case_flag@?$output_processor@_WV?$string_output_adapter@_W@__crt_stdio_output@@V?$format_validation_base@_WV?$string_output_adapter@_W@__crt_stdio_output@@@2@@__crt_stdio_output@@AEAA_NXZ 00000001400135e0 f i libucrtd:output.obj
 0001:00012680       ?state_case_normal@?$output_processor@DV?$string_output_adapter@D@__crt_stdio_output@@V?$format_validation_base@DV?$string_output_adapter@D@__crt_stdio_output@@@2@@__crt_stdio_output@@AEAA_NXZ 0000000140013680 f i libucrtd:output.obj
 0001:00012760       ?state_case_normal@?$output_processor@_WV?$string_output_adapter@_W@__crt_stdio_output@@V?$format_validation_base@_WV?$string_output_adapter@_W@__crt_stdio_output@@@2@@__crt_stdio_output@@AEAA_NXZ 0000000140013760 f i libucrtd:output.obj
 0001:00012840       ?state_case_normal_common@?$output_processor@DV?$string_output_adapter@D@__crt_stdio_output@@V?$format_validation_base@DV?$string_output_adapter@D@__crt_stdio_output@@@2@@__crt_stdio_output@@AEAA_NXZ 0000000140013840 f i libucrtd:output.obj
 0001:00012890       ?state_case_normal_common@?$output_processor@_WV?$string_output_adapter@_W@__crt_stdio_output@@V?$format_validation_base@_WV?$string_output_adapter@_W@__crt_stdio_output@@@2@@__crt_stdio_output@@AEAA_NXZ 0000000140013890 f i libucrtd:output.obj
 0001:000128e0       ?state_case_normal_tchar@?$output_processor@DV?$string_output_adapter@D@__crt_stdio_output@@V?$format_validation_base@DV?$string_output_adapter@D@__crt_stdio_output@@@2@@__crt_stdio_output@@AEAA_ND@Z 00000001400138e0 f i libucrtd:output.obj
 0001:00012a20       ?state_case_normal_tchar@?$output_processor@_WV?$string_output_adapter@_W@__crt_stdio_output@@V?$format_validation_base@_WV?$string_output_adapter@_W@__crt_stdio_output@@@2@@__crt_stdio_output@@AEAA_N_W@Z 0000000140013a20 f i libucrtd:output.obj
 0001:00012a40       ?state_case_percent@?$output_processor@_WV?$string_output_adapter@_W@__crt_stdio_output@@V?$format_validation_base@_WV?$string_output_adapter@_W@__crt_stdio_output@@@2@@__crt_stdio_output@@AEAA_NXZ 0000000140013a40 f i libucrtd:output.obj
 0001:00012a40       ?state_case_percent@?$output_processor@DV?$string_output_adapter@D@__crt_stdio_output@@V?$format_validation_base@DV?$string_output_adapter@D@__crt_stdio_output@@@2@@__crt_stdio_output@@AEAA_NXZ 0000000140013a40 f i libucrtd:output.obj
 0001:00012a90       ?state_case_precision@?$output_processor@DV?$string_output_adapter@D@__crt_stdio_output@@V?$format_validation_base@DV?$string_output_adapter@D@__crt_stdio_output@@@2@@__crt_stdio_output@@AEAA_NXZ 0000000140013a90 f i libucrtd:output.obj
 0001:00012b10       ?state_case_precision@?$output_processor@_WV?$string_output_adapter@_W@__crt_stdio_output@@V?$format_validation_base@_WV?$string_output_adapter@_W@__crt_stdio_output@@@2@@__crt_stdio_output@@AEAA_NXZ 0000000140013b10 f i libucrtd:output.obj
 0001:00012b90       ?state_case_size@?$output_processor@DV?$string_output_adapter@D@__crt_stdio_output@@V?$format_validation_base@DV?$string_output_adapter@D@__crt_stdio_output@@@2@@__crt_stdio_output@@AEAA_NXZ 0000000140013b90 f i libucrtd:output.obj
 0001:00013010       ?state_case_size@?$output_processor@_WV?$string_output_adapter@_W@__crt_stdio_output@@V?$format_validation_base@_WV?$string_output_adapter@_W@__crt_stdio_output@@@2@@__crt_stdio_output@@AEAA_NXZ 0000000140014010 f i libucrtd:output.obj
 0001:00013490       ?state_case_type@?$output_processor@DV?$string_output_adapter@D@__crt_stdio_output@@V?$format_validation_base@DV?$string_output_adapter@D@__crt_stdio_output@@@2@@__crt_stdio_output@@AEAA_NXZ 0000000140014490 f i libucrtd:output.obj
 0001:00013920       ?state_case_type@?$output_processor@_WV?$string_output_adapter@_W@__crt_stdio_output@@V?$format_validation_base@_WV?$string_output_adapter@_W@__crt_stdio_output@@@2@@__crt_stdio_output@@AEAA_NXZ 0000000140014920 f i libucrtd:output.obj
 0001:00013df0       ?state_case_width@?$output_processor@DV?$string_output_adapter@D@__crt_stdio_output@@V?$format_validation_base@DV?$string_output_adapter@D@__crt_stdio_output@@@2@@__crt_stdio_output@@AEAA_NXZ 0000000140014df0 f i libucrtd:output.obj
 0001:00013e80       ?state_case_width@?$output_processor@_WV?$string_output_adapter@_W@__crt_stdio_output@@V?$format_validation_base@_WV?$string_output_adapter@_W@__crt_stdio_output@@@2@@__crt_stdio_output@@AEAA_NXZ 0000000140014e80 f i libucrtd:output.obj
 0001:00013f10       ?state_count@?$format_validation_base@DV?$string_output_adapter@D@__crt_stdio_output@@@__crt_stdio_output@@KAIXZ 0000000140014f10 f i libucrtd:output.obj
 0001:00013f10       ?state_count@?$format_validation_base@_WV?$string_output_adapter@_W@__crt_stdio_output@@@__crt_stdio_output@@KAIXZ 0000000140014f10 f i libucrtd:output.obj
 0001:00013f20       ?state_transition_table@?$format_validation_base@DV?$string_output_adapter@D@__crt_stdio_output@@@__crt_stdio_output@@KAPEBEXZ 0000000140014f20 f i libucrtd:output.obj
 0001:00013f20       ?state_transition_table@?$format_validation_base@_WV?$string_output_adapter@_W@__crt_stdio_output@@@__crt_stdio_output@@KAPEBEXZ 0000000140014f20 f i libucrtd:output.obj
 0001:00013f30       ?to_integer_size@__crt_stdio_output@@YA_KW4length_modifier@1@@Z 0000000140014f30 f i libucrtd:output.obj
 0001:00013fe0       ?type_case_X@?$output_processor@DV?$string_output_adapter@D@__crt_stdio_output@@V?$format_validation_base@DV?$string_output_adapter@D@__crt_stdio_output@@@2@@__crt_stdio_output@@AEAA_NXZ 0000000140014fe0 f i libucrtd:output.obj
 0001:00014000       ?type_case_X@?$output_processor@_WV?$string_output_adapter@_W@__crt_stdio_output@@V?$format_validation_base@_WV?$string_output_adapter@_W@__crt_stdio_output@@@2@@__crt_stdio_output@@AEAA_NXZ 0000000140015000 f i libucrtd:output.obj
 0001:00014020       ?type_case_Z@?$output_processor@DV?$string_output_adapter@D@__crt_stdio_output@@V?$format_validation_base@DV?$string_output_adapter@D@__crt_stdio_output@@@2@@__crt_stdio_output@@AEAA_NXZ 0000000140015020 f i libucrtd:output.obj
 0001:00014140       ?type_case_Z@?$output_processor@_WV?$string_output_adapter@_W@__crt_stdio_output@@V?$format_validation_base@_WV?$string_output_adapter@_W@__crt_stdio_output@@@2@@__crt_stdio_output@@AEAA_NXZ 0000000140015140 f i libucrtd:output.obj
 0001:00014260       ?type_case_a@?$output_processor@DV?$string_output_adapter@D@__crt_stdio_output@@V?$format_validation_base@DV?$string_output_adapter@D@__crt_stdio_output@@@2@@__crt_stdio_output@@AEAA_NXZ 0000000140015260 f i libucrtd:output.obj
 0001:00014610       ?type_case_a@?$output_processor@_WV?$string_output_adapter@_W@__crt_stdio_output@@V?$format_validation_base@_WV?$string_output_adapter@_W@__crt_stdio_output@@@2@@__crt_stdio_output@@AEAA_NXZ 0000000140015610 f i libucrtd:output.obj
 0001:000149c0       ?type_case_c@?$output_processor@DV?$string_output_adapter@D@__crt_stdio_output@@V?$format_validation_base@DV?$string_output_adapter@D@__crt_stdio_output@@@2@@__crt_stdio_output@@AEAA_NXZ 00000001400159c0 f i libucrtd:output.obj
 0001:000149e0       ?type_case_c@?$output_processor@_WV?$string_output_adapter@_W@__crt_stdio_output@@V?$format_validation_base@_WV?$string_output_adapter@_W@__crt_stdio_output@@@2@@__crt_stdio_output@@AEAA_NXZ 00000001400159e0 f i libucrtd:output.obj
 0001:00014a00       ?type_case_c_tchar@?$output_processor@DV?$string_output_adapter@D@__crt_stdio_output@@V?$format_validation_base@DV?$string_output_adapter@D@__crt_stdio_output@@@2@@__crt_stdio_output@@AEAA_ND@Z 0000000140015a00 f i libucrtd:output.obj
 0001:00014b50       ?type_case_c_tchar@?$output_processor@_WV?$string_output_adapter@_W@__crt_stdio_output@@V?$format_validation_base@_WV?$string_output_adapter@_W@__crt_stdio_output@@@2@@__crt_stdio_output@@AEAA_N_W@Z 0000000140015b50 f i libucrtd:output.obj
 0001:00014c80       ?type_case_d@?$output_processor@DV?$string_output_adapter@D@__crt_stdio_output@@V?$format_validation_base@DV?$string_output_adapter@D@__crt_stdio_output@@@2@@__crt_stdio_output@@AEAA_NXZ 0000000140015c80 f i libucrtd:output.obj
 0001:00014cb0       ?type_case_d@?$output_processor@_WV?$string_output_adapter@_W@__crt_stdio_output@@V?$format_validation_base@_WV?$string_output_adapter@_W@__crt_stdio_output@@@2@@__crt_stdio_output@@AEAA_NXZ 0000000140015cb0 f i libucrtd:output.obj
 0001:00014ce0       ?type_case_integer@?$output_processor@DV?$string_output_adapter@D@__crt_stdio_output@@V?$format_validation_base@DV?$string_output_adapter@D@__crt_stdio_output@@@2@@__crt_stdio_output@@AEAA_NI_N@Z 0000000140015ce0 f i libucrtd:output.obj
 0001:00015110       ?type_case_integer@?$output_processor@_WV?$string_output_adapter@_W@__crt_stdio_output@@V?$format_validation_base@_WV?$string_output_adapter@_W@__crt_stdio_output@@@2@@__crt_stdio_output@@AEAA_NI_N@Z 0000000140016110 f i libucrtd:output.obj
 0001:00015540       ?type_case_n@?$output_processor@DV?$string_output_adapter@D@__crt_stdio_output@@V?$format_validation_base@DV?$string_output_adapter@D@__crt_stdio_output@@@2@@__crt_stdio_output@@AEAA_NXZ 0000000140016540 f i libucrtd:output.obj
 0001:00015780       ?type_case_n@?$output_processor@_WV?$string_output_adapter@_W@__crt_stdio_output@@V?$format_validation_base@_WV?$string_output_adapter@_W@__crt_stdio_output@@@2@@__crt_stdio_output@@AEAA_NXZ 0000000140016780 f i libucrtd:output.obj
 0001:000159c0       ?type_case_o@?$output_processor@DV?$string_output_adapter@D@__crt_stdio_output@@V?$format_validation_base@DV?$string_output_adapter@D@__crt_stdio_output@@@2@@__crt_stdio_output@@AEAA_NXZ 00000001400169c0 f i libucrtd:output.obj
 0001:00015a10       ?type_case_o@?$output_processor@_WV?$string_output_adapter@_W@__crt_stdio_output@@V?$format_validation_base@_WV?$string_output_adapter@_W@__crt_stdio_output@@@2@@__crt_stdio_output@@AEAA_NXZ 0000000140016a10 f i libucrtd:output.obj
 0001:00015a60       ?type_case_p@?$output_processor@DV?$string_output_adapter@D@__crt_stdio_output@@V?$format_validation_base@DV?$string_output_adapter@D@__crt_stdio_output@@@2@@__crt_stdio_output@@AEAA_NXZ 0000000140016a60 f i libucrtd:output.obj
 0001:00015aa0       ?type_case_p@?$output_processor@_WV?$string_output_adapter@_W@__crt_stdio_output@@V?$format_validation_base@_WV?$string_output_adapter@_W@__crt_stdio_output@@@2@@__crt_stdio_output@@AEAA_NXZ 0000000140016aa0 f i libucrtd:output.obj
 0001:00015ae0       ?type_case_s@?$output_processor@DV?$string_output_adapter@D@__crt_stdio_output@@V?$format_validation_base@DV?$string_output_adapter@D@__crt_stdio_output@@@2@@__crt_stdio_output@@AEAA_NXZ 0000000140016ae0 f i libucrtd:output.obj
 0001:00015c00       ?type_case_s@?$output_processor@_WV?$string_output_adapter@_W@__crt_stdio_output@@V?$format_validation_base@_WV?$string_output_adapter@_W@__crt_stdio_output@@@2@@__crt_stdio_output@@AEAA_NXZ 0000000140016c00 f i libucrtd:output.obj
 0001:00015d20       ?type_case_s_compute_narrow_string_length@?$output_processor@DV?$string_output_adapter@D@__crt_stdio_output@@V?$format_validation_base@DV?$string_output_adapter@D@__crt_stdio_output@@@2@@__crt_stdio_output@@AEBAHHD@Z 0000000140016d20 f i libucrtd:output.obj
 0001:00015d50       ?type_case_s_compute_narrow_string_length@?$output_processor@_WV?$string_output_adapter@_W@__crt_stdio_output@@V?$format_validation_base@_WV?$string_output_adapter@_W@__crt_stdio_output@@@2@@__crt_stdio_output@@AEBAHH_W@Z 0000000140016d50 f i libucrtd:output.obj
 0001:00015de0       ?type_case_u@?$output_processor@DV?$string_output_adapter@D@__crt_stdio_output@@V?$format_validation_base@DV?$string_output_adapter@D@__crt_stdio_output@@@2@@__crt_stdio_output@@AEAA_NXZ 0000000140016de0 f i libucrtd:output.obj
 0001:00015e00       ?type_case_u@?$output_processor@_WV?$string_output_adapter@_W@__crt_stdio_output@@V?$format_validation_base@_WV?$string_output_adapter@_W@__crt_stdio_output@@@2@@__crt_stdio_output@@AEAA_NXZ 0000000140016e00 f i libucrtd:output.obj
 0001:00015e20       ?type_case_x@?$output_processor@DV?$string_output_adapter@D@__crt_stdio_output@@V?$format_validation_base@DV?$string_output_adapter@D@__crt_stdio_output@@@2@@__crt_stdio_output@@AEAA_NXZ 0000000140016e20 f i libucrtd:output.obj
 0001:00015e40       ?type_case_x@?$output_processor@_WV?$string_output_adapter@_W@__crt_stdio_output@@V?$format_validation_base@_WV?$string_output_adapter@_W@__crt_stdio_output@@@2@@__crt_stdio_output@@AEAA_NXZ 0000000140016e40 f i libucrtd:output.obj
 0001:00015e60       ?unset_flag@?$output_processor@DV?$string_output_adapter@D@__crt_stdio_output@@V?$format_validation_base@DV?$string_output_adapter@D@__crt_stdio_output@@@2@@__crt_stdio_output@@AEAAXI@Z 0000000140016e60 f i libucrtd:output.obj
 0001:00015e60       ?unset_flag@?$output_processor@_WV?$string_output_adapter@_W@__crt_stdio_output@@V?$format_validation_base@_WV?$string_output_adapter@_W@__crt_stdio_output@@@2@@__crt_stdio_output@@AEAAXI@Z 0000000140016e60 f i libucrtd:output.obj
 0001:00015e90       ?update_field_width@?$standard_base@_WV?$string_output_adapter@_W@__crt_stdio_output@@@__crt_stdio_output@@IEAA_NXZ 0000000140016e90 f i libucrtd:output.obj
 0001:00015e90       ?update_field_width@?$standard_base@DV?$string_output_adapter@D@__crt_stdio_output@@@__crt_stdio_output@@IEAA_NXZ 0000000140016e90 f i libucrtd:output.obj
 0001:00015ec0       ?update_precision@?$standard_base@DV?$string_output_adapter@D@__crt_stdio_output@@@__crt_stdio_output@@IEAA_NXZ 0000000140016ec0 f i libucrtd:output.obj
 0001:00015ec0       ?update_precision@?$standard_base@_WV?$string_output_adapter@_W@__crt_stdio_output@@@__crt_stdio_output@@IEAA_NXZ 0000000140016ec0 f i libucrtd:output.obj
 0001:00015ef0       ?validate@?$string_output_adapter@D@__crt_stdio_output@@QEBA_NXZ 0000000140016ef0 f i libucrtd:output.obj
 0001:00015fb0       ?validate@?$string_output_adapter@_W@__crt_stdio_output@@QEBA_NXZ 0000000140016fb0 f i libucrtd:output.obj
 0001:00016070       ?validate_state_for_type_case_a@?$standard_base@_WV?$string_output_adapter@_W@__crt_stdio_output@@@__crt_stdio_output@@IEBA_NXZ 0000000140017070 f i libucrtd:output.obj
 0001:00016070       ?validate_and_update_state_at_beginning_of_format_character@?$standard_base@DV?$string_output_adapter@D@__crt_stdio_output@@@__crt_stdio_output@@IEAA_NXZ 0000000140017070 f i libucrtd:output.obj
 0001:00016070       ?validate_and_update_state_at_beginning_of_format_character@?$standard_base@_WV?$string_output_adapter@_W@__crt_stdio_output@@@__crt_stdio_output@@IEAA_NXZ 0000000140017070 f i libucrtd:output.obj
 0001:00016070       ?validate_state_for_type_case_a@?$standard_base@DV?$string_output_adapter@D@__crt_stdio_output@@@__crt_stdio_output@@IEBA_NXZ 0000000140017070 f i libucrtd:output.obj
 0001:00016070       ?should_format@?$standard_base@DV?$string_output_adapter@D@__crt_stdio_output@@@__crt_stdio_output@@IEAA_NXZ 0000000140017070 f i libucrtd:output.obj
 0001:00016070       ?should_format@?$standard_base@_WV?$string_output_adapter@_W@__crt_stdio_output@@@__crt_stdio_output@@IEAA_NXZ 0000000140017070 f i libucrtd:output.obj
 0001:00016080       ?validate_and_update_state_at_end_of_format_string@?$format_validation_base@DV?$string_output_adapter@D@__crt_stdio_output@@@__crt_stdio_output@@IEBA_NXZ 0000000140017080 f i libucrtd:output.obj
 0001:00016140       ?validate_and_update_state_at_end_of_format_string@?$format_validation_base@_WV?$string_output_adapter@_W@__crt_stdio_output@@@__crt_stdio_output@@IEBA_NXZ 0000000140017140 f i libucrtd:output.obj
 0001:00016200       ?wide_null_string@?$output_processor@DV?$string_output_adapter@D@__crt_stdio_output@@V?$format_validation_base@DV?$string_output_adapter@D@__crt_stdio_output@@@2@@__crt_stdio_output@@CAPEA_WXZ 0000000140017200 f i libucrtd:output.obj
 0001:00016200       ?wide_null_string@?$output_processor@_WV?$string_output_adapter@_W@__crt_stdio_output@@V?$format_validation_base@_WV?$string_output_adapter@_W@__crt_stdio_output@@@2@@__crt_stdio_output@@CAPEA_WXZ 0000000140017200 f i libucrtd:output.obj
 0001:00016210       ?write_character@?$string_output_adapter@D@__crt_stdio_output@@QEBA_NDQEAH@Z 0000000140017210 f i libucrtd:output.obj
 0001:000162d0       ?write_character@?$string_output_adapter@_W@__crt_stdio_output@@QEBA_N_WQEAH@Z 00000001400172d0 f i libucrtd:output.obj
 0001:00016390       ?write_stored_string_tchar@?$output_processor@DV?$string_output_adapter@D@__crt_stdio_output@@V?$format_validation_base@DV?$string_output_adapter@D@__crt_stdio_output@@@2@@__crt_stdio_output@@AEAA_ND@Z 0000000140017390 f i libucrtd:output.obj
 0001:000164f0       ?write_stored_string_tchar@?$output_processor@_WV?$string_output_adapter@_W@__crt_stdio_output@@V?$format_validation_base@_WV?$string_output_adapter@_W@__crt_stdio_output@@@2@@__crt_stdio_output@@AEAA_N_W@Z 00000001400174f0 f i libucrtd:output.obj
 0001:00016630       ?write_string@?$string_output_adapter@D@__crt_stdio_output@@QEBAXQEBDHQEAH1@Z 0000000140017630 f i libucrtd:output.obj
 0001:000167b0       ?write_string@?$string_output_adapter@_W@__crt_stdio_output@@QEBAXQEB_WHQEAH1@Z 00000001400177b0 f i libucrtd:output.obj
 0001:00016940       __acrt_isleadbyte_l_noupdate 0000000140017940 f i libucrtd:output.obj
 0001:00016970       __acrt_locale_changed      0000000140017970 f i libucrtd:output.obj
 0001:000169a0       __stdio_common_vsnprintf_s 00000001400179a0 f   libucrtd:output.obj
 0001:00016a00       __stdio_common_vsnwprintf_s 0000000140017a00 f   libucrtd:output.obj
 0001:00016a60       __stdio_common_vsprintf_s  0000000140017a60 f   libucrtd:output.obj
 0001:00016ab0       sqrtf                      0000000140017ab0 f   libucrtd:sqrtf.obj
 0001:00016c60       _seh_filter_exe            0000000140017c60 f   libucrtd:exception_filter.obj
 0001:000170e0       __acrt_report_runtime_error 00000001400180e0 f   libucrtd:report_runtime_error.obj
 0001:00017360       _invoke_watson_if_error    0000000140018360 f i libucrtd:report_runtime_error.obj
 0001:000173b0       _query_app_type            00000001400183b0 f   libucrtd:report_runtime_error.obj
 0001:000173c0       _set_app_type              00000001400183c0 f   libucrtd:report_runtime_error.obj
 0001:000173d0       __acrt_has_user_matherr    00000001400183d0 f   libucrtd:matherr.obj
 0001:00017410       __acrt_initialize_user_matherr 0000000140018410 f   libucrtd:matherr.obj
 0001:00017430       __acrt_invoke_user_matherr 0000000140018430 f   libucrtd:matherr.obj
 0001:00017490       __setusermatherr           0000000140018490 f   libucrtd:matherr.obj
 0001:00017850       ??$get_module_file_name@AEAPEAUHINSTANCE__@@AEAY0BAF@DK@?$__crt_char_traits@D@@SAKAEAPEAUHINSTANCE__@@AEAY0BAF@D$$QEAK@Z 0000000140018850 f i libucrtd:dbgrpt.obj
 0001:00017850       ??$get_module_file_name@$$TAEAY0BAF@DH@?$__crt_char_traits@D@@SAK$$QEA$$TAEAY0BAF@D$$QEAH@Z 0000000140018850 f i libucrtd:argv_parsing.obj
 0001:00017d20       ??$set_program_name@PEAD@?$__crt_char_traits@D@@SAX$$QEAPEAD@Z 0000000140018d20 f i libucrtd:argv_parsing.obj
 0001:00017dd0       ?get_address_of@?$__crt_unique_heap_ptr@PEADU__crt_internal_free_policy@@@@QEAAPEAPEAPEADXZ 0000000140018dd0 f i libucrtd:argv_parsing.obj
 0001:00017dd0       ?get_address_of@?$__crt_unique_handle_t@U__crt_hmodule_traits@@@@QEAAPEAPEAUHINSTANCE__@@XZ 0000000140018dd0 f i libucrtd:exit.obj
 0001:00017dd0       ?dangerous_get_state_array@?$dual_state_global@PEAU__crt_locale_data@@@__crt_state_management@@QEAAPEAPEAU__crt_locale_data@@XZ 0000000140018dd0 f i libucrtd:per_thread_data.obj
 0001:00017df0       __acrt_allocate_buffer_for_argv 0000000140018df0 f   libucrtd:argv_parsing.obj
 0001:00017f10       _configure_narrow_argv     0000000140018f10 f   libucrtd:argv_parsing.obj
 0001:00017f30       _set_pgmptr                0000000140018f30 f i libucrtd:argv_parsing.obj
 0001:00018154       ??$tcslen@AEAPEAD@?$__crt_char_traits@D@@SA_KAEAPEAD@Z 0000000140019154 f i libucrtd:environment_initialization.obj
 0001:000181a0       ??B?$__crt_unique_heap_ptr@PEADU__crt_internal_free_policy@@@@QEBA_NXZ 00000001400191a0 f i libucrtd:environment_initialization.obj
 0001:000181ac       ?detach@?$__crt_unique_heap_ptr@DU__crt_internal_free_policy@@@@QEAAPEADXZ 00000001400191ac f i libucrtd:environment_initialization.obj
 0001:000181b4       __dcrt_uninitialize_environments_nolock 00000001400191b4 f   libucrtd:environment_initialization.obj
 0001:000181ec       _initialize_narrow_environment 00000001400191ec f   libucrtd:environment_initialization.obj
 0001:00018370       _get_narrow_winmain_command_line 0000000140019370 f   libucrtd:argv_winmain.obj
 0001:00018380       _initterm                  0000000140019380 f   libucrtd:initterm.obj
 0001:000183f0       _initterm_e                00000001400193f0 f   libucrtd:initterm.obj
 0001:00018470       ??$__crt_get_proc_address@P6AXI@Z@@YAP6AXI@ZQEAUHINSTANCE__@@QEBD@Z 0000000140019470 f i libucrtd:exit.obj
 0001:000184a0       ??1?$__crt_unique_handle_t@U__crt_hmodule_traits@@@@QEAA@XZ 00000001400194a0 f i libucrtd:exit.obj
 0001:000184e0       ?close@?$__crt_unique_handle_t@U__crt_hmodule_traits@@@@QEAAXXZ 00000001400194e0 f i libucrtd:exit.obj
 0001:00018520       ?close@__crt_hmodule_traits@@SA_NPEAUHINSTANCE__@@@Z 0000000140019520 f i libucrtd:exit.obj
 0001:000186f0       ?get_current_state_index@__crt_state_management@@YA_KXZ 00000001400196f0 f i libucrtd:matherr.obj
 0001:000186f0       _get_startup_new_mode      00000001400196f0 f i LIBCMTD:new_mode.obj
 0001:000186f0       _get_startup_thread_locale_mode 00000001400196f0 f i LIBCMTD:thread_locale.obj
 0001:000186f0       _get_startup_commit_mode   00000001400196f0 f i LIBCMTD:commit_mode.obj
 0001:000186f0       ?get_invalid_value@__crt_hmodule_traits@@SAPEAUHINSTANCE__@@XZ 00000001400196f0 f i libucrtd:exit.obj
 0001:000186f0       __scrt_initialize_winrt    00000001400196f0 f i LIBCMTD:utility_desktop.obj
 0001:000188c0       __acrt_initialize_thread_local_exit_callback 00000001400198c0 f   libucrtd:exit.obj
 0001:000188e0       _c_exit                    00000001400198e0 f   libucrtd:exit.obj
 0001:00018900       _cexit                     0000000140019900 f   libucrtd:exit.obj
 0001:00018920       _exit                      0000000140019920 f   libucrtd:exit.obj
 0001:00018940       _register_thread_local_exe_atexit_callback 0000000140019940 f   libucrtd:exit.obj
 0001:00018990       exit                       0000000140019990 f   libucrtd:exit.obj
 0001:000189b0       _set_fmode                 00000001400199b0 f   libucrtd:setmode.obj
 0001:00018a90       __acrt_set_locale_changed  0000000140019a90 f   libucrtd:wsetlocale.obj
 0001:00018aa0       __acrt_uninitialize_locale 0000000140019aa0 f   libucrtd:wsetlocale.obj
 0001:00018b10       _configthreadlocale        0000000140019b10 f   libucrtd:wsetlocale.obj
 0001:00018c70       ?value@?$dual_state_global@J@__crt_state_management@@QEAAAEAJXZ 0000000140019c70 f i libucrtd:new_mode.obj
 0001:00018c90       _query_new_mode            0000000140019c90 f   libucrtd:new_mode.obj
 0001:00018cb0       _set_new_mode              0000000140019cb0 f   libucrtd:new_mode.obj
 0001:00018d80       __p__commode               0000000140019d80 f   libucrtd:ncommode.obj
 0001:00018d90       ??$?RV<lambda_b0d8f1f77f5878de4f648f281b223c15>@@AEAV<lambda_942beefa13ab35ff55f86422493ffd6a>@@V<lambda_7adb6fc9c0d6a5bd4e2d9c212ec7cdcc>@@@?$__crt_seh_guarded_call@H@@QEAAH$$QEAV<lambda_b0d8f1f77f5878de4f648f281b223c15>@@AEAV<lambda_942beefa13ab35ff55f86422493ffd6a>@@$$QEAV<lambda_7adb6fc9c0d6a5bd4e2d9c212ec7cdcc>@@@Z 0000000140019d90 f i libucrtd:onexit.obj
 0001:00018de0       ??$?RV<lambda_d22e02de4d14401f49897516b29a2b7c>@@AEAV<lambda_e971338317bfa523bb8920b43d823727>@@V<lambda_b0b8599c9027f5b14541fbbd6863d1f1>@@@?$__crt_seh_guarded_call@H@@QEAAH$$QEAV<lambda_d22e02de4d14401f49897516b29a2b7c>@@AEAV<lambda_e971338317bfa523bb8920b43d823727>@@$$QEAV<lambda_b0b8599c9027f5b14541fbbd6863d1f1>@@@Z 0000000140019de0 f i libucrtd:onexit.obj
 0001:00018e30       ??$__acrt_lock_and_call@V<lambda_942beefa13ab35ff55f86422493ffd6a>@@@@YAHW4__acrt_lock_id@@$$QEAV<lambda_942beefa13ab35ff55f86422493ffd6a>@@@Z 0000000140019e30 f i libucrtd:onexit.obj
 0001:00018ea0       ??$__acrt_lock_and_call@V<lambda_e971338317bfa523bb8920b43d823727>@@@@YAHW4__acrt_lock_id@@$$QEAV<lambda_e971338317bfa523bb8920b43d823727>@@@Z 0000000140019ea0 f i libucrtd:onexit.obj
 0001:00019490       _crt_atexit                000000014001a490 f   libucrtd:onexit.obj
 0001:000194b0       _execute_onexit_table      000000014001a4b0 f   libucrtd:onexit.obj
 0001:000194e0       _initialize_onexit_table   000000014001a4e0 f   libucrtd:onexit.obj
 0001:00019560       _register_onexit_function  000000014001a560 f   libucrtd:onexit.obj
 0001:00019620       __acrt_uninitialize_command_line 000000014001a620 f   libucrtd:argv_data.obj
 0001:000197b0       __acrt_initialize          000000014001a7b0 f   libucrtd:initialization.obj
 0001:000197e0       __acrt_uninitialize        000000014001a7e0 f   libucrtd:initialization.obj
 0001:00019810       terminate                  000000014001a810 f   libucrtd:terminate.obj
 0001:0001b830       _CrtCheckMemory            000000014001c830 f   libucrtd:debug_heap.obj
 0001:0001b9c0       _CrtDumpMemoryLeaks        000000014001c9c0 f   libucrtd:debug_heap.obj
 0001:0001ba80       _CrtIsValidHeapPointer     000000014001ca80 f   libucrtd:debug_heap.obj
 0001:0001bac0       _CrtIsValidPointer         000000014001cac0 f   libucrtd:debug_heap.obj
 0001:0001bb00       _CrtMemCheckpoint          000000014001cb00 f   libucrtd:debug_heap.obj
 0001:0001bd80       _CrtMemDumpAllObjectsSince 000000014001cd80 f   libucrtd:debug_heap.obj
 0001:0001bde0       _CrtSetDbgFlag             000000014001cde0 f   libucrtd:debug_heap.obj
 0001:0001bf40       _CrtSetDumpClient          000000014001cf40 f   libucrtd:debug_heap.obj
 0001:0001bf70       __acrt_get_locale_data_prefix 000000014001cf70 f i libucrtd:debug_heap.obj
 0001:0001bf90       _calloc_dbg                000000014001cf90 f   libucrtd:debug_heap.obj
 0001:0001c030       _chvalidchk_l              000000014001d030 f i libucrtd:debug_heap.obj
 0001:0001c060       _free_dbg                  000000014001d060 f   libucrtd:debug_heap.obj
 0001:0001c0d0       _invoke_watson_if_oneof    000000014001d0d0 f i libucrtd:debug_heap.obj
 0001:0001c130       _ischartype_l              000000014001d130 f i libucrtd:debug_heap.obj
 0001:0001c190       _malloc_dbg                000000014001d190 f   libucrtd:debug_heap.obj
 0001:0001c1d0       _msize_dbg                 000000014001d1d0 f   libucrtd:debug_heap.obj
 0001:0001c370       _realloc_dbg               000000014001d370 f   libucrtd:debug_heap.obj
 0001:0001c3e0       _recalloc_dbg              000000014001d3e0 f   libucrtd:debug_heap.obj
 0001:0001c9b0       strcpy_s                   000000014001d9b0 f   libucrtd:strcpy_s.obj
 0001:0001c9f0       strcmp                     000000014001d9f0 f   libucrtd:strcmp.obj
 0001:0001ca70       strlen                     000000014001da70 f   libucrtd:strlen.obj
 0001:0001cb20       abort                      000000014001db20 f   libucrtd:abort.obj
 0001:0001cba0       ??$__vcrt_va_start_verify_argument_type@QEB_W@@YAXXZ 000000014001dba0 f i libucrtd:dbgrpt.obj
 0001:0001cba0       ??$__vcrt_va_start_verify_argument_type@PEBD@@YAXXZ 000000014001dba0 f i win32_ivan.obj
 0001:0001cba0       _initialize_invalid_parameter_handler 000000014001dba0 f i LIBCMTD:invalid_parameter_handler.obj
 0001:0001cba0       _initialize_denormal_control 000000014001dba0 f i LIBCMTD:denormal_control.obj
 0001:0001cba0       ??$__vcrt_va_start_verify_argument_type@QEBD@@YAXXZ 000000014001dba0 f i libvcruntimed:undname.obj
 0001:0001d920       ??$get_module_file_name@AEAPEAUHINSTANCE__@@AEAY0BAF@_WK@?$__crt_char_traits@_W@@SAKAEAPEAUHINSTANCE__@@AEAY0BAF@_W$$QEAK@Z 000000014001e920 f i libucrtd:dbgrpt.obj
 0001:0001d960       ??$tcscpy_s@AEAY0BAF@D_KPEBD@?$__crt_char_traits@D@@SAHAEAY0BAF@D$$QEA_K$$QEAPEBD@Z 000000014001e960 f i libucrtd:dbgrpt.obj
 0001:0001d9a0       ??$tcscpy_s@AEAY0BAF@_W_KPEB_W@?$__crt_char_traits@_W@@SAHAEAY0BAF@_W$$QEA_K$$QEAPEB_W@Z 000000014001e9a0 f i libucrtd:dbgrpt.obj
 0001:0001d9e0       ??$tcslen@AEAY0BAF@D@?$__crt_char_traits@D@@SA_KAEAY0BAF@D@Z 000000014001e9e0 f i libucrtd:dbgrpt.obj
 0001:0001da00       ??$tcslen@AEAY0BAF@_W@?$__crt_char_traits@_W@@SA_KAEAY0BAF@_W@Z 000000014001ea00 f i libucrtd:dbgrpt.obj
 0001:0001da20       ??$tcslen@AEBQEBD@?$__crt_char_traits@D@@SA_KAEBQEBD@Z 000000014001ea20 f i libucrtd:dbgrpt.obj
 0001:0001da40       ??$tcslen@AEBQEB_W@?$__crt_char_traits@_W@@SA_KAEBQEB_W@Z 000000014001ea40 f i libucrtd:dbgrpt.obj
 0001:0001daa0       _CrtDbgReport              000000014001eaa0 f   libucrtd:dbgrpt.obj
 0001:0001db20       _CrtDbgReportW             000000014001eb20 f   libucrtd:dbgrpt.obj
 0001:0001dba0       __acrt_MessageWindowA      000000014001eba0 f   libucrtd:dbgrpt.obj
 0001:0001dbf0       __acrt_MessageWindowW      000000014001ebf0 f   libucrtd:dbgrpt.obj
 0001:0001dc40       _snwprintf_s               000000014001ec40 f i libucrtd:dbgrpt.obj
 0001:0001dcb0       _vsnwprintf_s_l            000000014001ecb0 f i libucrtd:dbgrpt.obj
 0001:0001dd30       ??$is_overflow_condition@K@__crt_strtox@@YA_NIK@Z 000000014001ed30 f i libucrtd:atox.obj
 0001:0001dda0       ??$parse_integer@KV?$c_string_character_source@D@__crt_strtox@@@__crt_strtox@@YAKQEAU__crt_locale_pointers@@V?$c_string_character_source@D@0@H_N@Z 000000014001eda0 f i libucrtd:atox.obj
 0001:0001e230       ??$parse_integer@KV?$c_string_character_source@_W@__crt_strtox@@@__crt_strtox@@YAKQEAU__crt_locale_pointers@@V?$c_string_character_source@_W@0@H_N@Z 000000014001f230 f i libucrtd:atox.obj
 0001:0001e6e0       ??0?$c_string_character_source@_W@__crt_strtox@@QEAA@QEB_WQEAPEB_W@Z 000000014001f6e0 f i libucrtd:atox.obj
 0001:0001e6e0       ??0?$c_string_character_source@D@__crt_strtox@@QEAA@QEBDQEAPEBD@Z 000000014001f6e0 f i libucrtd:atox.obj
 0001:0001e730       ??1?$c_string_character_source@D@__crt_strtox@@QEAA@XZ 000000014001f730 f i libucrtd:atox.obj
 0001:0001e730       ??1?$c_string_character_source@_W@__crt_strtox@@QEAA@XZ 000000014001f730 f i libucrtd:atox.obj
 0001:0001e760       ?get@?$c_string_character_source@D@__crt_strtox@@QEAADXZ 000000014001f760 f i libucrtd:atox.obj
 0001:0001e7a0       ?get@?$c_string_character_source@_W@__crt_strtox@@QEAA_WXZ 000000014001f7a0 f i libucrtd:atox.obj
 0001:0001e7e0       ?is_space@__crt_strtox@@YA_NDQEAU__crt_locale_pointers@@@Z 000000014001f7e0 f i libucrtd:atox.obj
 0001:0001e830       ?is_space@__crt_strtox@@YA_N_WPEAU__crt_locale_pointers@@@Z 000000014001f830 f i libucrtd:atox.obj
 0001:0001e870       ?maximum_signed_value@__crt_strtox@@YAJK@Z 000000014001f870 f i libucrtd:atox.obj
 0001:0001e880       ?minimum_signed_value@__crt_strtox@@YAJK@Z 000000014001f880 f i libucrtd:atox.obj
 0001:0001e890       ?parse_digit@__crt_strtox@@YAID@Z 000000014001f890 f i libucrtd:atox.obj
 0001:0001e900       ?parse_digit@__crt_strtox@@YAI_W@Z 000000014001f900 f i libucrtd:atox.obj
 0001:0001e990       ?restore_state@?$c_string_character_source@_W@__crt_strtox@@QEAA_NQEB_W@Z 000000014001f990 f i libucrtd:atox.obj
 0001:0001e990       ?restore_state@?$c_string_character_source@D@__crt_strtox@@QEAA_NQEBD@Z 000000014001f990 f i libucrtd:atox.obj
 0001:0001e9b0       ?unget@?$c_string_character_source@D@__crt_strtox@@QEAAXD@Z 000000014001f9b0 f i libucrtd:atox.obj
 0001:0001ea90       ?unget@?$c_string_character_source@_W@__crt_strtox@@QEAAX_W@Z 000000014001fa90 f i libucrtd:atox.obj
 0001:0001eb70       ?validate@?$c_string_character_source@D@__crt_strtox@@QEBA_NXZ 000000014001fb70 f i libucrtd:atox.obj
 0001:0001ec30       ?validate@?$c_string_character_source@_W@__crt_strtox@@QEBA_NXZ 000000014001fc30 f i libucrtd:atox.obj
 0001:0001ecf0       ?wide_character_to_digit@__crt_strtox@@YAH_W@Z 000000014001fcf0 f i libucrtd:atox.obj
 0001:0001f060       ?initialize@?$dual_state_global@PEAU__crt_locale_data@@@__crt_state_management@@QEAAXQEAU__crt_locale_data@@@Z 0000000140020060 f i libucrtd:initialization.obj
 0001:0001f060       ?initialize@?$dual_state_global@P6AH_K@Z@__crt_state_management@@QEAAXQ6AH_K@Z@Z 0000000140020060 f i libucrtd:new_handler.obj
 0001:0001f060       ?initialize@?$dual_state_global@P6AXH@Z@__crt_state_management@@QEAAXQ6AXH@Z@Z 0000000140020060 f i libucrtd:signal.obj
 0001:0001f060       ?initialize@?$dual_state_global@P6AHPEAU_exception@@@Z@__crt_state_management@@QEAAXQ6AHPEAU_exception@@@Z@Z 0000000140020060 f i libucrtd:matherr.obj
 0001:0001f060       ?initialize@?$dual_state_global@P6AXPEB_W00I_K@Z@__crt_state_management@@QEAAXQ6AXPEB_W00I_K@Z@Z 0000000140020060 f i libucrtd:invalid_parameter.obj
 0001:0001f0b0       __acrt_call_reportfault    00000001400200b0 f   libucrtd:invalid_parameter.obj
 0001:0001f1e0       __acrt_initialize_invalid_parameter_handler 00000001400201e0 f   libucrtd:invalid_parameter.obj
 0001:0001f200       _invalid_parameter         0000000140020200 f   libucrtd:invalid_parameter.obj
 0001:0001f310       _invalid_parameter_noinfo  0000000140020310 f   libucrtd:invalid_parameter.obj
 0001:0001f340       _invoke_watson             0000000140020340 f   libucrtd:invalid_parameter.obj
 0001:0001f3c0       _isdigit_l                 00000001400203c0 f i libucrtd:_ctype.obj
 0001:0001f410       isdigit                    0000000140020410 f i libucrtd:_ctype.obj
 0001:0001f7e0       _tolower_l                 00000001400207e0 f   libucrtd:tolower_toupper.obj
 0001:0001f810       tolower                    0000000140020810 f   libucrtd:tolower_toupper.obj
 0001:0001f870       _CrtGetDebugFillThreshold  0000000140020870 f   libucrtd:debug_fill_threshold.obj
 0001:0001f880       __acrt_errno_from_os_error 0000000140020880 f   libucrtd:errno.obj
 0001:0001f910       __acrt_errno_map_os_error  0000000140020910 f   libucrtd:errno.obj
 0001:0001f940       __doserrno                 0000000140020940 f   libucrtd:errno.obj
 0001:0001f970       _errno                     0000000140020970 f   libucrtd:errno.obj
 0001:0001f9a0       ??$make_c_string_character_source@_WPEAPEA_W@__crt_strtox@@YA?AV?$c_string_character_source@_W@0@QEB_WQEAPEA_W@Z 00000001400209a0 f i libucrtd:strtox.obj
 0001:0001f9a0       ??$make_c_string_character_source@DPEAPEAD@__crt_strtox@@YA?AV?$c_string_character_source@D@0@QEBDQEAPEAD@Z 00000001400209a0 f i libucrtd:strtox.obj
 0001:0001f9e0       ??$parse_integer_from_string@JDPEAPEAD@__crt_strtox@@YAJQEBDQEAPEADHQEAU__crt_locale_pointers@@@Z 00000001400209e0 f i libucrtd:strtox.obj
 0001:0001fa30       ??$parse_integer_from_string@J_WPEAPEA_W@__crt_strtox@@YAJQEB_WQEAPEA_WHQEAU__crt_locale_pointers@@@Z 0000000140020a30 f i libucrtd:strtox.obj
 0001:0001fa80       strtol                     0000000140020a80 f   libucrtd:strtox.obj
 0001:0001fab0       wcstol                     0000000140020ab0 f   libucrtd:strtox.obj
 0001:0001fae0       _mbtowc_l                  0000000140020ae0 f   libucrtd:mbtowc.obj
 0001:0001fe10       mbtowc                     0000000140020e10 f   libucrtd:mbtowc.obj
 0001:0001fe40       _wctomb_s_l                0000000140020e40 f   libucrtd:wctomb.obj
 0001:000202e0       wctomb_s                   00000001400212e0 f   libucrtd:wctomb.obj
 0001:00020f70       ??1?$__crt_simd_cleanup_guard@$00@@QEAA@XZ 0000000140021f70 f i libucrtd:strnlen.obj
 0001:00020f80       _guard_check_icall_nop     0000000140021f80 f i LIBCMTD:guard_support.obj
 0001:00020f80       ??1?$__crt_simd_cleanup_guard@$0A@@@QEAA@XZ 0000000140021f80 f i libucrtd:strnlen.obj
 0001:00020f80       ??1scoped_global_state_reset@__crt_state_management@@QEAA@XZ 0000000140021f80 f i libucrtd:qsort.obj
 0001:00020f90       ?compare_equals@?$__crt_simd_traits@$00E@@SA?AT__m256i@@T2@0@Z 0000000140021f90 f i libucrtd:strnlen.obj
 0001:00020fd0       ?compare_equals@?$__crt_simd_traits@$00G@@SA?AT__m256i@@T2@0@Z 0000000140021fd0 f i libucrtd:strnlen.obj
 0001:00021010       ?compare_equals@?$__crt_simd_traits@$0A@E@@SA?AT__m128i@@T2@0@Z 0000000140022010 f i libucrtd:strnlen.obj
 0001:00021040       ?compare_equals@?$__crt_simd_traits@$0A@G@@SA?AT__m128i@@T2@0@Z 0000000140022040 f i libucrtd:strnlen.obj
 0001:00021070       ?compute_byte_mask@?$__crt_simd_pack_traits@$00@@SAHT__m256i@@@Z 0000000140022070 f i libucrtd:strnlen.obj
 0001:00021090       ?compute_byte_mask@?$__crt_simd_pack_traits@$0A@@@SAHT__m128i@@@Z 0000000140022090 f i libucrtd:strnlen.obj
 0001:000210b0       ?get_zero_pack@?$__crt_simd_pack_traits@$00@@SA?AT__m256i@@XZ 00000001400220b0 f i libucrtd:strnlen.obj
 0001:000210e0       ?get_zero_pack@?$__crt_simd_pack_traits@$0A@@@SA?AT__m128i@@XZ 00000001400220e0 f i libucrtd:strnlen.obj
 0001:00021100       strnlen                    0000000140022100 f   libucrtd:strnlen.obj
 0001:00021130       wcsnlen                    0000000140022130 f   libucrtd:strnlen.obj
[...]
 0004:00002628       $pdata$_ValidateImageBase  000000014005d628     LIBCMTD:pesect.obj
 0004:00002634       $pdata$??_Gtype_info@@UEAAPEAXI@Z 000000014005d634     LIBCMTD:std_type_info_static.obj
 0004:00002640       $pdata$__GSHandlerCheck_SEH 000000014005d640     LIBCMTD:_gshandlerseh_.obj
 0004:0000264c       $pdata$__GSHandlerCheck_EH 000000014005d64c     LIBCMTD:gshandlereh.obj
 0004:00002658       $pdata$??3@YAXPEAX_K@Z     000000014005d658     LIBCMTD:delete_scalar_size.obj
 0004:00002664       $pdata$??3@YAXPEAX@Z       000000014005d664     LIBCMTD:delete_scalar.obj
 0004:00002694       $pdata$strrchr             000000014005d694     libvcruntimed:strrchr.obj
 0004:000026a0       $pdata$?_CatchTryBlock@@YAPEBU_s_TryBlockMapEntry@@PEBU_s_FuncInfo@@H@Z 000000014005d6a0     libvcruntimed:trnsctrl.obj
 0004:000026ac       $pdata$?_ExecutionInCatch@@YAHPEAU_xDISPATCHER_CONTEXT@@PEBU_s_FuncInfo@@@Z 000000014005d6ac     libvcruntimed:trnsctrl.obj
 0004:000026b8       $pdata$?_GetEstablisherFrame@@YAPEA_KPEA_KPEAU_xDISPATCHER_CONTEXT@@PEBU_s_FuncInfo@@0@Z 000000014005d6b8     libvcruntimed:trnsctrl.obj
 0004:000026c4       $pdata$?_GetRangeOfTrysToCheck@@YAPEBU_s_TryBlockMapEntry@@PEA_KPEBU_s_FuncInfo@@HHPEAI2PEAU_xDISPATCHER_CONTEXT@@@Z 000000014005d6c4     libvcruntimed:trnsctrl.obj
 0004:000026d0       $pdata$?__FrameUnwindToEmptyState@@YAXPEA_KPEAU_xDISPATCHER_CONTEXT@@PEBU_s_FuncInfo@@@Z 000000014005d6d0     libvcruntimed:trnsctrl.obj
 0004:000026dc       $pdata$?__SehTransFilter@@YAHPEAU_EXCEPTION_POINTERS@@PEAUEHExceptionRecord@@PEA_KPEAU_CONTEXT@@PEAU_xDISPATCHER_CONTEXT@@PEBU_s_FuncInfo@@PEAH@Z 000000014005d6dc     libvcruntimed:trnsctrl.obj
 0004:000026e8       $pdata$_CallSETranslator   000000014005d6e8     libvcruntimed:trnsctrl.obj
 0004:000026f4       $pdata$_CreateFrameInfo    000000014005d6f4     libvcruntimed:trnsctrl.obj
 0004:00002700       $pdata$_FindAndUnlinkFrame 000000014005d700     libvcruntimed:trnsctrl.obj
 0004:0000270c       $pdata$_GetImageBase       000000014005d70c     libvcruntimed:trnsctrl.obj
 0004:00002718       $pdata$_GetThrowImageBase  000000014005d718     libvcruntimed:trnsctrl.obj
 0004:00002724       $pdata$_IsExceptionObjectToBeDestroyed 000000014005d724     libvcruntimed:trnsctrl.obj
 0004:00002730       $pdata$_SetImageBase       000000014005d730     libvcruntimed:trnsctrl.obj
 0004:0000273c       $pdata$_SetThrowImageBase  000000014005d73c     libvcruntimed:trnsctrl.obj
 0004:00002748       $pdata$_UnwindNestedFrames 000000014005d748     libvcruntimed:trnsctrl.obj
 0004:00002754       $pdata$__CxxFrameHandler3  000000014005d754     libvcruntimed:trnsctrl.obj
 0004:00002760       $pdata$?__GetCurrentState@@YAHPEA_KPEAU_xDISPATCHER_CONTEXT@@PEBU_s_FuncInfo@@@Z 000000014005d760     libvcruntimed:ehstate.obj
 0004:0000276c       $pdata$?__GetUnwindTryBlock@@YAHPEA_KPEAU_xDISPATCHER_CONTEXT@@PEBU_s_FuncInfo@@@Z 000000014005d76c     libvcruntimed:ehstate.obj
 0004:00002778       $pdata$?__SetUnwindTryBlock@@YAXPEA_KPEAU_xDISPATCHER_CONTEXT@@PEBU_s_FuncInfo@@H@Z 000000014005d778     libvcruntimed:ehstate.obj
 0004:00002784       $pdata$?__StateFromControlPc@@YAHPEBU_s_FuncInfo@@PEAU_xDISPATCHER_CONTEXT@@@Z 000000014005d784     libvcruntimed:ehstate.obj
 0004:00002790       $pdata$?__StateFromIp@@YAHPEBU_s_FuncInfo@@PEAU_xDISPATCHER_CONTEXT@@_J@Z 000000014005d790     libvcruntimed:ehstate.obj
 0004:0000279c       $pdata$__DestructExceptionObject 000000014005d79c     libvcruntimed:frame.obj
 0004:000027a8       $pdata$??0bad_exception@std@@QEAA@AEBV01@@Z 000000014005d7a8     libvcruntimed:frame.obj
 0004:000027b4       $pdata$??0bad_exception@std@@QEAA@XZ 000000014005d7b4     libvcruntimed:frame.obj
 0004:000027c0       $pdata$??0exception@std@@QEAA@AEBV01@@Z 000000014005d7c0     libvcruntimed:frame.obj
 0004:000027cc       $pdata$??0exception@std@@QEAA@QEBDH@Z 000000014005d7cc     libvcruntimed:frame.obj
 0004:000027d8       $pdata$??1bad_exception@std@@UEAA@XZ 000000014005d7d8     libvcruntimed:frame.obj
 0004:000027e4       $pdata$??1exception@std@@UEAA@XZ 000000014005d7e4     libvcruntimed:frame.obj
 0004:000027f0       $pdata$??8type_info@@QEBA_NAEBV0@@Z 000000014005d7f0     libvcruntimed:frame.obj
 0004:000027fc       $pdata$??_Gbad_exception@std@@UEAAPEAXI@Z 000000014005d7fc     libvcruntimed:frame.obj
 0004:00002808       $pdata$??_Gexception@std@@UEAAPEAXI@Z 000000014005d808     libvcruntimed:frame.obj
 0004:00002814       $pdata$?CatchIt@@YAXPEAUEHExceptionRecord@@PEA_KPEAU_CONTEXT@@PEAU_xDISPATCHER_CONTEXT@@PEBU_s_FuncInfo@@PEBU_s_HandlerType@@PEBU_s_CatchableType@@PEBU_s_TryBlockMapEntry@@H1EE@Z 000000014005d814     libvcruntimed:frame.obj
 0004:00002820       $pdata$?ExFilterRethrow@@YAHPEAU_EXCEPTION_POINTERS@@PEAUEHExceptionRecord@@PEAH@Z 000000014005d820     libvcruntimed:frame.obj
 0004:0000282c       $pdata$?FindHandler@@YAXPEAUEHExceptionRecord@@PEA_KPEAU_CONTEXT@@PEAU_xDISPATCHER_CONTEXT@@PEBU_s_FuncInfo@@EH1@Z 000000014005d82c     libvcruntimed:frame.obj
 0004:00002838       $pdata$?FindHandlerForForeignException@@YAXPEAUEHExceptionRecord@@PEA_KPEAU_CONTEXT@@PEAU_xDISPATCHER_CONTEXT@@PEBU_s_FuncInfo@@HH1@Z 000000014005d838     libvcruntimed:frame.obj
 0004:00002844       $pdata$?IsInExceptionSpec@@YAEPEAUEHExceptionRecord@@PEBU_s_ESTypeList@@@Z 000000014005d844     libvcruntimed:frame.obj
 0004:00002850       $pdata$?Is_bad_exception_allowed@@YAEPEBU_s_ESTypeList@@@Z 000000014005d850     libvcruntimed:frame.obj
 0004:0000285c       $pdata$?_CallMemberFunction0@@YAXPEAXP6AX0@Z@Z 000000014005d85c     libvcruntimed:frame.obj
 0004:00002868       $pdata$?_CallMemberFunction1@@YAXPEAXP6AX0@Z0@Z 000000014005d868     libvcruntimed:frame.obj
 0004:00002874       $pdata$?_CallMemberFunction2@@YAXPEAXP6AX0@Z0H@Z 000000014005d874     libvcruntimed:frame.obj
 0004:00002880       $pdata$?__RethrowException@@YAXPEAUEHExceptionRecord@@@Z 000000014005d880     libvcruntimed:frame.obj
 0004:0000288c       $pdata$?what@exception@std@@UEBAPEBDXZ 000000014005d88c     libvcruntimed:frame.obj
 0004:00002898       $pdata$__AdjustPointer     000000014005d898     libvcruntimed:frame.obj
 0004:000028a4       $pdata$__BuildCatchObject  000000014005d8a4     libvcruntimed:frame.obj
 0004:000028b0       $pdata$__BuildCatchObjectHelper 000000014005d8b0     libvcruntimed:frame.obj
 0004:000028bc       $pdata$__CxxCallCatchBlock 000000014005d8bc     libvcruntimed:frame.obj
 0004:000028c8       $pdata$__FrameUnwindFilter 000000014005d8c8     libvcruntimed:frame.obj
 0004:000028d4       $pdata$__FrameUnwindToState 000000014005d8d4     libvcruntimed:frame.obj
 0004:000028e0       $pdata$__InternalCxxFrameHandler 000000014005d8e0     libvcruntimed:frame.obj
 0004:000028ec       $pdata$__TypeMatch         000000014005d8ec     libvcruntimed:frame.obj
 0004:00002904       $pdata$??$?RD@__crt_public_free_policy@@QEBAXQEBD@Z 000000014005d904     libvcruntimed:std_exception.obj
 0004:00002910       $pdata$??1?$__crt_unique_heap_ptr@DU__crt_public_free_policy@@@@QEAA@XZ 000000014005d910     libvcruntimed:std_exception.obj
 0004:0000291c       $pdata$??B?$__crt_unique_heap_ptr@U__acrt_ptd@@U__crt_internal_free_policy@@@@QEBA_NXZ 000000014005d91c     libucrtd:per_thread_data.obj
 0004:0000291c       $pdata$??B?$__crt_unique_heap_ptr@DU__crt_internal_free_policy@@@@QEBA_NXZ 000000014005d91c     libvcruntimed:std_type_info.obj
 0004:0000291c       $pdata$??B?$__crt_unique_heap_ptr@EU__crt_internal_free_policy@@@@QEBA_NXZ 000000014005d91c     libucrtd:argv_parsing.obj
 0004:0000291c       $pdata$??B?$__crt_unique_heap_ptr@U__vcrt_ptd@@U__crt_internal_free_policy@@@@QEBA_NXZ 000000014005d91c     libvcruntimed:per_thread_data.obj
 0004:0000291c       $pdata$??B?$__crt_unique_heap_ptr@DU__crt_public_free_policy@@@@QEBA_NXZ 000000014005d91c     libvcruntimed:std_exception.obj
 0004:0000291c       $pdata$??B?$__crt_unique_heap_ptr@U__crt_multibyte_data@@U__crt_internal_free_policy@@@@QEBA_NXZ 000000014005d91c     libucrtd:wsetlocale.obj
 0004:0000291c       $pdata$??B?$__crt_unique_heap_ptr@U__crt_lowio_handle_data@@U__crt_internal_free_policy@@@@QEBA_NXZ 000000014005d91c     libucrtd:osfinfo.obj
 0004:00002928       $pdata$?release@?$__crt_unique_heap_ptr@DU__crt_public_free_policy@@@@QEAAXXZ 000000014005d928     libvcruntimed:std_exception.obj
 0004:00002934       $pdata$__std_exception_copy 000000014005d934     libvcruntimed:std_exception.obj
 0004:00002940       $pdata$__std_exception_destroy 000000014005d940     libvcruntimed:std_exception.obj
 0004:0000294c       $pdata$_CxxThrowException  000000014005d94c     libvcruntimed:throw.obj
 0004:00002964       $pdata$?filt$0@?0??__scrt_common_main_seh@@YAHXZ@4HA 000000014005d964     LIBCMTD:exe_winmain.obj
 0004:00002970       $pdata$__scrt_is_nonwritable_in_current_image$filt$0 000000014005d970     LIBCMTD:utility.obj
 0004:0000297c       $pdata$?filt$0@?0??common_exit@@YAXHW4_crt_exit_cleanup_mode@@W4_crt_exit_return_mode@@@Z@4HA 000000014005d97c     libucrtd:exit.obj
 0004:00002988       $pdata$?fin$1@?0??common_exit@@YAXHW4_crt_exit_cleanup_mode@@W4_crt_exit_return_mode@@@Z@4HA 000000014005d988     libucrtd:exit.obj
 0004:00002994       $pdata$?fin$0@?0???$?RV<lambda_b0d8f1f77f5878de4f648f281b223c15>@@AEAV<lambda_942beefa13ab35ff55f86422493ffd6a>@@V<lambda_7adb6fc9c0d6a5bd4e2d9c212ec7cdcc>@@@?$__crt_seh_guarded_call@H@@QEAAH$$QEAV<lambda_b0d8f1f77f5878de4f648f281b223c15>@@AEAV<lambda_942beefa13ab35ff55f86422493ffd6a>@@$$QEAV<lambda_7adb6fc9c0d6a5bd4e2d9c212ec7cdcc>@@@Z@4HA 000000014005d994     libucrtd:onexit.obj
 0004:00002994       $pdata$?fin$0@?0???$?RV<lambda_c36588078e9f5dfd39652860aa6b3aaf>@@AEAV<lambda_ec61778202f4f5fc7e7711acc23c3bca>@@V<lambda_dc9d2797ccde5d239b4a0efae8ebd7db>@@@?$__crt_seh_guarded_call@P6AXH@Z@@QEAAP6AXH@Z$$QEAV<lambda_c36588078e9f5dfd39652860aa6b3aaf>@@AEAV<lambda_ec61778202f4f5fc7e7711acc23c3bca>@@$$QEAV<lambda_dc9d2797ccde5d239b4a0efae8ebd7db>@@@Z@4HA 000000014005d994     libucrtd:signal.obj
 0004:00002994       $pdata$?fin$0@?0???$?RV<lambda_d22e02de4d14401f49897516b29a2b7c>@@AEAV<lambda_e971338317bfa523bb8920b43d823727>@@V<lambda_b0b8599c9027f5b14541fbbd6863d1f1>@@@?$__crt_seh_guarded_call@H@@QEAAH$$QEAV<lambda_d22e02de4d14401f49897516b29a2b7c>@@AEAV<lambda_e971338317bfa523bb8920b43d823727>@@$$QEAV<lambda_b0b8599c9027f5b14541fbbd6863d1f1>@@@Z@4HA 000000014005d994     libucrtd:onexit.obj
 0004:000029a0       $pdata$?fin$0@?0??heap_alloc_dbg_internal@@YAPEAX_KHQEBDH@Z@4HA 000000014005d9a0     libucrtd:debug_heap.obj
 0004:000029a0       $pdata$_CrtMemCheckpoint$fin$0 000000014005d9a0     libucrtd:debug_heap.obj
 0004:000029ac       $pdata$?fin$0@?0??validate_heap_if_required_nolock@@YAXXZ@4HA 000000014005d9ac     libucrtd:debug_heap.obj
 0004:000029b8       $pdata$_CrtSetDbgFlag$fin$0 000000014005d9b8     libucrtd:debug_heap.obj
 0004:000029b8       $pdata$_msize_dbg$fin$0    000000014005d9b8     libucrtd:debug_heap.obj
 0004:000029b8       $pdata$_CrtMemDumpAllObjectsSince$fin$0 000000014005d9b8     libucrtd:debug_heap.obj
 0004:000029b8       $pdata$_CrtCheckMemory$fin$0 000000014005d9b8     libucrtd:debug_heap.obj
 0004:000029b8       $pdata$_realloc_dbg$fin$0  000000014005d9b8     libucrtd:debug_heap.obj
 0004:000029c4       $pdata$_query_new_handler$fin$0 000000014005d9c4     libucrtd:new_handler.obj
 0004:000029c4       $pdata$_free_dbg$fin$0     000000014005d9c4     libucrtd:debug_heap.obj
 0004:000029d0       $pdata$?dtor$0@?0??fp_format_a@@YAHQEBNPEAD_KQEAD2H_NIQEAU__crt_locale_pointers@@@Z@4HA 000000014005d9d0     libucrtd:cvt.obj
 0004:000029dc       $pdata$__acrt_initialize_lowio$fin$0 000000014005d9dc     libucrtd:ioinit.obj
 0004:000029e8       $pdata$?fin$0@?0???$?RV<lambda_441f2315ac0f593d45428a8fceb6abe6>@@AEAV<lambda_2f900415df1f7f624cdaaefe86d0b1c0>@@V<lambda_1d10a5a8ccb596b49763520e59d5af47>@@@?$__crt_seh_guarded_call@X@@QEAAX$$QEAV<lambda_441f2315ac0f593d45428a8fceb6abe6>@@AEAV<lambda_2f900415df1f7f624cdaaefe86d0b1c0>@@$$QEAV<lambda_1d10a5a8ccb596b49763520e59d5af47>@@@Z@4HA 000000014005d9e8     libucrtd:mbctype.obj
 0004:000029e8       $pdata$?fin$0@?0???$?RV<lambda_72d1df2b273a38828b1ce30cbf4cdab5>@@AEAV<lambda_876a65b173b8412d3a47c70a915b0cf4>@@V<lambda_41932305e351933ebe8f8be3ed8bb5dc>@@@?$__crt_seh_guarded_call@X@@QEAAX$$QEAV<lambda_72d1df2b273a38828b1ce30cbf4cdab5>@@AEAV<lambda_876a65b173b8412d3a47c70a915b0cf4>@@$$QEAV<lambda_41932305e351933ebe8f8be3ed8bb5dc>@@@Z@4HA 000000014005d9e8     libucrtd:per_thread_data.obj
 0004:000029e8       $pdata$?fin$0@?0???$?RV<lambda_5e887d1dcbef67a5eb4283622ba103bf>@@AEAV<lambda_4466841279450cc726390878d4a41900>@@V<lambda_341c25c0346d94847f1f3c463c57e077>@@@?$__crt_seh_guarded_call@X@@QEAAX$$QEAV<lambda_5e887d1dcbef67a5eb4283622ba103bf>@@AEAV<lambda_4466841279450cc726390878d4a41900>@@$$QEAV<lambda_341c25c0346d94847f1f3c463c57e077>@@@Z@4HA 000000014005d9e8     libucrtd:per_thread_data.obj
 0004:000029e8       $pdata$?fin$0@?0???$?RV<lambda_8773731b9ba2edf4362dda13ebc82854>@@AEAV<lambda_6ac21da2756cd333d25ba1adc9a0001e>@@V<lambda_2c95662d60720604e97e3009a1ee1859>@@@?$__crt_seh_guarded_call@X@@QEAAX$$QEAV<lambda_8773731b9ba2edf4362dda13ebc82854>@@AEAV<lambda_6ac21da2756cd333d25ba1adc9a0001e>@@$$QEAV<lambda_2c95662d60720604e97e3009a1ee1859>@@@Z@4HA 000000014005d9e8     libucrtd:per_thread_data.obj
 0004:000029e8       $pdata$?fin$0@?0???$?RV<lambda_fb3a7dec4e47f37f22dae91bb15c9095>@@AEAV<lambda_698284760c8add0bfb0756c19673e34b>@@V<lambda_dfb8eca1e75fef3034a8fb18dd509707>@@@?$__crt_seh_guarded_call@X@@QEAAX$$QEAV<lambda_fb3a7dec4e47f37f22dae91bb15c9095>@@AEAV<lambda_698284760c8add0bfb0756c19673e34b>@@$$QEAV<lambda_dfb8eca1e75fef3034a8fb18dd509707>@@@Z@4HA 000000014005d9e8     libucrtd:per_thread_data.obj
 0004:000029f4       $pdata$__acrt_update_thread_multibyte_data$fin$0 000000014005d9f4     libucrtd:mbctype.obj
 0004:00002a00       $pdata$__acrt_lowio_ensure_fh_exists$fin$0 000000014005da00     libucrtd:osfinfo.obj
 0004:00002a0c       $pdata$__acrt_update_thread_locale_data$fin$0 000000014005da0c     libucrtd:locale_refcounting.obj
 0004:00002a0c       $pdata$__acrt_uninitialize_locale$fin$0 000000014005da0c     libucrtd:wsetlocale.obj
 0004:00002a18       $pdata$raise$fin$0         000000014005da18     libucrtd:signal.obj
 0004:00002a24       $pdata$_VCrtDbgReportA$fin$0 000000014005da24     libucrtd:dbgrptt.obj
 0004:00002a30       $pdata$_VCrtDbgReportA$fin$1 000000014005da30     libucrtd:dbgrptt.obj
 0004:00002a3c       $pdata$_VCrtDbgReportW$fin$0 000000014005da3c     libucrtd:dbgrptt.obj
 0004:00002a48       $pdata$_VCrtDbgReportW$fin$1 000000014005da48     libucrtd:dbgrptt.obj
 0004:00002a54       $pdata$_fcloseall$fin$0    000000014005da54     libucrtd:closeall.obj
 0004:00002a60       $pdata$common_flush_all$fin$0 000000014005da60     libucrtd:fflush.obj
 0004:00002a6c       $pdata$common_flush_all$fin$1 000000014005da6c     libucrtd:fflush.obj
 0004:00002a78       $pdata$_ctrlfp$filt$0      000000014005da78     libucrtd:fpctrl.obj
 0004:00002a84       $pdata$?dtor$0@?0??shortsort@@YAXPEAD0_KP6AHPEBX2@Z@Z@4HA 000000014005da84     libucrtd:qsort.obj
 0004:00002a90       $pdata$?dtor$0@?0??_wcstombs_l_helper@@YA_KPEADPEB_W_KPEAU__crt_locale_pointers@@@Z@4HA 000000014005da90     libucrtd:wcstombs.obj
 0004:00002a9c       $pdata$_write$fin$0        000000014005da9c     libucrtd:write.obj
 0004:00002aa8       $pdata$fclose$fin$0        000000014005daa8     libucrtd:fclose.obj
 0004:00002ab4       $pdata$?fin$0@?0???$?RV<lambda_2ce24b26f23dade10250ef086380d911>@@AEAV<lambda_e9ab68cc08dfd839979545c079379e6e>@@V<lambda_6262c464c96e4c69799ed44814c7c457>@@@?$__crt_seh_guarded_call@H@@QEAAH$$QEAV<lambda_2ce24b26f23dade10250ef086380d911>@@AEAV<lambda_e9ab68cc08dfd839979545c079379e6e>@@$$QEAV<lambda_6262c464c96e4c69799ed44814c7c457>@@@Z@4HA 000000014005dab4     libucrtd:commit.obj
 0004:00002ab4       $pdata$?fin$0@?0???$?RV<lambda_4f1f1a84956f0d44b74de224c960ff76>@@AEAV<lambda_a8f98972ebaa5f7148d35bffe53bd70d>@@V<lambda_f6ca65dda28655a1cf758c1c4e38e52a>@@@?$__crt_seh_guarded_call@H@@QEAAH$$QEAV<lambda_4f1f1a84956f0d44b74de224c960ff76>@@AEAV<lambda_a8f98972ebaa5f7148d35bffe53bd70d>@@$$QEAV<lambda_f6ca65dda28655a1cf758c1c4e38e52a>@@@Z@4HA 000000014005dab4     libucrtd:close.obj
 0004:00002ac0       $pdata$common_control87$filt$0 000000014005dac0     libucrtd:ieee.obj
 0004:00002acc       $pdata$_IsNonwritableInCurrentImage$filt$0 000000014005dacc     LIBCMTD:pesect.obj
 0004:00002ad8       $pdata$_CallSETranslator$filt$0 000000014005dad8     libvcruntimed:trnsctrl.obj
 0004:00002ae4       $pdata$__BuildCatchObject$filt$0 000000014005dae4     libvcruntimed:frame.obj
 0004:00002ae4       $pdata$?filt$0@?0??is_bad_read_pointer@@YA_NQEBX_K@Z@4HA 000000014005dae4     libucrtd:debug_heap.obj
 0004:00002ae4       $pdata$__BuildCatchObjectHelper$filt$0 000000014005dae4     libvcruntimed:frame.obj
 0004:00002ae4       $pdata$terminate$filt$0    000000014005dae4     libucrtd:terminate.obj
 0004:00002af0       $pdata$__CxxCallCatchBlock$filt$0 000000014005daf0     libvcruntimed:frame.obj
 0004:00002afc       $pdata$__CxxCallCatchBlock$fin$1 000000014005dafc     libvcruntimed:frame.obj
 0004:00002b08       $pdata$__DestructExceptionObject$filt$0 000000014005db08     libvcruntimed:frame.obj
 0004:00002b14       $pdata$__FrameUnwindToState$filt$0 000000014005db14     libvcruntimed:frame.obj
 0004:00002b20       $pdata$__FrameUnwindToState$fin$1 000000014005db20     libvcruntimed:frame.obj
 0005:00000000       __guard_fids__             000000014005e000     libucrtd:initialization.obj
 0005:00000060       __guard_fids___acrt_initialize_ptd 000000014005e060     libucrtd:per_thread_data.obj
 0005:00000064       __guard_fids_??$common_show_message_box@_W@@YAHQEB_W0I@Z 000000014005e064     libucrtd:crtmbox.obj
 0005:00000068       __guard_fids_??B<lambda_be3f05d9b531ea9a6da18e31b75428f1>@@QEBAP6AHPEBX0@ZXZ 000000014005e068     libucrtd:argv_wildcards.obj
 0005:0000006c       __guard_fids__             000000014005e06c     libucrtd:locale_initializer.obj
 0005:00000070       __guard_fids__             000000014005e070     libucrtd:debug_heap_hook.obj
 0005:00000074       __guard_fids__             000000014005e074     libucrtd:stdio_initializer.obj
 0005:00000078       __guard_fids__             000000014005e078     libucrtd:stdio_initializer.obj
 0005:0000007c       __guard_fids__             000000014005e07c     libucrtd:multibyte_initializer.obj
 0005:00000080       __guard_fids__             000000014005e080     libucrtd:fma3_initializer.obj
 0005:00000084       __guard_fids__             000000014005e084     libucrtd:console_output_initializer.obj
 0005:00000088       __guard_fids__             000000014005e088     LIBCMTD:exe_winmain.obj
 0005:0000008c       __guard_fids__             000000014005e08c     LIBCMTD:exe_winmain.obj
 0005:00000090       __guard_fids__             000000014005e090     LIBCMTD:exe_winmain.obj
 0005:00000094       __guard_fids_?pre_c_initialization@@YAHXZ 000000014005e094     LIBCMTD:exe_winmain.obj
 0005:0000009c       __guard_fids___scrt_set_unhandled_exception_filter 000000014005e09c     LIBCMTD:utility_desktop.obj
 0005:000000a0       __guard_fids__             000000014005e0a0     LIBCMTD:guard_support.obj
 0005:000000a4       __guard_fids__guard_icall_checks_enforced 000000014005e0a4     LIBCMTD:guard_support.obj
 0005:000000a8       __guard_fids___vcrt_initialize_ptd 000000014005e0a8     libvcruntimed:per_thread_data.obj
 0005:000000ac       __guard_fids__             000000014005e0ac     LIBCMTD:std_type_info_static.obj
 0005:000000b0       __guard_fids__UnwindNestedFrames 000000014005e0b0     libvcruntimed:trnsctrl.obj
 0005:000000b4       __guard_fids__             000000014005e0b4     libvcruntimed:frame.obj
 0005:000000b8       __guard_fids__             000000014005e0b8     libvcruntimed:frame.obj
 0005:000000c0       __guard_fids__             000000014005e0c0     libvcruntimed:frame.obj
